11-11 14:42:07.224   675  1521 I ActivityManager: START u0 {cmp=com.baidu.easyroot/.StatementActivity} from uid 10117
11-11 14:42:07.255   675  5080 D AppLockDelegator: appLockCheck: 
11-11 14:42:07.255   675  5080 D ActivityManager: realStartActivityLocked: app lock service check
11-11 14:42:07.255   675  5080 D ActivityManager: setActivityResumedHook:com.baidu.easyroot
11-11 14:42:07.256   675  5080 V WindowManager: Set focused app to: AppWindowToken{1741cf6 token=Token{c4153b8 ActivityRecord{a0f961b u0 com.baidu.easyroot/.StatementActivity t2409}}} old focus=AppWindowToken{6ac59b3 token=Token{64bd035 ActivityRecord{cce726c u0 com.baidu.easyroot/.SplashActivity t2409}}} moveFocusNow=true
11-11 14:42:07.257   675  5080 V WindowManager: Changing focus from Window{3c610a0 u0 com.baidu.easyroot/com.baidu.easyroot.SplashActivity} to null Callers=com.android.server.wm.WindowManagerService.setFocusedApp:2748 com.android.server.am.ActivityManagerService.setResumedActivityUncheckLocked:3413 com.android.server.am.ActivityStack.setResumedActivityLocked:2335 com.android.server.am.ActivityStack.minimalResumeActivityLocked:1111 
11-11 14:42:07.257   675  5080 D WindowManager: Input focus has changed to null
11-11 14:42:07.259   675   713 I WindowManager: Focus moving from Window{3c610a0 u0 com.baidu.easyroot/com.baidu.easyroot.SplashActivity} to null
11-11 14:42:07.263   675  5080 D ProcessManager: After resumed : com.baidu.easyroot
11-11 14:42:07.552   675  5008 I WindowManager: Relayout Window{77f49cd u0 com.baidu.easyroot/com.baidu.easyroot.StatementActivity}: oldVis=4 newVis=0 focusMayChange = true
11-11 14:42:07.561   675  5008 V WindowManager: Changing focus from null to Window{77f49cd u0 com.baidu.easyroot/com.baidu.easyroot.StatementActivity} Callers=com.android.server.wm.WindowManagerService.relayoutWindow:2187 com.android.server.wm.Session.relayout:239 android.view.IWindowSession$Stub.onTransact:286 com.android.server.wm.Session.onTransact:163 
11-11 14:42:07.562   675  5008 D WindowManager: Input focus has changed to Window{77f49cd u0 com.baidu.easyroot/com.baidu.easyroot.StatementActivity}
11-11 14:42:07.571   675   713 I WindowManager: Focus moving from null to Window{77f49cd u0 com.baidu.easyroot/com.baidu.easyroot.StatementActivity}
11-11 14:42:07.869   675  5080 D IdleScreen: activityIdleScreen: android.app.ContextImpl@ab7f6f mNotifyNeeded: false idleIntent: Intent { cmp=com.baidu.easyroot/.StatementActivity }
11-11 14:42:08.718   675   675 I ActivityManager: Start proc 22526:com.android.vending/u0a33 for service com.android.vending/com.google.android.finsky.scheduler.JobSchedulerEngine$PhoneskyJobSchedulerJobService
11-11 14:42:08.718   675   675 D ActivityManager: AMS: *** Launch app com.android.vending/10033 for service Intent { cmp=com.android.vending/com.google.android.finsky.scheduler.JobSchedulerEngine$PhoneskyJobSchedulerJobService }, from android/1000.
11-11 14:42:09.236   675  5080 I ActivityManager: Start proc 22550:com.google.process.gservices/u0a13 for content provider com.google.android.gsf/.gservices.GservicesProvider
11-11 14:42:09.596   675  5080 V SettingsProvider: packageValueForCallResult, name = device_provisioned, value : Bundle[{_track_generation=android.util.MemoryIntArray@5e, value=1, _generation_index=0, _generation=51}]
11-11 14:42:09.602   675   701 W ContextImpl: Calling a method in the system process without a qualified user: android.app.ContextImpl.sendBroadcast:967 com.mediatek.server.stk.StkManagerImpl$2.run:110 android.os.Handler.handleCallback:790 android.os.Handler.dispatchMessage:99 android.os.Looper.loop:164 
11-11 14:42:09.603   675   700 W BroadcastQueue: Background execution not allowed: receiving Intent { act=mediatek.intent.action.stk.USER_ACTIVITY flg=0x10 } to com.android.stk/.EventReceiver
11-11 14:42:09.720   675  5008 V SettingsProvider: packageValueForCallResult, name = android_id, value : Bundle[{_track_generation=android.util.MemoryIntArray@5e, value=775966cec3e2068f, _generation_index=1, _generation=19}]
11-11 14:42:09.738   675   701 W ContextImpl: Calling a method in the system process without a qualified user: android.app.ContextImpl.sendBroadcast:967 com.mediatek.server.stk.StkManagerImpl$2.run:110 android.os.Handler.handleCallback:790 android.os.Handler.dispatchMessage:99 android.os.Looper.loop:164 
11-11 14:42:09.739   675   700 W BroadcastQueue: Background execution not allowed: receiving Intent { act=mediatek.intent.action.stk.USER_ACTIVITY flg=0x10 } to com.android.stk/.EventReceiver
11-11 14:42:09.743   675  5080 I ActivityManager: START u0 {cmp=com.baidu.easyroot/.OneKeyRootActivity} from uid 10117
11-11 14:42:09.789   675  5008 D AppLockDelegator: appLockCheck: 
11-11 14:42:09.789   675  5008 D ActivityManager: realStartActivityLocked: app lock service check
11-11 14:42:09.789   675  5008 D ActivityManager: setActivityResumedHook:com.baidu.easyroot
11-11 14:42:09.790   675  5008 V WindowManager: Set focused app to: AppWindowToken{29f0d7e token=Token{3c3403d ActivityRecord{68cfd94 u0 com.baidu.easyroot/.OneKeyRootActivity t2409}}} old focus=AppWindowToken{1741cf6 token=Token{c4153b8 ActivityRecord{a0f961b u0 com.baidu.easyroot/.StatementActivity t2409}}} moveFocusNow=true
11-11 14:42:09.791   675  5008 V WindowManager: Changing focus from Window{77f49cd u0 com.baidu.easyroot/com.baidu.easyroot.StatementActivity} to null Callers=com.android.server.wm.WindowManagerService.setFocusedApp:2748 com.android.server.am.ActivityManagerService.setResumedActivityUncheckLocked:3413 com.android.server.am.ActivityStack.setResumedActivityLocked:2335 com.android.server.am.ActivityStack.minimalResumeActivityLocked:1111 
11-11 14:42:09.792   675  5008 D WindowManager: Input focus has changed to null
11-11 14:42:09.795   675   713 I WindowManager: Focus moving from Window{77f49cd u0 com.baidu.easyroot/com.baidu.easyroot.StatementActivity} to null
11-11 14:42:09.803   675  5008 D ProcessManager: After resumed : com.baidu.easyroot
11-11 14:42:10.046   675  5008 I ActivityManager: Start proc 22595:com.google.process.gapps/u0a13 for content provider com.google.android.gsf/.settings.GoogleSettingsProvider
11-11 14:42:10.046   675  5008 W ActivityManager: Slow operation: 176ms so far, now at getContentProviderImpl: after start process
11-11 14:42:10.046   675  5008 W ActivityManager: Slow operation: 176ms so far, now at getContentProviderImpl: updating data structures
11-11 14:42:10.046   675  5008 W ActivityManager: Slow operation: 176ms so far, now at getContentProviderImpl: done!
11-11 14:42:10.160   675  6720 V SettingsProvider: name : bd_setting_i appId : 10117
11-11 14:42:10.161   675  6720 V SettingsProvider: Package name : com.baidu.easyroot privateFlags : 0
11-11 14:42:10.161   675  6720 W SettingsProvider: You shouldn't keep your settings in the secure settings. This will soon become an error.
11-11 14:42:10.366   675  1521 I WindowManager: Relayout Window{99bcca9 u0 com.baidu.easyroot/com.baidu.easyroot.OneKeyRootActivity}: oldVis=4 newVis=0 focusMayChange = true
11-11 14:42:10.384   675  1521 V WindowManager: Changing focus from null to Window{99bcca9 u0 com.baidu.easyroot/com.baidu.easyroot.OneKeyRootActivity} Callers=com.android.server.wm.WindowManagerService.relayoutWindow:2187 com.android.server.wm.Session.relayout:239 android.view.IWindowSession$Stub.onTransact:286 com.android.server.wm.Session.onTransact:163 
11-11 14:42:10.384   675  1521 D WindowManager: Input focus has changed to Window{99bcca9 u0 com.baidu.easyroot/com.baidu.easyroot.OneKeyRootActivity}
11-11 14:42:10.398   675   713 I WindowManager: Focus moving from null to Window{99bcca9 u0 com.baidu.easyroot/com.baidu.easyroot.OneKeyRootActivity}
11-11 14:42:10.618   675  6720 D IdleScreen: activityIdleScreen: android.app.ContextImpl@ab7f6f mNotifyNeeded: false idleIntent: Intent { cmp=com.baidu.easyroot/.OneKeyRootActivity }
11-11 14:42:11.283   675  1521 I ActivityManager: Start proc 22654:android.process.media/u0a28 for content provider com.android.providers.downloads/.DownloadProvider
11-11 14:42:11.284   675  1521 W ActivityManager: Slow operation: 86ms so far, now at getContentProviderImpl: after start process
11-11 14:42:11.284   675  1521 W ActivityManager: Slow operation: 86ms so far, now at getContentProviderImpl: updating data structures
11-11 14:42:11.284   675  1521 W ActivityManager: Slow operation: 86ms so far, now at getContentProviderImpl: done!
11-11 14:42:11.305   675  1522 I ActivityManager: Start proc 22665:com.android.vending:download_service/u0a33 for service com.android.vending/com.google.android.finsky.downloadservice.DownloadService
11-11 14:42:11.305   675  1522 D ActivityManager: AMS: *** Launch app com.android.vending/10033 for service Intent { act=com.google.android.finsky.BIND_DOWNLOAD_SERVICE pkg=com.android.vending }, from com.android.vending/10033.
11-11 14:42:11.437   675   721 W PackageManager: Invalid verification token 49 received
11-11 14:42:11.646   675  1522 D MtkConnectivityService: requestNetwork for uid/pid:10033/22665 NetworkRequest [ TRACK_DEFAULT id=713, [ Capabilities: INTERNET&NOT_RESTRICTED&TRUSTED&NOT_VPN] ]
11-11 14:42:11.684   675  5080 I ActivityManager: Start proc 22690:com.google.android.gms.unstable/u0a13 for service com.google.android.gms/.droidguard.DroidGuardService
11-11 14:42:11.685   675  5080 D ActivityManager: AMS: *** Launch app com.google.android.gms/10013 for service Intent { act=com.google.android.gms.droidguard.service.START pkg=com.google.android.gms }, from com.android.vending/10033.
11-11 14:42:11.806   675   675 I DeviceIdleController: updateChargingLocked: charging=true
11-11 14:42:11.806   675   675 I DeviceIdleController: becomeActiveLocked, reason = charging
11-11 14:42:11.949   675  1522 D MtkConnectivityService: ConnectivityService NetworkRequestInfo binderDied(NetworkRequest [ TRACK_DEFAULT id=713, [ Capabilities: INTERNET&NOT_RESTRICTED&TRUSTED&NOT_VPN] ], android.os.BinderProxy@77c769f)
11-11 14:42:11.950   675  5080 I ActivityManager: Process com.android.vending:download_service (pid 22665) has died: cch  CEM 
11-11 14:42:11.950   675   791 D MtkConnectivityService: releasing NetworkRequest [ TRACK_DEFAULT id=713, [ Capabilities: INTERNET&NOT_RESTRICTED&TRUSTED&NOT_VPN] ] (release request)
11-11 14:42:11.959   675   705 D ProcessManager: killAllBackgroundProcesses
11-11 14:42:11.984   675   714 W ProcessCpuTracker: Skipping unknown process pid 22665
11-11 14:42:12.819   675  1521 V SettingsProvider: name : battery_remaining_time appId : 1000
11-11 14:42:13.060   675   701 W ContextImpl: Calling a method in the system process without a qualified user: android.app.ContextImpl.sendBroadcast:967 com.mediatek.server.stk.StkManagerImpl$2.run:110 android.os.Handler.handleCallback:790 android.os.Handler.dispatchMessage:99 android.os.Looper.loop:164 
11-11 14:42:13.061   675   700 W BroadcastQueue: Background execution not allowed: receiving Intent { act=mediatek.intent.action.stk.USER_ACTIVITY flg=0x10 } to com.android.stk/.EventReceiver
11-11 14:42:13.183   675   701 W ContextImpl: Calling a method in the system process without a qualified user: android.app.ContextImpl.sendBroadcast:967 com.mediatek.server.stk.StkManagerImpl$2.run:110 android.os.Handler.handleCallback:790 android.os.Handler.dispatchMessage:99 android.os.Looper.loop:164 
11-11 14:42:13.183   675   700 W BroadcastQueue: Background execution not allowed: receiving Intent { act=mediatek.intent.action.stk.USER_ACTIVITY flg=0x10 } to com.android.stk/.EventReceiver
11-11 14:42:18.824   675  5080 I ActivityManager: Process com.google.android.gms.unstable (pid 22690) has died: cch+2CEM 
11-11 14:42:20.461   675   675 D NotificationService: enqueueNotificationInternal: musicTimer = new Timer()
11-11 14:42:21.246   675  1046 D MtkConnectivityService: ConnectivityService NetworkRequestInfo binderDied(NetworkRequest [ LISTEN id=712, [ Capabilities: INTERNET&NOT_RESTRICTED&TRUSTED] ], android.os.BinderProxy@89596b4)
11-11 14:42:21.248   675  5274 I ActivityManager: Process com.android.vending (pid 22526) has died: cch  CEM 
11-11 14:42:21.254   675   705 D ProcessManager: killAllBackgroundProcesses
11-11 14:42:21.782   675   675 I DeviceIdleController: updateChargingLocked: charging=true
11-11 14:42:21.783   675   675 I DeviceIdleController: becomeActiveLocked, reason = charging
11-11 14:42:22.178   675  5274 V MediaRouterService: restoreBluetoothA2dp(false)
11-11 14:42:22.796   675  5274 V SettingsProvider: name : battery_remaining_time appId : 1000
11-11 14:42:25.341   675  3636 V WindowManager: Changing focus from Window{99bcca9 u0 com.baidu.easyroot/com.baidu.easyroot.OneKeyRootActivity} to Window{bc72e52 u0 } Callers=com.android.server.wm.WindowManagerService.addWindow:1594 com.android.server.wm.Session.addToDisplay:202 android.view.IWindowSession$Stub.onTransact:124 com.android.server.wm.Session.onTransact:163 
11-11 14:42:25.344   675  3636 D WindowManager: Input focus has changed to Window{bc72e52 u0 }
11-11 14:42:25.345   675   713 I WindowManager: Focus moving from Window{99bcca9 u0 com.baidu.easyroot/com.baidu.easyroot.OneKeyRootActivity} to Window{bc72e52 u0 }
11-11 14:42:25.456   675   713 I WindowManager: Losing delayed focus: Window{99bcca9 u0 com.baidu.easyroot/com.baidu.easyroot.OneKeyRootActivity}
11-11 14:42:27.494   675   701 W ContextImpl: Calling a method in the system process without a qualified user: android.app.ContextImpl.sendBroadcast:967 com.mediatek.server.stk.StkManagerImpl$2.run:110 android.os.Handler.handleCallback:790 android.os.Handler.dispatchMessage:99 android.os.Looper.loop:164 
11-11 14:42:27.497   675   700 W BroadcastQueue: Background execution not allowed: receiving Intent { act=mediatek.intent.action.stk.USER_ACTIVITY flg=0x10 } to com.android.stk/.EventReceiver
11-11 14:42:30.463   675 22757 D NotificationService: enqueueNotificationInternal: player.stopAsync
11-11 14:42:31.802   675   675 I DeviceIdleController: updateChargingLocked: charging=true
11-11 14:42:31.802   675   675 I DeviceIdleController: becomeActiveLocked, reason = charging
11-11 14:42:32.819   675  1398 V SettingsProvider: name : battery_remaining_time appId : 1000
11-11 14:42:35.746   675   701 W ContextImpl: Calling a method in the system process without a qualified user: android.app.ContextImpl.sendBroadcast:967 com.mediatek.server.stk.StkManagerImpl$2.run:110 android.os.Handler.handleCallback:790 android.os.Handler.dispatchMessage:99 android.os.Looper.loop:164 
11-11 14:42:35.747   675   700 W BroadcastQueue: Background execution not allowed: receiving Intent { act=mediatek.intent.action.stk.USER_ACTIVITY flg=0x10 } to com.android.stk/.EventReceiver
11-11 14:42:35.865   675   701 W ContextImpl: Calling a method in the system process without a qualified user: android.app.ContextImpl.sendBroadcast:967 com.mediatek.server.stk.StkManagerImpl$2.run:110 android.os.Handler.handleCallback:790 android.os.Handler.dispatchMessage:99 android.os.Looper.loop:164 
11-11 14:42:35.866   675   700 W BroadcastQueue: Background execution not allowed: receiving Intent { act=mediatek.intent.action.stk.USER_ACTIVITY flg=0x10 } to com.android.stk/.EventReceiver
11-11 14:42:36.643   675   701 W ContextImpl: Calling a method in the system process without a qualified user: android.app.ContextImpl.sendBroadcast:967 com.mediatek.server.stk.StkManagerImpl$2.run:110 android.os.Handler.handleCallback:790 android.os.Handler.dispatchMessage:99 android.os.Looper.loop:164 
11-11 14:42:36.644   675   700 W BroadcastQueue: Background execution not allowed: receiving Intent { act=mediatek.intent.action.stk.USER_ACTIVITY flg=0x10 } to com.android.stk/.EventReceiver
11-11 14:42:36.807   675   701 W ContextImpl: Calling a method in the system process without a qualified user: android.app.ContextImpl.sendBroadcast:967 com.mediatek.server.stk.StkManagerImpl$2.run:110 android.os.Handler.handleCallback:790 android.os.Handler.dispatchMessage:99 android.os.Looper.loop:164 
11-11 14:42:36.808   675   700 W BroadcastQueue: Background execution not allowed: receiving Intent { act=mediatek.intent.action.stk.USER_ACTIVITY flg=0x10 } to com.android.stk/.EventReceiver
11-11 14:42:37.644   675   701 W ContextImpl: Calling a method in the system process without a qualified user: android.app.ContextImpl.sendBroadcast:967 com.mediatek.server.stk.StkManagerImpl$2.run:110 android.os.Handler.handleCallback:790 android.os.Handler.dispatchMessage:99 android.os.Looper.loop:164 
11-11 14:42:37.645   675   700 W BroadcastQueue: Background execution not allowed: receiving Intent { act=mediatek.intent.action.stk.USER_ACTIVITY flg=0x10 } to com.android.stk/.EventReceiver
11-11 14:42:37.784   675   701 W ContextImpl: Calling a method in the system process without a qualified user: android.app.ContextImpl.sendBroadcast:967 com.mediatek.server.stk.StkManagerImpl$2.run:110 android.os.Handler.handleCallback:790 android.os.Handler.dispatchMessage:99 android.os.Looper.loop:164 
11-11 14:42:37.785   675   700 W BroadcastQueue: Background execution not allowed: receiving Intent { act=mediatek.intent.action.stk.USER_ACTIVITY flg=0x10 } to com.android.stk/.EventReceiver
11-11 14:42:38.247   675   701 W ContextImpl: Calling a method in the system process without a qualified user: android.app.ContextImpl.sendBroadcast:967 com.mediatek.server.stk.StkManagerImpl$2.run:110 android.os.Handler.handleCallback:790 android.os.Handler.dispatchMessage:99 android.os.Looper.loop:164 
11-11 14:42:38.248   675   700 W BroadcastQueue: Background execution not allowed: receiving Intent { act=mediatek.intent.action.stk.USER_ACTIVITY flg=0x10 } to com.android.stk/.EventReceiver
11-11 14:42:38.362   675   701 W ContextImpl: Calling a method in the system process without a qualified user: android.app.ContextImpl.sendBroadcast:967 com.mediatek.server.stk.StkManagerImpl$2.run:110 android.os.Handler.handleCallback:790 android.os.Handler.dispatchMessage:99 android.os.Looper.loop:164 
11-11 14:42:38.363   675   700 W BroadcastQueue: Background execution not allowed: receiving Intent { act=mediatek.intent.action.stk.USER_ACTIVITY flg=0x10 } to com.android.stk/.EventReceiver
11-11 14:42:39.408   675   701 W ContextImpl: Calling a method in the system process without a qualified user: android.app.ContextImpl.sendBroadcast:967 com.mediatek.server.stk.StkManagerImpl$2.run:110 android.os.Handler.handleCallback:790 android.os.Handler.dispatchMessage:99 android.os.Looper.loop:164 
11-11 14:42:39.409   675   700 W BroadcastQueue: Background execution not allowed: receiving Intent { act=mediatek.intent.action.stk.USER_ACTIVITY flg=0x10 } to com.android.stk/.EventReceiver
11-11 14:42:39.491   675  1398 I ActivityManager: Start proc 22791:com.tencent.mm:push/u0a101 for service com.tencent.mm/.booter.CoreService
11-11 14:42:39.491   675  1398 D ActivityManager: AMS: *** Launch app com.tencent.mm/10101 for service Intent { cmp=com.tencent.mm/.booter.CoreService }, from com.tencent.mm/10101.
11-11 14:42:39.513   675   701 W ContextImpl: Calling a method in the system process without a qualified user: android.app.ContextImpl.sendBroadcast:967 com.mediatek.server.stk.StkManagerImpl$2.run:110 android.os.Handler.handleCallback:790 android.os.Handler.dispatchMessage:99 android.os.Looper.loop:164 
11-11 14:42:39.514   675   700 W BroadcastQueue: Background execution not allowed: receiving Intent { act=mediatek.intent.action.stk.USER_ACTIVITY flg=0x10 } to com.android.stk/.EventReceiver
11-11 14:42:39.537   675  1398 I ActivityManager: Process com.google.process.gapps (pid 22595) has died: cch+2CEM 
11-11 14:42:39.896   675   701 W ContextImpl: Calling a method in the system process without a qualified user: android.app.ContextImpl.sendBroadcast:967 com.mediatek.server.stk.StkManagerImpl$2.run:110 android.os.Handler.handleCallback:790 android.os.Handler.dispatchMessage:99 android.os.Looper.loop:164 
11-11 14:42:39.896   675   700 W BroadcastQueue: Background execution not allowed: receiving Intent { act=mediatek.intent.action.stk.USER_ACTIVITY flg=0x10 } to com.android.stk/.EventReceiver
11-11 14:42:39.930   675  1398 I ActivityManager: Process com.google.process.gservices (pid 22550) has died: cch  CEM 
11-11 14:42:39.951   675   705 D ProcessManager: killAllBackgroundProcesses
11-11 14:42:39.952 22791 22791 E ActivityThread: Failed to find provider info for com.tencent.mm.coolassist.debugprovider
11-11 14:42:40.017   675   701 W ContextImpl: Calling a method in the system process without a qualified user: android.app.ContextImpl.sendBroadcast:967 com.mediatek.server.stk.StkManagerImpl$2.run:110 android.os.Handler.handleCallback:790 android.os.Handler.dispatchMessage:99 android.os.Looper.loop:164 
11-11 14:42:40.018   675   700 W BroadcastQueue: Background execution not allowed: receiving Intent { act=mediatek.intent.action.stk.USER_ACTIVITY flg=0x10 } to com.android.stk/.EventReceiver
11-11 14:42:40.208   675   701 W ContextImpl: Calling a method in the system process without a qualified user: android.app.ContextImpl.sendBroadcast:967 com.mediatek.server.stk.StkManagerImpl$2.run:110 android.os.Handler.handleCallback:790 android.os.Handler.dispatchMessage:99 android.os.Looper.loop:164 
11-11 14:42:40.209   675   700 W BroadcastQueue: Background execution not allowed: receiving Intent { act=mediatek.intent.action.stk.USER_ACTIVITY flg=0x10 } to com.android.stk/.EventReceiver
11-11 14:42:40.322   675   701 W ContextImpl: Calling a method in the system process without a qualified user: android.app.ContextImpl.sendBroadcast:967 com.mediatek.server.stk.StkManagerImpl$2.run:110 android.os.Handler.handleCallback:790 android.os.Handler.dispatchMessage:99 android.os.Looper.loop:164 
11-11 14:42:40.323   675   700 W BroadcastQueue: Background execution not allowed: receiving Intent { act=mediatek.intent.action.stk.USER_ACTIVITY flg=0x10 } to com.android.stk/.EventReceiver
11-11 14:42:40.456   675   701 W ContextImpl: Calling a method in the system process without a qualified user: android.app.ContextImpl.sendBroadcast:967 com.mediatek.server.stk.StkManagerImpl$2.run:110 android.os.Handler.handleCallback:790 android.os.Handler.dispatchMessage:99 android.os.Looper.loop:164 
11-11 14:42:40.457   675   700 W BroadcastQueue: Background execution not allowed: receiving Intent { act=mediatek.intent.action.stk.USER_ACTIVITY flg=0x10 } to com.android.stk/.EventReceiver
11-11 14:42:40.588   675   701 W ContextImpl: Calling a method in the system process without a qualified user: android.app.ContextImpl.sendBroadcast:967 com.mediatek.server.stk.StkManagerImpl$2.run:110 android.os.Handler.handleCallback:790 android.os.Handler.dispatchMessage:99 android.os.Looper.loop:164 
11-11 14:42:40.588   675   700 W BroadcastQueue: Background execution not allowed: receiving Intent { act=mediatek.intent.action.stk.USER_ACTIVITY flg=0x10 } to com.android.stk/.EventReceiver
11-11 14:42:40.704   675   701 W ContextImpl: Calling a method in the system process without a qualified user: android.app.ContextImpl.sendBroadcast:967 com.mediatek.server.stk.StkManagerImpl$2.run:110 android.os.Handler.handleCallback:790 android.os.Handler.dispatchMessage:99 android.os.Looper.loop:164 
11-11 14:42:40.704   675   700 W BroadcastQueue: Background execution not allowed: receiving Intent { act=mediatek.intent.action.stk.USER_ACTIVITY flg=0x10 } to com.android.stk/.EventReceiver
11-11 14:42:40.799   675  1398 I ActivityManager: Process android.process.media (pid 22654) has died: cch  CEM 
11-11 14:42:40.814   675   701 W ContextImpl: Calling a method in the system process without a qualified user: android.app.ContextImpl.sendBroadcast:967 com.mediatek.server.stk.StkManagerImpl$2.run:110 android.os.Handler.handleCallback:790 android.os.Handler.dispatchMessage:99 android.os.Looper.loop:164 
11-11 14:42:40.816   675   700 W BroadcastQueue: Background execution not allowed: receiving Intent { act=mediatek.intent.action.stk.USER_ACTIVITY flg=0x10 } to com.android.stk/.EventReceiver
11-11 14:42:40.816   675   705 D ProcessManager: killAllBackgroundProcesses
11-11 14:42:40.944   675   701 W ContextImpl: Calling a method in the system process without a qualified user: android.app.ContextImpl.sendBroadcast:967 com.mediatek.server.stk.StkManagerImpl$2.run:110 android.os.Handler.handleCallback:790 android.os.Handler.dispatchMessage:99 android.os.Looper.loop:164 
11-11 14:42:40.945   675   700 W BroadcastQueue: Background execution not allowed: receiving Intent { act=mediatek.intent.action.stk.USER_ACTIVITY flg=0x10 } to com.android.stk/.EventReceiver
11-11 14:42:41.108   675   701 W ContextImpl: Calling a method in the system process without a qualified user: android.app.ContextImpl.sendBroadcast:967 com.mediatek.server.stk.StkManagerImpl$2.run:110 android.os.Handler.handleCallback:790 android.os.Handler.dispatchMessage:99 android.os.Looper.loop:164 
11-11 14:42:41.109   675   700 W BroadcastQueue: Background execution not allowed: receiving Intent { act=mediatek.intent.action.stk.USER_ACTIVITY flg=0x10 } to com.android.stk/.EventReceiver
11-11 14:42:41.473   675  1398 V SettingsProvider: packageValueForCallResult, name = time_12_24, value : Bundle[{_track_generation=android.util.MemoryIntArray@5e, value=12, _generation_index=2, _generation=315}]
11-11 14:42:41.790   675   706 E BatteryExternalStatsWorker: no controller energy info supplied for wifi
11-11 14:42:41.790   675   706 E BatteryExternalStatsWorker: no controller energy info supplied for bluetooth
11-11 14:42:41.802   675   675 I DeviceIdleController: updateChargingLocked: charging=true
11-11 14:42:41.803   675   675 I DeviceIdleController: becomeActiveLocked, reason = charging
11-11 14:42:42.022   675  1523 I ActivityManager: Process com.tencent.mm:push (pid 22791) has died: svcb SVC 
11-11 14:42:42.023   675  1523 W ActivityManager: Scheduling restart of crashed service com.tencent.mm/.booter.CoreService in 1000ms
11-11 14:42:42.071   675   705 D ProcessManager: killAllBackgroundProcesses
11-11 14:42:42.333   675   701 W ContextImpl: Calling a method in the system process without a qualified user: android.app.ContextImpl.sendBroadcast:967 com.mediatek.server.stk.StkManagerImpl$2.run:110 android.os.Handler.handleCallback:790 android.os.Handler.dispatchMessage:99 android.os.Looper.loop:164 
11-11 14:42:42.334   675   700 W BroadcastQueue: Background execution not allowed: receiving Intent { act=mediatek.intent.action.stk.USER_ACTIVITY flg=0x10 } to com.android.stk/.EventReceiver
11-11 14:42:42.342   675  1398 D VibratorService: enable vibrator
11-11 14:42:42.345   675   701 W ContextImpl: Calling a method in the system process without a qualified user: android.app.ContextImpl.sendBroadcast:967 com.mediatek.server.stk.StkManagerImpl$2.run:110 android.os.Handler.handleCallback:790 android.os.Handler.dispatchMessage:99 android.os.Looper.loop:164 
11-11 14:42:42.346   675   700 W BroadcastQueue: Background execution not allowed: receiving Intent { act=mediatek.intent.action.stk.USER_ACTIVITY flg=0x10 } to com.android.stk/.EventReceiver
11-11 14:42:42.498   675   701 W ContextImpl: Calling a method in the system process without a qualified user: android.app.ContextImpl.sendBroadcast:967 com.mediatek.server.stk.StkManagerImpl$2.run:110 android.os.Handler.handleCallback:790 android.os.Handler.dispatchMessage:99 android.os.Looper.loop:164 
11-11 14:42:42.499   675   700 W BroadcastQueue: Background execution not allowed: receiving Intent { act=mediatek.intent.action.stk.USER_ACTIVITY flg=0x10 } to com.android.stk/.EventReceiver
11-11 14:42:42.541   675  1398 D VibratorService: enable vibrator
11-11 14:42:42.544   675   701 W ContextImpl: Calling a method in the system process without a qualified user: android.app.ContextImpl.sendBroadcast:967 com.mediatek.server.stk.StkManagerImpl$2.run:110 android.os.Handler.handleCallback:790 android.os.Handler.dispatchMessage:99 android.os.Looper.loop:164 
11-11 14:42:42.545   675   700 W BroadcastQueue: Background execution not allowed: receiving Intent { act=mediatek.intent.action.stk.USER_ACTIVITY flg=0x10 } to com.android.stk/.EventReceiver
11-11 14:42:42.555   675  1398 V WindowManager: Remove Window{bc72e52 u0 } client=ed432dd, surfaceController=Surface(name=) Callers=com.android.server.wm.WindowState.removeIfPossible:1852 com.android.server.wm.WindowManagerService.removeWindow:1761 com.android.server.wm.Session.remove:222 android.view.IWindowSession$Stub.onTransact:242 com.android.server.wm.Session.onTransact:163 
11-11 14:42:42.558   675  1398 V WindowManager: Changing focus from Window{bc72e52 u0  EXITING} to Window{99bcca9 u0 com.baidu.easyroot/com.baidu.easyroot.OneKeyRootActivity} Callers=com.android.server.wm.WindowState.setupWindowForRemoveOnExit:2000 com.android.server.wm.WindowState.removeIfPossible:1972 com.android.server.wm.WindowState.removeIfPossible:1852 com.android.server.wm.WindowManagerService.removeWindow:1761 
11-11 14:42:42.558   675  1398 D WindowManager: Input focus has changed to Window{99bcca9 u0 com.baidu.easyroot/com.baidu.easyroot.OneKeyRootActivity}
11-11 14:42:42.581   675   713 I WindowManager: Focus moving from Window{bc72e52 u0  EXITING} to Window{99bcca9 u0 com.baidu.easyroot/com.baidu.easyroot.OneKeyRootActivity}
11-11 14:42:42.821   675  1398 V SettingsProvider: name : battery_remaining_time appId : 1000
11-11 14:42:42.838  5449  5449 W ContextImpl: Calling a method in the system process without a qualified user: android.app.ContextImpl.sendBroadcast:967 android.content.ContextWrapper.sendBroadcast:437 com.transsion.powercenter.receiver.BatteryChangedReceiver.d:304 com.transsion.powercenter.receiver.BatteryChangedReceiver.c:296 com.transsion.powercenter.receiver.BatteryChangedReceiver.a:42 
11-11 14:42:42.839   675  1398 W ActivityManager: Sending non-protected broadcast com.rlk.powersavemanagement.ACTION_AVAILABLE_TIME from system 5449:com.transsion.powercenter/1000 pkg com.transsion.powercenter
11-11 14:42:42.840   675   700 W BroadcastQueue: Background execution not allowed: receiving Intent { act=com.rlk.powersavemanagement.ACTION_AVAILABLE_TIME flg=0x10 (has extras) } to com.transsion.powercenter/.provider.PowerWidgetProvider
11-11 14:42:43.044   675   700 I ActivityManager: Start proc 22862:com.tencent.mm:push/u0a101 for service com.tencent.mm/.booter.CoreService
11-11 14:42:43.044   675   700 D ActivityManager: AMS: *** Launch app com.tencent.mm/10101 for service Intent { cmp=com.tencent.mm/.booter.CoreService }, from null/-1.
11-11 14:42:43.328 22862 22862 E ActivityThread: Failed to find provider info for com.tencent.mm.coolassist.debugprovider
11-11 14:42:44.168   675  1398 V SettingsProvider: packageValueForCallResult, name = time_12_24, value : Bundle[{_track_generation=android.util.MemoryIntArray@5e, value=12, _generation_index=2, _generation=316}]
11-11 14:42:44.864   675  1398 I ActivityManager: Process com.tencent.mm:push (pid 22862) has died: svcb SVC 
11-11 14:42:44.865   675  1398 W ActivityManager: Scheduling restart of crashed service com.tencent.mm/.booter.CoreService in 4000ms
11-11 14:42:44.871   675   705 D ProcessManager: killAllBackgroundProcesses
11-11 14:42:45.270   675   701 W ContextImpl: Calling a method in the system process without a qualified user: android.app.ContextImpl.sendBroadcast:967 com.mediatek.server.stk.StkManagerImpl$2.run:110 android.os.Handler.handleCallback:790 android.os.Handler.dispatchMessage:99 android.os.Looper.loop:164 
11-11 14:42:45.271   675   700 W BroadcastQueue: Background execution not allowed: receiving Intent { act=mediatek.intent.action.stk.USER_ACTIVITY flg=0x10 } to com.android.stk/.EventReceiver
11-11 14:42:45.385   675   701 W ContextImpl: Calling a method in the system process without a qualified user: android.app.ContextImpl.sendBroadcast:967 com.mediatek.server.stk.StkManagerImpl$2.run:110 android.os.Handler.handleCallback:790 android.os.Handler.dispatchMessage:99 android.os.Looper.loop:164 
11-11 14:42:45.386   675   700 W BroadcastQueue: Background execution not allowed: receiving Intent { act=mediatek.intent.action.stk.USER_ACTIVITY flg=0x10 } to com.android.stk/.EventReceiver
11-11 14:42:47.469   675   701 W ContextImpl: Calling a method in the system process without a qualified user: android.app.ContextImpl.sendBroadcast:967 com.mediatek.server.stk.StkManagerImpl$2.run:110 android.os.Handler.handleCallback:790 android.os.Handler.dispatchMessage:99 android.os.Looper.loop:164 
11-11 14:42:47.470   675   700 W BroadcastQueue: Background execution not allowed: receiving Intent { act=mediatek.intent.action.stk.USER_ACTIVITY flg=0x10 } to com.android.stk/.EventReceiver
11-11 14:42:47.592   675   701 W ContextImpl: Calling a method in the system process without a qualified user: android.app.ContextImpl.sendBroadcast:967 com.mediatek.server.stk.StkManagerImpl$2.run:110 android.os.Handler.handleCallback:790 android.os.Handler.dispatchMessage:99 android.os.Looper.loop:164 
11-11 14:42:47.624   675   700 W BroadcastQueue: Background execution not allowed: receiving Intent { act=mediatek.intent.action.stk.USER_ACTIVITY flg=0x10 } to com.android.stk/.EventReceiver
11-11 14:42:48.908   675   700 I ActivityManager: Start proc 22943:com.tencent.mm:push/u0a101 for service com.tencent.mm/.booter.CoreService
11-11 14:42:48.908   675   700 D ActivityManager: AMS: *** Launch app com.tencent.mm/10101 for service Intent { cmp=com.tencent.mm/.booter.CoreService }, from null/-1.
11-11 14:42:49.590 22943 22943 E ActivityThread: Failed to find provider info for com.tencent.mm.coolassist.debugprovider
11-11 14:42:50.847   675  7599 V SettingsProvider: packageValueForCallResult, name = time_12_24, value : Bundle[{_track_generation=android.util.MemoryIntArray@5e, value=12, _generation_index=2, _generation=316}]
11-11 14:42:51.442   675   675 I ActivityManager: Start proc 23019:com.android.vending/u0a33 for service com.android.vending/com.google.android.finsky.scheduler.JobSchedulerEngine$PhoneskyJobSchedulerJobService
11-11 14:42:51.442   675   675 D ActivityManager: AMS: *** Launch app com.android.vending/10033 for service Intent { cmp=com.android.vending/com.google.android.finsky.scheduler.JobSchedulerEngine$PhoneskyJobSchedulerJobService }, from android/1000.
11-11 14:42:51.697   675  1523 I ActivityManager: Process com.tencent.mm:push (pid 22943) has died: svcb SVC 
11-11 14:42:51.698   675  1523 W ActivityManager: Scheduling restart of crashed service com.tencent.mm/.booter.CoreService in 16000ms
11-11 14:42:51.705   675   705 D ProcessManager: killAllBackgroundProcesses
11-11 14:42:51.778   675   675 I DeviceIdleController: updateChargingLocked: charging=true
11-11 14:42:51.779   675   675 I DeviceIdleController: becomeActiveLocked, reason = charging
11-11 14:42:51.876   675  7599 I ActivityManager: Start proc 23047:com.google.process.gservices/u0a13 for content provider com.google.android.gsf/.gservices.GservicesProvider
11-11 14:42:52.210   675  1398 V SettingsProvider: packageValueForCallResult, name = device_provisioned, value : Bundle[{_track_generation=android.util.MemoryIntArray@5e, value=1, _generation_index=0, _generation=51}]
11-11 14:42:52.337   675  1523 V SettingsProvider: packageValueForCallResult, name = android_id, value : Bundle[{_track_generation=android.util.MemoryIntArray@5e, value=775966cec3e2068f, _generation_index=1, _generation=19}]
11-11 14:42:52.456   675  7599 I ActivityManager: Start proc 23088:com.google.process.gapps/u0a13 for content provider com.google.android.gsf/.settings.GoogleSettingsProvider
11-11 14:42:52.757   675   701 W ContextImpl: Calling a method in the system process without a qualified user: android.app.ContextImpl.sendBroadcast:967 com.mediatek.server.stk.StkManagerImpl$2.run:110 android.os.Handler.handleCallback:790 android.os.Handler.dispatchMessage:99 android.os.Looper.loop:164 
11-11 14:42:52.796   675  7599 V SettingsProvider: name : battery_remaining_time appId : 1000
11-11 14:42:52.853   675   701 W ContextImpl: Calling a method in the system process without a qualified user: android.app.ContextImpl.sendBroadcast:967 com.mediatek.server.stk.StkManagerImpl$2.run:110 android.os.Handler.handleCallback:790 android.os.Handler.dispatchMessage:99 android.os.Looper.loop:164 
11-11 14:42:52.904   675  1522 W BroadcastQueue: Background execution not allowed: receiving Intent { act=mediatek.intent.action.stk.USER_ACTIVITY flg=0x10 } to com.android.stk/.EventReceiver
11-11 14:42:52.905   675   700 W BroadcastQueue: Background execution not allowed: receiving Intent { act=mediatek.intent.action.stk.USER_ACTIVITY flg=0x10 } to com.android.stk/.EventReceiver
11-11 14:42:53.243   675  1398 I ActivityManager: Start proc 23126:com.android.vending:download_service/u0a33 for service com.android.vending/com.google.android.finsky.downloadservice.DownloadService
11-11 14:42:53.244   675  1398 D ActivityManager: AMS: *** Launch app com.android.vending/10033 for service Intent { act=com.google.android.finsky.BIND_DOWNLOAD_SERVICE pkg=com.android.vending }, from com.android.vending/10033.
11-11 14:42:53.369   675  1522 I ActivityManager: Start proc 23139:android.process.media/u0a28 for content provider com.android.providers.downloads/.DownloadProvider
11-11 14:42:53.370   675  1522 W ActivityManager: Slow operation: 126ms so far, now at getContentProviderImpl: after start process
11-11 14:42:53.370   675  1522 W ActivityManager: Slow operation: 126ms so far, now at getContentProviderImpl: updating data structures
11-11 14:42:53.370   675  1522 W ActivityManager: Slow operation: 127ms so far, now at getContentProviderImpl: done!
11-11 14:42:53.686   675  1398 D MtkConnectivityService: requestNetwork for uid/pid:10033/23126 NetworkRequest [ TRACK_DEFAULT id=715, [ Capabilities: INTERNET&NOT_RESTRICTED&TRUSTED&NOT_VPN] ]
11-11 14:42:53.860   675  7262 I ActivityManager: Process com.android.vending:download_service (pid 23126) has died: cch  CEM 
11-11 14:42:53.862   675  7599 D MtkConnectivityService: ConnectivityService NetworkRequestInfo binderDied(NetworkRequest [ TRACK_DEFAULT id=715, [ Capabilities: INTERNET&NOT_RESTRICTED&TRUSTED&NOT_VPN] ], android.os.BinderProxy@3e266b8)
11-11 14:42:53.863   675   791 D MtkConnectivityService: releasing NetworkRequest [ TRACK_DEFAULT id=715, [ Capabilities: INTERNET&NOT_RESTRICTED&TRUSTED&NOT_VPN] ] (release request)
11-11 14:42:53.870   675   705 D ProcessManager: killAllBackgroundProcesses
11-11 14:43:00.760   675  7262 D MtkConnectivityService: ConnectivityService NetworkRequestInfo binderDied(NetworkRequest [ LISTEN id=714, [ Capabilities: INTERNET&NOT_RESTRICTED&TRUSTED] ], android.os.BinderProxy@85d8d82)
11-11 14:43:00.762   675  7599 I ActivityManager: Process com.android.vending (pid 23019) has died: cch  CEM 
11-11 14:43:00.810   675   705 D ProcessManager: killAllBackgroundProcesses
11-11 14:43:04.740   675  6756 V WindowManager: Changing focus from Window{99bcca9 u0 com.baidu.easyroot/com.baidu.easyroot.OneKeyRootActivity} to Window{99f54d0 u0 } Callers=com.android.server.wm.WindowManagerService.addWindow:1594 com.android.server.wm.Session.addToDisplay:202 android.view.IWindowSession$Stub.onTransact:124 com.android.server.wm.Session.onTransact:163 
11-11 14:43:04.743   675  6756 D WindowManager: Input focus has changed to Window{99f54d0 u0 }
11-11 14:43:04.745   675   713 I WindowManager: Focus moving from Window{99bcca9 u0 com.baidu.easyroot/com.baidu.easyroot.OneKeyRootActivity} to Window{99f54d0 u0 }
11-11 14:43:04.857   675   713 I WindowManager: Losing delayed focus: Window{99bcca9 u0 com.baidu.easyroot/com.baidu.easyroot.OneKeyRootActivity}
11-11 14:43:07.006   675   701 W ContextImpl: Calling a method in the system process without a qualified user: android.app.ContextImpl.sendBroadcast:967 com.mediatek.server.stk.StkManagerImpl$2.run:110 android.os.Handler.handleCallback:790 android.os.Handler.dispatchMessage:99 android.os.Looper.loop:164 
11-11 14:43:07.007   675   700 W BroadcastQueue: Background execution not allowed: receiving Intent { act=mediatek.intent.action.stk.USER_ACTIVITY flg=0x10 } to com.android.stk/.EventReceiver
11-11 14:43:07.723   675   700 I ActivityManager: Start proc 23196:com.tencent.mm:push/u0a101 for service com.tencent.mm/.booter.CoreService
11-11 14:43:07.723   675   700 D ActivityManager: AMS: *** Launch app com.tencent.mm/10101 for service Intent { cmp=com.tencent.mm/.booter.CoreService }, from null/-1.
11-11 14:43:08.065 23196 23196 E ActivityThread: Failed to find provider info for com.tencent.mm.coolassist.debugprovider
11-11 14:43:09.087   675  6756 V SettingsProvider: packageValueForCallResult, name = time_12_24, value : Bundle[{_track_generation=android.util.MemoryIntArray@5e, value=12, _generation_index=2, _generation=316}]
11-11 14:43:09.464   675  7599 I ActivityManager: Process com.tencent.mm:push (pid 23196) has died: svcb SVC 
11-11 14:43:09.464   675  7599 W ActivityManager: Scheduling restart of crashed service com.tencent.mm/.booter.CoreService in 64000ms
11-11 14:43:09.510   675   705 D ProcessManager: killAllBackgroundProcesses
11-11 14:43:11.031   675   701 W ContextImpl: Calling a method in the system process without a qualified user: android.app.ContextImpl.sendBroadcast:967 com.mediatek.server.stk.StkManagerImpl$2.run:110 android.os.Handler.handleCallback:790 android.os.Handler.dispatchMessage:99 android.os.Looper.loop:164 
11-11 14:43:11.032   675   700 W BroadcastQueue: Background execution not allowed: receiving Intent { act=mediatek.intent.action.stk.USER_ACTIVITY flg=0x10 } to com.android.stk/.EventReceiver
11-11 14:43:11.574   675   701 W ContextImpl: Calling a method in the system process without a qualified user: android.app.ContextImpl.sendBroadcast:967 com.mediatek.server.stk.StkManagerImpl$2.run:110 android.os.Handler.handleCallback:790 android.os.Handler.dispatchMessage:99 android.os.Looper.loop:164 
11-11 14:43:11.575   675   700 W BroadcastQueue: Background execution not allowed: receiving Intent { act=mediatek.intent.action.stk.USER_ACTIVITY flg=0x10 } to com.android.stk/.EventReceiver
11-11 14:43:11.771   675   675 I DeviceIdleController: updateChargingLocked: charging=true
11-11 14:43:11.775   675   675 I DeviceIdleController: becomeActiveLocked, reason = charging
11-11 14:43:12.079   675   701 W ContextImpl: Calling a method in the system process without a qualified user: android.app.ContextImpl.sendBroadcast:967 com.mediatek.server.stk.StkManagerImpl$2.run:110 android.os.Handler.handleCallback:790 android.os.Handler.dispatchMessage:99 android.os.Looper.loop:164 
11-11 14:43:12.080   675   700 W BroadcastQueue: Background execution not allowed: receiving Intent { act=mediatek.intent.action.stk.USER_ACTIVITY flg=0x10 } to com.android.stk/.EventReceiver
11-11 14:43:12.566   675   701 W ContextImpl: Calling a method in the system process without a qualified user: android.app.ContextImpl.sendBroadcast:967 com.mediatek.server.stk.StkManagerImpl$2.run:110 android.os.Handler.handleCallback:790 android.os.Handler.dispatchMessage:99 android.os.Looper.loop:164 
11-11 14:43:12.567   675   700 W BroadcastQueue: Background execution not allowed: receiving Intent { act=mediatek.intent.action.stk.USER_ACTIVITY flg=0x10 } to com.android.stk/.EventReceiver
11-11 14:43:12.674   675   701 W ContextImpl: Calling a method in the system process without a qualified user: android.app.ContextImpl.sendBroadcast:967 com.mediatek.server.stk.StkManagerImpl$2.run:110 android.os.Handler.handleCallback:790 android.os.Handler.dispatchMessage:99 android.os.Looper.loop:164 
11-11 14:43:12.675   675   700 W BroadcastQueue: Background execution not allowed: receiving Intent { act=mediatek.intent.action.stk.USER_ACTIVITY flg=0x10 } to com.android.stk/.EventReceiver
11-11 14:43:12.783   675  7599 V SettingsProvider: name : battery_remaining_time appId : 1000
11-11 14:43:13.592   675   701 W ContextImpl: Calling a method in the system process without a qualified user: android.app.ContextImpl.sendBroadcast:967 com.mediatek.server.stk.StkManagerImpl$2.run:110 android.os.Handler.handleCallback:790 android.os.Handler.dispatchMessage:99 android.os.Looper.loop:164 
11-11 14:43:13.593   675   700 W BroadcastQueue: Background execution not allowed: receiving Intent { act=mediatek.intent.action.stk.USER_ACTIVITY flg=0x10 } to com.android.stk/.EventReceiver
11-11 14:43:13.716   675   701 W ContextImpl: Calling a method in the system process without a qualified user: android.app.ContextImpl.sendBroadcast:967 com.mediatek.server.stk.StkManagerImpl$2.run:110 android.os.Handler.handleCallback:790 android.os.Handler.dispatchMessage:99 android.os.Looper.loop:164 
11-11 14:43:13.717   675   700 W BroadcastQueue: Background execution not allowed: receiving Intent { act=mediatek.intent.action.stk.USER_ACTIVITY flg=0x10 } to com.android.stk/.EventReceiver
11-11 14:43:13.848   675   701 W ContextImpl: Calling a method in the system process without a qualified user: android.app.ContextImpl.sendBroadcast:967 com.mediatek.server.stk.StkManagerImpl$2.run:110 android.os.Handler.handleCallback:790 android.os.Handler.dispatchMessage:99 android.os.Looper.loop:164 
11-11 14:43:13.849   675   700 W BroadcastQueue: Background execution not allowed: receiving Intent { act=mediatek.intent.action.stk.USER_ACTIVITY flg=0x10 } to com.android.stk/.EventReceiver
11-11 14:43:14.064   675   701 W ContextImpl: Calling a method in the system process without a qualified user: android.app.ContextImpl.sendBroadcast:967 com.mediatek.server.stk.StkManagerImpl$2.run:110 android.os.Handler.handleCallback:790 android.os.Handler.dispatchMessage:99 android.os.Looper.loop:164 
11-11 14:43:14.064   675   700 W BroadcastQueue: Background execution not allowed: receiving Intent { act=mediatek.intent.action.stk.USER_ACTIVITY flg=0x10 } to com.android.stk/.EventReceiver
11-11 14:43:14.280   675   701 W ContextImpl: Calling a method in the system process without a qualified user: android.app.ContextImpl.sendBroadcast:967 com.mediatek.server.stk.StkManagerImpl$2.run:110 android.os.Handler.handleCallback:790 android.os.Handler.dispatchMessage:99 android.os.Looper.loop:164 
11-11 14:43:14.281   675   700 W BroadcastQueue: Background execution not allowed: receiving Intent { act=mediatek.intent.action.stk.USER_ACTIVITY flg=0x10 } to com.android.stk/.EventReceiver
11-11 14:43:14.386   675   701 W ContextImpl: Calling a method in the system process without a qualified user: android.app.ContextImpl.sendBroadcast:967 com.mediatek.server.stk.StkManagerImpl$2.run:110 android.os.Handler.handleCallback:790 android.os.Handler.dispatchMessage:99 android.os.Looper.loop:164 
11-11 14:43:14.386   675   700 W BroadcastQueue: Background execution not allowed: receiving Intent { act=mediatek.intent.action.stk.USER_ACTIVITY flg=0x10 } to com.android.stk/.EventReceiver
11-11 14:43:14.494   675   701 W ContextImpl: Calling a method in the system process without a qualified user: android.app.ContextImpl.sendBroadcast:967 com.mediatek.server.stk.StkManagerImpl$2.run:110 android.os.Handler.handleCallback:790 android.os.Handler.dispatchMessage:99 android.os.Looper.loop:164 
11-11 14:43:14.495   675   700 W BroadcastQueue: Background execution not allowed: receiving Intent { act=mediatek.intent.action.stk.USER_ACTIVITY flg=0x10 } to com.android.stk/.EventReceiver
11-11 14:43:14.857   675   701 W ContextImpl: Calling a method in the system process without a qualified user: android.app.ContextImpl.sendBroadcast:967 com.mediatek.server.stk.StkManagerImpl$2.run:110 android.os.Handler.handleCallback:790 android.os.Handler.dispatchMessage:99 android.os.Looper.loop:164 
11-11 14:43:14.858   675   700 W BroadcastQueue: Background execution not allowed: receiving Intent { act=mediatek.intent.action.stk.USER_ACTIVITY flg=0x10 } to com.android.stk/.EventReceiver
11-11 14:43:14.973   675   701 W ContextImpl: Calling a method in the system process without a qualified user: android.app.ContextImpl.sendBroadcast:967 com.mediatek.server.stk.StkManagerImpl$2.run:110 android.os.Handler.handleCallback:790 android.os.Handler.dispatchMessage:99 android.os.Looper.loop:164 
11-11 14:43:14.973   675   700 W BroadcastQueue: Background execution not allowed: receiving Intent { act=mediatek.intent.action.stk.USER_ACTIVITY flg=0x10 } to com.android.stk/.EventReceiver
11-11 14:43:15.080   675   701 W ContextImpl: Calling a method in the system process without a qualified user: android.app.ContextImpl.sendBroadcast:967 com.mediatek.server.stk.StkManagerImpl$2.run:110 android.os.Handler.handleCallback:790 android.os.Handler.dispatchMessage:99 android.os.Looper.loop:164 
11-11 14:43:15.081   675   700 W BroadcastQueue: Background execution not allowed: receiving Intent { act=mediatek.intent.action.stk.USER_ACTIVITY flg=0x10 } to com.android.stk/.EventReceiver
11-11 14:43:15.197   675   701 W ContextImpl: Calling a method in the system process without a qualified user: android.app.ContextImpl.sendBroadcast:967 com.mediatek.server.stk.StkManagerImpl$2.run:110 android.os.Handler.handleCallback:790 android.os.Handler.dispatchMessage:99 android.os.Looper.loop:164 
11-11 14:43:15.198   675   700 W BroadcastQueue: Background execution not allowed: receiving Intent { act=mediatek.intent.action.stk.USER_ACTIVITY flg=0x10 } to com.android.stk/.EventReceiver
11-11 14:43:15.304   675   701 W ContextImpl: Calling a method in the system process without a qualified user: android.app.ContextImpl.sendBroadcast:967 com.mediatek.server.stk.StkManagerImpl$2.run:110 android.os.Handler.handleCallback:790 android.os.Handler.dispatchMessage:99 android.os.Looper.loop:164 
11-11 14:43:15.305   675   700 W BroadcastQueue: Background execution not allowed: receiving Intent { act=mediatek.intent.action.stk.USER_ACTIVITY flg=0x10 } to com.android.stk/.EventReceiver
