11-11 14:47:04.244 24996 24996 I Finsky  : [2] tac.a(30): Scheduling job Id: 9003, L: 30000, D: 54190, C: false, I: false, N: 0
11-11 14:47:04.257 24996 24996 I Finsky  : [2] pgo.onTrimMemory(1): Memory trim requested to level 80
11-11 14:47:04.436   264   620 I BufferQueueProducer: [StatusBar#0](this:0xabc4a000,id:4,api:1,p:830,c:264) queueBuffer: fps=17.75 dur=1013.99 max=461.32 min=3.93
11-11 14:47:04.453   264   264 I BufferQueueProducer: [FrameBufferSurface_0](this:0xade58000,id:0,api:1,p:264,c:264) queueBuffer: fps=17.84 dur=1008.84 max=460.50 min=16.17
11-11 14:47:04.453   264   264 I DisplayDevice: [Built-in Screen (type:0)] fps:17.843586,dur:1008.77,max:460.44,min:16.11
11-11 14:47:05.084   675  5252 I WifiService: getVerboseLoggingLevel uid=1000
11-11 14:47:05.085   675  5252 I WifiService: getWifiApEnabledState uid=1000
11-11 14:47:05.088  5449  5449 D PowerSaveUtils: isUltraPowerOn(context) isOn=false
11-11 14:47:05.088  5449  5449 D PowerSaveUtils: getConfigCurrent isUltraModeOn:false
11-11 14:47:05.089  5449  5449 D PowerSaveUtils: config details is : bright->102wifiEnable-> truewifiApEnable->falsebtEnable->falsedataEnable->falsegpsEnable->truethreeGEnable->trueautoSyncEnable->trueisScreenModeOn->falseisUltraModeOn->falseisBatterySaverOn->false
11-11 14:47:05.089  5449  5449 D PowerSaveUtils: getConfigCurrent current:38.5
11-11 14:47:05.090   675  4419 V SettingsProvider: name : battery_remaining_time appId : 1000
11-11 14:47:05.091  5449  5449 D PowerSaveUtils: hours:8,min:26
11-11 14:47:05.324  5790  6047 D phonemaster_log: HiManager_ViewUtil: ViewUtilisShowNotification false
11-11 14:47:05.325  5790  6047 D phonemaster_log: HiManager_MasterCoreService: MESSAGE_SERVICE_WHAT_UPDATE_NOTIFICATION isShowNotificationfalse
11-11 14:47:06.148   977  1234 D PhoneInterfaceManager: [PhoneIntfMgr] SubscriptionManager.getPhoneId(3)=0
11-11 14:47:06.161   977  1234 D PhoneInterfaceManager: [PhoneIntfMgr] SubscriptionManager.getPhoneId(3)=0
11-11 14:47:06.175   264   434 I BufferQueueProducer: [StatusBar#0](this:0xabc4a000,id:4,api:1,p:830,c:264) queueBuffer: fps=8.05 dur=1738.46 max=783.15 min=7.22
11-11 14:47:06.191   264   264 I BufferQueueProducer: [FrameBufferSurface_0](this:0xade58000,id:0,api:1,p:264,c:264) queueBuffer: fps=8.05 dur=1738.17 max=777.70 min=16.33
11-11 14:47:06.192   264   264 I DisplayDevice: [Built-in Screen (type:0)] fps:8.054412,dur:1738.18,max:777.70,min:16.33
11-11 14:47:06.377   675   675 I MWN     : onSignalStrengthsChanged...
11-11 14:47:06.382   675   675 I MWN     : network type = 1
11-11 14:47:06.382   675   675 I MWN     : Write 0 to node. type=Wi-Fi mSimExist=true mFlightMode=false
11-11 14:47:06.386   675   675 I MWN     : write the value:0 to node successfully.
11-11 14:47:06.410   675   700 W BroadcastQueue: Background execution not allowed: receiving Intent { act=android.intent.action.SIG_STR flg=0x10 (has extras) } to com.xingin.xhs/org.daemon.receiver.ConnectivityReceiver
11-11 14:47:06.496   830  1150 E libPowerStretch: LucidStats currentFPS = 9.95 [2392828272]
11-11 14:47:07.155   977  1234 D PhoneInterfaceManager: [PhoneIntfMgr] SubscriptionManager.getPhoneId(3)=0
11-11 14:47:07.167   977  1234 D PhoneInterfaceManager: [PhoneIntfMgr] SubscriptionManager.getPhoneId(3)=0
11-11 14:47:07.184   264   434 I BufferQueueProducer: [StatusBar#0](this:0xabc4a000,id:4,api:1,p:830,c:264) queueBuffer: fps=14.86 dur=1009.14 max=538.85 min=16.02
11-11 14:47:07.201   264   264 I BufferQueueProducer: [FrameBufferSurface_0](this:0xade58000,id:0,api:1,p:264,c:264) queueBuffer: fps=14.85 dur=1009.94 max=548.52 min=16.44
11-11 14:47:07.202   264   264 I DisplayDevice: [Built-in Screen (type:0)] fps:14.851748,dur:1009.98,max:548.77,min:16.44
11-11 14:47:07.296   307   307 I thermal_repeater: [recvMdThermalInfo] ret=9, strLen=127,  1, 32767
11-11 14:47:07.732   675   700 W BroadcastQueue: Background execution not allowed: receiving Intent { act=android.intent.action.SIG_STR flg=0x10 (has extras) } to com.xingin.xhs/org.daemon.receiver.ConnectivityReceiver
11-11 14:47:08.214   977  1234 D PhoneInterfaceManager: [PhoneIntfMgr] SubscriptionManager.getPhoneId(3)=0
11-11 14:47:08.243   977  1234 D PhoneInterfaceManager: [PhoneIntfMgr] SubscriptionManager.getPhoneId(3)=0
11-11 14:47:08.257   264   434 I BufferQueueProducer: [StatusBar#0](this:0xabc4a000,id:4,api:1,p:830,c:264) queueBuffer: fps=13.97 dur=1073.66 max=603.20 min=3.65
11-11 14:47:08.274   264   264 I BufferQueueProducer: [FrameBufferSurface_0](this:0xade58000,id:0,api:1,p:264,c:264) queueBuffer: fps=13.99 dur=1072.56 max=595.31 min=16.42
11-11 14:47:08.274   264   264 I DisplayDevice: [Built-in Screen (type:0)] fps:13.986830,dur:1072.44,max:595.44,min:16.47
11-11 14:47:08.417 24996 25049 I Finsky  : [15821] ebw.run(3): Initializing the instant apps module.
11-11 14:47:08.472 14125 14162 I CarrierServices: [11361] bxu.a: FiST: Wifi connectivity status true
11-11 14:47:08.499 24996 25047 I Finsky  : [15820] hcg.a(25): No selector loaded
11-11 14:47:08.536 24996 25091 I Finsky  : [15846] qtc.b(1): Triggered update for experiment package com.google.android.finsky.regular.
11-11 14:47:08.601   263   263 I lowmemorykiller: Killing 'com.tencent.mm' (23988), uid 10101, adj 902
11-11 14:47:08.601   263   263 I lowmemorykiller:    to free 74800kB because system is under medium memory pressure oom_adj 800
11-11 14:47:08.608 14125 14276 I CarrierServices: [11388] awo.handleMessage: RCS is disabled, skipping config update request
11-11 14:47:08.610 14125 14268 I CarrierServices: [11387] cdw.a: (PEv2-SM): DisabledState: event Connectivity event
11-11 14:47:08.635 14125 14162 I CarrierServices: [11361] byb.d: Connected state: [1], networkType: [WIFI]
11-11 14:47:08.655   263   263 I lowmemorykiller: Killing 'com.android.vending' (24996), uid 10033, adj 900
11-11 14:47:08.655   263   263 I lowmemorykiller:    to free 87476kB because system is under medium memory pressure oom_adj 800
11-11 14:47:08.782   675  4419 D MtkConnectivityService: ConnectivityService NetworkRequestInfo binderDied(NetworkRequest [ LISTEN id=730, [ Capabilities: INTERNET&NOT_RESTRICTED&TRUSTED] ], android.os.BinderProxy@f84a999)
11-11 14:47:08.785   675  7536 I ActivityManager: Process com.android.vending (pid 24996) has died: cch  CEM 
11-11 14:47:08.787   675   705 W zygote  : kill(-24996, 9) failed: No such process
11-11 14:47:08.810   263   263 E lowmemorykiller: Error writing /proc/23988/oom_score_adj; errno=22
11-11 14:47:08.820   264   620 I SurfaceFlinger: EventThread Client Pid (23988) disconnected by (264)
11-11 14:47:08.820   264   620 I SurfaceFlinger: EventThread Client Pid (23988) disconnected by (264)
11-11 14:47:08.821   675  7536 I ActivityManager: Process com.tencent.mm (pid 23988) has died: cch  SVC 
11-11 14:47:08.822   675  7536 W ActivityManager: Scheduling restart of crashed service com.tencent.mm/.service.ProcessService$MMProcessService in 1000ms
11-11 14:47:08.832   675   705 W zygote  : kill(-24996, 9) failed: No such process
11-11 14:47:08.854   675   705 I zygote  : Successfully killed process cgroup uid 10033 pid 24996 in 66ms
11-11 14:47:08.854   675   705 D ProcessManager: killAllBackgroundProcesses
11-11 14:47:08.855   675   705 W zygote  : kill(-23988, 9) failed: No such process
11-11 14:47:08.855   675   705 I zygote  : Successfully killed process cgroup uid 10101 pid 23988 in 0ms
11-11 14:47:08.856   675   705 D ProcessManager: killAllBackgroundProcesses
11-11 14:47:09.160   977  1234 D PhoneInterfaceManager: [PhoneIntfMgr] SubscriptionManager.getPhoneId(3)=0
11-11 14:47:09.180   977  1234 D PhoneInterfaceManager: [PhoneIntfMgr] SubscriptionManager.getPhoneId(3)=0
11-11 14:47:09.326   675   769 D MtkDataShapingUtils: openLteGateByDataShaping datashaping instance is null
11-11 14:47:09.434   264   434 I BufferQueueProducer: [StatusBar#0](this:0xabc4a000,id:4,api:1,p:830,c:264) queueBuffer: fps=2.55 dur=1176.59 max=790.14 min=155.96
11-11 14:47:09.451   264   264 I BufferQueueProducer: [FrameBufferSurface_0](this:0xade58000,id:0,api:1,p:264,c:264) queueBuffer: fps=5.10 dur=1176.54 max=380.45 min=33.01
11-11 14:47:09.451   264   264 I DisplayDevice: [Built-in Screen (type:0)] fps:5.097777,dur:1176.98,max:380.46,min:33.01
11-11 14:47:09.847   675   700 I ActivityManager: Start proc 25143:com.tencent.mm/u0a101 for service com.tencent.mm/.service.ProcessService$MMProcessService
11-11 14:47:09.848   675   700 D ActivityManager: AMS: *** Launch app com.tencent.mm/10101 for service Intent { cmp=com.tencent.mm/.service.ProcessService$MMProcessService }, from null/-1.
11-11 14:47:09.935 25143 25143 I zygote  : The ClassLoaderContext is a special shared library.
11-11 14:47:10.161   977  1234 D PhoneInterfaceManager: [PhoneIntfMgr] SubscriptionManager.getPhoneId(3)=0
11-11 14:47:10.170   977  1234 D PhoneInterfaceManager: [PhoneIntfMgr] SubscriptionManager.getPhoneId(3)=0
11-11 14:47:10.227 25143 25143 E ActivityThread: Failed to find provider info for com.tencent.mm.coolassist.debugprovider
11-11 14:47:10.352 25143 25143 I MMKV    : <MMKV.cpp:192::initialize> page size:4096
11-11 14:47:10.352 25143 25143 I MMKV    : <MMKV.cpp:206::initializeMMKV> root dir: /data/user/0/com.tencent.mm/files/mmkv
11-11 14:47:10.391 25143 25143 I LoadedApk: No resource references to update in package com.transsion.theme.icon
11-11 14:47:10.656 25143 25172 I FA      : Collection disabled with firebase_analytics_collection_enabled=0
11-11 14:47:10.659 25143 25172 I FA      : App measurement is starting up, version: 12451
11-11 14:47:10.660 25143 25172 I FA      : To enable debug logging run: adb shell setprop log.tag.FA VERBOSE
11-11 14:47:10.661 25143 25172 I FA      : To enable faster debug mode event logging run:
11-11 14:47:10.661 25143 25172 I FA      :   adb shell setprop debug.firebase.analytics.app com.tencent.mm
11-11 14:47:10.802 25143 25143 W CrashMonitor: JNI_OnLoad
11-11 14:47:10.803 25143 25143 D CrashMonitor: crashInitForReport...
11-11 14:47:10.803 25143 25143 D CrashMonitor: setupMonitor...
11-11 14:47:10.824 25143 25182 D CrashMonitor: WaitForSignal...
11-11 14:47:11.291 25143 25179 I WCDB    : Initialize JNI module (1/12) CursorWindow...
11-11 14:47:11.291 25143 25179 V WCDB.JNIHelp: Registering com/tencent/wcdb/CursorWindow natives
11-11 14:47:11.291 25143 25179 I WCDB    : Initialize JNI module (2/12) ChunkedCursorWindow...
11-11 14:47:11.291 25143 25179 V WCDB.JNIHelp: Registering com/tencent/wcdb/database/ChunkedCursorWindow natives
11-11 14:47:11.291 25143 25179 V WCDB.JNIHelp: Registering com/tencent/wcdb/database/SQLiteAsyncQuery natives
11-11 14:47:11.291 25143 25179 I WCDB    : Initialize JNI module (3/12) SQLiteConnection...
11-11 14:47:11.292 25143 25179 I WCDB    : Initialize JNI module (4/12) SQLiteDebug...
11-11 14:47:11.292 25143 25179 V WCDB.JNIHelp: Registering com/tencent/wcdb/database/SQLiteDebug natives
11-11 14:47:11.292 25143 25179 I WCDB    : Initialize JNI module (5/12) SQLiteDirectCursor...
11-11 14:47:11.293 25143 25179 V WCDB.JNIHelp: Registering com/tencent/wcdb/database/SQLiteDirectQuery natives
11-11 14:47:11.293 25143 25179 I WCDB    : Initialize JNI module (6/12) SQLiteGlobal...
11-11 14:47:11.296 25143 25179 V WCDB.JNIHelp: Registering com/tencent/wcdb/database/SQLiteGlobal natives
11-11 14:47:11.296 25143 25179 I WCDB    : Initialize JNI module (7/12) MMFtsTokenizer...
11-11 14:47:11.296 25143 25179 V WCDB.JNIHelp: Registering com/tencent/wcdb/extension/fts/MMFtsTokenizer natives
11-11 14:47:11.296 25143 25179 I WCDB    : Initialize JNI module (8/12) FileUtils...
11-11 14:47:11.296 25143 25179 V WCDB.JNIHelp: Registering com/tencent/wcdb/FileUtils natives
11-11 14:47:11.296 25143 25179 I WCDB    : Initialize JNI module (9/12) DBBackup...
11-11 14:47:11.296 25143 25179 V WCDB.JNIHelp: Registering com/tencent/wcdb/repair/BackupKit natives
11-11 14:47:11.296 25143 25179 V WCDB.JNIHelp: Registering com/tencent/wcdb/repair/RecoverKit natives
11-11 14:47:11.296 25143 25179 I WCDB    : Initialize JNI module (10/12) DBDumpUtil...
11-11 14:47:11.296 25143 25179 V WCDB.JNIHelp: Registering com/tencent/wcdb/repair/DBDumpUtil natives
11-11 14:47:11.296 25143 25179 I WCDB    : Initialize JNI module (11/12) DBRepair...
11-11 14:47:11.296 25143 25179 V WCDB.JNIHelp: Registering com/tencent/wcdb/repair/RepairKit$RepairCursor natives
11-11 14:47:11.296 25143 25179 I WCDB    : Initialize JNI module (12/12) Log...
11-11 14:47:11.296 25143 25179 V WCDB.JNIHelp: Registering com/tencent/wcdb/support/Log natives
11-11 14:47:11.323 25143 25181 D IOCanary.JNI: JNI_OnLoad
11-11 14:47:11.328 25143 25181 D IOCanary.JNI: JNI_OnLoad done
11-11 14:47:11.332 25143 25181 I IOCanary.JNI: doHook
11-11 14:47:11.332 25143 25181 I IOCanary.JNI: try to hook function in libopenjdkjvm.so.
11-11 14:47:11.340 25143 25143 W parallels-5: type=1400 audit(0.0:34578): avc: denied { execmod } for path="/system/lib/libopenjdkjvm.so" dev="mmcblk0p25" ino=1683 scontext=u:r:untrusted_app:s0:c512,c768 tcontext=u:object_r:system_file:s0 tclass=file permissive=0
11-11 14:47:11.340 25143 25143 W parallels-5: type=1400 audit(0.0:34579): avc: denied { execmod } for path="/system/lib/libopenjdkjvm.so" dev="mmcblk0p25" ino=1683 scontext=u:r:untrusted_app:s0:c512,c768 tcontext=u:object_r:system_file:s0 tclass=file permissive=0
11-11 14:47:11.345 25143 25181 I IOCanary.JNI: try to hook function in libjavacore.so.
11-11 14:47:11.350 25143 25143 W parallels-5: type=1400 audit(0.0:34580): avc: denied { execmod } for path="/system/lib/libjavacore.so" dev="mmcblk0p25" ino=1611 scontext=u:r:untrusted_app:s0:c512,c768 tcontext=u:object_r:system_file:s0 tclass=file permissive=0
11-11 14:47:11.350 25143 25143 I chatty  : uid=10101(com.tencent.mm) identical 2 lines
11-11 14:47:11.350 25143 25143 W parallels-5: type=1400 audit(0.0:34583): avc: denied { execmod } for path="/system/lib/libjavacore.so" dev="mmcblk0p25" ino=1611 scontext=u:r:untrusted_app:s0:c512,c768 tcontext=u:object_r:system_file:s0 tclass=file permissive=0
11-11 14:47:11.354 25143 25181 I IOCanary.JNI: try to hook function in libopenjdk.so.
11-11 14:47:11.359 25143 25179 E zygote  : No implementation found for java.util.ArrayList com.tencent.mars.smc.SmcLogic.getLoadLibraries() (tried Java_com_tencent_mars_smc_SmcLogic_getLoadLibraries and Java_com_tencent_mars_smc_SmcLogic_getLoadLibraries__)
11-11 14:47:11.360 25143 25143 W parallels-5: type=1400 audit(0.0:34584): avc: denied { execmod } for path="/system/lib/libopenjdk.so" dev="mmcblk0p25" ino=1682 scontext=u:r:untrusted_app:s0:c512,c768 tcontext=u:object_r:system_file:s0 tclass=file permissive=0
11-11 14:47:11.360 25143 25143 I chatty  : uid=10101(com.tencent.mm) identical 1 line
11-11 14:47:11.360 25143 25143 W parallels-5: type=1400 audit(0.0:34586): avc: denied { execmod } for path="/system/lib/libopenjdk.so" dev="mmcblk0p25" ino=1682 scontext=u:r:untrusted_app:s0:c512,c768 tcontext=u:object_r:system_file:s0 tclass=file permissive=0
11-11 14:47:11.419   264   434 I BufferQueueProducer: [StatusBar#0](this:0xabc4a000,id:4,api:1,p:830,c:264) queueBuffer: fps=1.51 dur=1984.91 max=1000.57 min=238.58
11-11 14:47:11.434   264   264 I BufferQueueProducer: [FrameBufferSurface_0](this:0xade58000,id:0,api:1,p:264,c:264) queueBuffer: fps=1.51 dur=1983.18 max=1009.37 min=231.75
11-11 14:47:11.434   264   264 I DisplayDevice: [Built-in Screen (type:0)] fps:1.512929,dur:1982.91,max:1009.48,min:231.93
11-11 14:47:11.535   264   434 I SurfaceFlinger: EventThread Client Pid (25143) created
11-11 14:47:11.537   264   434 I SurfaceFlinger: EventThread Client Pid (25143) created
11-11 14:47:12.220   675  5080 V SettingsProvider: packageValueForCallResult, name = time_12_24, value : Bundle[{_track_generation=android.util.MemoryIntArray@5e, value=12, _generation_index=2, _generation=316}]
11-11 14:47:12.323 25143 25191 I IOCanary.JNI: doUnHook
11-11 14:47:12.327 25143 25143 W default : type=1400 audit(0.0:34587): avc: denied { execmod } for path="/system/lib/libopenjdkjvm.so" dev="mmcblk0p25" ino=1683 scontext=u:r:untrusted_app:s0:c512,c768 tcontext=u:object_r:system_file:s0 tclass=file permissive=0
11-11 14:47:12.327 25143 25143 W default : type=1400 audit(0.0:34588): avc: denied { execmod } for path="/system/lib/libopenjdkjvm.so" dev="mmcblk0p25" ino=1683 scontext=u:r:untrusted_app:s0:c512,c768 tcontext=u:object_r:system_file:s0 tclass=file permissive=0
11-11 14:47:12.331 25143 25177 D JniHelper: [KindaLib] jniInit
11-11 14:47:12.333 25143 25143 W default : type=1400 audit(0.0:34589): avc: denied { execmod } for path="/system/lib/libjavacore.so" dev="mmcblk0p25" ino=1611 scontext=u:r:untrusted_app:s0:c512,c768 tcontext=u:object_r:system_file:s0 tclass=file permissive=0
11-11 14:47:12.333 25143 25143 I chatty  : uid=10101(com.tencent.mm) identical 3 lines
11-11 14:47:12.333 25143 25143 W default : type=1400 audit(0.0:34593): avc: denied { execmod } for path="/system/lib/libjavacore.so" dev="mmcblk0p25" ino=1611 scontext=u:r:untrusted_app:s0:c512,c768 tcontext=u:object_r:system_file:s0 tclass=file permissive=0
11-11 14:47:12.340 25143 25143 W default : type=1400 audit(0.0:34594): avc: denied { execmod } for path="/system/lib/libopenjdk.so" dev="mmcblk0p25" ino=1682 scontext=u:r:untrusted_app:s0:c512,c768 tcontext=u:object_r:system_file:s0 tclass=file permissive=0
11-11 14:47:12.340 25143 25143 I chatty  : uid=10101(com.tencent.mm) identical 3 lines
11-11 14:47:12.340 25143 25143 W default : type=1400 audit(0.0:34598): avc: denied { execmod } for path="/system/lib/libopenjdk.so" dev="mmcblk0p25" ino=1682 scontext=u:r:untrusted_app:s0:c512,c768 tcontext=u:object_r:system_file:s0 tclass=file permissive=0
11-11 14:47:12.359 25143 25177 D JniHelper: [KindaLib] register_constructor_proxy_method
11-11 14:47:12.422   264   434 I BufferQueueProducer: [StatusBar#0](this:0xabc4a000,id:4,api:1,p:830,c:264) queueBuffer: fps=1.00 dur=1002.83 max=1002.83 min=1002.83
11-11 14:47:12.443   264   264 I BufferQueueProducer: [FrameBufferSurface_0](this:0xade58000,id:0,api:1,p:264,c:264) queueBuffer: fps=0.99 dur=1009.52 max=1009.52 min=1009.52
11-11 14:47:12.443   264   264 I DisplayDevice: [Built-in Screen (type:0)] fps:0.990501,dur:1009.59,max:1009.59,min:1009.59
11-11 14:47:12.810   675   769 D MtkDataShapingUtils: openLteGateByDataShaping datashaping instance is null
11-11 14:47:12.815   675   699 D DeviceIdleController: handleMessage(7)
11-11 14:47:12.843   675   699 D DeviceIdleController: handleMessage(7)
11-11 14:47:12.916 21477 10764 I System.out: isEmailSend:POST
11-11 14:47:12.937 21477 10764 I System.out: port:443
11-11 14:47:13.170   977  1234 D PhoneInterfaceManager: [PhoneIntfMgr] SubscriptionManager.getPhoneId(3)=0
11-11 14:47:13.181   977  1234 D PhoneInterfaceManager: [PhoneIntfMgr] SubscriptionManager.getPhoneId(3)=0
11-11 14:47:13.437   264   434 I BufferQueueProducer: [StatusBar#0](this:0xabc4a000,id:4,api:1,p:830,c:264) queueBuffer: fps=1.97 dur=1015.09 max=772.06 min=243.03
11-11 14:47:13.453   264   264 I BufferQueueProducer: [FrameBufferSurface_0](this:0xade58000,id:0,api:1,p:264,c:264) queueBuffer: fps=1.98 dur=1010.38 max=761.50 min=248.88
11-11 14:47:13.454   264   264 I DisplayDevice: [Built-in Screen (type:0)] fps:1.979413,dur:1010.40,max:761.22,min:249.18
11-11 14:47:14.061   675   675 I DeviceIdleController: updateChargingLocked: charging=true
11-11 14:47:14.062   675   675 I DeviceIdleController: becomeActiveLocked, reason = charging
11-11 14:47:14.068  5449  5449 I PC_BatteryChangedReceiver: level: 53, remindValue: 15, status: 2
11-11 14:47:14.068  5449  5449 D PC_BatteryChangedReceiver: isGameMode: false
11-11 14:47:14.069  5449  5449 D PC_BatteryChangedReceiver: onReceive: false
11-11 14:47:14.069  5449  5449 D PC_BatteryChangedReceiver: isGameMode: false
11-11 14:47:14.070  5449  5449 D PC_NotificationUtils: cancelNotification: 
11-11 14:47:14.071  5449  5449 D PC_BatteryChangedReceiver: onReceive: battary on charge
11-11 14:47:14.112   264   264 E libPowerStretch: LucidStats currentFPS = 8.25 [2986845348]
11-11 14:47:14.169   977  1234 D PhoneInterfaceManager: [PhoneIntfMgr] SubscriptionManager.getPhoneId(3)=0
11-11 14:47:14.188   977  1234 D PhoneInterfaceManager: [PhoneIntfMgr] SubscriptionManager.getPhoneId(3)=0
11-11 14:47:14.444   264   434 I BufferQueueProducer: [StatusBar#0](this:0xabc4a000,id:4,api:1,p:830,c:264) queueBuffer: fps=17.88 dur=1006.90 max=441.91 min=4.16
11-11 14:47:14.461   264   264 I BufferQueueProducer: [FrameBufferSurface_0](this:0xade58000,id:0,api:1,p:264,c:264) queueBuffer: fps=17.86 dur=1007.64 max=444.39 min=15.98
11-11 14:47:14.462   264   264 I DisplayDevice: [Built-in Screen (type:0)] fps:17.861986,dur:1007.73,max:444.37,min:15.94
11-11 14:47:14.667 21477 10764 I System.out: Check isMmsSendPdu
11-11 14:47:14.675 21477 10764 I System.out: [OkHttp] sendRequest<<
11-11 14:47:14.823   675   769 D MtkDataShapingUtils: openLteGateByDataShaping datashaping instance is null
11-11 14:47:15.068   675  5080 I WifiService: getVerboseLoggingLevel uid=1000
11-11 14:47:15.069   675  5080 I WifiService: getWifiApEnabledState uid=1000
11-11 14:47:15.071  5449  5449 D PowerSaveUtils: isUltraPowerOn(context) isOn=false
11-11 14:47:15.071  5449  5449 D PowerSaveUtils: getConfigCurrent isUltraModeOn:false
11-11 14:47:15.071  5449  5449 D PowerSaveUtils: config details is : bright->102wifiEnable-> truewifiApEnable->falsebtEnable->falsedataEnable->falsegpsEnable->truethreeGEnable->trueautoSyncEnable->trueisScreenModeOn->falseisUltraModeOn->falseisBatterySaverOn->false
11-11 14:47:15.071  5449  5449 D PowerSaveUtils: getConfigCurrent current:38.5
11-11 14:47:15.072   675  5080 V SettingsProvider: name : battery_remaining_time appId : 1000
11-11 14:47:15.073  5449  5449 D PowerSaveUtils: hours:8,min:26
11-11 14:47:15.172   977  1234 D PhoneInterfaceManager: [PhoneIntfMgr] SubscriptionManager.getPhoneId(3)=0
11-11 14:47:15.183   977  1234 D PhoneInterfaceManager: [PhoneIntfMgr] SubscriptionManager.getPhoneId(3)=0
11-11 14:47:15.334  5790  6047 D phonemaster_log: HiManager_ViewUtil: ViewUtilisShowNotification false
11-11 14:47:15.334  5790  6047 D phonemaster_log: HiManager_MasterCoreService: MESSAGE_SERVICE_WHAT_UPDATE_NOTIFICATION isShowNotificationfalse
11-11 14:47:15.456   264   434 I BufferQueueProducer: [StatusBar#0](this:0xabc4a000,id:4,api:1,p:830,c:264) queueBuffer: fps=15.80 dur=1012.42 max=554.31 min=12.66
11-11 14:47:15.471   264   264 I BufferQueueProducer: [FrameBufferSurface_0](this:0xade58000,id:0,api:1,p:264,c:264) queueBuffer: fps=15.84 dur=1009.91 max=545.16 min=16.31
11-11 14:47:15.472   264   264 I DisplayDevice: [Built-in Screen (type:0)] fps:15.841227,dur:1010.02,max:545.15,min:16.31
11-11 14:47:16.174   977  1234 D PhoneInterfaceManager: [PhoneIntfMgr] SubscriptionManager.getPhoneId(3)=0
11-11 14:47:16.185   977  1234 D PhoneInterfaceManager: [PhoneIntfMgr] SubscriptionManager.getPhoneId(3)=0
11-11 14:47:16.467   264   434 I BufferQueueProducer: [StatusBar#0](this:0xabc4a000,id:4,api:1,p:830,c:264) queueBuffer: fps=14.84 dur=1010.79 max=558.82 min=15.84
11-11 14:47:16.479   264   264 I BufferQueueProducer: [FrameBufferSurface_0](this:0xade58000,id:0,api:1,p:264,c:264) queueBuffer: fps=14.88 dur=1007.98 max=562.01 min=16.09
11-11 14:47:16.480   264   264 I DisplayDevice: [Built-in Screen (type:0)] fps:14.882175,dur:1007.92,max:562.01,min:16.21
11-11 14:47:17.309   307   307 I thermal_repeater: [recvMdThermalInfo] ret=9, strLen=127,  1, 32767
11-11 14:47:18.179   977  1234 D PhoneInterfaceManager: [PhoneIntfMgr] SubscriptionManager.getPhoneId(3)=0
11-11 14:47:18.190   977  1234 D PhoneInterfaceManager: [PhoneIntfMgr] SubscriptionManager.getPhoneId(3)=0
11-11 14:47:18.210   264   434 I BufferQueueProducer: [StatusBar#0](this:0xabc4a000,id:4,api:1,p:830,c:264) queueBuffer: fps=7.46 dur=1743.41 max=793.17 min=13.92
11-11 14:47:18.233   264   264 I BufferQueueProducer: [FrameBufferSurface_0](this:0xade58000,id:0,api:1,p:264,c:264) queueBuffer: fps=7.41 dur=1753.88 max=793.89 min=16.21
11-11 14:47:18.233   264   264 I DisplayDevice: [Built-in Screen (type:0)] fps:7.413167,dur:1753.64,max:794.11,min:15.96
11-11 14:47:19.181   977  1234 D PhoneInterfaceManager: [PhoneIntfMgr] SubscriptionManager.getPhoneId(3)=0
11-11 14:47:19.193   977  1234 D PhoneInterfaceManager: [PhoneIntfMgr] SubscriptionManager.getPhoneId(3)=0
11-11 14:47:19.424   264   434 I BufferQueueProducer: [StatusBar#0](this:0xabc4a000,id:4,api:1,p:830,c:264) queueBuffer: fps=2.47 dur=1213.91 max=772.82 min=219.46
11-11 14:47:19.438   264   264 I BufferQueueProducer: [FrameBufferSurface_0](this:0xade58000,id:0,api:1,p:264,c:264) queueBuffer: fps=2.49 dur=1205.19 max=775.92 min=214.03
11-11 14:47:19.438   264   264 I DisplayDevice: [Built-in Screen (type:0)] fps:2.489538,dur:1205.04,max:775.74,min:213.92
11-11 14:47:19.566 21477 21477 W System.err: java.lang.ClassCastException: java.lang.String cannot be cast to java.util.Map
11-11 14:47:19.571 21477 21477 W System.err: 	at com.transsion.json.a.b.a(transsion.java:17)
11-11 14:47:19.571 21477 21477 W System.err: 	at com.transsion.json.o.a(transsion.java:110)
11-11 14:47:19.571 21477 21477 W System.err: 	at com.transsion.json.o.a(transsion.java:164)
11-11 14:47:19.571 21477 21477 W System.err: 	at com.transsion.json.a.b.a(transsion.java:17)
11-11 14:47:19.572 21477 21477 W System.err: 	at com.transsion.json.o.a(transsion.java:110)
11-11 14:47:19.572 21477 21477 W System.err: 	at com.transsion.json.j.a(transsion.java:22)
11-11 14:47:19.572 21477 21477 W System.err: 	at com.transsion.json.a.a(transsion.java:41)
11-11 14:47:19.572 21477 21477 W System.err: 	at com.android.blitz.config.media.a$1.onSuccess(ChameleonMedia.java:102)
11-11 14:47:19.573 21477 21477 W System.err: 	at com.transsion.http.f.e$1$1.run(transsion.java:49)
11-11 14:47:19.573 21477 21477 W System.err: 	at android.os.Handler.handleCallback(Handler.java:790)
11-11 14:47:19.573 21477 21477 W System.err: 	at android.os.Handler.dispatchMessage(Handler.java:99)
11-11 14:47:19.573 21477 21477 W System.err: 	at android.os.Looper.loop(Looper.java:164)
11-11 14:47:19.573 21477 21477 W System.err: 	at android.app.ActivityThread.main(ActivityThread.java:6524)
11-11 14:47:19.574 21477 21477 W System.err: 	at java.lang.reflect.Method.invoke(Native Method)
11-11 14:47:19.574 21477 21477 W System.err: 	at com.android.internal.os.RuntimeInit$MethodAndArgsCaller.run(RuntimeInit.java:451)
11-11 14:47:19.574 21477 21477 W System.err: 	at com.android.internal.os.ZygoteInit.main(ZygoteInit.java:888)
11-11 14:47:20.185   977  1234 D PhoneInterfaceManager: [PhoneIntfMgr] SubscriptionManager.getPhoneId(3)=0
11-11 14:47:20.196   977  1234 D PhoneInterfaceManager: [PhoneIntfMgr] SubscriptionManager.getPhoneId(3)=0
11-11 14:47:20.434   264   434 I BufferQueueProducer: [StatusBar#0](this:0xabc4a000,id:4,api:1,p:830,c:264) queueBuffer: fps=1.98 dur=1009.40 max=789.75 min=219.65
11-11 14:47:20.447   264   264 I BufferQueueProducer: [FrameBufferSurface_0](this:0xade58000,id:0,api:1,p:264,c:264) queueBuffer: fps=1.98 dur=1008.80 max=795.39 min=213.41
11-11 14:47:20.447   264   264 I DisplayDevice: [Built-in Screen (type:0)] fps:1.982549,dur:1008.80,max:795.29,min:213.51
11-11 14:47:21.187   977  1234 D PhoneInterfaceManager: [PhoneIntfMgr] SubscriptionManager.getPhoneId(3)=0
11-11 14:47:21.198   977  1234 D PhoneInterfaceManager: [PhoneIntfMgr] SubscriptionManager.getPhoneId(3)=0
11-11 14:47:21.457   264   434 I BufferQueueProducer: [StatusBar#0](this:0xabc4a000,id:4,api:1,p:830,c:264) queueBuffer: fps=15.64 dur=1022.86 max=553.22 min=15.49
11-11 14:47:21.472   264   264 I BufferQueueProducer: [FrameBufferSurface_0](this:0xade58000,id:0,api:1,p:264,c:264) queueBuffer: fps=15.60 dur=1025.40 max=562.26 min=16.12
11-11 14:47:21.472   264   264 I DisplayDevice: [Built-in Screen (type:0)] fps:15.603801,dur:1025.39,max:562.20,min:16.12
11-11 14:47:21.497   830  1150 E libPowerStretch: LucidStats currentFPS = 8.00 [2392828272]
11-11 14:47:23.299   977  1234 D PhoneInterfaceManager: [PhoneIntfMgr] SubscriptionManager.getPhoneId(3)=0
11-11 14:47:23.306   977  1234 D PhoneInterfaceManager: [PhoneIntfMgr] SubscriptionManager.getPhoneId(3)=0
11-11 14:47:23.325   264   434 I BufferQueueProducer: [StatusBar#0](this:0xabc4a000,id:4,api:1,p:830,c:264) queueBuffer: fps=7.49 dur=1868.07 max=894.75 min=4.75
11-11 14:47:23.341   264   264 I BufferQueueProducer: [FrameBufferSurface_0](this:0xade58000,id:0,api:1,p:264,c:264) queueBuffer: fps=7.49 dur=1869.07 max=893.02 min=16.43
11-11 14:47:23.341   264   264 I DisplayDevice: [Built-in Screen (type:0)] fps:7.490338,dur:1869.07,max:893.15,min:16.43
11-11 14:47:23.361 14125 14162 I CarrierServices: [11361] bxu.a: FiST: Wifi connectivity status true
11-11 14:47:23.378 14125 14276 I CarrierServices: [11388] awo.handleMessage: RCS is disabled, skipping config update request
11-11 14:47:23.383 14125 14268 I CarrierServices: [11387] cdw.a: (PEv2-SM): DisabledState: event Connectivity event
11-11 14:47:23.398 14125 14162 I CarrierServices: [11361] byb.d: Connected state: [1], networkType: [WIFI]
11-11 14:47:24.083   675   675 I DeviceIdleController: updateChargingLocked: charging=true
11-11 14:47:24.083   675   675 I DeviceIdleController: becomeActiveLocked, reason = charging
11-11 14:47:24.126  5449  5449 I PC_BatteryChangedReceiver: level: 53, remindValue: 15, status: 2
11-11 14:47:24.127  5449  5449 D PC_BatteryChangedReceiver: isGameMode: false
11-11 14:47:24.127  5449  5449 D PC_BatteryChangedReceiver: onReceive: false
11-11 14:47:24.127  5449  5449 D PC_BatteryChangedReceiver: isGameMode: false
11-11 14:47:24.128  5449  5449 D PC_NotificationUtils: cancelNotification: 
11-11 14:47:24.128  5449  5449 D PC_BatteryChangedReceiver: onReceive: battary on charge
11-11 14:47:24.431   264   434 I BufferQueueProducer: [StatusBar#0](this:0xabc4a000,id:4,api:1,p:830,c:264) queueBuffer: fps=3.61 dur=1106.64 max=738.52 min=19.27
11-11 14:47:24.452   264   264 I BufferQueueProducer: [FrameBufferSurface_0](this:0xade58000,id:0,api:1,p:264,c:264) queueBuffer: fps=3.60 dur=1110.65 max=744.23 min=16.59
11-11 14:47:24.452   264   264 I DisplayDevice: [Built-in Screen (type:0)] fps:3.600815,dur:1110.86,max:744.23,min:16.59
11-11 14:47:25.136   675   688 I WifiService: getVerboseLoggingLevel uid=1000
11-11 14:47:25.137   675   688 I WifiService: getWifiApEnabledState uid=1000
11-11 14:47:25.140  5449  5449 D PowerSaveUtils: isUltraPowerOn(context) isOn=false
11-11 14:47:25.141  5449  5449 D PowerSaveUtils: getConfigCurrent isUltraModeOn:false
11-11 14:47:25.141  5449  5449 D PowerSaveUtils: config details is : bright->102wifiEnable-> truewifiApEnable->falsebtEnable->falsedataEnable->falsegpsEnable->truethreeGEnable->trueautoSyncEnable->trueisScreenModeOn->falseisUltraModeOn->falseisBatterySaverOn->false
11-11 14:47:25.141  5449  5449 D PowerSaveUtils: getConfigCurrent current:38.5
11-11 14:47:25.142   675   688 V SettingsProvider: name : battery_remaining_time appId : 1000
11-11 14:47:25.143  5449  5449 D PowerSaveUtils: hours:8,min:26
11-11 14:47:25.342  5790  6047 D phonemaster_log: HiManager_ViewUtil: ViewUtilisShowNotification false
11-11 14:47:25.343  5790  6047 D phonemaster_log: HiManager_MasterCoreService: MESSAGE_SERVICE_WHAT_UPDATE_NOTIFICATION isShowNotificationfalse
11-11 14:47:26.421   264   434 I BufferQueueProducer: [StatusBar#0](this:0xabc4a000,id:4,api:1,p:830,c:264) queueBuffer: fps=1.01 dur=1989.28 max=996.78 min=992.50
11-11 14:47:26.436   264   264 I BufferQueueProducer: [FrameBufferSurface_0](this:0xade58000,id:0,api:1,p:264,c:264) queueBuffer: fps=1.01 dur=1983.79 max=992.34 min=991.45
11-11 14:47:26.436   264   264 I DisplayDevice: [Built-in Screen (type:0)] fps:1.008239,dur:1983.66,max:992.05,min:991.61
11-11 14:47:27.325   307   307 I thermal_repeater: [recvMdThermalInfo] ret=9, strLen=127,  1, 32767
11-11 14:47:27.425   264   434 I BufferQueueProducer: [StatusBar#0](this:0xabc4a000,id:4,api:1,p:830,c:264) queueBuffer: fps=1.00 dur=1004.28 max=1004.28 min=1004.28
11-11 14:47:27.445   264   264 I BufferQueueProducer: [FrameBufferSurface_0](this:0xade58000,id:0,api:1,p:264,c:264) queueBuffer: fps=0.99 dur=1008.94 max=1008.94 min=1008.94
11-11 14:47:27.445   264   264 I DisplayDevice: [Built-in Screen (type:0)] fps:0.991134,dur:1008.95,max:1008.95,min:1008.95
11-11 14:47:29.248   977   991 I zygote  : Background concurrent copying GC freed 13296(798KB) AllocSpace objects, 0(0B) LOS objects, 58% free, 4MB/10MB, paused 261us total 146.618ms
11-11 14:47:29.427   264   434 I BufferQueueProducer: [StatusBar#0](this:0xabc4a000,id:4,api:1,p:830,c:264) queueBuffer: fps=1.00 dur=2001.97 max=1002.99 min=998.98
11-11 14:47:29.446   264   264 I BufferQueueProducer: [FrameBufferSurface_0](this:0xade58000,id:0,api:1,p:264,c:264) queueBuffer: fps=1.00 dur=2001.28 max=1007.94 min=993.34
11-11 14:47:29.446   264   264 I DisplayDevice: [Built-in Screen (type:0)] fps:0.999362,dur:2001.28,max:1008.10,min:993.18
11-11 14:47:29.648   675   933 D AES     : AEEIOCTL_GET/SET_SF_STATE IOCTL,cmd= 1074294797, lParam=0. 
11-11 14:47:29.648   675   933 D AES     : AEEIOCTL_RT_MON_Kick IOCTL,cmd= 2147774474, lParam=300. 
11-11 14:47:30.119   675   675 I MWN     : onSignalStrengthsChanged...
11-11 14:47:30.124   675   675 I MWN     : network type = 1
11-11 14:47:30.124   675   675 I MWN     : Write 0 to node. type=Wi-Fi mSimExist=true mFlightMode=false
11-11 14:47:30.127   675   675 I MWN     : write the value:0 to node successfully.
11-11 14:47:30.142   675   700 W BroadcastQueue: Background execution not allowed: receiving Intent { act=android.intent.action.SIG_STR flg=0x10 (has extras) } to com.xingin.xhs/org.daemon.receiver.ConnectivityReceiver
11-11 14:47:31.421   264   434 I BufferQueueProducer: [StatusBar#0](this:0xabc4a000,id:4,api:1,p:830,c:264) queueBuffer: fps=1.00 dur=1993.97 max=999.94 min=994.02
11-11 14:47:31.429   264   264 I BufferQueueProducer: [FrameBufferSurface_0](this:0xade58000,id:0,api:1,p:264,c:264) queueBuffer: fps=1.01 dur=1983.23 max=993.38 min=989.85
11-11 14:47:31.429   264   264 I DisplayDevice: [Built-in Screen (type:0)] fps:1.008498,dur:1983.15,max:993.22,min:989.93
11-11 14:47:32.212   977  1234 D PhoneInterfaceManager: [PhoneIntfMgr] SubscriptionManager.getPhoneId(3)=0
11-11 14:47:32.223   977  1234 D PhoneInterfaceManager: [PhoneIntfMgr] SubscriptionManager.getPhoneId(3)=0
11-11 14:47:32.424   264   434 I BufferQueueProducer: [StatusBar#0](this:0xabc4a000,id:4,api:1,p:830,c:264) queueBuffer: fps=1.99 dur=1003.11 max=811.93 min=191.18
11-11 14:47:32.438   264   264 I BufferQueueProducer: [FrameBufferSurface_0](this:0xade58000,id:0,api:1,p:264,c:264) queueBuffer: fps=1.98 dur=1008.77 max=810.20 min=198.57
11-11 14:47:32.438   264   264 I DisplayDevice: [Built-in Screen (type:0)] fps:1.982607,dur:1008.77,max:810.08,min:198.70
11-11 14:47:33.215   977  1234 D PhoneInterfaceManager: [PhoneIntfMgr] SubscriptionManager.getPhoneId(3)=0
11-11 14:47:33.227   977  1234 D PhoneInterfaceManager: [PhoneIntfMgr] SubscriptionManager.getPhoneId(3)=0
11-11 14:47:33.433   264   434 I BufferQueueProducer: [StatusBar#0](this:0xabc4a000,id:4,api:1,p:830,c:264) queueBuffer: fps=1.98 dur=1008.79 max=821.12 min=187.67
11-11 14:47:33.447   264   264 I BufferQueueProducer: [FrameBufferSurface_0](this:0xade58000,id:0,api:1,p:264,c:264) queueBuffer: fps=1.98 dur=1008.91 max=829.66 min=179.25
11-11 14:47:33.447   264   264 I DisplayDevice: [Built-in Screen (type:0)] fps:1.982335,dur:1008.91,max:829.58,min:179.33
11-11 14:47:35.298   675   773 I PowerWrap: PowerHal_TouchBoost
11-11 14:47:35.299   260   640 I vendor.mediatek.hardware.power@1.1-impl: mtkPowerHint hint:15, data:10000
11-11 14:47:35.309   675   701 W ContextImpl: Calling a method in the system process without a qualified user: android.app.ContextImpl.sendBroadcast:967 com.mediatek.server.stk.StkManagerImpl$2.run:110 android.os.Handler.handleCallback:790 android.os.Handler.dispatchMessage:99 android.os.Looper.loop:164 
11-11 14:47:35.310   675   700 W BroadcastQueue: Background execution not allowed: receiving Intent { act=mediatek.intent.action.stk.USER_ACTIVITY flg=0x10 } to com.android.stk/.EventReceiver
11-11 14:47:35.311   260   275 I libPerfService: 15: legacy set freq: 1300000 -1
11-11 14:47:35.316   260   275 I libPerfService: 15: legacy set: 4 -1
11-11 14:47:35.348  5790  6047 D phonemaster_log: HiManager_ViewUtil: ViewUtilisShowNotification false
11-11 14:47:35.348  5790  6047 D phonemaster_log: HiManager_MasterCoreService: MESSAGE_SERVICE_WHAT_UPDATE_NOTIFICATION isShowNotificationfalse
11-11 14:47:35.387   675   773 I PowerWrap: PowerHal_TouchBoost
11-11 14:47:35.387   260   640 I vendor.mediatek.hardware.power@1.1-impl: mtkPowerHint hint:15, data:100
11-11 14:47:35.404   264   620 I BufferQueueProducer: [com.android.settings/com.android.settings.deviceinfo.UsbMTPChooserActivity#0](this:0xabc39000,id:2035,api:1,p:24694,c:264) queueBuffer: fps=0.22 dur=78158.37 max=77905.15 min=5.51
11-11 14:47:35.415 24694 24715 D HWUIExtension: MTKProgramCache.generateProgram: 8899172237312
11-11 14:47:35.416   264   264 I BufferQueueProducer: [FrameBufferSurface_0](this:0xade58000,id:0,api:1,p:264,c:264) queueBuffer: fps=1.02 dur=1968.97 max=992.55 min=976.42
11-11 14:47:35.416   264   264 I DisplayDevice: [Built-in Screen (type:0)] fps:1.015547,dur:1969.38,max:992.42,min:976.96
11-11 14:47:35.427   264   434 I BufferQueueProducer: [StatusBar#0](this:0xabc4a000,id:4,api:1,p:830,c:264) queueBuffer: fps=1.00 dur=1994.31 max=1005.74 min=988.57
11-11 14:47:35.460   675   688 V SettingsProvider: packageValueForCallResult, name = sound_effects_enabled, value : Bundle[{_track_generation=android.util.MemoryIntArray@5e, value=0, _generation_index=2, _generation=316}]
11-11 14:47:35.489   260   275 I libPerfService: 15: legacy set: -1 -1
11-11 14:47:35.489   260   275 I libPerfService: 15: legacy set freq: -1 -1
11-11 14:47:35.495 24694 24715 E [EGL-ERROR]: __egl_platform_cancel_buffers:644: surface->num_buffers(4)
11-11 14:47:35.496 24694 24715 D Surface : Surface::disconnect(this=0x8f29e000,api=1)
11-11 14:47:35.497 24694 24715 D GraphicBuffer: unregister, handle(0x9c3fdbc0) (w:744 h:367 s:752 f:0x1 u:f02)
11-11 14:47:35.498 24694 24715 D GraphicBuffer: unregister, handle(0x9c3fda40) (w:744 h:367 s:752 f:0x1 u:f02)
11-11 14:47:35.499 24694 24715 D GraphicBuffer: unregister, handle(0x9c3fd500) (w:744 h:367 s:752 f:0x1 u:f02)
11-11 14:47:35.500   675   711 I UsbDeviceManager: Setting USB config to mtp,adb
11-11 14:47:35.501 24694 24715 D GraphicBuffer: unregister, handle(0x9c3fdc80) (w:744 h:367 s:752 f:0x1 u:f02)
11-11 14:47:35.501   264   434 I BufferQueueProducer: [com.android.settings/com.android.settings.deviceinfo.UsbMTPChooserActivity#0](this:0xabc39000,id:2035,api:1,p:24694,c:264) disconnect(P): api 1
11-11 14:47:35.501   264   434 I BufferQueueConsumer: [com.android.settings/com.android.settings.deviceinfo.UsbMTPChooserActivity#0](this:0xabc39000,id:2035,api:1,p:-1,c:264) getReleasedBuffers: returning mask 0xffffffffffffffff
11-11 14:47:35.502 24694 24694 D View    : [Warning] assignParent to null: this = DecorView@510699c[]
11-11 14:47:35.506   675   688 V WindowManager: Remove Window{1cc0488 u0 com.android.settings/com.android.settings.deviceinfo.UsbMTPChooserActivity} client=66482b, surfaceController=Surface(name=com.android.settings/com.android.settings.deviceinfo.UsbMTPChooserActivity) Callers=com.android.server.wm.WindowState.removeIfPossible:1852 com.android.server.wm.WindowManagerService.removeWindow:1761 com.android.server.wm.Session.remove:222 android.view.IWindowSession$Stub.onTransact:242 com.android.server.wm.Session.onTransact:163 
11-11 14:47:35.511   675   688 V WindowManager: Changing focus from Window{1cc0488 u0 com.android.settings/com.android.settings.deviceinfo.UsbMTPChooserActivity EXITING} to Window{792d41e u0 com.android.settings/com.android.settings.deviceinfo.UsbMTPChooserActivity} Callers=com.android.server.wm.WindowState.setupWindowForRemoveOnExit:2000 com.android.server.wm.WindowState.removeIfPossible:1972 com.android.server.wm.WindowState.removeIfPossible:1852 com.android.server.wm.WindowManagerService.removeWindow:1761 
11-11 14:47:35.511   675   688 D WindowManager: Input focus has changed to Window{792d41e u0 com.android.settings/com.android.settings.deviceinfo.UsbMTPChooserActivity}
11-11 14:47:35.529   675   713 I WindowManager: Focus moving from Window{1cc0488 u0 com.android.settings/com.android.settings.deviceinfo.UsbMTPChooserActivity EXITING} to Window{792d41e u0 com.android.settings/com.android.settings.deviceinfo.UsbMTPChooserActivity}
11-11 14:47:35.529 24694 24694 D WindowClient: Remove from mViews: DecorView@510699c[], this = android.view.WindowManagerGlobal@2d2afa5
11-11 14:47:35.545   675   688 V WindowManager: Changing focus from Window{792d41e u0 com.android.settings/com.android.settings.deviceinfo.UsbMTPChooserActivity} to Window{4a6a263 u0 com.transsion.hilauncher/com.android.launcher3.Launcher} Callers=com.android.server.wm.DisplayContent.layoutAndAssignWindowLayersIfNeeded:2295 com.android.server.wm.StackWindowController.positionChildAtTop:159 com.android.server.am.ActivityStack.insertTaskAtTop:2909 com.android.server.am.ActivityStack.moveToFront:877 
11-11 14:47:35.545   675   688 D WindowManager: Input focus has changed to Window{4a6a263 u0 com.transsion.hilauncher/com.android.launcher3.Launcher}
11-11 14:47:35.550   675   713 I WindowManager: Focus moving from Window{792d41e u0 com.android.settings/com.android.settings.deviceinfo.UsbMTPChooserActivity} to Window{4a6a263 u0 com.transsion.hilauncher/com.android.launcher3.Launcher}
11-11 14:47:35.551   260   640 I vendor.mediatek.hardware.power@1.1-impl: mtkPowerHint hint:11, data:2000
11-11 14:47:35.552   260   275 I libPerfService: 11: legacy set freq: 1300000 -1
11-11 14:47:35.553   260   275 I libPerfService: 11: legacy set: 4 -1
11-11 14:47:35.563   263   263 I lowmemorykiller: Killing 'com.google.process.gapps' (25056), uid 10013, adj 904
11-11 14:47:35.563   263   263 I lowmemorykiller:    to free 48232kB because system is under medium memory pressure oom_adj 800
11-11 14:47:35.568   675  5080 W ActivityManager: Finishing task with all activities already finished
11-11 14:47:35.568   675  5080 W ActivityManager: Duplicate finish request for ActivityRecord{6dc4796 u0 com.android.settings/.deviceinfo.UsbMTPChooserActivity t2411 f}
11-11 14:47:35.585   263   263 I lowmemorykiller: Killing 'android.process.media' (25095), uid 10028, adj 902
11-11 14:47:35.585   263   263 I lowmemorykiller:    to free 49488kB because system is under medium memory pressure oom_adj 800
11-11 14:47:35.585   263   263 E lowmemorykiller: Error writing /proc/25095/oom_score_adj; errno=22
11-11 14:47:35.595   263   263 E lowmemorykiller: Error writing /proc/25056/oom_score_adj; errno=22
11-11 14:47:35.615   263   263 E lowmemorykiller: Error writing /proc/25056/oom_score_adj; errno=22
11-11 14:47:35.618   264   620 I BufferQueueProducer: [com.transsion.hilauncher/com.android.launcher3.Launcher#0](this:0xaa6dd000,id:2033,api:1,p:7486,c:264) queueBuffer: fps=0.03 dur=35461.76 max=35461.76 min=35461.76
11-11 14:47:35.619   263   263 I lowmemorykiller: Killing 'com.google.process.gservices' (25019), uid 10013, adj 902
11-11 14:47:35.619   263   263 I lowmemorykiller:    to free 48372kB because system is under medium memory pressure oom_adj 800
11-11 14:47:35.626   260   640 I vendor.mediatek.hardware.power@1.1-impl: mtkPowerHint hint:11, data:2000
11-11 14:47:35.627   260   260 W merged_hal_serv: type=1400 audit(0.0:34599): avc: denied { search } for name="thermal" dev="proc" ino=4026533556 scontext=u:r:merged_hal_service:s0 tcontext=u:object_r:proc_thermal:s0 tclass=dir permissive=0
11-11 14:47:35.627   675  5080 V WindowManager: Set focused app to: AppWindowToken{778cb7c token=Token{f4d09b ActivityRecord{28f3caa u0 com.transsion.hilauncher/com.android.launcher3.Launcher t2381}}} old focus=AppWindowToken{992eced token=Token{d9e5f17 ActivityRecord{6dc4796 u0 com.android.settings/.deviceinfo.UsbMTPChooserActivity t2411}}} moveFocusNow=true
11-11 14:47:35.629   675  5080 D ActivityManager: setActivityResumedHook:com.transsion.hilauncher
11-11 14:47:35.629   675  5080 D ProcessManager: After resumed : com.transsion.hilauncher
11-11 14:47:35.630   271  1602 D pnpmgr  : Got fd=13, updated:com.transsion.hilauncher
11-11 14:47:35.630   260   640 I vendor.mediatek.hardware.power@1.1-impl: notifyAppState pack:com.transsion.hilauncher, act:com.android.launcher3.Launcher, pid:7486, state:1
11-11 14:47:35.631   260   275 D powerd  : [powerd_req] POWER_MSG_NOTIFY_STATE
11-11 14:47:35.631   260   275 I libPerfService: [perfNotifyAppState] foreground:com.transsion.hilauncher, pid:7486
11-11 14:47:35.631   260   275 E libPerfService: Could not open '/proc/driver/thermal/ta_fg_pid'
11-11 14:47:35.631   260   275 E libPerfService: error : 13, Permission denied
11-11 14:47:35.631   260   275 E libPerfService: Could not open '/sys/module/ged/parameters/gx_top_app_pid'
11-11 14:47:35.632   260   275 E libPerfService: error : 2, No such file or directory
11-11 14:47:35.632   260   275 I libPerfService: perfUserGetCapability - cmd:7, id:0, val:-1
11-11 14:47:35.645 25231 25233 I adbd    : initializing functionfs
11-11 14:47:35.645 25231 25233 I adbd    : opening control endpoint /dev/usb-ffs/adb/ep0
11-11 14:47:35.656   675  5080 D AppLockDelegator: appLockCheck: 
11-11 14:47:35.694   675  5080 I BufferQueue: [unnamed-675-211](this:0x90c42000,id:211,api:0,p:-1,c:-1) BufferQueue core=(675:system_server)
11-11 14:47:35.695   675  5080 E DumpTunnel: finding regDump() failed
11-11 14:47:35.695   675  5080 I BufferQueueConsumer: [unnamed-675-211](this:0x90c42000,id:211,api:0,p:-1,c:675) connect(C): consumer=(675:system_server) controlledByApp=true
11-11 14:47:35.695   675  5080 I BufferQueueConsumer: [unnamed-675-211](this:0x90c42000,id:211,api:0,p:-1,c:675) setConsumerName: unnamed-675-211
11-11 14:47:35.696   264   434 D Surface : Surface::connect(this=0xaa6d5000,api=1)
11-11 14:47:35.697   675  5080 I BufferQueueProducer: [unnamed-675-211](this:0x90c42000,id:211,api:1,p:264,c:675) connect(P): api=1 producer=(264:/system/bin/surfaceflinger) producerControlledByApp=false
11-11 14:47:35.699   260   640 I [Gralloc]: usage1: 0x333, format: 1 stride: 432 vertical_stride: 864 size: 1492992
11-11 14:47:35.703   260   640 D vndksupport: Loading /vendor/lib/hw/gralloc.mt6580.so from current namespace instead of sphal namespace.
11-11 14:47:35.717   264   434 D GraphicBuffer: register, handle(0xabc4dd80) (w:432 h:864 s:432 f:0x1 u:333)
11-11 14:47:35.720   264   264 I SurfaceFlinger: screenshot (com.android.systemui.ImageWallpaper#0)
11-11 14:47:35.721   264   264 I SurfaceFlinger: screenshot (com.transsion.hilauncher/com.android.launcher3.Launcher#0)
11-11 14:47:35.721   264   264 I SurfaceFlinger: screenshot (com.android.settings/com.android.settings.deviceinfo.UsbMTPChooserActivity#1)
11-11 14:47:35.721   264   264 I SurfaceFlinger: screenshot (DimLayerController/Stack=0#0)
11-11 14:47:35.722   264   264 I SurfaceFlinger: screenshot (com.android.settings/com.android.settings.deviceinfo.UsbMTPChooserActivity#0)
11-11 14:47:35.730   264   434 D Surface : Surface::disconnect(this=0xaa6d5000,api=1)
11-11 14:47:35.731   264   434 D GraphicBuffer: unregister, handle(0xabc4dd80) (w:432 h:864 s:432 f:0x1 u:333)
11-11 14:47:35.731   675  5080 I BufferQueueProducer: [unnamed-675-211](this:0x90c42000,id:211,api:1,p:264,c:675) disconnect(P): api 1
11-11 14:47:35.731   675  5080 I BufferQueueConsumer: [unnamed-675-211](this:0x90c42000,id:211,api:1,p:-1,c:675) getReleasedBuffers: returning mask 0xffffffffffffffff
11-11 14:47:35.732   675  5080 I BufferQueueConsumer: [unnamed-675-211](this:0x90c42000,id:211,api:1,p:-1,c:-1) disconnect(C)
11-11 14:47:35.732   675  5080 I BufferQueue: [unnamed-675-211](this:0x90c42000,id:211,api:1,p:-1,c:-1) ~BufferQueueCore
11-11 14:47:35.744   675   701 W Looper  : Dispatch took 148ms on android.ui, h=Handler (com.android.server.am.ActivityManagerService$UiHandler) {c53aabc} cb=null msg=53
11-11 14:47:35.746 24694 24715 E [EGL-ERROR]: __egl_platform_cancel_buffers:644: surface->num_buffers(4)
11-11 14:47:35.747 24694 24715 D Surface : Surface::disconnect(this=0x8f266800,api=1)
11-11 14:47:35.750 24694 24715 D GraphicBuffer: unregister, handle(0x9c3fd8c0) (w:744 h:52 s:752 f:0x1 u:f02)
11-11 14:47:35.750   264   434 I BufferQueueProducer: [com.android.settings/com.android.settings.deviceinfo.UsbMTPChooserActivity#1](this:0xaa68d000,id:2036,api:1,p:24694,c:264) disconnect(P): api 1
11-11 14:47:35.752   675  6926 I ActivityManager: Process android.process.media (pid 25095) has died: fore RCVR
11-11 14:47:35.753   675   705 W zygote  : kill(-25095, 9) failed: No such process
11-11 14:47:35.753   675   705 I zygote  : Successfully killed process cgroup uid 10028 pid 25095 in 0ms
11-11 14:47:35.753   264   434 I BufferQueueConsumer: [com.android.settings/com.android.settings.deviceinfo.UsbMTPChooserActivity#1](this:0xaa68d000,id:2036,api:1,p:-1,c:264) getReleasedBuffers: returning mask 0xffffffffffffffff
11-11 14:47:35.778   675  1241 I ActivityManager: Process com.google.process.gservices (pid 25019) has died: cch+2CEM 
11-11 14:47:35.778   675   705 W zygote  : kill(-25019, 9) failed: No such process
11-11 14:47:35.779   675   705 I zygote  : Successfully killed process cgroup uid 10013 pid 25019 in 0ms
11-11 14:47:35.794   258   514 D vndksupport: Loading /vendor/lib/hw/gralloc.mt6580.so from current namespace instead of sphal namespace.
11-11 14:47:35.794   263   263 E lowmemorykiller: Error opening /proc/25056/oom_score_adj; errno=2
11-11 14:47:35.795   258   514 D vndksupport: Loading /vendor/lib/hw/gralloc.mt6580.so from current namespace instead of sphal namespace.
11-11 14:47:35.796   258   514 I chatty  : uid=1000(system) HwBinder:258_2 identical 1 line
