11-11 14:47:35.797   258   514 D vndksupport: Loading /vendor/lib/hw/gralloc.mt6580.so from current namespace instead of sphal namespace.
11-11 14:47:35.810   264   264 I BufferQueueConsumer: [com.android.settings/com.android.settings.deviceinfo.UsbMTPChooserActivity#0](this:0xabc39000,id:2035,api:1,p:-1,c:-1) disconnect(C)
11-11 14:47:35.812   264   264 I BufferQueue: [com.android.settings/com.android.settings.deviceinfo.UsbMTPChooserActivity#0](this:0xabc39000,id:2035,api:1,p:-1,c:-1) ~BufferQueueCore
11-11 14:47:35.837   675   700 I ActivityManager: Start proc 25235:com.mediatek.engineermode/1001 for broadcast com.mediatek.engineermode/.nsiot.UsbStateReceiverNsiot
11-11 14:47:35.837   675   700 D BroadcastQueue: AMS: *** Launch app com.mediatek.engineermode/1001 for broadcast Intent { act=android.hardware.usb.action.USB_STATE flg=0x31000010 (has extras) } from android/1000
11-11 14:47:35.841   675  7536 I ActivityManager: Process com.google.process.gapps (pid 25056) has died: cch+2CEM 
11-11 14:47:35.841  7486  7486 V PhoneWindow: DecorView setVisiblity: visibility = 0, Parent = ViewRoot{65be446 com.transsion.hilauncher/com.android.launcher3.Launcher,ident = 0}, this = DecorView@17ad688[Launcher]
11-11 14:47:35.843   258   514 D vndksupport: Loading /vendor/lib/hw/gralloc.mt6580.so from current namespace instead of sphal namespace.
11-11 14:47:35.844   675   705 W zygote  : kill(-25056, 9) failed: No such process
11-11 14:47:35.847   675   705 I zygote  : Successfully killed process cgroup uid 10013 pid 25056 in 2ms
11-11 14:47:35.862   675   700 E libPowerStretch: LucidSystemServerLogic::onSetLucidFgApp send resetFromSystemServer appName = com.transsion.hilauncher
11-11 14:47:35.862   675   700 D libPowerStretch: filename is null
11-11 14:47:35.862   264   264 E libPowerStretch: LucidStats currentFPS = 5.52 [2986845348]
11-11 14:47:35.871   675   700 E libPowerStretch: LucidConfigXml found app in regex WL : com.transsion.hilauncher
11-11 14:47:35.893   675   711 D UsbDeviceManager: Clear notification
11-11 14:47:35.895   675  5080 W ActivityManager: Finishing task with all activities already finished
11-11 14:47:35.895   675  5080 W ActivityManager: Duplicate finish request for ActivityRecord{6dc4796 u0 com.android.settings/.deviceinfo.UsbMTPChooserActivity t2411 f}
11-11 14:47:35.906 24694 24694 D View    : [Warning] assignParent to null: this = DecorView@e7a43d2[UsbMTPChooserActivity]
11-11 14:47:35.909   675   700 E libPowerStretch: get iris_factor xml value failed
11-11 14:47:35.912   675   700 E libPowerStretch: get normal_save/outdoor_low_iris_param xml value failed
11-11 14:47:35.915   675   700 E libPowerStretch: get high_save/outdoor_low_iris_param xml value failed
11-11 14:47:35.917   675   700 E libPowerStretch: get ultra_save/outdoor_low_iris_param xml value failed
11-11 14:47:35.918   830  7108 W SystemServicesProxy: initCleanProtectList procectlist = [com.facebook.services, com.facebook.katana, com.facebook.orca, com.whatsapp, com.truecaller, com.viber.voip, com.instagram.android, jp.naver.line.android, com.boatmob.floating.touch, com.skype.raider, mobile.lab.PhoneCallDetect, com.tencent.mobileqqi, com.qq.wpc, com.parfield.prayers.lite, com.tencent.mobileqq, com.tencent.mm, com.mediatek.systemupdate, com.rlk.frameworkservice, com.afmobigroup.gphone, com.afmobi.carlcare, com.bbm, com.twitter.android, org.telegram.messenger, com.imo.android.imoim, com.jio.join, com.libra.notification, com.excelliance.dualaid.vend, com.android.dialer, com.android.contacts, com.android.mms, com.android.deskclock, com.transsion.deskclock, com.android.gallery3d, com.mediatek.camera, com.android.incallui, com.transsion.phonemaster, com.transsion.phonemanager, com.rlk.powersavemanagement, com.transsion.powercenter, com.oraimo.appjoywear, com.transsion.subtorch, com.android.documentsui, com.domobile.applock, com.transsion.applock, com.hanvon.xpen, com.jb.gosms, com.fooview.android.fooview.transsion, com.transsion.filemanager, com.mediatek.mtklogger.proxy, com.android.printspooler, com.google.android.marvin.talkback]
11-11 14:47:35.918   675   700 E libPowerStretch: get normal_save/outdoor_high_iris_param xml value failed
11-11 14:47:35.920   675   675 W ActivityManager: type=1400 audit(0.0:34600): avc: denied { search } for name="user" dev="mmcblk0p27" ino=30 scontext=u:r:system_server:s0 tcontext=u:object_r:misc_user_data_file:s0 tclass=dir permissive=0
11-11 14:47:35.920   675   675 W ActivityManager: type=1400 audit(0.0:34601): avc: denied { search } for name="user" dev="mmcblk0p27" ino=30 scontext=u:r:system_server:s0 tcontext=u:object_r:misc_user_data_file:s0 tclass=dir permissive=0
11-11 14:47:35.920   675   675 W ActivityManager: type=1400 audit(0.0:34602): avc: denied { search } for name="user" dev="mmcblk0p27" ino=30 scontext=u:r:system_server:s0 tcontext=u:object_r:misc_user_data_file:s0 tclass=dir permissive=0
11-11 14:47:35.920   675   700 E libPowerStretch: get high_save/outdoor_high_iris_param xml value failed
11-11 14:47:35.921   675   700 E libPowerStretch: get ultra_save/outdoor_high_iris_param xml value failed
11-11 14:47:35.924   675   700 E libPowerStretch: com.transsion.hilauncher is in priority_bl
11-11 14:47:35.925   264   264 I BufferQueueConsumer: [com.android.settings/com.android.settings.deviceinfo.UsbMTPChooserActivity#1](this:0xaa68d000,id:2036,api:1,p:-1,c:-1) disconnect(C)
11-11 14:47:35.927   264   264 I BufferQueue: [com.android.settings/com.android.settings.deviceinfo.UsbMTPChooserActivity#1](this:0xaa68d000,id:2036,api:1,p:-1,c:-1) ~BufferQueueCore
11-11 14:47:35.931 24694 24694 D WindowClient: Remove from mViews: DecorView@e7a43d2[UsbMTPChooserActivity], this = android.view.WindowManagerGlobal@2d2afa5
11-11 14:47:35.938   675   700 E libPowerStretch: LucidConfig::getIrisOverride m_irisOverride = 0
11-11 14:47:35.944   830   830 D StatusBar: onNotificationRemoved: StatusBarNotification(pkg=android user=UserHandle{-1} id=32 tag=null key=-1|android|32|null|1000: Notification(channel=USB pri=0 contentView=null vibrate=null sound=null tick defaults=0x0 flags=0x2 color=0xff607d8b vis=PUBLIC))
11-11 14:47:35.950 25231 25233 I adbd    : functionfs successfully initialized
11-11 14:47:35.950 25231 25233 I adbd    : registering usb transport
11-11 14:47:35.951   675  5080 D IdleScreen: activityIdleScreen: android.app.ContextImpl@ab7f6f mNotifyNeeded: false idleIntent: Intent { act=android.intent.action.MAIN cat=[android.intent.category.HOME] flg=0x10a00000 cmp=com.transsion.hilauncher/com.android.launcher3.Launcher (has extras) }
11-11 14:47:35.952   260   640 I vendor.mediatek.hardware.power@1.1-impl: mtkPowerHint hint:11, data:500
11-11 14:47:35.958   830  7108 D AppLockLoader: isAppLocked: packageName=com.google.android.apps.messaging, isLocked=false
11-11 14:47:35.960   830  7108 D AppLockLoader: isAppLocked: packageName=com.android.gallery3d, isLocked=false
11-11 14:47:35.961   830  7108 D AppLockLoader: isAppLocked: packageName=com.google.android.gm.lite, isLocked=false
11-11 14:47:35.967   830  7108 D AppLockLoader: isAppLocked: packageName=com.android.vending, isLocked=false
11-11 14:47:35.969   675   711 D UsbDeviceManager: push notification: USB 
11-11 14:47:35.982   830  7108 D AppLockLoader: isAppLocked: packageName=com.opera.mini.native, isLocked=false
11-11 14:47:35.982   830  7108 D AppLockLoader: isAppLocked: packageName=com.transsion.phoenix, isLocked=false
11-11 14:47:35.982   830  7108 D AppLockLoader: isAppLocked: packageName=com.xingin.xhs, isLocked=false
11-11 14:47:35.983   830  7108 D AppLockLoader: isAppLocked: packageName=com.android.settings, isLocked=false
11-11 14:47:35.983   830  7108 D AppLockLoader: isAppLocked: packageName=com.transsion.phonemaster, isLocked=false
11-11 14:47:36.047 25235 25235 I zygote  : The ClassLoaderContext is a special shared library.
11-11 14:47:36.050   830  7108 D AppLockLoader: isAppLocked: packageName=com.google.android.apps.assistant, isLocked=false
11-11 14:47:36.051   830  7108 D AppLockLoader: isAppLocked: packageName=com.android.chrome, isLocked=false
11-11 14:47:36.054   830  7108 D AppLockLoader: isAppLocked: packageName=com.google.android.apps.assistant, isLocked=false
11-11 14:47:36.055   830  7108 D AppLockLoader: isAppLocked: packageName=com.baidu.easyroot, isLocked=false
11-11 14:47:36.056   830  7108 D AppLockLoader: isAppLocked: packageName=com.android.chrome, isLocked=false
11-11 14:47:36.065   830 10914 D GraphicBuffer: register, handle(0x8b9125c0) (w:432 h:864 s:432 f:0x1 u:333)
11-11 14:47:36.069   263   263 I lowmemorykiller: Killing 'com.android.settings' (24694), uid 1000, adj 900
11-11 14:47:36.069   263   263 I lowmemorykiller:    to free 74092kB because system is under medium memory pressure oom_adj 800
11-11 14:47:36.120 25235 25235 I LoadedApk: No resource references to update in package com.transsion.theme.icon
11-11 14:47:36.141   675   688 I ActivityManager: Process com.android.settings (pid 24694) has died: cch  CEM 
11-11 14:47:36.141   675   705 W zygote  : kill(-24694, 9) failed: No such process
11-11 14:47:36.143   264   435 I SurfaceFlinger: EventThread Client Pid (24694) disconnected by (264)
11-11 14:47:36.143   264   435 I chatty  : uid=1000(system) Binder:264_2 identical 1 line
11-11 14:47:36.143   264   435 I SurfaceFlinger: EventThread Client Pid (24694) disconnected by (264)
11-11 14:47:36.143   264   435 I SurfaceFlinger: [SF client] DEL(0xaa6854b0) for (675:system_server)
11-11 14:47:36.146   675   705 I zygote  : Successfully killed process cgroup uid 1000 pid 24694 in 4ms
11-11 14:47:36.157   675   705 D ProcessManager: killAllBackgroundProcesses
11-11 14:47:36.157   675   713 W ActivityManager: setHasOverlayUi called on unknown pid: 24694
11-11 14:47:36.162   675   705 I ActivityManager: Killing 25143:com.tencent.mm/u0a101 (adj 800): *kill all background
11-11 14:47:36.163   675   705 W ActivityManager: Scheduling restart of crashed service com.tencent.mm/.service.ProcessService$MMProcessService in 20827ms
11-11 14:47:36.165   675   714 D ProcessManager.SC: curt MEM=33.95%, CPU=11.74%, IOW=0.00%, threshold(20.0%,90.0%,10.0%)
11-11 14:47:36.170   675   705 W zygote  : kill(-25143, 9) failed: No such process
11-11 14:47:36.184 25235 25235 I UsbStateReceiverNsiot: receive
11-11 14:47:36.186 25235 25235 I UsbStateReceiverNsiot: this project not for op01,skip the operate!
11-11 14:47:36.202   830   830 D StatusBar: removeNotification key=-1|android|32|null|1000 old=StatusBarNotification(pkg=android user=UserHandle{-1} id=32 tag=null key=-1|android|32|null|1000: Notification(channel=USB pri=0 contentView=null vibrate=null sound=null tick defaults=0x0 flags=0x2 color=0xff607d8b vis=PUBLIC))
11-11 14:47:36.208   830   830 D StatusBar: onNotificationPosted: StatusBarNotification(pkg=android user=UserHandle{-1} id=27 tag=null key=-1|android|27|null|1000: Notification(channel=USB pri=0 contentView=null vibrate=null sound=null tick defaults=0x0 flags=0x2 color=0xff607d8b vis=PUBLIC))
11-11 14:47:36.213   675   705 W zygote  : kill(-25143, 9) failed: No such process
11-11 14:47:36.215   675   688 I ActivityManager: Start proc 25251:android.process.media/u0a28 for broadcast com.android.providers.media/.MtpReceiver
11-11 14:47:36.215   675   688 D BroadcastQueue: AMS: *** Launch app com.android.providers.media/10028 for broadcast Intent { act=android.hardware.usb.action.USB_STATE flg=0x31000010 (has extras) } from android/1000
11-11 14:47:36.226   830   830 D StatusBar: addNotification key=-1|android|27|null|1000
11-11 14:47:36.256   675   705 W zygote  : kill(-25143, 9) failed: No such process
11-11 14:47:36.263   830   830 D StatusBar: No peeking: unimportant notification: -1|android|27|null|1000
11-11 14:47:36.263   675   773 I PowerWrap: PowerHal_TouchBoost
11-11 14:47:36.264   260   640 I vendor.mediatek.hardware.power@1.1-impl: mtkPowerHint hint:15, data:10000
11-11 14:47:36.267   675   701 W ContextImpl: Calling a method in the system process without a qualified user: android.app.ContextImpl.sendBroadcast:967 com.mediatek.server.stk.StkManagerImpl$2.run:110 android.os.Handler.handleCallback:790 android.os.Handler.dispatchMessage:99 android.os.Looper.loop:164 
11-11 14:47:36.267   675   700 W BroadcastQueue: Background execution not allowed: receiving Intent { act=mediatek.intent.action.stk.USER_ACTIVITY flg=0x10 } to com.android.stk/.EventReceiver
11-11 14:47:36.295 25251 25251 I zygote  : The ClassLoaderContext is a special shared library.
11-11 14:47:36.300   675   705 W zygote  : kill(-25143, 9) failed: No such process
11-11 14:47:36.313   264   620 I SurfaceFlinger: EventThread Client Pid (25143) disconnected by (264)
11-11 14:47:36.314   264   620 I SurfaceFlinger: EventThread Client Pid (25143) disconnected by (264)
11-11 14:47:36.316 25251 25251 I LoadedApk: No resource references to update in package com.transsion.theme.icon
11-11 14:47:36.328   830   830 D StatusBar: No peeking: unimportant notification: -1|android|27|null|1000
11-11 14:47:36.335 25251 25251 I zygote  : The ClassLoaderContext is a special shared library.
11-11 14:47:36.343 25251 25251 D FileSystemProvider: onCreate mFSPHelper : com.mediatek.internal.content.MtkFileSystemProviderHelper@4946fe6
11-11 14:47:36.346   675   705 W zygote  : kill(-25143, 9) failed: No such process
11-11 14:47:36.346   675   705 I zygote  : Successfully killed process cgroup uid 10101 pid 25143 in 175ms
11-11 14:47:36.373   675   701 W ContextImpl: Calling a method in the system process without a qualified user: android.app.ContextImpl.sendBroadcast:967 com.mediatek.server.stk.StkManagerImpl$2.run:110 android.os.Handler.handleCallback:790 android.os.Handler.dispatchMessage:99 android.os.Looper.loop:164 
11-11 14:47:36.374   675   700 W BroadcastQueue: Background execution not allowed: receiving Intent { act=mediatek.intent.action.stk.USER_ACTIVITY flg=0x10 } to com.android.stk/.EventReceiver
11-11 14:47:36.423   264   264 I DisplayDevice: [Built-in Screen (type:0)] fps:40.722942,dur:1006.80,max:182.29,min:10.77
11-11 14:47:36.446   675   773 I PowerWrap: PowerHal_TouchBoost
11-11 14:47:36.447   260  1600 I vendor.mediatek.hardware.power@1.1-impl: mtkPowerHint hint:15, data:100
11-11 14:47:36.448   675   701 I greenpower: the fling duration 643
11-11 14:47:36.448   675   701 I greenpower: the fling duration 250
11-11 14:47:36.513   263   263 I lowmemorykiller: Killing 'com.mediatek.engineermode' (25235), uid 1001, adj 900
11-11 14:47:36.513   263   263 I lowmemorykiller:    to free 40840kB because system is under medium memory pressure oom_adj 800
11-11 14:47:36.530   263   263 E lowmemorykiller: Error writing /proc/25235/oom_score_adj; errno=22
11-11 14:47:36.542 25251 25251 D MtpService: Adding MTP storage 0x10001 at /storage/emulated/0
11-11 14:47:36.542 25251 25251 D MtpService: starting MTP server in MTP mode with storage /storage/emulated/0
11-11 14:47:36.548   260   275 I libPerfService: 15: legacy set: -1 -1
11-11 14:47:36.548   260   275 I libPerfService: 15: legacy set freq: -1 -1
11-11 14:47:36.549 25251 25251 I MediaFactory: [static] sMediaFactory = com.mediatek.media.MediaFactoryImpl@9e34fca
11-11 14:47:36.564   675  6926 I ActivityManager: Process com.mediatek.engineermode (pid 25235) has died: fore RCVR
11-11 14:47:36.565   675   705 W zygote  : kill(-25235, 9) failed: No such process
11-11 14:47:36.565   675   705 I zygote  : Successfully killed process cgroup uid 1001 pid 25235 in 0ms
11-11 14:47:36.571   264  1255 I BufferQueueProducer: [StatusBar#0](this:0xabc4a000,id:4,api:1,p:830,c:264) queueBuffer: fps=1.75 dur=1143.65 max=802.16 min=341.49
11-11 14:47:36.575   675   705 D ProcessManager: killAllBackgroundProcesses
11-11 14:47:36.600 25251 25251 D MtpService: Adding MTP storage 0x10001 at /storage/emulated/0
11-11 14:47:36.602 25251 25275 E MtpServer: MtpServer was never configured!
11-11 14:47:36.652   675   773 I PowerWrap: PowerHal_TouchBoost
11-11 14:47:36.653   260  1600 I vendor.mediatek.hardware.power@1.1-impl: mtkPowerHint hint:15, data:10000
11-11 14:47:36.654   675   701 W ContextImpl: Calling a method in the system process without a qualified user: android.app.ContextImpl.sendBroadcast:967 com.mediatek.server.stk.StkManagerImpl$2.run:110 android.os.Handler.handleCallback:790 android.os.Handler.dispatchMessage:99 android.os.Looper.loop:164 
11-11 14:47:36.655   260   275 I libPerfService: 15: legacy set freq: 1300000 -1
11-11 14:47:36.655   260   275 I libPerfService: 15: legacy set: 4 -1
11-11 14:47:36.656   675   700 W BroadcastQueue: Background execution not allowed: receiving Intent { act=mediatek.intent.action.stk.USER_ACTIVITY flg=0x10 } to com.android.stk/.EventReceiver
11-11 14:47:36.763   675   701 W ContextImpl: Calling a method in the system process without a qualified user: android.app.ContextImpl.sendBroadcast:967 com.mediatek.server.stk.StkManagerImpl$2.run:110 android.os.Handler.handleCallback:790 android.os.Handler.dispatchMessage:99 android.os.Looper.loop:164 
11-11 14:47:36.764  7486  7557 D HWUIExtension: MTKProgramCache.generateProgram: 562984313159681
11-11 14:47:36.764   675   700 W BroadcastQueue: Background execution not allowed: receiving Intent { act=mediatek.intent.action.stk.USER_ACTIVITY flg=0x10 } to com.android.stk/.EventReceiver
11-11 14:47:36.765  7486  7557 D HWUIExtension: createProgram 0x0002000800000001, binary 0xa8e89298, length 2828, format 36705 within 733ns
11-11 14:47:36.771   264  1255 I BufferQueueProducer: [com.transsion.hilauncher/com.android.launcher3.Launcher#0](this:0xaa6dd000,id:2033,api:1,p:7486,c:264) queueBuffer: fps=5.18 dur=1157.50 max=801.00 min=16.09
11-11 14:47:36.784   264  1255 W GrallocMapperPassthrough: buffer descriptor with invalid usage bits 0x400
11-11 14:47:36.785   675   773 I PowerWrap: PowerHal_TouchBoost
11-11 14:47:36.786   260  1600 I vendor.mediatek.hardware.power@1.1-impl: mtkPowerHint hint:15, data:100
11-11 14:47:36.787   675   701 I greenpower: the fling duration 686
11-11 14:47:36.787   675   701 I greenpower: the fling duration 225
11-11 14:47:36.788   260   640 I [Gralloc]: usage1: 0xf02, format: 1 stride: 720 vertical_stride: 1440 size: 4147200
11-11 14:47:36.800  7486  7557 D GraphicBuffer: register, handle(0x9c3fc000) (w:720 h:1440 s:720 f:0x1 u:f02)
11-11 14:47:36.826  7486  7486 I zygote  : Deoptimizing void android.support.v7.widget.RecyclerView$Recycler.recycleViewHolderInternal(android.support.v7.widget.RecyclerView$ViewHolder) due to JIT same target
11-11 14:47:36.837   258   514 D vndksupport: Loading /vendor/lib/hw/gralloc.mt6580.so from current namespace instead of sphal namespace.
11-11 14:47:36.850  7486  7486 I zygote  : Deoptimizing int android.support.v7.widget.RecyclerView$LayoutManager.getPaddingBottom() due to JIT inline cache
11-11 14:47:36.865  7486  7486 W StaticLayout: maxLineHeight should not be -1.  maxLines:1 lineCount:1
11-11 14:47:36.872  7486  7486 I chatty  : uid=10024(com.transsion.hilauncher) identical 1 line
11-11 14:47:36.884  7486  7486 W StaticLayout: maxLineHeight should not be -1.  maxLines:1 lineCount:1
11-11 14:47:36.892   260   275 I libPerfService: 15: legacy set: -1 -1
11-11 14:47:36.892   260   275 I libPerfService: 15: legacy set freq: -1 -1
11-11 14:47:36.895  7486  7486 W StaticLayout: maxLineHeight should not be -1.  maxLines:1 lineCount:1
11-11 14:47:36.898  7486  7486 W StaticLayout: maxLineHeight should not be -1.  maxLines:1 lineCount:1
11-11 14:47:36.930  7486  7557 D HWUIExtension: MTKProgramCache.generateProgram: 103079215104
11-11 14:47:36.931  7486  7557 D HWUIExtension: createProgram 0x0000001800000000, binary 0xa8e89da4, length 2688, format 36705 within 564ns
11-11 14:47:36.934   675   684 I zygote  : Background concurrent copying GC freed 179926(6MB) AllocSpace objects, 28(1392KB) LOS objects, 42% free, 23MB/41MB, paused 329us total 435.419ms
11-11 14:47:36.944  7486  7557 E libPowerStretch: LucidStats currentFPS = 0.15 [2383808880]
11-11 14:47:37.249   675   773 I PowerWrap: PowerHal_TouchBoost
11-11 14:47:37.250   260   640 I vendor.mediatek.hardware.power@1.1-impl: mtkPowerHint hint:15, data:10000
11-11 14:47:37.251   260   275 I libPerfService: 15: legacy set freq: 1300000 -1
11-11 14:47:37.252   260   275 I libPerfService: 15: legacy set: 4 -1
11-11 14:47:37.254   675   701 W ContextImpl: Calling a method in the system process without a qualified user: android.app.ContextImpl.sendBroadcast:967 com.mediatek.server.stk.StkManagerImpl$2.run:110 android.os.Handler.handleCallback:790 android.os.Handler.dispatchMessage:99 android.os.Looper.loop:164 
11-11 14:47:37.256   675   700 W BroadcastQueue: Background execution not allowed: receiving Intent { act=mediatek.intent.action.stk.USER_ACTIVITY flg=0x10 } to com.android.stk/.EventReceiver
11-11 14:47:37.276   675   769 D MtkDataShapingUtils: openLteGateByDataShaping datashaping instance is null
11-11 14:47:37.310   675   675 I ActivityManager: Start proc 25277:com.android.vending/u0a33 for service com.android.vending/com.google.android.finsky.scheduler.JobSchedulerEngine$PhoneskyJobSchedulerJobService
11-11 14:47:37.310   675   675 D ActivityManager: AMS: *** Launch app com.android.vending/10033 for service Intent { cmp=com.android.vending/com.google.android.finsky.scheduler.JobSchedulerEngine$PhoneskyJobSchedulerJobService }, from android/1000.
11-11 14:47:37.342   307   307 I thermal_repeater: [recvMdThermalInfo] ret=9, strLen=127,  1, 32767
11-11 14:47:37.358   675   701 W ContextImpl: Calling a method in the system process without a qualified user: android.app.ContextImpl.sendBroadcast:967 com.mediatek.server.stk.StkManagerImpl$2.run:110 android.os.Handler.handleCallback:790 android.os.Handler.dispatchMessage:99 android.os.Looper.loop:164 
11-11 14:47:37.368   675   700 W BroadcastQueue: Background execution not allowed: receiving Intent { act=mediatek.intent.action.stk.USER_ACTIVITY flg=0x10 } to com.android.stk/.EventReceiver
11-11 14:47:37.381   675   773 I PowerWrap: PowerHal_TouchBoost
11-11 14:47:37.381   260  1600 I vendor.mediatek.hardware.power@1.1-impl: mtkPowerHint hint:15, data:100
11-11 14:47:37.383   675   701 I greenpower: the fling duration 682
11-11 14:47:37.383   675   701 I greenpower: the fling duration 430
11-11 14:47:37.433   264   264 I DisplayDevice: [Built-in Screen (type:0)] fps:34.671665,dur:1009.47,max:182.87,min:15.62
11-11 14:47:37.482   260   275 I libPerfService: 15: legacy set: -1 -1
11-11 14:47:37.482   260   275 I libPerfService: 15: legacy set freq: -1 -1
11-11 14:47:37.577 25277 25277 I LoadedApk: No resource references to update in package com.transsion.theme.icon
11-11 14:47:37.624 25277 25277 I Finsky  : [2] ecr.aI(9): Process created at version: 17.3.16-all [0] [PR] 277156053
11-11 14:47:37.775   675   675 I MWN     : onSignalStrengthsChanged...
11-11 14:47:37.787   675   675 I MWN     : network type = 1
11-11 14:47:37.787   675   675 I MWN     : Write 0 to node. type=Wi-Fi mSimExist=true mFlightMode=false
11-11 14:47:37.788   675  1241 I ActivityManager: Start proc 25300:com.google.process.gservices/u0a13 for content provider com.google.android.gsf/.gservices.GservicesProvider
11-11 14:47:37.788   264   620 I BufferQueueProducer: [com.transsion.hilauncher/com.android.launcher3.Launcher#0](this:0xaa6dd000,id:2033,api:1,p:7486,c:264) queueBuffer: fps=50.14 dur=1017.13 max=113.00 min=11.18
11-11 14:47:37.791   675   675 I MWN     : write the value:0 to node successfully.
11-11 14:47:37.796   675   700 W BroadcastQueue: Background execution not allowed: receiving Intent { act=android.intent.action.SIG_STR flg=0x10 (has extras) } to com.xingin.xhs/org.daemon.receiver.ConnectivityReceiver
11-11 14:47:37.822   675   700 W BroadcastQueue: Background execution not allowed: receiving Intent { act=android.intent.action.SIG_STR flg=0x10 (has extras) } to com.xingin.xhs/org.daemon.receiver.ConnectivityReceiver
11-11 14:47:37.968   675   773 I PowerWrap: PowerHal_TouchBoost
11-11 14:47:37.968   260  1600 I vendor.mediatek.hardware.power@1.1-impl: mtkPowerHint hint:15, data:10000
11-11 14:47:37.970   260   275 I libPerfService: 15: legacy set freq: 1300000 -1
11-11 14:47:37.971   260   275 I libPerfService: 15: legacy set: 4 -1
11-11 14:47:37.973   675   701 W ContextImpl: Calling a method in the system process without a qualified user: android.app.ContextImpl.sendBroadcast:967 com.mediatek.server.stk.StkManagerImpl$2.run:110 android.os.Handler.handleCallback:790 android.os.Handler.dispatchMessage:99 android.os.Looper.loop:164 
11-11 14:47:37.974   675   700 W BroadcastQueue: Background execution not allowed: receiving Intent { act=mediatek.intent.action.stk.USER_ACTIVITY flg=0x10 } to com.android.stk/.EventReceiver
11-11 14:47:37.986 25300 25300 I LoadedApk: No resource references to update in package com.transsion.theme.icon
11-11 14:47:37.993 25300 25300 I GservicesProvider: Gservices pushing to system: true; secure/global: true
11-11 14:47:38.077   675   701 W ContextImpl: Calling a method in the system process without a qualified user: android.app.ContextImpl.sendBroadcast:967 com.mediatek.server.stk.StkManagerImpl$2.run:110 android.os.Handler.handleCallback:790 android.os.Handler.dispatchMessage:99 android.os.Looper.loop:164 
11-11 14:47:38.078   675   700 W BroadcastQueue: Background execution not allowed: receiving Intent { act=mediatek.intent.action.stk.USER_ACTIVITY flg=0x10 } to com.android.stk/.EventReceiver
11-11 14:47:38.185   675   701 W ContextImpl: Calling a method in the system process without a qualified user: android.app.ContextImpl.sendBroadcast:967 com.mediatek.server.stk.StkManagerImpl$2.run:110 android.os.Handler.handleCallback:790 android.os.Handler.dispatchMessage:99 android.os.Looper.loop:164 
11-11 14:47:38.187   675   700 W BroadcastQueue: Background execution not allowed: receiving Intent { act=mediatek.intent.action.stk.USER_ACTIVITY flg=0x10 } to com.android.stk/.EventReceiver
11-11 14:47:38.293   675   701 W ContextImpl: Calling a method in the system process without a qualified user: android.app.ContextImpl.sendBroadcast:967 com.mediatek.server.stk.StkManagerImpl$2.run:110 android.os.Handler.handleCallback:790 android.os.Handler.dispatchMessage:99 android.os.Looper.loop:164 
11-11 14:47:38.296   675   700 W BroadcastQueue: Background execution not allowed: receiving Intent { act=mediatek.intent.action.stk.USER_ACTIVITY flg=0x10 } to com.android.stk/.EventReceiver
11-11 14:47:38.297 25277 25299 I Finsky  : [15841] qsx.a(38): Started reading experiment flags from file [0tGUNCGIkbk4o6-fQ335kUYSKwVj4lusnHT-A5Dsy08].
11-11 14:47:38.299   675   773 I PowerWrap: PowerHal_TouchBoost
11-11 14:47:38.299   260   640 I vendor.mediatek.hardware.power@1.1-impl: mtkPowerHint hint:15, data:100
11-11 14:47:38.325 25277 25299 I Finsky  : [15841] qsx.a(49): Finished reading experiment flags from file [0tGUNCGIkbk4o6-fQ335kUYSKwVj4lusnHT-A5Dsy08].
11-11 14:47:38.350   675  6756 V SettingsProvider: packageValueForCallResult, name = device_provisioned, value : Bundle[{_track_generation=android.util.MemoryIntArray@5e, value=1, _generation_index=0, _generation=51}]
11-11 14:47:38.354 25277 25296 I Finsky  : [15838] qsx.a(38): Started reading experiment flags from file [y3AGubKmYI12TYJ5ux95b8MQLAow8WkGUhHr0EdzPCg].
11-11 14:47:38.363 25277 25296 I Finsky  : [15838] qsx.a(49): Finished reading experiment flags from file [y3AGubKmYI12TYJ5ux95b8MQLAow8WkGUhHr0EdzPCg].
11-11 14:47:38.386 25277 25277 I Finsky  : [2] qsx.a(38): Started reading experiment flags from file [Se-xCc4LzNyh3UrKMIU2sUf-PUKz4oQEbpKZDMuaFno].
11-11 14:47:38.395 25277 25277 I Finsky  : [2] qsx.a(49): Finished reading experiment flags from file [Se-xCc4LzNyh3UrKMIU2sUf-PUKz4oQEbpKZDMuaFno].
11-11 14:47:38.400   260   275 I libPerfService: 15: legacy set: -1 -1
11-11 14:47:38.401   260   275 I libPerfService: 15: legacy set freq: -1 -1
11-11 14:47:38.416 25277 25277 I Finsky  : [2] tbu.<init>(14): Resetting scheduler db
11-11 14:47:38.442   264   264 I DisplayDevice: [Built-in Screen (type:0)] fps:50.538109,dur:1009.14,max:149.05,min:13.75
11-11 14:47:38.450   264  1255 I BufferQueueProducer: [StatusBar#0](this:0xabc4a000,id:4,api:1,p:830,c:264) queueBuffer: fps=1.60 dur=1879.42 max=997.97 min=9.49
11-11 14:47:38.530 25277 25295 I Finsky  : [15837] ecr.Y(6): Not a unicorn account
11-11 14:47:38.536   675  1241 V SettingsProvider: packageValueForCallResult, name = android_id, value : Bundle[{_track_generation=android.util.MemoryIntArray@5e, value=775966cec3e2068f, _generation_index=1, _generation=19}]
11-11 14:47:38.545 25277 25295 I Finsky  : [15837] ecr.aS(5): Disable SystemUpdateActivity, because Android is lower than Q
11-11 14:47:38.562 25277 25295 I Finsky  : [15837] qic.<init>(5): Registering in memory receiver for android.intent.action.PACKAGE_ADDED
11-11 14:47:38.563   675   773 I PowerWrap: PowerHal_TouchBoost
11-11 14:47:38.564   260  1600 I vendor.mediatek.hardware.power@1.1-impl: mtkPowerHint hint:15, data:10000
11-11 14:47:38.566   260   275 I libPerfService: 15: legacy set freq: 1300000 -1
11-11 14:47:38.567   260   275 I libPerfService: 15: legacy set: 4 -1
11-11 14:47:38.569   675   701 W ContextImpl: Calling a method in the system process without a qualified user: android.app.ContextImpl.sendBroadcast:967 com.mediatek.server.stk.StkManagerImpl$2.run:110 android.os.Handler.handleCallback:790 android.os.Handler.dispatchMessage:99 android.os.Looper.loop:164 
11-11 14:47:38.569 25277 25325 I Finsky  : [15852] ebr.run(3): Set SystemUpdateActivity enabled state to 2
11-11 14:47:38.571   675   700 W BroadcastQueue: Background execution not allowed: receiving Intent { act=mediatek.intent.action.stk.USER_ACTIVITY flg=0x10 } to com.android.stk/.EventReceiver
11-11 14:47:38.620 25277 25296 I cr_CronetLibraryLoader: Cronet version: 79.0.3940.0, arch: armv7l
11-11 14:47:38.645   675   773 I PowerWrap: PowerHal_TouchBoost
11-11 14:47:38.646   260   640 I vendor.mediatek.hardware.power@1.1-impl: mtkPowerHint hint:15, data:100
11-11 14:47:38.658   675  6926 I ActivityManager: START u0 {act=android.intent.action.MAIN cat=[android.intent.category.LAUNCHER] flg=0x10200000 cmp=com.android.settings/.Settings bnds=[198,532][360,720] (has extras)} from uid 10024
11-11 14:47:38.668   260   640 I vendor.mediatek.hardware.power@1.1-impl: PowerHint hint:8, data:1
11-11 14:47:38.678   260   640 I vendor.mediatek.hardware.power@1.1-impl: mtkPowerHint hint:11, data:2000
11-11 14:47:38.703   675   756 D WindowClient: Add to mViews: DecorView@1513006[settings], this = android.view.WindowManagerGlobal@ddccf60
11-11 14:47:38.704   675   756 D ViewRootImpl[settings]: hardware acceleration = false , fakeHwAccelerated = true, sRendererDisabled = true, forceHwAccelerated = false, sSystemRendererDisabled = true
11-11 14:47:38.738   675  6756 I ActivityManager: Start proc 25340:com.google.process.gapps/u0a13 for content provider com.google.android.gsf/.settings.GoogleSettingsProvider
11-11 14:47:38.738   675  6756 W ActivityManager: Slow operation: 52ms so far, now at getContentProviderImpl: after start process
11-11 14:47:38.738   675  6756 W ActivityManager: Slow operation: 52ms so far, now at getContentProviderImpl: updating data structures
11-11 14:47:38.738   675  6756 W ActivityManager: Slow operation: 52ms so far, now at getContentProviderImpl: done!
11-11 14:47:38.745   675   700 W BroadcastQueue: Permission Denial: receiving Intent { act=com.android.launcher3.action.LAUNCH flg=0x10 (has extras) } to ProcessRecord{8a161e2 18016:com.google.android.gms.persistent/u0a13} (pid=18016, uid=10013) requires com.transsion.hilauncher.permission.RECEIVE_LAUNCH_BROADCASTS due to sender com.transsion.hilauncher (uid 10024)
11-11 14:47:38.746   675   700 W BroadcastQueue: Permission Denial: receiving Intent { act=com.android.launcher3.action.LAUNCH flg=0x10 (has extras) } to com.google.android.gms/.chimera.GmsIntentOperationService$GmsExternalReceiver requires com.transsion.hilauncher.permission.RECEIVE_LAUNCH_BROADCASTS due to sender com.transsion.hilauncher (uid 10024)
11-11 14:47:38.753   260   640 I vendor.mediatek.hardware.power@1.1-impl: mtkPowerHint hint:11, data:2000
11-11 14:47:38.758   260   640 I vendor.mediatek.hardware.power@1.1-impl: mtkPowerHint hint:10, data:2000
11-11 14:47:38.778 25277 25297 W Settings: Setting download_manager_max_bytes_over_mobile has moved from android.provider.Settings.Secure to android.provider.Settings.Global.
11-11 14:47:38.792   675  7775 I ActivityManager: Start proc 25357:com.android.settings/1000 for activity com.android.settings/.Settings
11-11 14:47:38.803   675   756 I WindowManager: Relayout Window{4d864f4 u0 Splash Screen com.android.settings}: oldVis=8 newVis=0 focusMayChange = true
11-11 14:47:38.805   264   264 I BufferQueue: [unnamed-264-2037](this:0xabc39000,id:2037,api:0,p:-1,c:-1) BufferQueue core=(264:/system/bin/surfaceflinger)
11-11 14:47:38.805   264   264 E DumpTunnel: finding regDump() failed
11-11 14:47:38.806   264   264 I BufferQueueConsumer: [unnamed-264-2037](this:0xabc39000,id:2037,api:0,p:-1,c:264) connect(C): consumer=(264:/system/bin/surfaceflinger) controlledByApp=false
11-11 14:47:38.806   264   264 I BufferQueueConsumer: [unnamed-264-2037](this:0xabc39000,id:2037,api:0,p:-1,c:264) setConsumerName: unnamed-264-2037
11-11 14:47:38.806   264   264 I BufferQueueConsumer: [Splash Screen com.android.settings#0](this:0xabc39000,id:2037,api:0,p:-1,c:264) setConsumerName: Splash Screen com.android.settings#0
11-11 14:47:38.806   264   264 I BufferQueueProducer: [](this:0xabc39000,id:2037,api:0,p:-1,c:264) setMaxDequeuedBufferCount: maxDequeuedBuffers = 2
11-11 14:47:38.806   264   264 I BufferQueueConsumer: [Splash Screen com.android.settings#0](this:0xabc39000,id:2037,api:0,p:-1,c:264) setDefaultBufferSize: width=720 height=1440
11-11 14:47:38.809   675   756 V WindowManager: Changing focus from Window{4a6a263 u0 com.transsion.hilauncher/com.android.launcher3.Launcher} to null Callers=com.android.server.wm.WindowManagerService.relayoutWindow:2187 com.android.server.wm.Session.relayout:239 android.view.ViewRootImpl.relayoutWindow:6332 android.view.ViewRootImpl.performTraversals:1976 
11-11 14:47:38.809   675   756 D WindowManager: Input focus has changed to null
11-11 14:47:38.818   675   756 W ViewRootImpl: ViewRootImpl[settings]::updateConfiguration(force unchange) mBasePackageName=android
11-11 14:47:38.819   675   713 I WindowManager: Focus moving from Window{4a6a263 u0 com.transsion.hilauncher/com.android.launcher3.Launcher} to null
11-11 14:47:38.833 25277 25297 I Finsky  : [15839] poe.a(5): SettingNotFoundException, fall through to G.downloadBytesOverMobileMaximum
11-11 14:47:38.834 25277 25297 W Settings: Setting download_manager_recommended_max_bytes_over_mobile has moved from android.provider.Settings.Secure to android.provider.Settings.Global.
11-11 14:47:38.837 25277 25297 I Finsky  : [15839] poe.a(9): SettingNotFoundException, fall through to G.downloadBytesOverMobileRecommended
11-11 14:47:38.844   675   756 D Surface : Surface::connect(this=0x90969000,api=2)
11-11 14:47:38.845   264   620 I BufferQueueProducer: [Splash Screen com.android.settings#0](this:0xabc39000,id:2037,api:2,p:675,c:264) connect(P): api=2 producer=(675:system_server) producerControlledByApp=false
11-11 14:47:38.846   260   640 I [Gralloc]: usage1: 0x933, format: 1 stride: 720 vertical_stride: 1440 size: 4147200
11-11 14:47:38.852 25277 25297 I Finsky  : [15839] ajfz.a(2): registerListener
11-11 14:47:38.855   260   640 D vndksupport: Loading /vendor/lib/hw/gralloc.mt6580.so from current namespace instead of sphal namespace.
11-11 14:47:38.864   675   756 D GraphicBuffer: register, handle(0x90b08300) (w:720 h:1440 s:720 f:0x1 u:933)
11-11 14:47:38.877   675  1241 D AppLockDelegator: appLockCheck: 
11-11 14:47:38.877   675  1241 D ActivityManager: realStartActivityLocked: app lock service check
11-11 14:47:38.877   675  1241 D ActivityManager: setActivityResumedHook:com.android.settings
11-11 14:47:38.878   271  1602 D pnpmgr  : Got fd=13, updated:com.android.settings
11-11 14:47:38.890   675  1241 V WindowManager: Set focused app to: AppWindowToken{6962a1c token=Token{92c2831 ActivityRecord{d317cd8 u0 com.android.settings/.Settings t2391}}} old focus=AppWindowToken{778cb7c token=Token{f4d09b ActivityRecord{28f3caa u0 com.transsion.hilauncher/com.android.launcher3.Launcher t2381}}} moveFocusNow=true
11-11 14:47:38.903   264   621 I BufferQueueProducer: [com.transsion.hilauncher/com.android.launcher3.Launcher#0](this:0xaa6dd000,id:2033,api:1,p:7486,c:264) queueBuffer: fps=34.10 dur=1114.34 max=317.29 min=11.69
11-11 14:47:38.921   675  1241 D ProcessManager: After resumed : com.android.settings
11-11 14:47:38.921   675  1241 W ActivityManager: Slow operation: 67ms so far, now at attachApplicationLocked: after mServices.attachApplicationLocked
11-11 14:47:38.922   260   640 I vendor.mediatek.hardware.power@1.1-impl: notifyAppState pack:com.android.settings, act:com.android.settings.Settings, pid:25357, state:1
11-11 14:47:38.922 25277 25297 I Finsky  : [15839] ajfz.a(2): registerListener
11-11 14:47:38.922   260   275 D powerd  : [powerd_req] POWER_MSG_NOTIFY_STATE
11-11 14:47:38.923   260   260 W merged_hal_serv: type=1400 audit(0.0:34603): avc: denied { search } for name="thermal" dev="proc" ino=4026533556 scontext=u:r:merged_hal_service:s0 tcontext=u:object_r:proc_thermal:s0 tclass=dir permissive=0
11-11 14:47:38.923   260   275 I libPerfService: [perfNotifyAppState] foreground:com.android.settings, pid:25357
11-11 14:47:38.928   260   275 E libPerfService: Could not open '/proc/driver/thermal/ta_fg_pid'
11-11 14:47:38.928   260   275 E libPerfService: error : 13, Permission denied
11-11 14:47:38.928   260   275 E libPerfService: Could not open '/sys/module/ged/parameters/gx_top_app_pid'
11-11 14:47:38.928   260   275 E libPerfService: error : 2, No such file or directory
11-11 14:47:38.928   260   275 I libPerfService: perfUserGetCapability - cmd:7, id:0, val:-1
11-11 14:47:38.934 25277 25297 I Finsky  : [15839] ajfz.a(2): registerListener
11-11 14:47:38.954   258   514 D vndksupport: Loading /vendor/lib/hw/gralloc.mt6580.so from current namespace instead of sphal namespace.
11-11 14:47:38.958   264   264 I BufferQueueProducer: [FrameBufferSurface_0](this:0xade58000,id:0,api:1,p:264,c:264) queueBuffer: fps=10.44 dur=3542.59 max=2814.93 min=10.77
11-11 14:47:38.977  7486  7557 E [EGL-ERROR]: __egl_platform_cancel_buffers:644: surface->num_buffers(4)
11-11 14:47:38.978  7486  7557 D Surface : Surface::disconnect(this=0x8d939000,api=1)
11-11 14:47:38.980  7486  7557 D GraphicBuffer: unregister, handle(0x83826600) (w:720 h:1440 s:720 f:0x1 u:f02)
11-11 14:47:38.982  7486  7557 D GraphicBuffer: unregister, handle(0x83826a80) (w:720 h:1440 s:720 f:0x1 u:f02)
11-11 14:47:38.984  7486  7557 D GraphicBuffer: unregister, handle(0x83b31900) (w:720 h:1440 s:720 f:0x1 u:f02)
11-11 14:47:38.986 25357 25357 I zygote  : The ClassLoaderContext is a special shared library.
11-11 14:47:38.988  7486  7557 D GraphicBuffer: unregister, handle(0x9c3fc000) (w:720 h:1440 s:720 f:0x1 u:f02)
11-11 14:47:38.989   264   620 I BufferQueueProducer: [com.transsion.hilauncher/com.android.launcher3.Launcher#0](this:0xaa6dd000,id:2033,api:1,p:7486,c:264) disconnect(P): api 1
11-11 14:47:38.990   264   620 I BufferQueueConsumer: [com.transsion.hilauncher/com.android.launcher3.Launcher#0](this:0xaa6dd000,id:2033,api:1,p:-1,c:264) getReleasedBuffers: returning mask 0xffffffffffffffff
11-11 14:47:39.028   264   621 I BufferQueueProducer: [NavigationBar#0](this:0xabc65000,id:1086,api:1,p:830,c:264) queueBuffer: fps=0.32 dur=90127.63 max=89649.86 min=8.00
11-11 14:47:39.103   258   514 D vndksupport: Loading /vendor/lib/hw/gralloc.mt6580.so from current namespace instead of sphal namespace.
11-11 14:47:39.107   258   514 I chatty  : uid=1000(system) HwBinder:258_2 identical 3 lines
11-11 14:47:39.109   258   514 D vndksupport: Loading /vendor/lib/hw/gralloc.mt6580.so from current namespace instead of sphal namespace.
11-11 14:47:39.159 25277 25297 I Finsky  : [15839] ywy.j(5): Setup app restrictions monitor
11-11 14:47:39.162 25357 25357 I LoadedApk: No resource references to update in package com.transsion.theme.icon
11-11 14:47:39.164 25277 25297 I Finsky  : [15839] yyt.a(4): Device wide unknown source restriction is changed.
11-11 14:47:39.189 25340 25340 I LoadedApk: No resource references to update in package com.transsion.theme.icon
11-11 14:47:39.221 25340 25340 I GoogleHttpClient: GMS http client unavailable, use old client
11-11 14:47:39.231   675  7775 V SettingsProvider: packageValueForCallResult, name = null, value : Bundle[{_track_generation=android.util.MemoryIntArray@5e, value=null, _generation_index=0, _generation=51}]
11-11 14:47:39.242 25357 25357 D OpenGLRenderer: HWUI GL Pipeline
11-11 14:47:39.305 25357 25357 W TileUtils: Found com.android.settings.backup.BackupSettingsActivity for intent Intent { act=com.android.settings.action.SETTINGS pkg=com.android.settings } missing metadata com.android.settings.category
11-11 14:47:39.331 25357 25357 W TileUtils: Found com.android.settings.Settings$SimSettingsActivity for intent Intent { act=com.android.settings.action.SETTINGS pkg=com.android.settings } missing metadata com.android.settings.category
11-11 14:47:39.331 25357 25357 I TileUtils: Vodafone ZM simlock is not supported
11-11 14:47:39.332 25357 25357 I TileUtils: Vodafone ZM simlock is not supported
11-11 14:47:39.410 25277 25277 I Finsky  : [2] pgo.onTrimMemory(1): Memory trim requested to level 15
11-11 14:47:39.448 25277 25277 I Finsky  : [2] mlq.<init>(16): Installer: Setting Parallelism[DEFAULT]
11-11 14:47:39.450   264   264 I DisplayDevice: [Built-in Screen (type:0)] fps:31.753878,dur:1007.75,max:281.11,min:6.92
11-11 14:47:39.451 25277 25277 I Finsky  : [2] mja.a(19): Installer: Attempting to start installer
11-11 14:47:39.453 25277 25277 I Finsky  : [2] ajfz.a(2): registerListener
11-11 14:47:39.457 25277 25277 I Finsky  : [2] meo.<init>(7): Not checking if recovering from paused session because experiment is off
11-11 14:47:39.531 25277 25277 I Finsky  : [2] com.google.android.finsky.scheduler.JobSchedulerEngine$PhoneskyJobSchedulerJobService.onStartJob(5): SCH: onJobSchedulerWakeup with jobId 9003
11-11 14:47:39.573 25277 25277 I Finsky  : [2] sys.a(24): Scheduling fallback job with id: 9034, and delay: 43200000 ms
11-11 14:47:39.596 25277 25277 I Finsky  : [2] sys.a(5): Scheduling fallback in 64799980 (absolute: 1097308550)
11-11 14:47:39.610 25357 25357 W Settings: Setting airplane_mode_on has moved from android.provider.Settings.System to android.provider.Settings.Global, returning read-only value.
11-11 14:47:39.618 25277 25277 I Finsky  : [2] guv.onSubscriptionsChanged(1): onSubscriptionsChanged
11-11 14:47:39.619 25357 25357 D MobileDataSwitchUtil: isMobileDataSupported() = true
11-11 14:47:39.633 25357 25357 D MobileDataSwitchUtil: getPrioritySimId:getSubscriptionId() = 3SubscriptionInfo.getNumber() = 
11-11 14:47:39.635 25277 25277 I Finsky  : [2] mja.a(217): Installer kick - no action, not running yet
11-11 14:47:39.636 25277 25277 I Finsky  : [2] mja.a(217): Installer kick - no action, not running yet
11-11 14:47:39.642   977  1181 D PhoneInterfaceManager: [PhoneIntfMgr] SubscriptionManager.getPhoneId(3)=0
11-11 14:47:39.643 25357 25357 D MobileDataSwitchUtil: isRadioOn = true, subId: 3
11-11 14:47:39.645 25357 25357 D MobileDataSwitchUtil: isMobileDataEnabled: isEnable=false
11-11 14:47:39.752 25357 25357 D DashboardSummary: Suggestion feature is disabled, skipping suggestion entirely
11-11 14:47:39.755 25357 25357 D DashboardAdapter: adapter setCategory called
11-11 14:47:39.763 25277 25299 D NetworkSecurityConfig: No Network Security Config specified, using platform default
11-11 14:47:39.790 25357 25357 I TouchScreenHelper: constructed in com.android.settings
11-11 14:47:39.793 25277 25391 I Finsky  : [15877] jng.a(2): getDownloads(-)
11-11 14:47:39.796 25357 25357 D TouchScreenHelper: mTripleFingerEnabled? false, mMuffleScreenEnabled? false,mIsUltraPowerOn?false
11-11 14:47:39.797 25357 25357 I WindowManager: sTouchScreenHelper = com.transsion.touchscreenhelper.TouchScreenHelper@db82e5d
11-11 14:47:39.798 25277 25299 I System.out: isEmailSend:GET
11-11 14:47:39.799   264   434 I SurfaceFlinger: EventThread Client Pid (25357) created
11-11 14:47:39.800 25277 25393 I Finsky  : [15879] ajgh.a(7): Initiate binding to the service.
11-11 14:47:39.800   264   434 I SurfaceFlinger: EventThread Client Pid (25357) created
11-11 14:47:39.804 25357 25357 D WindowClient: Add to mViews: DecorView@fb23ba0[Settings], this = android.view.WindowManagerGlobal@ace5359
11-11 14:47:39.812 25357 25357 D OpenGLRenderer: Dumper init 2 threads <0x8f3ea600>
11-11 14:47:39.813 25357 25357 D OpenGLRenderer: <com.android.settings> is running.
11-11 14:47:39.819   264   620 I SurfaceFlinger: EventThread Client Pid (25357) created
11-11 14:47:39.830 25277 25299 I System.out: port:443
11-11 14:47:39.839   675  1241 I ActivityManager: Start proc 25398:com.android.vending:download_service/u0a33 for service com.android.vending/com.google.android.finsky.downloadservice.DownloadService
11-11 14:47:39.839   675  1241 D ActivityManager: AMS: *** Launch app com.android.vending/10033 for service Intent { act=com.google.android.finsky.BIND_DOWNLOAD_SERVICE pkg=com.android.vending }, from com.android.vending/10033.
11-11 14:47:39.847 25357 25357 D ViewRootImpl[Settings]: hardware acceleration = true , fakeHwAccelerated = false, sRendererDisabled = false, forceHwAccelerated = false, sSystemRendererDisabled = false
11-11 14:47:39.848 25357 25390 W TileUtils: Found com.android.settings.backup.BackupSettingsActivity for intent Intent { act=com.android.settings.action.SETTINGS pkg=com.android.settings } missing metadata com.android.settings.category
11-11 14:47:39.849 25357 25390 W TileUtils: Found com.android.settings.Settings$SimSettingsActivity for intent Intent { act=com.android.settings.action.SETTINGS pkg=com.android.settings } missing metadata com.android.settings.category
11-11 14:47:39.849 25357 25390 I TileUtils: Vodafone ZM simlock is not supported
11-11 14:47:39.849 25357 25390 I TileUtils: Vodafone ZM simlock is not supported
11-11 14:47:39.851   264   434 I SurfaceFlinger: [SF client] NEW(0xaa6859b0) for (675:system_server)
11-11 14:47:39.855 25357 25357 V PhoneWindow: DecorView setVisiblity: visibility = 0, Parent = ViewRoot{714cb1e com.android.settings/com.android.settings.Settings,ident = 0}, this = DecorView@fb23ba0[Settings]
11-11 14:47:39.859   675   700 E libPowerStretch: LucidSystemServerLogic::onSetLucidFgApp send resetFromSystemServer appName = com.android.settings
11-11 14:47:39.859   675   700 D libPowerStretch: filename is null
11-11 14:47:39.860   675   700 E libPowerStretch: LucidConfigXml found app in customer WL : com.android.settings
11-11 14:47:39.911   675  7775 I WindowManager: Relayout Window{d0d26b5 u0 com.android.settings/com.android.settings.Settings}: oldVis=4 newVis=0 focusMayChange = true
11-11 14:47:39.911   675   700 E libPowerStretch: get iris_factor xml value failed
11-11 14:47:39.914   675   700 E libPowerStretch: get normal_save/outdoor_low_iris_param xml value failed
11-11 14:47:39.917   264   264 I BufferQueue: [unnamed-264-2038](this:0xaa69e000,id:2038,api:0,p:-1,c:-1) BufferQueue core=(264:/system/bin/surfaceflinger)
11-11 14:47:39.918   264   264 E DumpTunnel: finding regDump() failed
11-11 14:47:39.918   264   264 I BufferQueueConsumer: [unnamed-264-2038](this:0xaa69e000,id:2038,api:0,p:-1,c:264) connect(C): consumer=(264:/system/bin/surfaceflinger) controlledByApp=false
11-11 14:47:39.918   264   264 I BufferQueueConsumer: [unnamed-264-2038](this:0xaa69e000,id:2038,api:0,p:-1,c:264) setConsumerName: unnamed-264-2038
11-11 14:47:39.918   264   264 I BufferQueueConsumer: [com.android.settings/com.android.settings.Settings#0](this:0xaa69e000,id:2038,api:0,p:-1,c:264) setConsumerName: com.android.settings/com.android.settings.Settings#0
11-11 14:47:39.918   264   264 I BufferQueueProducer: [](this:0xaa69e000,id:2038,api:0,p:-1,c:264) setMaxDequeuedBufferCount: maxDequeuedBuffers = 2
11-11 14:47:39.918   264   264 I BufferQueueConsumer: [com.android.settings/com.android.settings.Settings#0](this:0xaa69e000,id:2038,api:0,p:-1,c:264) setDefaultBufferSize: width=720 height=1440
11-11 14:47:39.918   675   700 E libPowerStretch: get high_save/outdoor_low_iris_param xml value failed
11-11 14:47:39.920   675   700 E libPowerStretch: get ultra_save/outdoor_low_iris_param xml value failed
11-11 14:47:39.921   675  7775 V WindowManager: Changing focus from null to Window{d0d26b5 u0 com.android.settings/com.android.settings.Settings} Callers=com.android.server.wm.WindowManagerService.relayoutWindow:2187 com.android.server.wm.Session.relayout:239 android.view.IWindowSession$Stub.onTransact:286 com.android.server.wm.Session.onTransact:163 
11-11 14:47:39.921   675  7775 D WindowManager: Input focus has changed to Window{d0d26b5 u0 com.android.settings/com.android.settings.Settings}
11-11 14:47:39.922   675   700 E libPowerStretch: get normal_save/outdoor_high_iris_param xml value failed
11-11 14:47:39.923   675   675 W ActivityManager: type=1400 audit(0.0:34604): avc: denied { search } for name="user" dev="mmcblk0p27" ino=30 scontext=u:r:system_server:s0 tcontext=u:object_r:misc_user_data_file:s0 tclass=dir permissive=0
11-11 14:47:39.923   675   675 I chatty  : uid=1000 system_server identical 1 line
11-11 14:47:39.923   675   675 W ActivityManager: type=1400 audit(0.0:34606): avc: denied { search } for name="user" dev="mmcblk0p27" ino=30 scontext=u:r:system_server:s0 tcontext=u:object_r:misc_user_data_file:s0 tclass=dir permissive=0
11-11 14:47:39.924   675   700 E libPowerStretch: get high_save/outdoor_high_iris_param xml value failed
