11-11 14:49:40.351   675   701 W ContextImpl: Calling a method in the system process without a qualified user: android.app.ContextImpl.sendBroadcast:967 com.mediatek.server.stk.StkManagerImpl$2.run:110 android.os.Handler.handleCallback:790 android.os.Handler.dispatchMessage:99 android.os.Looper.loop:164 
11-11 14:49:40.352   675   700 W BroadcastQueue: Background execution not allowed: receiving Intent { act=mediatek.intent.action.stk.USER_ACTIVITY flg=0x10 } to com.android.stk/.EventReceiver
11-11 14:49:40.381   675   701 W ContextImpl: Calling a method in the system process without a qualified user: android.app.ContextImpl.sendBroadcast:967 com.mediatek.server.stk.StkManagerImpl$2.run:110 android.os.Handler.handleCallback:790 android.os.Handler.dispatchMessage:99 android.os.Looper.loop:164 
11-11 14:49:40.382   675   700 W BroadcastQueue: Background execution not allowed: receiving Intent { act=mediatek.intent.action.stk.USER_ACTIVITY flg=0x10 } to com.android.stk/.EventReceiver
11-11 14:49:40.400   675  1241 V WindowManager: Changing focus from Window{9fc8559 u0 com.opera.olist/com.facebook.CustomTabMainActivity} to Window{8f1cedb u0 AtchDlg:com.opera.olist/com.facebook.CustomTabMainActivity} Callers=com.android.server.wm.WindowManagerService.addWindow:1594 com.android.server.wm.Session.addToDisplay:202 android.view.IWindowSession$Stub.onTransact:124 com.android.server.wm.Session.onTransact:163 
11-11 14:49:40.416   675  1241 D WindowManager: Input focus has changed to Window{8f1cedb u0 AtchDlg:com.opera.olist/com.facebook.CustomTabMainActivity}
11-11 14:49:40.418   675   713 I WindowManager: Focus moving from Window{9fc8559 u0 com.opera.olist/com.facebook.CustomTabMainActivity} to Window{8f1cedb u0 AtchDlg:com.opera.olist/com.facebook.CustomTabMainActivity}
11-11 14:49:40.486   675   713 I WindowManager: Losing delayed focus: Window{9fc8559 u0 com.opera.olist/com.facebook.CustomTabMainActivity}
11-11 14:49:40.897   675   701 W ContextImpl: Calling a method in the system process without a qualified user: android.app.ContextImpl.sendBroadcast:967 com.mediatek.server.stk.StkManagerImpl$2.run:110 android.os.Handler.handleCallback:790 android.os.Handler.dispatchMessage:99 android.os.Looper.loop:164 
11-11 14:49:40.898   675   700 W BroadcastQueue: Background execution not allowed: receiving Intent { act=mediatek.intent.action.stk.USER_ACTIVITY flg=0x10 } to com.android.stk/.EventReceiver
11-11 14:49:41.409   675   701 W ContextImpl: Calling a method in the system process without a qualified user: android.app.ContextImpl.sendBroadcast:967 com.mediatek.server.stk.StkManagerImpl$2.run:110 android.os.Handler.handleCallback:790 android.os.Handler.dispatchMessage:99 android.os.Looper.loop:164 
11-11 14:49:41.410   675   700 W BroadcastQueue: Background execution not allowed: receiving Intent { act=mediatek.intent.action.stk.USER_ACTIVITY flg=0x10 } to com.android.stk/.EventReceiver
11-11 14:49:41.420   675  1241 V WindowManager: Remove Window{8f1cedb u0 AtchDlg:com.opera.olist/com.facebook.CustomTabMainActivity} client=3044bea, surfaceController=Surface(name=AtchDlg:com.opera.olist/com.facebook.CustomTabMainActivity) Callers=com.android.server.wm.WindowState.removeIfPossible:1852 com.android.server.wm.WindowManagerService.removeWindow:1761 com.android.server.wm.Session.remove:222 android.view.IWindowSession$Stub.onTransact:242 com.android.server.wm.Session.onTransact:163 
11-11 14:49:41.421   675  1241 V WindowManager: Changing focus from Window{8f1cedb u0 AtchDlg:com.opera.olist/com.facebook.CustomTabMainActivity EXITING} to Window{9fc8559 u0 com.opera.olist/com.facebook.CustomTabMainActivity} Callers=com.android.server.wm.WindowState.setupWindowForRemoveOnExit:2000 com.android.server.wm.WindowState.removeIfPossible:1972 com.android.server.wm.WindowState.removeIfPossible:1852 com.android.server.wm.WindowManagerService.removeWindow:1761 
11-11 14:49:41.422   675  1241 D WindowManager: Input focus has changed to Window{9fc8559 u0 com.opera.olist/com.facebook.CustomTabMainActivity}
11-11 14:49:41.434   675   713 I WindowManager: Focus moving from Window{8f1cedb u0 AtchDlg:com.opera.olist/com.facebook.CustomTabMainActivity EXITING} to Window{9fc8559 u0 com.opera.olist/com.facebook.CustomTabMainActivity}
11-11 14:49:41.483   675  1241 D MtkConnectivityService: ConnectivityService NetworkRequestInfo binderDied(NetworkRequest [ TRACK_DEFAULT id=739, [ Capabilities: INTERNET&NOT_RESTRICTED&TRUSTED&NOT_VPN] ], android.os.BinderProxy@b592c8e)
11-11 14:49:41.483   675  6756 I ActivityManager: Process com.android.vending:download_service (pid 26152) has died: cch  CEM 
11-11 14:49:41.483   675   791 D MtkConnectivityService: releasing NetworkRequest [ TRACK_DEFAULT id=739, [ Capabilities: INTERNET&NOT_RESTRICTED&TRUSTED&NOT_VPN] ] (release request)
11-11 14:49:41.490   675   705 D ProcessManager: killAllBackgroundProcesses
11-11 14:49:41.920   675   701 W ContextImpl: Calling a method in the system process without a qualified user: android.app.ContextImpl.sendBroadcast:967 com.mediatek.server.stk.StkManagerImpl$2.run:110 android.os.Handler.handleCallback:790 android.os.Handler.dispatchMessage:99 android.os.Looper.loop:164 
11-11 14:49:41.922   675   700 W BroadcastQueue: Background execution not allowed: receiving Intent { act=mediatek.intent.action.stk.USER_ACTIVITY flg=0x10 } to com.android.stk/.EventReceiver
11-11 14:49:42.426   675   701 W ContextImpl: Calling a method in the system process without a qualified user: android.app.ContextImpl.sendBroadcast:967 com.mediatek.server.stk.StkManagerImpl$2.run:110 android.os.Handler.handleCallback:790 android.os.Handler.dispatchMessage:99 android.os.Looper.loop:164 
11-11 14:49:42.427   675   700 W BroadcastQueue: Background execution not allowed: receiving Intent { act=mediatek.intent.action.stk.USER_ACTIVITY flg=0x10 } to com.android.stk/.EventReceiver
11-11 14:49:42.755   675  6756 V SettingsProvider: packageValueForCallResult, name = time_12_24, value : Bundle[{_track_generation=android.util.MemoryIntArray@5e, value=12, _generation_index=2, _generation=316}]
11-11 14:49:42.936   675   701 W ContextImpl: Calling a method in the system process without a qualified user: android.app.ContextImpl.sendBroadcast:967 com.mediatek.server.stk.StkManagerImpl$2.run:110 android.os.Handler.handleCallback:790 android.os.Handler.dispatchMessage:99 android.os.Looper.loop:164 
11-11 14:49:42.937   675   700 W BroadcastQueue: Background execution not allowed: receiving Intent { act=mediatek.intent.action.stk.USER_ACTIVITY flg=0x10 } to com.android.stk/.EventReceiver
11-11 14:49:42.966   675   701 W ContextImpl: Calling a method in the system process without a qualified user: android.app.ContextImpl.sendBroadcast:967 com.mediatek.server.stk.StkManagerImpl$2.run:110 android.os.Handler.handleCallback:790 android.os.Handler.dispatchMessage:99 android.os.Looper.loop:164 
11-11 14:49:42.967   675   700 W BroadcastQueue: Background execution not allowed: receiving Intent { act=mediatek.intent.action.stk.USER_ACTIVITY flg=0x10 } to com.android.stk/.EventReceiver
11-11 14:49:43.143   675  1522 I ActivityManager: Process android.process.media (pid 25681) has died: svcb SVC 
11-11 14:49:43.144   675  1522 W ActivityManager: Scheduling restart of crashed service com.android.providers.media/.MtpService in 174128ms
11-11 14:49:43.150   675   705 D ProcessManager: killAllBackgroundProcesses
11-11 14:49:43.491   675   701 W ContextImpl: Calling a method in the system process without a qualified user: android.app.ContextImpl.sendBroadcast:967 com.mediatek.server.stk.StkManagerImpl$2.run:110 android.os.Handler.handleCallback:790 android.os.Handler.dispatchMessage:99 android.os.Looper.loop:164 
11-11 14:49:43.492   675   700 W BroadcastQueue: Background execution not allowed: receiving Intent { act=mediatek.intent.action.stk.USER_ACTIVITY flg=0x10 } to com.android.stk/.EventReceiver
11-11 14:49:44.007   675   701 W ContextImpl: Calling a method in the system process without a qualified user: android.app.ContextImpl.sendBroadcast:967 com.mediatek.server.stk.StkManagerImpl$2.run:110 android.os.Handler.handleCallback:790 android.os.Handler.dispatchMessage:99 android.os.Looper.loop:164 
11-11 14:49:44.008   675   700 W BroadcastQueue: Background execution not allowed: receiving Intent { act=mediatek.intent.action.stk.USER_ACTIVITY flg=0x10 } to com.android.stk/.EventReceiver
11-11 14:49:44.057   675   675 I DeviceIdleController: updateChargingLocked: charging=true
11-11 14:49:44.058   675   675 I DeviceIdleController: becomeActiveLocked, reason = charging
11-11 14:49:44.226   675  1522 D MtkConnectivityService: ConnectivityService NetworkRequestInfo binderDied(NetworkRequest [ LISTEN id=738, [ Capabilities: INTERNET&NOT_RESTRICTED&TRUSTED] ], android.os.BinderProxy@3bf7195)
11-11 14:49:44.227   675  1609 I ActivityManager: Process com.android.vending (pid 26058) has died: cch  CEM 
11-11 14:49:44.273   675   705 D ProcessManager: killAllBackgroundProcesses
11-11 14:49:44.526   675   701 W ContextImpl: Calling a method in the system process without a qualified user: android.app.ContextImpl.sendBroadcast:967 com.mediatek.server.stk.StkManagerImpl$2.run:110 android.os.Handler.handleCallback:790 android.os.Handler.dispatchMessage:99 android.os.Looper.loop:164 
11-11 14:49:44.527   675   700 W BroadcastQueue: Background execution not allowed: receiving Intent { act=mediatek.intent.action.stk.USER_ACTIVITY flg=0x10 } to com.android.stk/.EventReceiver
11-11 14:49:45.038   675   701 W ContextImpl: Calling a method in the system process without a qualified user: android.app.ContextImpl.sendBroadcast:967 com.mediatek.server.stk.StkManagerImpl$2.run:110 android.os.Handler.handleCallback:790 android.os.Handler.dispatchMessage:99 android.os.Looper.loop:164 
11-11 14:49:45.038   675   700 W BroadcastQueue: Background execution not allowed: receiving Intent { act=mediatek.intent.action.stk.USER_ACTIVITY flg=0x10 } to com.android.stk/.EventReceiver
11-11 14:49:45.058   675   701 W ContextImpl: Calling a method in the system process without a qualified user: android.app.ContextImpl.sendBroadcast:967 com.mediatek.server.stk.StkManagerImpl$2.run:110 android.os.Handler.handleCallback:790 android.os.Handler.dispatchMessage:99 android.os.Looper.loop:164 
11-11 14:49:45.059   675   700 W BroadcastQueue: Background execution not allowed: receiving Intent { act=mediatek.intent.action.stk.USER_ACTIVITY flg=0x10 } to com.android.stk/.EventReceiver
11-11 14:49:45.067   675  6926 V SettingsProvider: name : battery_remaining_time appId : 1000
11-11 14:49:45.581   675   701 W ContextImpl: Calling a method in the system process without a qualified user: android.app.ContextImpl.sendBroadcast:967 com.mediatek.server.stk.StkManagerImpl$2.run:110 android.os.Handler.handleCallback:790 android.os.Handler.dispatchMessage:99 android.os.Looper.loop:164 
11-11 14:49:45.582   675   700 W BroadcastQueue: Background execution not allowed: receiving Intent { act=mediatek.intent.action.stk.USER_ACTIVITY flg=0x10 } to com.android.stk/.EventReceiver
11-11 14:49:45.594   675  7536 V WindowManager: Changing focus from Window{9fc8559 u0 com.opera.olist/com.facebook.CustomTabMainActivity} to Window{338c226 u0 AtchDlg:com.opera.olist/com.facebook.CustomTabMainActivity} Callers=com.android.server.wm.WindowManagerService.addWindow:1594 com.android.server.wm.Session.addToDisplay:202 android.view.IWindowSession$Stub.onTransact:124 com.android.server.wm.Session.onTransact:163 
11-11 14:49:45.597   675  7536 D WindowManager: Input focus has changed to Window{338c226 u0 AtchDlg:com.opera.olist/com.facebook.CustomTabMainActivity}
11-11 14:49:45.598   675   713 I WindowManager: Focus moving from Window{9fc8559 u0 com.opera.olist/com.facebook.CustomTabMainActivity} to Window{338c226 u0 AtchDlg:com.opera.olist/com.facebook.CustomTabMainActivity}
11-11 14:49:45.657   675   713 I WindowManager: Losing delayed focus: Window{9fc8559 u0 com.opera.olist/com.facebook.CustomTabMainActivity}
11-11 14:49:46.097   675   701 W ContextImpl: Calling a method in the system process without a qualified user: android.app.ContextImpl.sendBroadcast:967 com.mediatek.server.stk.StkManagerImpl$2.run:110 android.os.Handler.handleCallback:790 android.os.Handler.dispatchMessage:99 android.os.Looper.loop:164 
11-11 14:49:46.099   675   700 W BroadcastQueue: Background execution not allowed: receiving Intent { act=mediatek.intent.action.stk.USER_ACTIVITY flg=0x10 } to com.android.stk/.EventReceiver
11-11 14:49:46.106   675  7536 V WindowManager: Remove Window{338c226 u0 AtchDlg:com.opera.olist/com.facebook.CustomTabMainActivity} client=d8b2181, surfaceController=Surface(name=AtchDlg:com.opera.olist/com.facebook.CustomTabMainActivity) Callers=com.android.server.wm.WindowState.removeIfPossible:1852 com.android.server.wm.WindowManagerService.removeWindow:1761 com.android.server.wm.Session.remove:222 android.view.IWindowSession$Stub.onTransact:242 com.android.server.wm.Session.onTransact:163 
11-11 14:49:46.108   675  7536 V WindowManager: Changing focus from Window{338c226 u0 AtchDlg:com.opera.olist/com.facebook.CustomTabMainActivity EXITING} to Window{9fc8559 u0 com.opera.olist/com.facebook.CustomTabMainActivity} Callers=com.android.server.wm.WindowState.setupWindowForRemoveOnExit:2000 com.android.server.wm.WindowState.removeIfPossible:1972 com.android.server.wm.WindowState.removeIfPossible:1852 com.android.server.wm.WindowManagerService.removeWindow:1761 
11-11 14:49:46.108   675  7536 D WindowManager: Input focus has changed to Window{9fc8559 u0 com.opera.olist/com.facebook.CustomTabMainActivity}
11-11 14:49:46.115   675   713 I WindowManager: Focus moving from Window{338c226 u0 AtchDlg:com.opera.olist/com.facebook.CustomTabMainActivity EXITING} to Window{9fc8559 u0 com.opera.olist/com.facebook.CustomTabMainActivity}
11-11 14:49:46.119   675  6720 W InputManager: Input event injection from pid 25876 failed.
11-11 14:49:46.123   675  6720 W InputManager: Input event injection from pid 25876 failed.
11-11 14:49:46.632   675   701 W ContextImpl: Calling a method in the system process without a qualified user: android.app.ContextImpl.sendBroadcast:967 com.mediatek.server.stk.StkManagerImpl$2.run:110 android.os.Handler.handleCallback:790 android.os.Handler.dispatchMessage:99 android.os.Looper.loop:164 
11-11 14:49:46.633   675   700 W BroadcastQueue: Background execution not allowed: receiving Intent { act=mediatek.intent.action.stk.USER_ACTIVITY flg=0x10 } to com.android.stk/.EventReceiver
11-11 14:49:47.155   675   701 W ContextImpl: Calling a method in the system process without a qualified user: android.app.ContextImpl.sendBroadcast:967 com.mediatek.server.stk.StkManagerImpl$2.run:110 android.os.Handler.handleCallback:790 android.os.Handler.dispatchMessage:99 android.os.Looper.loop:164 
11-11 14:49:47.156   675   700 W BroadcastQueue: Background execution not allowed: receiving Intent { act=mediatek.intent.action.stk.USER_ACTIVITY flg=0x10 } to com.android.stk/.EventReceiver
11-11 14:49:47.177   675   701 W ContextImpl: Calling a method in the system process without a qualified user: android.app.ContextImpl.sendBroadcast:967 com.mediatek.server.stk.StkManagerImpl$2.run:110 android.os.Handler.handleCallback:790 android.os.Handler.dispatchMessage:99 android.os.Looper.loop:164 
11-11 14:49:47.178   675   700 W BroadcastQueue: Background execution not allowed: receiving Intent { act=mediatek.intent.action.stk.USER_ACTIVITY flg=0x10 } to com.android.stk/.EventReceiver
11-11 14:49:47.694   675   701 W ContextImpl: Calling a method in the system process without a qualified user: android.app.ContextImpl.sendBroadcast:967 com.mediatek.server.stk.StkManagerImpl$2.run:110 android.os.Handler.handleCallback:790 android.os.Handler.dispatchMessage:99 android.os.Looper.loop:164 
11-11 14:49:47.695   675   700 W BroadcastQueue: Background execution not allowed: receiving Intent { act=mediatek.intent.action.stk.USER_ACTIVITY flg=0x10 } to com.android.stk/.EventReceiver
11-11 14:49:48.226   675   701 W ContextImpl: Calling a method in the system process without a qualified user: android.app.ContextImpl.sendBroadcast:967 com.mediatek.server.stk.StkManagerImpl$2.run:110 android.os.Handler.handleCallback:790 android.os.Handler.dispatchMessage:99 android.os.Looper.loop:164 
11-11 14:49:48.227   675   700 W BroadcastQueue: Background execution not allowed: receiving Intent { act=mediatek.intent.action.stk.USER_ACTIVITY flg=0x10 } to com.android.stk/.EventReceiver
11-11 14:49:48.250   675   701 W ContextImpl: Calling a method in the system process without a qualified user: android.app.ContextImpl.sendBroadcast:967 com.mediatek.server.stk.StkManagerImpl$2.run:110 android.os.Handler.handleCallback:790 android.os.Handler.dispatchMessage:99 android.os.Looper.loop:164 
11-11 14:49:48.251   675   700 W BroadcastQueue: Background execution not allowed: receiving Intent { act=mediatek.intent.action.stk.USER_ACTIVITY flg=0x10 } to com.android.stk/.EventReceiver
11-11 14:49:48.765   675   701 W ContextImpl: Calling a method in the system process without a qualified user: android.app.ContextImpl.sendBroadcast:967 com.mediatek.server.stk.StkManagerImpl$2.run:110 android.os.Handler.handleCallback:790 android.os.Handler.dispatchMessage:99 android.os.Looper.loop:164 
11-11 14:49:48.766   675   700 W BroadcastQueue: Background execution not allowed: receiving Intent { act=mediatek.intent.action.stk.USER_ACTIVITY flg=0x10 } to com.android.stk/.EventReceiver
11-11 14:49:49.275   675   701 W ContextImpl: Calling a method in the system process without a qualified user: android.app.ContextImpl.sendBroadcast:967 com.mediatek.server.stk.StkManagerImpl$2.run:110 android.os.Handler.handleCallback:790 android.os.Handler.dispatchMessage:99 android.os.Looper.loop:164 
11-11 14:49:49.276   675   700 W BroadcastQueue: Background execution not allowed: receiving Intent { act=mediatek.intent.action.stk.USER_ACTIVITY flg=0x10 } to com.android.stk/.EventReceiver
11-11 14:49:49.301   675   701 W ContextImpl: Calling a method in the system process without a qualified user: android.app.ContextImpl.sendBroadcast:967 com.mediatek.server.stk.StkManagerImpl$2.run:110 android.os.Handler.handleCallback:790 android.os.Handler.dispatchMessage:99 android.os.Looper.loop:164 
11-11 14:49:49.302   675   700 W BroadcastQueue: Background execution not allowed: receiving Intent { act=mediatek.intent.action.stk.USER_ACTIVITY flg=0x10 } to com.android.stk/.EventReceiver
11-11 14:49:49.830   675   701 W ContextImpl: Calling a method in the system process without a qualified user: android.app.ContextImpl.sendBroadcast:967 com.mediatek.server.stk.StkManagerImpl$2.run:110 android.os.Handler.handleCallback:790 android.os.Handler.dispatchMessage:99 android.os.Looper.loop:164 
11-11 14:49:49.831   675   700 W BroadcastQueue: Background execution not allowed: receiving Intent { act=mediatek.intent.action.stk.USER_ACTIVITY flg=0x10 } to com.android.stk/.EventReceiver
11-11 14:49:50.339   675  1609 D VibratorService: enable vibrator
11-11 14:49:50.342   675   701 W ContextImpl: Calling a method in the system process without a qualified user: android.app.ContextImpl.sendBroadcast:967 com.mediatek.server.stk.StkManagerImpl$2.run:110 android.os.Handler.handleCallback:790 android.os.Handler.dispatchMessage:99 android.os.Looper.loop:164 
11-11 14:49:50.343   675   700 W BroadcastQueue: Background execution not allowed: receiving Intent { act=mediatek.intent.action.stk.USER_ACTIVITY flg=0x10 } to com.android.stk/.EventReceiver
11-11 14:49:50.360   675  1609 V WindowManager: Set focused app to: AppWindowToken{e39e346 token=Token{53aa97a ActivityRecord{b5981a5 u0 com.opera.olist/com.facebook.FacebookActivity t2412}}} old focus=AppWindowToken{7a0edd2 token=Token{207405d ActivityRecord{a9e6a34 u0 com.opera.olist/com.facebook.CustomTabMainActivity t2412}}} moveFocusNow=true
11-11 14:49:50.361   675  1609 V WindowManager: Changing focus from Window{9fc8559 u0 com.opera.olist/com.facebook.CustomTabMainActivity} to null Callers=com.android.server.wm.WindowManagerService.setFocusedApp:2748 com.android.server.am.ActivityManagerService.setResumedActivityUncheckLocked:3413 com.android.server.am.ActivityStack.setResumedActivityLocked:2335 com.android.server.am.ActivityStack.resumeTopActivityInnerLocked:2655 
11-11 14:49:50.361   675  1609 D WindowManager: Input focus has changed to null
11-11 14:49:50.365   675  1609 D ActivityManager: setActivityResumedHook:com.opera.olist
11-11 14:49:50.365   675  1609 D ProcessManager: After resumed : com.opera.olist
11-11 14:49:50.370   675  1609 D AppLockDelegator: appLockCheck: 
11-11 14:49:50.371   675   713 I WindowManager: Focus moving from Window{9fc8559 u0 com.opera.olist/com.facebook.CustomTabMainActivity} to null
11-11 14:49:50.422   675  1609 I WindowManager: Relayout Window{939c52f u0 com.opera.olist/com.olist.sign.ui.LoginUI}: oldVis=8 newVis=0 focusMayChange = true
11-11 14:49:50.426   675  1609 V WindowManager: findFocusedWindow: Reached focused app=AppWindowToken{e39e346 token=Token{53aa97a ActivityRecord{b5981a5 u0 com.opera.olist/com.facebook.FacebookActivity t2412}}}
11-11 14:49:50.472   675  6926 V WindowManager: Set focused app to: AppWindowToken{191799 token=Token{682974 ActivityRecord{717d47 u0 com.opera.olist/com.olist.sign.ui.LoginUI t2412}}} old focus=AppWindowToken{e39e346 token=Token{53aa97a ActivityRecord{b5981a5 u0 com.opera.olist/com.facebook.FacebookActivity t2412}}} moveFocusNow=true
11-11 14:49:50.473   675  6926 V WindowManager: Changing focus from null to Window{939c52f u0 com.opera.olist/com.olist.sign.ui.LoginUI} Callers=com.android.server.wm.WindowManagerService.setFocusedApp:2748 com.android.server.am.ActivityManagerService.setResumedActivityUncheckLocked:3413 com.android.server.am.ActivityStack.setResumedActivityLocked:2335 com.android.server.am.ActivityStack.resumeTopActivityInnerLocked:2655 
11-11 14:49:50.473   675  6926 D WindowManager: Input focus has changed to Window{939c52f u0 com.opera.olist/com.olist.sign.ui.LoginUI}
11-11 14:49:50.477   675  6926 D ActivityManager: setActivityResumedHook:com.opera.olist
11-11 14:49:50.478   675  6926 D ProcessManager: After resumed : com.opera.olist
11-11 14:49:50.482   675  6926 D AppLockDelegator: appLockCheck: 
11-11 14:49:50.484   675   713 I WindowManager: Focus moving from null to Window{939c52f u0 com.opera.olist/com.olist.sign.ui.LoginUI}
11-11 14:49:50.599   675   760 V WindowManager: Set focused app to: AppWindowToken{cf76b03 token=Token{4780dbd ActivityRecord{8069114 u0 com.opera.olist/com.olist.main.ui.MainActivity t2412}}} old focus=AppWindowToken{191799 token=Token{682974 ActivityRecord{717d47 u0 com.opera.olist/com.olist.sign.ui.LoginUI t2412}}} moveFocusNow=true
11-11 14:49:50.600   675   760 V WindowManager: Changing focus from Window{939c52f u0 com.opera.olist/com.olist.sign.ui.LoginUI} to null Callers=com.android.server.wm.WindowManagerService.setFocusedApp:2748 com.android.server.am.ActivityManagerService.setResumedActivityUncheckLocked:3413 com.android.server.am.ActivityStack.setResumedActivityLocked:2335 com.android.server.am.ActivityStack.resumeTopActivityInnerLocked:2655 
11-11 14:49:50.601   675   760 D WindowManager: Input focus has changed to null
11-11 14:49:50.606   675   760 D ActivityManager: setActivityResumedHook:com.opera.olist
11-11 14:49:50.607   675   760 D ProcessManager: After resumed : com.opera.olist
11-11 14:49:50.611   675   760 D AppLockDelegator: appLockCheck: 
11-11 14:49:50.613   675   713 I WindowManager: Focus moving from Window{939c52f u0 com.opera.olist/com.olist.sign.ui.LoginUI} to null
11-11 14:49:50.668   675  5274 I WindowManager: Relayout Window{7bdb5d6 u0 com.opera.olist/com.olist.main.ui.MainActivity}: oldVis=8 newVis=0 focusMayChange = true
11-11 14:49:50.673   675  5274 V WindowManager: Changing focus from null to Window{7bdb5d6 u0 com.opera.olist/com.olist.main.ui.MainActivity} Callers=com.android.server.wm.WindowManagerService.relayoutWindow:2187 com.android.server.wm.Session.relayout:239 android.view.IWindowSession$Stub.onTransact:286 com.android.server.wm.Session.onTransact:163 
11-11 14:49:50.673   675  5274 D WindowManager: Input focus has changed to Window{7bdb5d6 u0 com.opera.olist/com.olist.main.ui.MainActivity}
11-11 14:49:50.686   675   713 I WindowManager: Focus moving from null to Window{7bdb5d6 u0 com.opera.olist/com.olist.main.ui.MainActivity}
11-11 14:49:50.861   675   701 W ContextImpl: Calling a method in the system process without a qualified user: android.app.ContextImpl.sendBroadcast:967 com.mediatek.server.stk.StkManagerImpl$2.run:110 android.os.Handler.handleCallback:790 android.os.Handler.dispatchMessage:99 android.os.Looper.loop:164 
11-11 14:49:50.862   675   700 W BroadcastQueue: Background execution not allowed: receiving Intent { act=mediatek.intent.action.stk.USER_ACTIVITY flg=0x10 } to com.android.stk/.EventReceiver
11-11 14:49:51.106   675  6720 D IdleScreen: activityIdleScreen: android.app.ContextImpl@ab7f6f mNotifyNeeded: false idleIntent: Intent { flg=0x10000000 cmp=com.opera.olist/com.olist.main.ui.MainActivity (has extras) }
11-11 14:49:51.497   675   701 W ContextImpl: Calling a method in the system process without a qualified user: android.app.ContextImpl.sendBroadcast:967 com.mediatek.server.stk.StkManagerImpl$2.run:110 android.os.Handler.handleCallback:790 android.os.Handler.dispatchMessage:99 android.os.Looper.loop:164 
11-11 14:49:51.498   675   700 W BroadcastQueue: Background execution not allowed: receiving Intent { act=mediatek.intent.action.stk.USER_ACTIVITY flg=0x10 } to com.android.stk/.EventReceiver
11-11 14:49:52.009   675   701 W ContextImpl: Calling a method in the system process without a qualified user: android.app.ContextImpl.sendBroadcast:967 com.mediatek.server.stk.StkManagerImpl$2.run:110 android.os.Handler.handleCallback:790 android.os.Handler.dispatchMessage:99 android.os.Looper.loop:164 
11-11 14:49:52.011   675   700 W BroadcastQueue: Background execution not allowed: receiving Intent { act=mediatek.intent.action.stk.USER_ACTIVITY flg=0x10 } to com.android.stk/.EventReceiver
11-11 14:49:52.527   675   701 W ContextImpl: Calling a method in the system process without a qualified user: android.app.ContextImpl.sendBroadcast:967 com.mediatek.server.stk.StkManagerImpl$2.run:110 android.os.Handler.handleCallback:790 android.os.Handler.dispatchMessage:99 android.os.Looper.loop:164 
11-11 14:49:52.528   675   700 W BroadcastQueue: Background execution not allowed: receiving Intent { act=mediatek.intent.action.stk.USER_ACTIVITY flg=0x10 } to com.android.stk/.EventReceiver
11-11 14:49:52.540   675   760 I ActivityManager: START u0 {flg=0x10000000 cmp=com.opera.olist/com.olist.home.ui.ad_list.AdListUI (has extras)} from uid 10114
11-11 14:49:52.583   675   760 D AppLockDelegator: appLockCheck: 
11-11 14:49:52.583   675   760 D ActivityManager: realStartActivityLocked: app lock service check
11-11 14:49:52.583   675   760 D ActivityManager: setActivityResumedHook:com.opera.olist
11-11 14:49:52.584   675   760 V WindowManager: Set focused app to: AppWindowToken{e8d442b token=Token{4da047a ActivityRecord{c168a5 u0 com.opera.olist/com.olist.home.ui.ad_list.AdListUI t2412}}} old focus=AppWindowToken{cf76b03 token=Token{4780dbd ActivityRecord{8069114 u0 com.opera.olist/com.olist.main.ui.MainActivity t2412}}} moveFocusNow=true
11-11 14:49:52.585   675   760 V WindowManager: Changing focus from Window{7bdb5d6 u0 com.opera.olist/com.olist.main.ui.MainActivity} to null Callers=com.android.server.wm.WindowManagerService.setFocusedApp:2748 com.android.server.am.ActivityManagerService.setResumedActivityUncheckLocked:3413 com.android.server.am.ActivityStack.setResumedActivityLocked:2335 com.android.server.am.ActivityStack.minimalResumeActivityLocked:1111 
11-11 14:49:52.586   675   760 D WindowManager: Input focus has changed to null
11-11 14:49:52.589   675   713 I WindowManager: Focus moving from Window{7bdb5d6 u0 com.opera.olist/com.olist.main.ui.MainActivity} to null
11-11 14:49:52.595   675   760 D ProcessManager: After resumed : com.opera.olist
11-11 14:49:52.830   675  5274 I WindowManager: Relayout Window{9d40da3 u0 com.opera.olist/com.olist.home.ui.ad_list.AdListUI}: oldVis=4 newVis=0 focusMayChange = true
11-11 14:49:52.842   675  5274 V WindowManager: Changing focus from null to Window{9d40da3 u0 com.opera.olist/com.olist.home.ui.ad_list.AdListUI} Callers=com.android.server.wm.WindowManagerService.relayoutWindow:2187 com.android.server.wm.Session.relayout:239 android.view.IWindowSession$Stub.onTransact:286 com.android.server.wm.Session.onTransact:163 
11-11 14:49:52.842   675  5274 D WindowManager: Input focus has changed to Window{9d40da3 u0 com.opera.olist/com.olist.home.ui.ad_list.AdListUI}
11-11 14:49:52.857   675   713 I WindowManager: Focus moving from null to Window{9d40da3 u0 com.opera.olist/com.olist.home.ui.ad_list.AdListUI}
11-11 14:49:53.048   675   701 W ContextImpl: Calling a method in the system process without a qualified user: android.app.ContextImpl.sendBroadcast:967 com.mediatek.server.stk.StkManagerImpl$2.run:110 android.os.Handler.handleCallback:790 android.os.Handler.dispatchMessage:99 android.os.Looper.loop:164 
11-11 14:49:53.049   675   700 W BroadcastQueue: Background execution not allowed: receiving Intent { act=mediatek.intent.action.stk.USER_ACTIVITY flg=0x10 } to com.android.stk/.EventReceiver
11-11 14:49:53.150   675  6720 D IdleScreen: activityIdleScreen: android.app.ContextImpl@ab7f6f mNotifyNeeded: false idleIntent: Intent { flg=0x10000000 cmp=com.opera.olist/com.olist.home.ui.ad_list.AdListUI (has extras) }
11-11 14:49:53.360   675   675 I MWN     : onSignalStrengthsChanged...
11-11 14:49:53.366   675   675 I MWN     : network type = 1
11-11 14:49:53.366   675   675 I MWN     : Write 0 to node. type=Wi-Fi mSimExist=true mFlightMode=false
11-11 14:49:53.370   675   675 I MWN     : write the value:0 to node successfully.
11-11 14:49:53.374   675   700 W BroadcastQueue: Background execution not allowed: receiving Intent { act=android.intent.action.SIG_STR flg=0x10 (has extras) } to com.xingin.xhs/org.daemon.receiver.ConnectivityReceiver
11-11 14:49:53.400   675   700 W BroadcastQueue: Background execution not allowed: receiving Intent { act=android.intent.action.SIG_STR flg=0x10 (has extras) } to com.xingin.xhs/org.daemon.receiver.ConnectivityReceiver
11-11 14:49:53.748   675   701 W ContextImpl: Calling a method in the system process without a qualified user: android.app.ContextImpl.sendBroadcast:967 com.mediatek.server.stk.StkManagerImpl$2.run:110 android.os.Handler.handleCallback:790 android.os.Handler.dispatchMessage:99 android.os.Looper.loop:164 
11-11 14:49:53.750   675   700 W BroadcastQueue: Background execution not allowed: receiving Intent { act=mediatek.intent.action.stk.USER_ACTIVITY flg=0x10 } to com.android.stk/.EventReceiver
11-11 14:49:54.115   675   675 I DeviceIdleController: updateChargingLocked: charging=true
11-11 14:49:54.116   675   675 I DeviceIdleController: becomeActiveLocked, reason = charging
11-11 14:49:54.271   675   701 W ContextImpl: Calling a method in the system process without a qualified user: android.app.ContextImpl.sendBroadcast:967 com.mediatek.server.stk.StkManagerImpl$2.run:110 android.os.Handler.handleCallback:790 android.os.Handler.dispatchMessage:99 android.os.Looper.loop:164 
11-11 14:49:54.272   675   700 W BroadcastQueue: Background execution not allowed: receiving Intent { act=mediatek.intent.action.stk.USER_ACTIVITY flg=0x10 } to com.android.stk/.EventReceiver
11-11 14:49:54.353   675   701 W ContextImpl: Calling a method in the system process without a qualified user: android.app.ContextImpl.sendBroadcast:967 com.mediatek.server.stk.StkManagerImpl$2.run:110 android.os.Handler.handleCallback:790 android.os.Handler.dispatchMessage:99 android.os.Looper.loop:164 
11-11 14:49:54.355   675   700 W BroadcastQueue: Background execution not allowed: receiving Intent { act=mediatek.intent.action.stk.USER_ACTIVITY flg=0x10 } to com.android.stk/.EventReceiver
11-11 14:49:54.862   675   701 W ContextImpl: Calling a method in the system process without a qualified user: android.app.ContextImpl.sendBroadcast:967 com.mediatek.server.stk.StkManagerImpl$2.run:110 android.os.Handler.handleCallback:790 android.os.Handler.dispatchMessage:99 android.os.Looper.loop:164 
11-11 14:49:54.863   675   700 W BroadcastQueue: Background execution not allowed: receiving Intent { act=mediatek.intent.action.stk.USER_ACTIVITY flg=0x10 } to com.android.stk/.EventReceiver
11-11 14:49:55.147   675  6926 V SettingsProvider: name : battery_remaining_time appId : 1000
11-11 14:49:55.372   675   701 W ContextImpl: Calling a method in the system process without a qualified user: android.app.ContextImpl.sendBroadcast:967 com.mediatek.server.stk.StkManagerImpl$2.run:110 android.os.Handler.handleCallback:790 android.os.Handler.dispatchMessage:99 android.os.Looper.loop:164 
11-11 14:49:55.373   675   700 W BroadcastQueue: Background execution not allowed: receiving Intent { act=mediatek.intent.action.stk.USER_ACTIVITY flg=0x10 } to com.android.stk/.EventReceiver
11-11 14:49:55.881   675   701 W ContextImpl: Calling a method in the system process without a qualified user: android.app.ContextImpl.sendBroadcast:967 com.mediatek.server.stk.StkManagerImpl$2.run:110 android.os.Handler.handleCallback:790 android.os.Handler.dispatchMessage:99 android.os.Looper.loop:164 
11-11 14:49:55.883   675   700 W BroadcastQueue: Background execution not allowed: receiving Intent { act=mediatek.intent.action.stk.USER_ACTIVITY flg=0x10 } to com.android.stk/.EventReceiver
11-11 14:49:56.393   675   701 W ContextImpl: Calling a method in the system process without a qualified user: android.app.ContextImpl.sendBroadcast:967 com.mediatek.server.stk.StkManagerImpl$2.run:110 android.os.Handler.handleCallback:790 android.os.Handler.dispatchMessage:99 android.os.Looper.loop:164 
11-11 14:49:56.394   675   700 W BroadcastQueue: Background execution not allowed: receiving Intent { act=mediatek.intent.action.stk.USER_ACTIVITY flg=0x10 } to com.android.stk/.EventReceiver
11-11 14:49:56.415   675  6926 I ActivityManager: START u0 {flg=0x10000000 cmp=com.opera.olist/com.olist.home.ui.detail.DetailUI (has extras)} from uid 10114
11-11 14:49:56.443   675  6720 D AppLockDelegator: appLockCheck: 
11-11 14:49:56.443   675  6720 D ActivityManager: realStartActivityLocked: app lock service check
11-11 14:49:56.443   675  6720 D ActivityManager: setActivityResumedHook:com.opera.olist
11-11 14:49:56.444   675  6720 V WindowManager: Set focused app to: AppWindowToken{66ff700 token=Token{d611983 ActivityRecord{fdcf832 u0 com.opera.olist/com.olist.home.ui.detail.DetailUI t2412}}} old focus=AppWindowToken{e8d442b token=Token{4da047a ActivityRecord{c168a5 u0 com.opera.olist/com.olist.home.ui.ad_list.AdListUI t2412}}} moveFocusNow=true
11-11 14:49:56.445   675  6720 V WindowManager: Changing focus from Window{9d40da3 u0 com.opera.olist/com.olist.home.ui.ad_list.AdListUI} to null Callers=com.android.server.wm.WindowManagerService.setFocusedApp:2748 com.android.server.am.ActivityManagerService.setResumedActivityUncheckLocked:3413 com.android.server.am.ActivityStack.setResumedActivityLocked:2335 com.android.server.am.ActivityStack.minimalResumeActivityLocked:1111 
11-11 14:49:56.446   675  6720 D WindowManager: Input focus has changed to null
11-11 14:49:56.451   675   713 I WindowManager: Focus moving from Window{9d40da3 u0 com.opera.olist/com.olist.home.ui.ad_list.AdListUI} to null
11-11 14:49:56.454   675  6720 D ProcessManager: After resumed : com.opera.olist
11-11 14:49:56.594   675  6720 I WindowManager: Relayout Window{ad071f5 u0 com.opera.olist/com.olist.home.ui.detail.DetailUI}: oldVis=4 newVis=0 focusMayChange = true
11-11 14:49:56.604   675  6720 V WindowManager: Changing focus from null to Window{ad071f5 u0 com.opera.olist/com.olist.home.ui.detail.DetailUI} Callers=com.android.server.wm.WindowManagerService.relayoutWindow:2187 com.android.server.wm.Session.relayout:239 android.view.IWindowSession$Stub.onTransact:286 com.android.server.wm.Session.onTransact:163 
11-11 14:49:56.605   675  6720 D WindowManager: Input focus has changed to Window{ad071f5 u0 com.opera.olist/com.olist.home.ui.detail.DetailUI}
11-11 14:49:56.620   675   713 I WindowManager: Focus moving from null to Window{ad071f5 u0 com.opera.olist/com.olist.home.ui.detail.DetailUI}
11-11 14:49:56.783   675  7536 D IdleScreen: activityIdleScreen: android.app.ContextImpl@ab7f6f mNotifyNeeded: false idleIntent: Intent { flg=0x10000000 cmp=com.opera.olist/com.olist.home.ui.detail.DetailUI (has extras) }
11-11 14:49:56.906   675   701 W ContextImpl: Calling a method in the system process without a qualified user: android.app.ContextImpl.sendBroadcast:967 com.mediatek.server.stk.StkManagerImpl$2.run:110 android.os.Handler.handleCallback:790 android.os.Handler.dispatchMessage:99 android.os.Looper.loop:164 
11-11 14:49:56.909   675   700 W BroadcastQueue: Background execution not allowed: receiving Intent { act=mediatek.intent.action.stk.USER_ACTIVITY flg=0x10 } to com.android.stk/.EventReceiver
11-11 14:49:57.443   675   701 W ContextImpl: Calling a method in the system process without a qualified user: android.app.ContextImpl.sendBroadcast:967 com.mediatek.server.stk.StkManagerImpl$2.run:110 android.os.Handler.handleCallback:790 android.os.Handler.dispatchMessage:99 android.os.Looper.loop:164 
11-11 14:49:57.444   675   700 W BroadcastQueue: Background execution not allowed: receiving Intent { act=mediatek.intent.action.stk.USER_ACTIVITY flg=0x10 } to com.android.stk/.EventReceiver
11-11 14:49:57.973   675   701 W ContextImpl: Calling a method in the system process without a qualified user: android.app.ContextImpl.sendBroadcast:967 com.mediatek.server.stk.StkManagerImpl$2.run:110 android.os.Handler.handleCallback:790 android.os.Handler.dispatchMessage:99 android.os.Looper.loop:164 
11-11 14:49:57.974   675   700 W BroadcastQueue: Background execution not allowed: receiving Intent { act=mediatek.intent.action.stk.USER_ACTIVITY flg=0x10 } to com.android.stk/.EventReceiver
11-11 14:49:58.481   675  5274 I ActivityManager: START u0 {act=android.intent.action.MAIN cat=[android.intent.category.LAUNCHER] flg=0x10200000 cmp=com.opera.olist/com.olist.main.ui.SplashActivity} from uid 2000
11-11 14:49:58.998   675   701 W ContextImpl: Calling a method in the system process without a qualified user: android.app.ContextImpl.sendBroadcast:967 com.mediatek.server.stk.StkManagerImpl$2.run:110 android.os.Handler.handleCallback:790 android.os.Handler.dispatchMessage:99 android.os.Looper.loop:164 
11-11 14:49:58.999   675   700 W BroadcastQueue: Background execution not allowed: receiving Intent { act=mediatek.intent.action.stk.USER_ACTIVITY flg=0x10 } to com.android.stk/.EventReceiver
11-11 14:49:59.011   675  7536 I ActivityManager: START u0 {flg=0x10000000 cmp=com.opera.olist/com.olist.home.ui.picturepreview.PicUI (has extras)} from uid 10114
11-11 14:49:59.050   675  5274 D AppLockDelegator: appLockCheck: 
11-11 14:49:59.050   675  5274 D ActivityManager: realStartActivityLocked: app lock service check
11-11 14:49:59.050   675  5274 D ActivityManager: setActivityResumedHook:com.opera.olist
11-11 14:49:59.051   675  5274 V WindowManager: Set focused app to: AppWindowToken{8dfd91d token=Token{50aedf4 ActivityRecord{f8a83c7 u0 com.opera.olist/com.olist.home.ui.picturepreview.PicUI t2412}}} old focus=AppWindowToken{66ff700 token=Token{d611983 ActivityRecord{fdcf832 u0 com.opera.olist/com.olist.home.ui.detail.DetailUI t2412}}} moveFocusNow=true
11-11 14:49:59.052   675  5274 V WindowManager: Changing focus from Window{ad071f5 u0 com.opera.olist/com.olist.home.ui.detail.DetailUI} to null Callers=com.android.server.wm.WindowManagerService.setFocusedApp:2748 com.android.server.am.ActivityManagerService.setResumedActivityUncheckLocked:3413 com.android.server.am.ActivityStack.setResumedActivityLocked:2335 com.android.server.am.ActivityStack.minimalResumeActivityLocked:1111 
11-11 14:49:59.053   675  5274 D WindowManager: Input focus has changed to null
11-11 14:49:59.056   675   713 I WindowManager: Focus moving from Window{ad071f5 u0 com.opera.olist/com.olist.home.ui.detail.DetailUI} to null
11-11 14:49:59.063   675  5274 D ProcessManager: After resumed : com.opera.olist
11-11 14:49:59.171   675  6926 I WindowManager: Relayout Window{a4e7ade u0 com.opera.olist/com.olist.home.ui.picturepreview.PicUI}: oldVis=4 newVis=0 focusMayChange = true
11-11 14:49:59.183   675  6926 V WindowManager: Changing focus from null to Window{a4e7ade u0 com.opera.olist/com.olist.home.ui.picturepreview.PicUI} Callers=com.android.server.wm.WindowManagerService.relayoutWindow:2187 com.android.server.wm.Session.relayout:239 android.view.IWindowSession$Stub.onTransact:286 com.android.server.wm.Session.onTransact:163 
11-11 14:49:59.183   675  6926 D WindowManager: Input focus has changed to Window{a4e7ade u0 com.opera.olist/com.olist.home.ui.picturepreview.PicUI}
11-11 14:49:59.197   675   713 I WindowManager: Focus moving from null to Window{a4e7ade u0 com.opera.olist/com.olist.home.ui.picturepreview.PicUI}
11-11 14:49:59.386   675  6926 D IdleScreen: activityIdleScreen: android.app.ContextImpl@ab7f6f mNotifyNeeded: false idleIntent: Intent { flg=0x10000000 cmp=com.opera.olist/com.olist.home.ui.picturepreview.PicUI (has extras) }
11-11 14:49:59.515   675   701 W ContextImpl: Calling a method in the system process without a qualified user: android.app.ContextImpl.sendBroadcast:967 com.mediatek.server.stk.StkManagerImpl$2.run:110 android.os.Handler.handleCallback:790 android.os.Handler.dispatchMessage:99 android.os.Looper.loop:164 
11-11 14:49:59.516   675   700 W BroadcastQueue: Background execution not allowed: receiving Intent { act=mediatek.intent.action.stk.USER_ACTIVITY flg=0x10 } to com.android.stk/.EventReceiver
11-11 14:50:00.041   675   701 W ContextImpl: Calling a method in the system process without a qualified user: android.app.ContextImpl.sendBroadcast:967 com.mediatek.server.stk.StkManagerImpl$2.run:110 android.os.Handler.handleCallback:790 android.os.Handler.dispatchMessage:99 android.os.Looper.loop:164 
11-11 14:50:00.044   675   700 W BroadcastQueue: Background execution not allowed: receiving Intent { act=mediatek.intent.action.stk.USER_ACTIVITY flg=0x10 } to com.android.stk/.EventReceiver
11-11 14:50:00.559   675   701 W ContextImpl: Calling a method in the system process without a qualified user: android.app.ContextImpl.sendBroadcast:967 com.mediatek.server.stk.StkManagerImpl$2.run:110 android.os.Handler.handleCallback:790 android.os.Handler.dispatchMessage:99 android.os.Looper.loop:164 
11-11 14:50:00.560   675   700 W BroadcastQueue: Background execution not allowed: receiving Intent { act=mediatek.intent.action.stk.USER_ACTIVITY flg=0x10 } to com.android.stk/.EventReceiver
11-11 14:50:00.592   675   701 W ContextImpl: Calling a method in the system process without a qualified user: android.app.ContextImpl.sendBroadcast:967 com.mediatek.server.stk.StkManagerImpl$2.run:110 android.os.Handler.handleCallback:790 android.os.Handler.dispatchMessage:99 android.os.Looper.loop:164 
11-11 14:50:00.593   675   700 W BroadcastQueue: Background execution not allowed: receiving Intent { act=mediatek.intent.action.stk.USER_ACTIVITY flg=0x10 } to com.android.stk/.EventReceiver
11-11 14:50:00.883   675   675 I MWN     : onSignalStrengthsChanged...
11-11 14:50:00.888   675   675 I MWN     : network type = 1
11-11 14:50:00.889   675   675 I MWN     : Write 0 to node. type=Wi-Fi mSimExist=true mFlightMode=false
11-11 14:50:00.890   675   675 I MWN     : write the value:0 to node successfully.
11-11 14:50:00.890   675   700 W BroadcastQueue: Background execution not allowed: receiving Intent { act=android.intent.action.SIG_STR flg=0x10 (has extras) } to com.xingin.xhs/org.daemon.receiver.ConnectivityReceiver
11-11 14:50:01.113   675   701 W ContextImpl: Calling a method in the system process without a qualified user: android.app.ContextImpl.sendBroadcast:967 com.mediatek.server.stk.StkManagerImpl$2.run:110 android.os.Handler.handleCallback:790 android.os.Handler.dispatchMessage:99 android.os.Looper.loop:164 
11-11 14:50:01.114   675   700 W BroadcastQueue: Background execution not allowed: receiving Intent { act=mediatek.intent.action.stk.USER_ACTIVITY flg=0x10 } to com.android.stk/.EventReceiver
11-11 14:50:01.624   675   701 W ContextImpl: Calling a method in the system process without a qualified user: android.app.ContextImpl.sendBroadcast:967 com.mediatek.server.stk.StkManagerImpl$2.run:110 android.os.Handler.handleCallback:790 android.os.Handler.dispatchMessage:99 android.os.Looper.loop:164 
11-11 14:50:01.627   675   700 W BroadcastQueue: Background execution not allowed: receiving Intent { act=mediatek.intent.action.stk.USER_ACTIVITY flg=0x10 } to com.android.stk/.EventReceiver
11-11 14:50:02.073   675  1609 I ActivityManager: Process com.google.process.gapps (pid 26105) has died: cch+2CEM 
11-11 14:50:02.136   675   701 W ContextImpl: Calling a method in the system process without a qualified user: android.app.ContextImpl.sendBroadcast:967 com.mediatek.server.stk.StkManagerImpl$2.run:110 android.os.Handler.handleCallback:790 android.os.Handler.dispatchMessage:99 android.os.Looper.loop:164 
11-11 14:50:02.138   675   700 W BroadcastQueue: Background execution not allowed: receiving Intent { act=mediatek.intent.action.stk.USER_ACTIVITY flg=0x10 } to com.android.stk/.EventReceiver
11-11 14:50:02.651   675   701 W ContextImpl: Calling a method in the system process without a qualified user: android.app.ContextImpl.sendBroadcast:967 com.mediatek.server.stk.StkManagerImpl$2.run:110 android.os.Handler.handleCallback:790 android.os.Handler.dispatchMessage:99 android.os.Looper.loop:164 
11-11 14:50:02.652   675   700 W BroadcastQueue: Background execution not allowed: receiving Intent { act=mediatek.intent.action.stk.USER_ACTIVITY flg=0x10 } to com.android.stk/.EventReceiver
11-11 14:50:02.943   675   778 I NetworkStatsRecorder: recordSnapshotLocked: ident[[{type=WIFI, subType=COMBINED, networkId="NewKunlunGuest", metered=false}]]
11-11 14:50:02.949   675   778 I chatty  : uid=1000(system) NetworkStats identical 14 lines
11-11 14:50:02.949   675   778 I NetworkStatsRecorder: recordSnapshotLocked: ident[[{type=WIFI, subType=COMBINED, networkId="NewKunlunGuest", metered=false}]]
11-11 14:50:02.950   675   778 D NetworkStatsRecorder: forcePersistLocked() writing for dev
11-11 14:50:02.956   675   778 D NetworkStatsRecorder: forcePersistLocked() writing for xt
11-11 14:50:03.178   675   701 W ContextImpl: Calling a method in the system process without a qualified user: android.app.ContextImpl.sendBroadcast:967 com.mediatek.server.stk.StkManagerImpl$2.run:110 android.os.Handler.handleCallback:790 android.os.Handler.dispatchMessage:99 android.os.Looper.loop:164 
11-11 14:50:03.179   675   700 W BroadcastQueue: Background execution not allowed: receiving Intent { act=mediatek.intent.action.stk.USER_ACTIVITY flg=0x10 } to com.android.stk/.EventReceiver
11-11 14:50:03.689   675   701 W ContextImpl: Calling a method in the system process without a qualified user: android.app.ContextImpl.sendBroadcast:967 com.mediatek.server.stk.StkManagerImpl$2.run:110 android.os.Handler.handleCallback:790 android.os.Handler.dispatchMessage:99 android.os.Looper.loop:164 
11-11 14:50:03.690   675   700 W BroadcastQueue: Background execution not allowed: receiving Intent { act=mediatek.intent.action.stk.USER_ACTIVITY flg=0x10 } to com.android.stk/.EventReceiver
11-11 14:50:04.058   675   675 I DeviceIdleController: updateChargingLocked: charging=true
11-11 14:50:04.058   675   675 I DeviceIdleController: becomeActiveLocked, reason = charging
11-11 14:50:04.207   675   701 W ContextImpl: Calling a method in the system process without a qualified user: android.app.ContextImpl.sendBroadcast:967 com.mediatek.server.stk.StkManagerImpl$2.run:110 android.os.Handler.handleCallback:790 android.os.Handler.dispatchMessage:99 android.os.Looper.loop:164 
11-11 14:50:04.208   675   700 W BroadcastQueue: Background execution not allowed: receiving Intent { act=mediatek.intent.action.stk.USER_ACTIVITY flg=0x10 } to com.android.stk/.EventReceiver
11-11 14:50:04.718   675   701 W ContextImpl: Calling a method in the system process without a qualified user: android.app.ContextImpl.sendBroadcast:967 com.mediatek.server.stk.StkManagerImpl$2.run:110 android.os.Handler.handleCallback:790 android.os.Handler.dispatchMessage:99 android.os.Looper.loop:164 
11-11 14:50:04.719   675   700 W BroadcastQueue: Background execution not allowed: receiving Intent { act=mediatek.intent.action.stk.USER_ACTIVITY flg=0x10 } to com.android.stk/.EventReceiver
11-11 14:50:04.739   675   701 W ContextImpl: Calling a method in the system process without a qualified user: android.app.ContextImpl.sendBroadcast:967 com.mediatek.server.stk.StkManagerImpl$2.run:110 android.os.Handler.handleCallback:790 android.os.Handler.dispatchMessage:99 android.os.Looper.loop:164 
11-11 14:50:04.740   675   700 W BroadcastQueue: Background execution not allowed: receiving Intent { act=mediatek.intent.action.stk.USER_ACTIVITY flg=0x10 } to com.android.stk/.EventReceiver
11-11 14:50:05.072   675   760 V SettingsProvider: name : battery_remaining_time appId : 1000
11-11 14:50:05.264   675   701 W ContextImpl: Calling a method in the system process without a qualified user: android.app.ContextImpl.sendBroadcast:967 com.mediatek.server.stk.StkManagerImpl$2.run:110 android.os.Handler.handleCallback:790 android.os.Handler.dispatchMessage:99 android.os.Looper.loop:164 
