11-11 14:50:59.584 27635 27649 I ChimeraSrvcProxy: NullBinder for com.google.android.mdd.service.START triggering remote TransactionTooLargeException due to Service without Chimera impl
11-11 14:50:59.585 18016 18098 E JavaBinder: !!! FAILED BINDER TRANSACTION !!!  (parcel size = 908)
11-11 14:50:59.586 18016 18098 W GmsClient: IGmsServiceBroker.getService failed
11-11 14:50:59.586 18016 18098 W GmsClient: android.os.DeadObjectException: Transaction failed on small parcel; remote process probably died
11-11 14:50:59.586 18016 18098 W GmsClient: 	at android.os.BinderProxy.transactNative(Native Method)
11-11 14:50:59.586 18016 18098 W GmsClient: 	at android.os.BinderProxy.transact(Binder.java:764)
11-11 14:50:59.586 18016 18098 W GmsClient: 	at qdh.a(:com.google.android.gms@19629045@19.6.29 (110306-278422107):4)
11-11 14:50:59.586 18016 18098 W GmsClient: 	at qbi.a(:com.google.android.gms@19629045@19.6.29 (110306-278422107):91)
11-11 14:50:59.586 18016 18098 W GmsClient: 	at poe.run(:com.google.android.gms@19629045@19.6.29 (110306-278422107):7)
11-11 14:50:59.586 18016 18098 W GmsClient: 	at android.os.Handler.handleCallback(Handler.java:790)
11-11 14:50:59.586 18016 18098 W GmsClient: 	at android.os.Handler.dispatchMessage(Handler.java:99)
11-11 14:50:59.586 18016 18098 W GmsClient: 	at aakt.a(:com.google.android.gms@19629045@19.6.29 (110306-278422107):2)
11-11 14:50:59.586 18016 18098 W GmsClient: 	at aakt.dispatchMessage(:com.google.android.gms@19629045@19.6.29 (110306-278422107):15)
11-11 14:50:59.586 18016 18098 W GmsClient: 	at android.os.Looper.loop(Looper.java:164)
11-11 14:50:59.586 18016 18098 W GmsClient: 	at android.os.HandlerThread.run(HandlerThread.java:65)
11-11 14:50:59.664   675   933 D AES     : AEEIOCTL_GET/SET_SF_STATE IOCTL,cmd= 1074294797, lParam=0. 
11-11 14:50:59.664   675   933 D AES     : AEEIOCTL_RT_MON_Kick IOCTL,cmd= 2147774474, lParam=300. 
11-11 14:51:00.002   830   830 D KeyguardUpdateMonitor: send updateTime msg
11-11 14:51:00.005   675   769 D MtkDataShapingUtils: openLteGateByDataShaping datashaping instance is null
11-11 14:51:00.016   830   830 D ClockUtil: onTimeChanged callback : com.transsion.mgzkeyguard.KeyguardTextClock$1@2bd28f0
11-11 14:51:00.016   830   830 D KeyguardTextClock: hourModeEnabled : false  hour + 2
11-11 14:51:01.148   675   675 I MWN     : onSignalStrengthsChanged...
11-11 14:51:01.153   675   675 I MWN     : network type = 1
11-11 14:51:01.154   675   675 I MWN     : Write 0 to node. type=Wi-Fi mSimExist=true mFlightMode=false
11-11 14:51:01.155   675   675 I MWN     : write the value:0 to node successfully.
11-11 14:51:01.167   675   700 W BroadcastQueue: Background execution not allowed: receiving Intent { act=android.intent.action.SIG_STR flg=0x10 (has extras) } to com.xingin.xhs/org.daemon.receiver.ConnectivityReceiver
11-11 14:51:01.422   264   435 I BufferQueueProducer: [StatusBar#0](this:0xabc4a000,id:4,api:1,p:830,c:264) queueBuffer: fps=2.51 dur=1990.53 max=998.48 min=8.04
11-11 14:51:01.431   264   264 I DisplayDevice: [Built-in Screen (type:0)] fps:2.519961,dur:1984.16,max:993.27,min:16.31
11-11 14:51:02.423   264   435 I BufferQueueProducer: [StatusBar#0](this:0xabc4a000,id:4,api:1,p:830,c:264) queueBuffer: fps=1.00 dur=1001.35 max=1001.35 min=1001.35
11-11 14:51:02.439   264   264 I DisplayDevice: [Built-in Screen (type:0)] fps:0.991853,dur:1008.21,max:1008.21,min:1008.21
11-11 14:51:02.504   675   769 D MtkDataShapingUtils: openLteGateByDataShaping datashaping instance is null
11-11 14:51:02.522   675   699 D DeviceIdleController: handleMessage(7)
11-11 14:51:02.569   675   699 I ActivityManager: Start proc 26789:com.transsion.phoenix/u0a78 for service com.transsion.phoenix/com.proj.sun.alive.sync.SyncService
11-11 14:51:02.569   675   699 D ActivityManager: AMS: *** Launch app com.transsion.phoenix/10078 for service Intent { act=android.content.SyncAdapter cmp=com.transsion.phoenix/com.proj.sun.alive.sync.SyncService }, from android/1000.
11-11 14:51:02.833 26789 26789 I MultiDex: VM with version 2.1.0 has multidex support
11-11 14:51:02.833 26789 26789 I MultiDex: Installing application
11-11 14:51:02.833 26789 26789 I MultiDex: VM has multidex support, MultiDex support library is disabled.
11-11 14:51:02.836 26789 26789 I LoadedApk: No resource references to update in package com.transsion.theme.icon
11-11 14:51:02.888 26789 26789 D FirebaseApp: com.google.firebase.auth.FirebaseAuth is not linked. Skipping initialization.
11-11 14:51:02.889 26789 26789 D FirebaseApp: com.google.firebase.crash.FirebaseCrash is not linked. Skipping initialization.
11-11 14:51:02.891 26789 26789 I FirebaseInitProvider: FirebaseApp initialization successful
11-11 14:51:02.898 26789 26789 V FA      : Deferring to Google Analytics for Firebase for event data collection. https://goo.gl/J1sWQy
11-11 14:51:02.946 26789 26807 W zygote  : Unsupported class loader
11-11 14:51:02.958 26789 26807 W zygote  : Skipping duplicate class check due to unsupported classloader
11-11 14:51:02.970 26789 26807 I DynamiteModule: Considering local module com.google.android.gms.ads.dynamite:0 and remote module com.google.android.gms.ads.dynamite:21001
11-11 14:51:02.970 26789 26807 I DynamiteModule: Selected remote version of com.google.android.gms.ads.dynamite, version >= 21001
11-11 14:51:02.970 26789 26807 V DynamiteModule: Dynamite loader version >= 2, using loadModule2NoCrashUtils
11-11 14:51:03.124 26789 26807 W zygote  : Unsupported class loader
11-11 14:51:03.160 26789 26811 I Updater : ========= update_all ========
11-11 14:51:03.160 26789 26811 I Updater : {"updateVer":1001,"updateFreq":5,"updateType":2,"updateMinVer":0,"updateMaxVer":1623,"updateInterval":2,"updateLatestVer":1623}
11-11 14:51:03.161 26789 26811 I Updater : ========= update_content ========
11-11 14:51:03.161 26789 26811 I Updater : <p>* Add videodetect download instructions</p> <p>* Optimize video download style of some websites</p> <p>* Fixed the error issues when downloading the video on the facebook page</p> <p>* Optimized that's unable to log in to Google account in some websites</p> <p>* Speed up startup time</p> <p>* Fix some known problems</p>
11-11 14:51:03.239  5790  5790 E phonemaster_log: HiManager_SimUtils: findRecordBySubId
11-11 14:51:03.242  5790  5790 E phonemaster_log: HiManager_NetWorkPresenterGP: 
11-11 14:51:03.271 26789 26804 I FA      : App measurement is starting up, version: 13001
11-11 14:51:03.271 26789 26804 I FA      : To enable debug logging run: adb shell setprop log.tag.FA VERBOSE
11-11 14:51:03.271 26789 26804 I FA      : To enable faster debug mode event logging run:
11-11 14:51:03.271 26789 26804 I FA      :   adb shell setprop debug.firebase.analytics.app com.transsion.phoenix
11-11 14:51:03.371   675   675 I ActivityManager: Start proc 26819:com.android.vending/u0a33 for service com.android.vending/com.google.android.finsky.scheduler.JobSchedulerEngine$PhoneskyJobSchedulerJobService
11-11 14:51:03.371   675   675 D ActivityManager: AMS: *** Launch app com.android.vending/10033 for service Intent { cmp=com.android.vending/com.google.android.finsky.scheduler.JobSchedulerEngine$PhoneskyJobSchedulerJobService }, from android/1000.
11-11 14:51:03.375   675   699 D DeviceIdleController: handleMessage(7)
11-11 14:51:03.396   830   830 D StatusBar: onNotificationPosted: StatusBarNotification(pkg=com.transsion.phonemaster user=UserHandle{0} id=57 tag=null key=0|com.transsion.phonemaster|57|null|10079: Notification(channel=2 pri=2 contentView=com.transsion.phonemaster/0x7f0a015d vibrate=null sound=null defaults=0x0 flags=0xa color=0x00000000 vis=PRIVATE))
11-11 14:51:03.440   830   830 D StatusBar: No peeking: unimportant notification: 0|com.transsion.phonemaster|57|null|10079
11-11 14:51:03.494 26789 26804 I FA      : Tag Manager is not found and thus will not be used
11-11 14:51:03.598 26819 26819 I LoadedApk: No resource references to update in package com.transsion.theme.icon
11-11 14:51:03.612   264   621 I BufferQueueProducer: [StatusBar#0](this:0xabc4a000,id:4,api:1,p:830,c:264) queueBuffer: fps=0.84 dur=1188.99 max=1188.99 min=1188.99
11-11 14:51:03.631   264   264 I DisplayDevice: [Built-in Screen (type:0)] fps:0.839165,dur:1191.66,max:1191.66,min:1191.66
11-11 14:51:03.690 26819 26819 I Finsky  : [2] ecr.aI(9): Process created at version: 17.3.16-all [0] [PR] 277156053
11-11 14:51:03.878   675  1609 I ActivityManager: Start proc 26846:com.google.process.gservices/u0a13 for content provider com.google.android.gsf/.gservices.GservicesProvider
11-11 14:51:03.878   675  1609 W ActivityManager: Slow operation: 62ms so far, now at getContentProviderImpl: after start process
11-11 14:51:03.878   675  1609 W ActivityManager: Slow operation: 62ms so far, now at getContentProviderImpl: updating data structures
11-11 14:51:03.878   675  1609 W ActivityManager: Slow operation: 62ms so far, now at getContentProviderImpl: done!
11-11 14:51:03.984 26846 26846 I LoadedApk: No resource references to update in package com.transsion.theme.icon
11-11 14:51:03.991 26846 26846 I GservicesProvider: Gservices pushing to system: true; secure/global: true
11-11 14:51:04.068   675   675 I DeviceIdleController: updateChargingLocked: charging=true
11-11 14:51:04.068   675   675 I DeviceIdleController: becomeActiveLocked, reason = charging
11-11 14:51:04.085  5449  5449 I PC_BatteryChangedReceiver: level: 53, remindValue: 15, status: 2
11-11 14:51:04.085  5449  5449 D PC_BatteryChangedReceiver: isGameMode: false
11-11 14:51:04.085  5449  5449 D PC_BatteryChangedReceiver: onReceive: false
11-11 14:51:04.085  5449  5449 D PC_BatteryChangedReceiver: isGameMode: false
11-11 14:51:04.086  5449  5449 D PC_NotificationUtils: cancelNotification: 
11-11 14:51:04.086  5449  5449 D PC_BatteryChangedReceiver: onReceive: battary on charge
11-11 14:51:04.217 26819 26845 I Finsky  : [15952] qsx.a(38): Started reading experiment flags from file [0tGUNCGIkbk4o6-fQ335kUYSKwVj4lusnHT-A5Dsy08].
11-11 14:51:04.233 26819 26845 I Finsky  : [15952] qsx.a(49): Finished reading experiment flags from file [0tGUNCGIkbk4o6-fQ335kUYSKwVj4lusnHT-A5Dsy08].
11-11 14:51:04.247   675  1398 V SettingsProvider: packageValueForCallResult, name = device_provisioned, value : Bundle[{_track_generation=android.util.MemoryIntArray@5e, value=1, _generation_index=0, _generation=51}]
11-11 14:51:04.249 26819 26845 I Finsky  : [15952] qsx.a(38): Started reading experiment flags from file [y3AGubKmYI12TYJ5ux95b8MQLAow8WkGUhHr0EdzPCg].
11-11 14:51:04.254 26819 26845 I Finsky  : [15952] qsx.a(49): Finished reading experiment flags from file [y3AGubKmYI12TYJ5ux95b8MQLAow8WkGUhHr0EdzPCg].
11-11 14:51:04.280 26819 26819 I Finsky  : [2] qsx.a(38): Started reading experiment flags from file [Se-xCc4LzNyh3UrKMIU2sUf-PUKz4oQEbpKZDMuaFno].
11-11 14:51:04.286 26819 26819 I Finsky  : [2] qsx.a(49): Finished reading experiment flags from file [Se-xCc4LzNyh3UrKMIU2sUf-PUKz4oQEbpKZDMuaFno].
11-11 14:51:04.316 26819 26819 I Finsky  : [2] tbu.<init>(14): Resetting scheduler db
11-11 14:51:04.403 26819 26843 I cr_CronetLibraryLoader: Cronet version: 79.0.3940.0, arch: armv7l
11-11 14:51:04.415   675  6720 V SettingsProvider: packageValueForCallResult, name = android_id, value : Bundle[{_track_generation=android.util.MemoryIntArray@5e, value=775966cec3e2068f, _generation_index=1, _generation=20}]
11-11 14:51:04.417 26819 26842 I Finsky  : [15949] ecr.Y(6): Not a unicorn account
11-11 14:51:04.426 26819 26842 I Finsky  : [15949] ecr.aS(5): Disable SystemUpdateActivity, because Android is lower than Q
11-11 14:51:04.436 26819 26842 I Finsky  : [15949] qic.<init>(5): Registering in memory receiver for android.intent.action.PACKAGE_ADDED
11-11 14:51:04.446 26819 26877 I Finsky  : [15964] ebr.run(3): Set SystemUpdateActivity enabled state to 2
11-11 14:51:04.511   675  6720 I ActivityManager: Start proc 26892:com.google.process.gapps/u0a13 for content provider com.google.android.gsf/.settings.GoogleSettingsProvider
11-11 14:51:04.539 26819 26841 W Settings: Setting download_manager_max_bytes_over_mobile has moved from android.provider.Settings.Secure to android.provider.Settings.Global.
11-11 14:51:04.545 26819 26841 I Finsky  : [15948] poe.a(5): SettingNotFoundException, fall through to G.downloadBytesOverMobileMaximum
11-11 14:51:04.546 26819 26841 W Settings: Setting download_manager_recommended_max_bytes_over_mobile has moved from android.provider.Settings.Secure to android.provider.Settings.Global.
11-11 14:51:04.548 26819 26841 I Finsky  : [15948] poe.a(9): SettingNotFoundException, fall through to G.downloadBytesOverMobileRecommended
11-11 14:51:04.549 26819 26841 I Finsky  : [15948] ajfz.a(2): registerListener
11-11 14:51:04.555 26819 26841 I chatty  : uid=10033(com.android.vending) identical 1 line
11-11 14:51:04.557 26819 26841 I Finsky  : [15948] ajfz.a(2): registerListener
11-11 14:51:04.628 26819 26841 I Finsky  : [15948] ywy.j(5): Setup app restrictions monitor
11-11 14:51:04.632 26819 26841 I Finsky  : [15948] yyt.a(4): Device wide unknown source restriction is changed.
11-11 14:51:04.652 26892 26892 I LoadedApk: No resource references to update in package com.transsion.theme.icon
11-11 14:51:04.681 26892 26892 I GoogleHttpClient: GMS http client unavailable, use old client
11-11 14:51:04.712 27635 27649 I ChimeraSrvcProxy: NullBinder for com.google.android.mdd.service.START triggering remote TransactionTooLargeException due to Service without Chimera impl
11-11 14:51:04.713 18016 18098 E JavaBinder: !!! FAILED BINDER TRANSACTION !!!  (parcel size = 908)
11-11 14:51:04.714 18016 18098 W GmsClient: IGmsServiceBroker.getService failed
11-11 14:51:04.714 18016 18098 W GmsClient: android.os.DeadObjectException: Transaction failed on small parcel; remote process probably died
11-11 14:51:04.714 18016 18098 W GmsClient: 	at android.os.BinderProxy.transactNative(Native Method)
11-11 14:51:04.714 18016 18098 W GmsClient: 	at android.os.BinderProxy.transact(Binder.java:764)
11-11 14:51:04.714 18016 18098 W GmsClient: 	at qdh.a(:com.google.android.gms@19629045@19.6.29 (110306-278422107):4)
11-11 14:51:04.714 18016 18098 W GmsClient: 	at qbi.a(:com.google.android.gms@19629045@19.6.29 (110306-278422107):91)
11-11 14:51:04.714 18016 18098 W GmsClient: 	at poe.run(:com.google.android.gms@19629045@19.6.29 (110306-278422107):7)
11-11 14:51:04.714 18016 18098 W GmsClient: 	at android.os.Handler.handleCallback(Handler.java:790)
11-11 14:51:04.714 18016 18098 W GmsClient: 	at android.os.Handler.dispatchMessage(Handler.java:99)
11-11 14:51:04.714 18016 18098 W GmsClient: 	at aakt.a(:com.google.android.gms@19629045@19.6.29 (110306-278422107):2)
11-11 14:51:04.714 18016 18098 W GmsClient: 	at aakt.dispatchMessage(:com.google.android.gms@19629045@19.6.29 (110306-278422107):15)
11-11 14:51:04.714 18016 18098 W GmsClient: 	at android.os.Looper.loop(Looper.java:164)
11-11 14:51:04.714 18016 18098 W GmsClient: 	at android.os.HandlerThread.run(HandlerThread.java:65)
11-11 14:51:04.848 26819 26819 I Finsky  : [2] pgo.onTrimMemory(1): Memory trim requested to level 15
11-11 14:51:04.872 26819 26819 I Finsky  : [2] mlq.<init>(16): Installer: Setting Parallelism[DEFAULT]
11-11 14:51:04.877 26819 26819 I Finsky  : [2] mja.a(19): Installer: Attempting to start installer
11-11 14:51:04.879 26819 26819 I Finsky  : [2] ajfz.a(2): registerListener
11-11 14:51:04.882 26819 26819 I Finsky  : [2] meo.<init>(7): Not checking if recovering from paused session because experiment is off
11-11 14:51:04.890 26819 26819 I Finsky  : [2] com.google.android.finsky.scheduler.JobSchedulerEngine$PhoneskyJobSchedulerJobService.onStartJob(5): SCH: onJobSchedulerWakeup with jobId 9007
11-11 14:51:04.897 26819 26868 I Finsky  : [15960] orn.a(14): Loaded library for account: [SvIRtbjqNpKBxJI-whJB91UiPJIvoDwI8w4ZMXo3xIQ]
11-11 14:51:04.898 26819 26868 I Finsky  : [15960] orn.a(16): Finished loading 1 libraries.
11-11 14:51:04.935 26819 26819 I Finsky  : [2] sys.a(24): Scheduling fallback job with id: 9034, and delay: 43200000 ms
11-11 14:51:04.962   263   263 I lowmemorykiller: Killing 'com.transsion.phoenix' (26789), uid 10078, adj 900
11-11 14:51:04.962   263   263 I lowmemorykiller:    to free 60108kB because system is under medium memory pressure oom_adj 800
11-11 14:51:04.967 26819 26819 I Finsky  : [2] sys.a(5): Scheduling fallback in 64799973 (absolute: 1097513913)
11-11 14:51:04.983 26819 26819 I Finsky  : [2] guv.onSubscriptionsChanged(1): onSubscriptionsChanged
11-11 14:51:04.989 26819 26819 I Finsky  : [2] mja.a(217): Installer kick - no action, not running yet
11-11 14:51:04.990 26819 26819 I Finsky  : [2] mja.a(217): Installer kick - no action, not running yet
11-11 14:51:05.006 26819 26916 I Finsky  : [15987] jng.a(2): getDownloads(-)
11-11 14:51:05.014 26819 26921 I Finsky  : [15991] ajgh.a(7): Initiate binding to the service.
11-11 14:51:05.019 26819 26845 D NetworkSecurityConfig: No Network Security Config specified, using platform default
11-11 14:51:05.031 26819 26845 I System.out: isEmailSend:GET
11-11 14:51:05.039   675  6720 I ActivityManager: Start proc 26923:com.android.vending:download_service/u0a33 for service com.android.vending/com.google.android.finsky.downloadservice.DownloadService
11-11 14:51:05.040   675  6720 D ActivityManager: AMS: *** Launch app com.android.vending/10033 for service Intent { act=com.google.android.finsky.BIND_DOWNLOAD_SERVICE pkg=com.android.vending }, from com.android.vending/10033.
11-11 14:51:05.045 26819 26845 I System.out: port:443
11-11 14:51:05.074   675  1609 I ActivityManager: Start proc 26936:android.process.media/u0a28 for content provider com.android.providers.downloads/.DownloadProvider
11-11 14:51:05.089   675  1241 I WifiService: getVerboseLoggingLevel uid=1000
11-11 14:51:05.090   675  1241 I WifiService: getWifiApEnabledState uid=1000
11-11 14:51:05.094  5449  5449 D PowerSaveUtils: isUltraPowerOn(context) isOn=false
11-11 14:51:05.096  5449  5449 D PowerSaveUtils: getConfigCurrent isUltraModeOn:false
11-11 14:51:05.096  5449  5449 D PowerSaveUtils: config details is : bright->102wifiEnable-> truewifiApEnable->falsebtEnable->falsedataEnable->falsegpsEnable->truethreeGEnable->trueautoSyncEnable->trueisScreenModeOn->falseisUltraModeOn->falseisBatterySaverOn->false
11-11 14:51:05.097  5449  5449 D PowerSaveUtils: getConfigCurrent current:38.5
11-11 14:51:05.097   675  1241 V SettingsProvider: name : battery_remaining_time appId : 1000
11-11 14:51:05.098  5449  5449 D PowerSaveUtils: hours:8,min:26
11-11 14:51:05.130   675  6720 I ActivityManager: Process com.transsion.phoenix (pid 26789) has died: cch  CEM 
11-11 14:51:05.131   675   705 W zygote  : kill(-26789, 9) failed: No such process
11-11 14:51:05.153 26936 26936 I zygote  : The ClassLoaderContext is a special shared library.
11-11 14:51:05.168   264   264 I DisplayDevice: [Built-in Screen (type:0)] fps:3.902390,dur:1537.52,max:727.74,min:16.42
11-11 14:51:05.176   675   705 W zygote  : kill(-26789, 9) failed: No such process
11-11 14:51:05.177   675   705 I zygote  : Successfully killed process cgroup uid 10078 pid 26789 in 46ms
11-11 14:51:05.178   675   705 D ProcessManager: killAllBackgroundProcesses
11-11 14:51:05.204 26936 26936 I LoadedApk: No resource references to update in package com.transsion.theme.icon
11-11 14:51:05.226 26923 26923 I LoadedApk: No resource references to update in package com.transsion.theme.icon
11-11 14:51:05.228 26936 26936 I zygote  : The ClassLoaderContext is a special shared library.
11-11 14:51:05.230   675   684 I zygote  : Background concurrent copying GC freed 142590(5MB) AllocSpace objects, 43(2MB) LOS objects, 42% free, 24MB/42MB, paused 6.179ms total 495.134ms
11-11 14:51:05.235 26923 26923 I Finsky:download_service: [2] ecr.aI(9): Process created at version: 17.3.16-all [0] [PR] 277156053
11-11 14:51:05.251 26936 26936 D FileSystemProvider: onCreate mFSPHelper : com.mediatek.internal.content.MtkFileSystemProviderHelper@4946fe6
11-11 14:51:05.259 26819 26845 I System.out: [OkHttp] sendRequest>>
11-11 14:51:05.259 26819 26845 I System.out: [OkHttp] sendRequest<<
11-11 14:51:05.365   675   988 D MtkConnectivityService: requestNetwork for uid/pid:10033/26923 NetworkRequest [ TRACK_DEFAULT id=743, [ Capabilities: INTERNET&NOT_RESTRICTED&TRUSTED&NOT_VPN] ]
11-11 14:51:05.367   977   977 D PhoneSwitcherNetworkRequstListener: got request NetworkRequest [ TRACK_DEFAULT id=743, [ Capabilities: INTERNET&NOT_RESTRICTED&TRUSTED&NOT_VPN] ] with score 60
11-11 14:51:05.368   675   782 D WIFI    : got request NetworkRequest [ TRACK_DEFAULT id=743, [ Capabilities: INTERNET&NOT_RESTRICTED&TRUSTED&NOT_VPN] ] with score 60
11-11 14:51:05.368   675   782 D WIFI_UT : got request NetworkRequest [ TRACK_DEFAULT id=743, [ Capabilities: INTERNET&NOT_RESTRICTED&TRUSTED&NOT_VPN] ] with score 60
11-11 14:51:05.377 26923 26958 I Finsky:download_service: [15960] jfv.a(1): Trying to resume downloads.
11-11 14:51:05.377 26819 26819 I Finsky  : [2] ajgn.onServiceConnected(2): ServiceConnectionImpl.onServiceConnected(ComponentInfo{com.android.vending/com.google.android.finsky.downloadservice.DownloadService})
11-11 14:51:05.377 26936 26936 I LoadedApk: No resource references to update in package com.transsion.theme.icon
11-11 14:51:05.378 26819 26921 I Finsky  : [15991] ajgl.a(4): linkToDeath
11-11 14:51:05.381 26923 26950 I Finsky:download_service: [15956] jhi.a(13): Starting getDownloads().
11-11 14:51:05.381 26923 26959 I Finsky:download_service: [15961] jgi.onAvailable(3): Network is available [NetworkState{connected=true, wifi=true, metered=false, roaming=false}].
11-11 14:51:05.385 26936 26936 D MtpService: Adding MTP storage 0x10001 at /storage/emulated/0
11-11 14:51:05.386 26936 26936 D MtpService: starting MTP server in MTP mode with storage /storage/emulated/0
11-11 14:51:05.390 26936 26936 I MediaFactory: [static] sMediaFactory = com.mediatek.media.MediaFactoryImpl@9e34fca
11-11 14:51:05.418   264   621 I BufferQueueProducer: [StatusBar#0](this:0xabc4a000,id:4,api:1,p:830,c:264) queueBuffer: fps=3.32 dur=1806.59 max=986.09 min=4.94
11-11 14:51:05.430 26936 26936 D MtpService: Adding MTP storage 0x10001 at /storage/emulated/0
11-11 14:51:05.431 26936 26964 E MtpServer: MtpServer was never configured!
11-11 14:51:05.458 26819 26921 I Finsky  : [15991] ajgi.a(2): Unbind from service.
11-11 14:51:05.460 26819 26872 I Finsky  : [15963] jms.d(6): onGetDownloads()
11-11 14:51:05.463 26819 26920 I Finsky  : [15990] mib.run(2): Installer: Installer starting.
11-11 14:51:05.463 26819 26920 I Finsky  : [15990] mib.run(4): Installer: Installer started.
11-11 14:51:05.470 26819 26819 I Finsky  : [2] mja.a(225): Installer: found apps to install. isMultiUserMode=false, apps=[]
11-11 14:51:05.503 26819 26819 I Finsky  : [2] ujx.a(20): Connecting InstallListener to SplitInstallService broadcaster...
11-11 14:51:05.511  5790  6047 D phonemaster_log: HiManager_ViewUtil: ViewUtilisShowNotification false
11-11 14:51:05.511  5790  6047 D phonemaster_log: HiManager_MasterCoreService: MESSAGE_SERVICE_WHAT_UPDATE_NOTIFICATION isShowNotificationfalse
11-11 14:51:05.579 26819 26819 I Finsky  : [2] sze.handleMessage(10): SCH: DeviceState: DeviceState{currentTime=1573455065573, isCharging=false, isIdle=false, netAny=true, netNotRoaming=false, netUnmetered=true, batteryPercent=53.0}
11-11 14:51:05.588 26819 26866 I Finsky  : [15958] tbu.a(7): SCH: Jobs in database: 1-1337 26-1414141414 29-29 34-80 34-81 34-89 34-93 34-96 34-97 34-98 34-99 34-100 34-101 
11-11 14:51:05.606 26819 26819 I Finsky  : [2] sze.handleMessage(65): SCH: RunningQueue size: 0, PendingQueue size: 0
11-11 14:51:05.606 26819 26819 I Finsky  : [2] sze.handleMessage(73): Waiting on changed job store
11-11 14:51:05.656   977  1181 D PhoneInterfaceManager: [PhoneIntfMgr] SubscriptionManager.getPhoneId(3)=0
11-11 14:51:05.663   977  1181 D PhoneInterfaceManager: [PhoneIntfMgr] SubscriptionManager.getPhoneId(3)=0
11-11 14:51:06.423   264   621 I BufferQueueProducer: [StatusBar#0](this:0xabc4a000,id:4,api:1,p:830,c:264) queueBuffer: fps=14.93 dur=1004.96 max=741.86 min=14.88
11-11 14:51:06.443   264   264 I DisplayDevice: [Built-in Screen (type:0)] fps:12.554975,dur:1274.40,max:745.71,min:16.25
11-11 14:51:06.661   977  1181 D PhoneInterfaceManager: [PhoneIntfMgr] SubscriptionManager.getPhoneId(3)=0
11-11 14:51:06.672   977  1181 D PhoneInterfaceManager: [PhoneIntfMgr] SubscriptionManager.getPhoneId(3)=0
11-11 14:51:07.438   264   621 I BufferQueueProducer: [StatusBar#0](this:0xabc4a000,id:4,api:1,p:830,c:264) queueBuffer: fps=2.96 dur=1014.53 max=728.95 min=17.26
11-11 14:51:07.451   264   264 I DisplayDevice: [Built-in Screen (type:0)] fps:2.974591,dur:1008.54,max:727.45,min:16.56
11-11 14:51:07.647   307   307 I thermal_repeater: [recvMdThermalInfo] ret=9, strLen=127,  1, 32767
11-11 14:51:08.537 26819 26833 I zygote  : Waiting for a blocking GC ProfileSaver
11-11 14:51:08.562 26819 26833 I zygote  : WaitForGcToComplete blocked ProfileSaver on AddRemoveAppImageSpace for 25.514ms
11-11 14:51:08.563 26819 26827 W JavaBinder: BinderProxy is being destroyed but the application did not call unlinkToDeath to unlink all of its death recipients beforehand.  Releasing leaked death recipient: ajgg
11-11 14:51:08.586 26819 26845 I System.out: isEmailSend:GET
11-11 14:51:08.586 26819 26845 I System.out: [OkHttp] sendRequest>>
11-11 14:51:08.586 26819 26845 I System.out: [OkHttp] sendRequest<<
11-11 14:51:08.667   977  1181 D PhoneInterfaceManager: [PhoneIntfMgr] SubscriptionManager.getPhoneId(3)=0
11-11 14:51:08.678   977  1181 D PhoneInterfaceManager: [PhoneIntfMgr] SubscriptionManager.getPhoneId(3)=0
11-11 14:51:08.693   264   435 I BufferQueueProducer: [StatusBar#0](this:0xabc4a000,id:4,api:1,p:830,c:264) queueBuffer: fps=11.16 dur=1255.02 max=784.96 min=15.21
11-11 14:51:08.709   264   264 I DisplayDevice: [Built-in Screen (type:0)] fps:11.135731,dur:1257.21,max:777.31,min:16.43
11-11 14:51:09.392   675   700 I ActivityManager: Start proc 26973:com.tencent.mm:push/u0a101 for service com.tencent.mm/.booter.CoreService
11-11 14:51:09.393   675   700 D ActivityManager: AMS: *** Launch app com.tencent.mm/10101 for service Intent { cmp=com.tencent.mm/.booter.CoreService }, from null/-1.
11-11 14:51:09.459 26973 26973 I zygote  : The ClassLoaderContext is a special shared library.
11-11 14:51:09.667   977  1181 D PhoneInterfaceManager: [PhoneIntfMgr] SubscriptionManager.getPhoneId(3)=0
11-11 14:51:09.677   977  1181 D PhoneInterfaceManager: [PhoneIntfMgr] SubscriptionManager.getPhoneId(3)=0
11-11 14:51:09.701   264   621 I BufferQueueProducer: [StatusBar#0](this:0xabc4a000,id:4,api:1,p:830,c:264) queueBuffer: fps=14.88 dur=1008.18 max=724.41 min=15.76
11-11 14:51:09.717   264   264 I DisplayDevice: [Built-in Screen (type:0)] fps:14.880919,dur:1008.00,max:726.98,min:16.30
11-11 14:51:09.732 26973 26973 E ActivityThread: Failed to find provider info for com.tencent.mm.coolassist.debugprovider
11-11 14:51:09.772 27635 27804 I ChimeraSrvcProxy: NullBinder for com.google.android.mdd.service.START triggering remote TransactionTooLargeException due to Service without Chimera impl
11-11 14:51:09.773 18016 18098 E JavaBinder: !!! FAILED BINDER TRANSACTION !!!  (parcel size = 908)
11-11 14:51:09.774 18016 18098 W GmsClient: IGmsServiceBroker.getService failed
11-11 14:51:09.774 18016 18098 W GmsClient: android.os.DeadObjectException: Transaction failed on small parcel; remote process probably died
11-11 14:51:09.774 18016 18098 W GmsClient: 	at android.os.BinderProxy.transactNative(Native Method)
11-11 14:51:09.774 18016 18098 W GmsClient: 	at android.os.BinderProxy.transact(Binder.java:764)
11-11 14:51:09.774 18016 18098 W GmsClient: 	at qdh.a(:com.google.android.gms@19629045@19.6.29 (110306-278422107):4)
11-11 14:51:09.774 18016 18098 W GmsClient: 	at qbi.a(:com.google.android.gms@19629045@19.6.29 (110306-278422107):91)
11-11 14:51:09.774 18016 18098 W GmsClient: 	at poe.run(:com.google.android.gms@19629045@19.6.29 (110306-278422107):7)
11-11 14:51:09.774 18016 18098 W GmsClient: 	at android.os.Handler.handleCallback(Handler.java:790)
11-11 14:51:09.774 18016 18098 W GmsClient: 	at android.os.Handler.dispatchMessage(Handler.java:99)
11-11 14:51:09.774 18016 18098 W GmsClient: 	at aakt.a(:com.google.android.gms@19629045@19.6.29 (110306-278422107):2)
11-11 14:51:09.774 18016 18098 W GmsClient: 	at aakt.dispatchMessage(:com.google.android.gms@19629045@19.6.29 (110306-278422107):15)
11-11 14:51:09.774 18016 18098 W GmsClient: 	at android.os.Looper.loop(Looper.java:164)
11-11 14:51:09.774 18016 18098 W GmsClient: 	at android.os.HandlerThread.run(HandlerThread.java:65)
11-11 14:51:09.850 26973 26973 I MMKV    : <MMKV.cpp:192::initialize> page size:4096
11-11 14:51:09.850 26973 26973 I MMKV    : <MMKV.cpp:206::initializeMMKV> root dir: /data/user/0/com.tencent.mm/files/mmkv
11-11 14:51:09.889 26973 26973 I LoadedApk: No resource references to update in package com.transsion.theme.icon
11-11 14:51:09.978 26973 26973 W tencent.mm:push: type=1400 audit(0.0:34758): avc: denied { read } for name="anr" dev="mmcblk0p27" ino=64 scontext=u:r:untrusted_app:s0:c512,c768 tcontext=u:object_r:anr_data_file:s0 tclass=dir permissive=0
11-11 14:51:09.992 26973 26973 W CrashMonitor: JNI_OnLoad
11-11 14:51:09.993 26819 26866 I Finsky  : [15958] tbu.a(7): SCH: Jobs in database: 1-1337 26-1414141414 29-29 34-80 34-81 34-89 34-93 34-96 34-97 34-98 34-99 34-100 34-101 
11-11 14:51:10.001 26973 26973 D CrashMonitor: crashInitForReport...
11-11 14:51:10.004 26973 26973 D CrashMonitor: setupMonitor...
11-11 14:51:10.010 26819 26819 I Finsky  : [2] sze.handleMessage(65): SCH: RunningQueue size: 0, PendingQueue size: 0
11-11 14:51:10.010 26819 26819 I Finsky  : [2] sze.handleMessage(29): Executor finished
11-11 14:51:10.048 26819 26819 I Finsky  : [2] tbu.a(7): SCH: Jobs in database: 1-1337 26-1414141414 29-29 34-80 34-81 34-89 34-93 34-96 34-97 34-98 34-99 34-100 34-101 
11-11 14:51:10.060 26819 26819 I Finsky  : [2] sxk.a(58): SCH: ConstraintMapping: 1-1337, 34-100,  -> L: 1559883ms, D: 51592179ms, C: false, I: false, N: 1
11-11 14:51:10.061 26819 26819 I Finsky  : [2] sxk.a(58): SCH: ConstraintMapping: 34-80, 34-81, 34-89, 34-93, 34-96, 34-97, 34-98, 34-99, 34-101,  -> L: 140914270ms, D: 1436914270ms, C: false, I: true, N: 2
11-11 14:51:10.063 26819 26819 I Finsky  : [2] sxk.a(58): SCH: ConstraintMapping: 34-80, 34-81, 34-89, 34-93, 34-96, 34-97, 34-98, 34-99, 34-101,  -> L: 140914270ms, D: 1436914270ms, C: true, I: true, N: 2
11-11 14:51:10.063 26819 26819 I Finsky  : [2] sxk.a(58): SCH: ConstraintMapping: 26-1414141414, 29-29,  -> L: 24257ms, D: 54257ms, C: false, I: false, N: 0
11-11 14:51:10.160 26819 26819 I Finsky  : [2] tac.a(37): Cancelling existing jobscheduler jobs: 9005 9006 9004 
11-11 14:51:10.161 26819 26819 I Finsky  : [2] tac.a(30): Scheduling job Id: 9000, L: 1559883, D: 51592179, C: false, I: false, N: 1
11-11 14:51:10.163 26819 26819 I Finsky  : [2] tac.a(30): Scheduling job Id: 9001, L: 140914270, D: 1436914270, C: false, I: true, N: 2
11-11 14:51:10.165 26819 26819 I Finsky  : [2] tac.a(30): Scheduling job Id: 9002, L: 140914270, D: 1436914270, C: true, I: true, N: 2
11-11 14:51:10.167 26819 26819 I Finsky  : [2] tac.a(13): Throttling wakeup for job 9003 (expected to run in 24257 ms) due to recent wakeup
11-11 14:51:10.168 26819 26819 I Finsky  : [2] tac.a(30): Scheduling job Id: 9003, L: 30000, D: 54257, C: false, I: false, N: 0
11-11 14:51:10.172 26936 26953 I zygote  : Waiting for a blocking GC ProfileSaver
11-11 14:51:10.203 26923 26954 I zygote  : Waiting for a blocking GC ProfileSaver
11-11 14:51:10.209 26819 26819 I Finsky  : [2] pgo.onTrimMemory(1): Memory trim requested to level 80
11-11 14:51:10.220 26936 26953 I zygote  : WaitForGcToComplete blocked ProfileSaver on HeapTrim for 47.725ms
11-11 14:51:10.283 26973 27004 D CrashMonitor: WaitForSignal...
11-11 14:51:10.287 26923 26954 I zygote  : WaitForGcToComplete blocked ProfileSaver on AddRemoveAppImageSpace for 84.248ms
11-11 14:51:10.756 26973 27001 D IOCanary.JNI: JNI_OnLoad
11-11 14:51:10.756 26973 27001 D IOCanary.JNI: JNI_OnLoad done
11-11 14:51:10.758 26973 27001 I IOCanary.JNI: doHook
11-11 14:51:10.759 26973 27001 I IOCanary.JNI: try to hook function in libopenjdkjvm.so.
11-11 14:51:10.762 26973 26973 W parallels-2: type=1400 audit(0.0:34759): avc: denied { execmod } for path="/system/lib/libopenjdkjvm.so" dev="mmcblk0p25" ino=1683 scontext=u:r:untrusted_app:s0:c512,c768 tcontext=u:object_r:system_file:s0 tclass=file permissive=0
11-11 14:51:10.762 26973 26973 W parallels-2: type=1400 audit(0.0:34760): avc: denied { execmod } for path="/system/lib/libopenjdkjvm.so" dev="mmcblk0p25" ino=1683 scontext=u:r:untrusted_app:s0:c512,c768 tcontext=u:object_r:system_file:s0 tclass=file permissive=0
11-11 14:51:10.763 26973 27001 I IOCanary.JNI: try to hook function in libjavacore.so.
11-11 14:51:10.765 26973 26973 W parallels-2: type=1400 audit(0.0:34761): avc: denied { execmod } for path="/system/lib/libjavacore.so" dev="mmcblk0p25" ino=1611 scontext=u:r:untrusted_app:s0:c512,c768 tcontext=u:object_r:system_file:s0 tclass=file permissive=0
11-11 14:51:10.765 26973 26973 W parallels-2: type=1400 audit(0.0:34762): avc: denied { execmod } for path="/system/lib/libjavacore.so" dev="mmcblk0p25" ino=1611 scontext=u:r:untrusted_app:s0:c512,c768 tcontext=u:object_r:system_file:s0 tclass=file permissive=0
11-11 14:51:10.765 26973 26973 I chatty  : uid=10101 com.tencent.mm:push identical 1 line
11-11 14:51:10.768 26973 26973 W parallels-2: type=1400 audit(0.0:34764): avc: denied { execmod } for path="/system/lib/libjavacore.so" dev="mmcblk0p25" ino=1611 scontext=u:r:untrusted_app:s0:c512,c768 tcontext=u:object_r:system_file:s0 tclass=file permissive=0
11-11 14:51:10.769 26973 27001 I IOCanary.JNI: try to hook function in libopenjdk.so.
11-11 14:51:10.772 26973 26973 W parallels-2: type=1400 audit(0.0:34765): avc: denied { execmod } for path="/system/lib/libopenjdk.so" dev="mmcblk0p25" ino=1682 scontext=u:r:untrusted_app:s0:c512,c768 tcontext=u:object_r:system_file:s0 tclass=file permissive=0
11-11 14:51:10.772 26973 26973 I chatty  : uid=10101 com.tencent.mm:push identical 1 line
11-11 14:51:10.772 26973 26973 W parallels-2: type=1400 audit(0.0:34767): avc: denied { execmod } for path="/system/lib/libopenjdk.so" dev="mmcblk0p25" ino=1682 scontext=u:r:untrusted_app:s0:c512,c768 tcontext=u:object_r:system_file:s0 tclass=file permissive=0
11-11 14:51:11.205   675  1611 V SettingsProvider: packageValueForCallResult, name = time_12_24, value : Bundle[{_track_generation=android.util.MemoryIntArray@5e, value=12, _generation_index=2, _generation=317}]
11-11 14:51:11.377   263   263 I lowmemorykiller: Killing 'com.android.vending:download_service' (26923), uid 10033, adj 902
11-11 14:51:11.377   263   263 I lowmemorykiller:    to free 64560kB because system is under medium memory pressure oom_adj 800
11-11 14:51:11.404   263   263 I lowmemorykiller: Killing 'com.android.vending' (26819), uid 10033, adj 900
11-11 14:51:11.404   263   263 I lowmemorykiller:    to free 83856kB because system is under medium memory pressure oom_adj 800
11-11 14:51:11.415   264   435 I BufferQueueProducer: [StatusBar#0](this:0xabc4a000,id:4,api:1,p:830,c:264) queueBuffer: fps=8.75 dur=1714.04 max=769.46 min=14.51
11-11 14:51:11.420   264   264 I DisplayDevice: [Built-in Screen (type:0)] fps:8.804457,dur:1703.68,max:760.80,min:16.27
11-11 14:51:11.426   675   988 D MtkConnectivityService: ConnectivityService NetworkRequestInfo binderDied(NetworkRequest [ TRACK_DEFAULT id=743, [ Capabilities: INTERNET&NOT_RESTRICTED&TRUSTED&NOT_VPN] ], android.os.BinderProxy@e954428)
11-11 14:51:11.427   675  1611 I ActivityManager: Process com.android.vending:download_service (pid 26923) has died: cch+2CEM 
11-11 14:51:11.427   675   705 W zygote  : kill(-26923, 9) failed: No such process
11-11 14:51:11.427   675   791 D MtkConnectivityService: releasing NetworkRequest [ TRACK_DEFAULT id=743, [ Capabilities: INTERNET&NOT_RESTRICTED&TRUSTED&NOT_VPN] ] (release request)
11-11 14:51:11.428   675   705 I zygote  : Successfully killed process cgroup uid 10033 pid 26923 in 0ms
11-11 14:51:11.477   675  5008 D MtkConnectivityService: ConnectivityService NetworkRequestInfo binderDied(NetworkRequest [ LISTEN id=742, [ Capabilities: INTERNET&NOT_RESTRICTED&TRUSTED] ], android.os.BinderProxy@40e7ad4)
11-11 14:51:11.477   675  1398 I ActivityManager: Process com.android.vending (pid 26819) has died: cch  CEM 
11-11 14:51:11.478   675   705 W zygote  : kill(-26819, 9) failed: No such process
11-11 14:51:11.478   675   705 I zygote  : Successfully killed process cgroup uid 10033 pid 26819 in 0ms
11-11 14:51:11.480   675  1611 I WifiService: getVerboseLoggingLevel uid=10101
11-11 14:51:11.482   675  1611 I chatty  : uid=1000(system) Binder:675_F identical 1 line
11-11 14:51:11.483   675   705 D ProcessManager: killAllBackgroundProcesses
11-11 14:51:11.492   675  1611 I WifiService: getVerboseLoggingLevel uid=10101
11-11 14:51:11.515 26973 26973 W mars::27027: type=1400 audit(0.0:34768): avc: denied { read } for name="u:object_r:net_dns_prop:s0" dev="tmpfs" ino=261 scontext=u:r:untrusted_app:s0:c512,c768 tcontext=u:object_r:net_dns_prop:s0 tclass=file permissive=0
11-11 14:51:11.515 26973 26973 W mars::27027: type=1400 audit(0.0:34769): avc: denied { read } for name="u:object_r:net_dns_prop:s0" dev="tmpfs" ino=261 scontext=u:r:untrusted_app:s0:c512,c768 tcontext=u:object_r:net_dns_prop:s0 tclass=file permissive=0
11-11 14:51:11.518 26973 27027 E libc    : Access denied finding property "net.dns1"
11-11 14:51:11.518 26973 27027 E libc    : Access denied finding property "net.dns2"
11-11 14:51:11.611   675  6926 I WifiService: getVerboseLoggingLevel uid=10101
11-11 14:51:11.614   675  6926 I WifiService: getVerboseLoggingLevel uid=10101
11-11 14:51:11.615 26973 26973 W mars::27034: type=1400 audit(0.0:34770): avc: denied { read } for name="u:object_r:net_dns_prop:s0" dev="tmpfs" ino=261 scontext=u:r:untrusted_app:s0:c512,c768 tcontext=u:object_r:net_dns_prop:s0 tclass=file permissive=0
11-11 14:51:11.615 26973 26973 W mars::27034: type=1400 audit(0.0:34771): avc: denied { read } for name="u:object_r:net_dns_prop:s0" dev="tmpfs" ino=261 scontext=u:r:untrusted_app:s0:c512,c768 tcontext=u:object_r:net_dns_prop:s0 tclass=file permissive=0
11-11 14:51:11.616   675  1398 I WifiService: getVerboseLoggingLevel uid=10101
11-11 14:51:11.616 26973 27034 E libc    : Access denied finding property "net.dns1"
11-11 14:51:11.616 26973 27034 E libc    : Access denied finding property "net.dns2"
11-11 14:51:11.620   675  1398 I WifiService: getVerboseLoggingLevel uid=10101
11-11 14:51:11.622   675  1398 I chatty  : uid=1000(system) Binder:675_9 identical 1 line
11-11 14:51:11.637   675  1398 I WifiService: getVerboseLoggingLevel uid=10101
11-11 14:51:11.639   675  6926 I WifiService: getVerboseLoggingLevel uid=10101
11-11 14:51:11.654   675  6926 I chatty  : uid=1000(system) Binder:675_1A identical 3 lines
11-11 14:51:11.658   675  6926 I WifiService: getVerboseLoggingLevel uid=10101
11-11 14:51:11.669   977  7548 D PhoneInterfaceManager: [PhoneIntfMgr] SubscriptionManager.getPhoneId(3)=0
11-11 14:51:11.672 26973 26973 W mars::27027: type=1400 audit(0.0:34772): avc: denied { read } for name="u:object_r:net_dns_prop:s0" dev="tmpfs" ino=261 scontext=u:r:untrusted_app:s0:c512,c768 tcontext=u:object_r:net_dns_prop:s0 tclass=file permissive=0
11-11 14:51:11.672 26973 26973 W mars::27027: type=1400 audit(0.0:34773): avc: denied { read } for name="u:object_r:net_dns_prop:s0" dev="tmpfs" ino=261 scontext=u:r:untrusted_app:s0:c512,c768 tcontext=u:object_r:net_dns_prop:s0 tclass=file permissive=0
11-11 14:51:11.674 26973 27027 E libc    : Access denied finding property "net.dns1"
11-11 14:51:11.675 26973 27027 E libc    : Access denied finding property "net.dns2"
11-11 14:51:11.680   977  7548 D PhoneInterfaceManager: [PhoneIntfMgr] SubscriptionManager.getPhoneId(3)=0
11-11 14:51:11.739   675  1398 I WifiService: getVerboseLoggingLevel uid=10101
11-11 14:51:11.745   675  1398 I chatty  : uid=1000(system) Binder:675_9 identical 2 lines
11-11 14:51:11.823   675  1398 I WifiService: getVerboseLoggingLevel uid=10101
11-11 14:51:11.835 26973 26973 W mars::27027: type=1400 audit(0.0:34774): avc: denied { read } for name="u:object_r:net_dns_prop:s0" dev="tmpfs" ino=261 scontext=u:r:untrusted_app:s0:c512,c768 tcontext=u:object_r:net_dns_prop:s0 tclass=file permissive=0
11-11 14:51:11.835 26973 26973 W mars::27027: type=1400 audit(0.0:34775): avc: denied { read } for name="u:object_r:net_dns_prop:s0" dev="tmpfs" ino=261 scontext=u:r:untrusted_app:s0:c512,c768 tcontext=u:object_r:net_dns_prop:s0 tclass=file permissive=0
11-11 14:51:11.838 26973 26973 W mars::27039: type=1400 audit(0.0:34776): avc: denied { read } for name="u:object_r:net_dns_prop:s0" dev="tmpfs" ino=261 scontext=u:r:untrusted_app:s0:c512,c768 tcontext=u:object_r:net_dns_prop:s0 tclass=file permissive=0
11-11 14:51:11.838 26973 26973 W mars::27039: type=1400 audit(0.0:34777): avc: denied { read } for name="u:object_r:net_dns_prop:s0" dev="tmpfs" ino=261 scontext=u:r:untrusted_app:s0:c512,c768 tcontext=u:object_r:net_dns_prop:s0 tclass=file permissive=0
11-11 14:51:11.838 26973 27027 E libc    : Access denied finding property "net.dns1"
11-11 14:51:11.839 26973 27027 E libc    : Access denied finding property "net.dns2"
11-11 14:51:11.840 26973 27041 E libc    : Access denied finding property "net.dns1"
11-11 14:51:11.840 26973 27041 E libc    : Access denied finding property "net.dns2"
11-11 14:51:11.855 26973 26973 W mars::27039: type=1400 audit(0.0:34778): avc: denied { read } for name="u:object_r:net_dns_prop:s0" dev="tmpfs" ino=261 scontext=u:r:untrusted_app:s0:c512,c768 tcontext=u:object_r:net_dns_prop:s0 tclass=file permissive=0
11-11 14:51:11.855 26973 26973 W mars::27039: type=1400 audit(0.0:34779): avc: denied { read } for name="u:object_r:net_dns_prop:s0" dev="tmpfs" ino=261 scontext=u:r:untrusted_app:s0:c512,c768 tcontext=u:object_r:net_dns_prop:s0 tclass=file permissive=0
11-11 14:51:11.856 26973 27039 E libc    : Access denied finding property "net.dns1"
11-11 14:51:11.857 26973 27039 E libc    : Access denied finding property "net.dns2"
11-11 14:51:11.922   675  6926 I WifiService: getVerboseLoggingLevel uid=10101
11-11 14:51:11.932 26973 26973 W mars::27045: type=1400 audit(0.0:34780): avc: denied { read } for name="u:object_r:net_dns_prop:s0" dev="tmpfs" ino=261 scontext=u:r:untrusted_app:s0:c512,c768 tcontext=u:object_r:net_dns_prop:s0 tclass=file permissive=0
11-11 14:51:11.932 26973 26973 W mars::27045: type=1400 audit(0.0:34781): avc: denied { read } for name="u:object_r:net_dns_prop:s0" dev="tmpfs" ino=261 scontext=u:r:untrusted_app:s0:c512,c768 tcontext=u:object_r:net_dns_prop:s0 tclass=file permissive=0
11-11 14:51:11.933 26973 27047 E libc    : Access denied finding property "net.dns1"
11-11 14:51:11.934 26973 27047 E libc    : Access denied finding property "net.dns2"
11-11 14:51:11.935 26973 26973 W mars::27045: type=1400 audit(0.0:34782): avc: denied { read } for name="u:object_r:net_dns_prop:s0" dev="tmpfs" ino=261 scontext=u:r:untrusted_app:s0:c512,c768 tcontext=u:object_r:net_dns_prop:s0 tclass=file permissive=0
11-11 14:51:11.935 26973 26973 W mars::27045: type=1400 audit(0.0:34783): avc: denied { read } for name="u:object_r:net_dns_prop:s0" dev="tmpfs" ino=261 scontext=u:r:untrusted_app:s0:c512,c768 tcontext=u:object_r:net_dns_prop:s0 tclass=file permissive=0
11-11 14:51:11.938 26973 27045 E libc    : Access denied finding property "net.dns1"
11-11 14:51:11.939 26973 27045 E libc    : Access denied finding property "net.dns2"
11-11 14:51:12.000   675  6926 I WifiService: getVerboseLoggingLevel uid=10101
11-11 14:51:12.052 26973 26973 W mars::27050: type=1400 audit(0.0:34784): avc: denied { read } for name="u:object_r:net_dns_prop:s0" dev="tmpfs" ino=261 scontext=u:r:untrusted_app:s0:c512,c768 tcontext=u:object_r:net_dns_prop:s0 tclass=file permissive=0
11-11 14:51:12.052 26973 26973 W mars::27050: type=1400 audit(0.0:34785): avc: denied { read } for name="u:object_r:net_dns_prop:s0" dev="tmpfs" ino=261 scontext=u:r:untrusted_app:s0:c512,c768 tcontext=u:object_r:net_dns_prop:s0 tclass=file permissive=0
11-11 14:51:12.053 26973 27050 E libc    : Access denied finding property "net.dns1"
11-11 14:51:12.053 26973 27050 E libc    : Access denied finding property "net.dns2"
11-11 14:51:12.132 26973 26973 W mars::27055: type=1400 audit(0.0:34786): avc: denied { read } for name="u:object_r:net_dns_prop:s0" dev="tmpfs" ino=261 scontext=u:r:untrusted_app:s0:c512,c768 tcontext=u:object_r:net_dns_prop:s0 tclass=file permissive=0
11-11 14:51:12.132 26973 26973 W mars::27055: type=1400 audit(0.0:34787): avc: denied { read } for name="u:object_r:net_dns_prop:s0" dev="tmpfs" ino=261 scontext=u:r:untrusted_app:s0:c512,c768 tcontext=u:object_r:net_dns_prop:s0 tclass=file permissive=0
11-11 14:51:12.134 26973 27055 E libc    : Access denied finding property "net.dns1"
11-11 14:51:12.134 26973 27055 E libc    : Access denied finding property "net.dns2"
11-11 14:51:12.434   264   435 I BufferQueueProducer: [StatusBar#0](this:0xabc4a000,id:4,api:1,p:830,c:264) queueBuffer: fps=1.96 dur=1018.72 max=731.73 min=286.99
11-11 14:51:12.447   264   264 I DisplayDevice: [Built-in Screen (type:0)] fps:3.896528,dur:1026.55,max:728.73,min:33.12
11-11 14:51:13.442   264   435 I BufferQueueProducer: [StatusBar#0](this:0xabc4a000,id:4,api:1,p:830,c:264) queueBuffer: fps=14.89 dur=1007.47 max=778.29 min=14.19
11-11 14:51:13.456   264   264 I DisplayDevice: [Built-in Screen (type:0)] fps:14.867330,dur:1008.92,max:777.50,min:16.39
11-11 14:51:13.676   977  7548 D PhoneInterfaceManager: [PhoneIntfMgr] SubscriptionManager.getPhoneId(3)=0
11-11 14:51:13.688   977  7548 D PhoneInterfaceManager: [PhoneIntfMgr] SubscriptionManager.getPhoneId(3)=0
11-11 14:51:14.077   675   675 I DeviceIdleController: updateChargingLocked: charging=true
11-11 14:51:14.078   675   675 I DeviceIdleController: becomeActiveLocked, reason = charging
11-11 14:51:14.083  5449  5449 I PC_BatteryChangedReceiver: level: 53, remindValue: 15, status: 2
11-11 14:51:14.083  5449  5449 D PC_BatteryChangedReceiver: isGameMode: false
11-11 14:51:14.083  5449  5449 D PC_BatteryChangedReceiver: onReceive: false
11-11 14:51:14.084  5449  5449 D PC_BatteryChangedReceiver: isGameMode: false
11-11 14:51:14.085  5449  5449 D PC_NotificationUtils: cancelNotification: 
11-11 14:51:14.086  5449  5449 D PC_BatteryChangedReceiver: onReceive: battary on charge
11-11 14:51:14.123   830  1150 E libPowerStretch: LucidStats currentFPS = 4.86 [2392828272]
11-11 14:51:14.417   675   700 W BroadcastQueue: Background execution not allowed: receiving Intent { act=android.intent.action.SIG_STR flg=0x10 (has extras) } to com.xingin.xhs/org.daemon.receiver.ConnectivityReceiver
11-11 14:51:14.826 27635 27804 I ChimeraSrvcProxy: NullBinder for com.google.android.mdd.service.START triggering remote TransactionTooLargeException due to Service without Chimera impl
11-11 14:51:14.826 18016 18098 E JavaBinder: !!! FAILED BINDER TRANSACTION !!!  (parcel size = 908)
11-11 14:51:14.827 18016 18098 W GmsClient: IGmsServiceBroker.getService failed
11-11 14:51:14.827 18016 18098 W GmsClient: android.os.DeadObjectException: Transaction failed on small parcel; remote process probably died
11-11 14:51:14.827 18016 18098 W GmsClient: 	at android.os.BinderProxy.transactNative(Native Method)
11-11 14:51:14.827 18016 18098 W GmsClient: 	at android.os.BinderProxy.transact(Binder.java:764)
11-11 14:51:14.827 18016 18098 W GmsClient: 	at qdh.a(:com.google.android.gms@19629045@19.6.29 (110306-278422107):4)
11-11 14:51:14.827 18016 18098 W GmsClient: 	at qbi.a(:com.google.android.gms@19629045@19.6.29 (110306-278422107):91)
11-11 14:51:14.827 18016 18098 W GmsClient: 	at poe.run(:com.google.android.gms@19629045@19.6.29 (110306-278422107):7)
11-11 14:51:14.827 18016 18098 W GmsClient: 	at android.os.Handler.handleCallback(Handler.java:790)
11-11 14:51:14.827 18016 18098 W GmsClient: 	at android.os.Handler.dispatchMessage(Handler.java:99)
11-11 14:51:14.827 18016 18098 W GmsClient: 	at aakt.a(:com.google.android.gms@19629045@19.6.29 (110306-278422107):2)
11-11 14:51:14.827 18016 18098 W GmsClient: 	at aakt.dispatchMessage(:com.google.android.gms@19629045@19.6.29 (110306-278422107):15)
11-11 14:51:14.827 18016 18098 W GmsClient: 	at android.os.Looper.loop(Looper.java:164)
11-11 14:51:14.827 18016 18098 W GmsClient: 	at android.os.HandlerThread.run(HandlerThread.java:65)
11-11 14:51:15.085   675  1398 I WifiService: getVerboseLoggingLevel uid=1000
11-11 14:51:15.086   675  1398 I WifiService: getWifiApEnabledState uid=1000
11-11 14:51:15.088  5449  5449 D PowerSaveUtils: isUltraPowerOn(context) isOn=false
11-11 14:51:15.088  5449  5449 D PowerSaveUtils: getConfigCurrent isUltraModeOn:false
11-11 14:51:15.088  5449  5449 D PowerSaveUtils: config details is : bright->102wifiEnable-> truewifiApEnable->falsebtEnable->falsedataEnable->falsegpsEnable->truethreeGEnable->trueautoSyncEnable->trueisScreenModeOn->falseisUltraModeOn->falseisBatterySaverOn->false
11-11 14:51:15.089  5449  5449 D PowerSaveUtils: getConfigCurrent current:38.5
11-11 14:51:15.090   675  1398 V SettingsProvider: name : battery_remaining_time appId : 1000
11-11 14:51:15.090  5449  5449 D PowerSaveUtils: hours:8,min:26
11-11 14:51:15.421   264   435 I BufferQueueProducer: [StatusBar#0](this:0xabc4a000,id:4,api:1,p:830,c:264) queueBuffer: fps=8.59 dur=1980.01 max=991.09 min=4.81
11-11 14:51:15.440   264   264 I DisplayDevice: [Built-in Screen (type:0)] fps:8.566136,dur:1984.56,max:992.71,min:16.39
11-11 14:51:15.520  5790  6047 D phonemaster_log: HiManager_ViewUtil: ViewUtilisShowNotification false
