--------- beginning of crash
10-30 16:20:26.880 10902 10902 E AndroidRuntime: FATAL EXCEPTION: main
10-30 16:20:26.880 10902 10902 E AndroidRuntime: Process: com.opera.olist, PID: 10902
10-30 16:20:26.880 10902 10902 E AndroidRuntime: java.lang.IndexOutOfBoundsException: Index: 2, Size: 2
10-30 16:20:26.880 10902 10902 E AndroidRuntime: 	at java.util.ArrayList.get(ArrayList.java:437)
10-30 16:20:26.880 10902 10902 E AndroidRuntime: 	at com.zhouwei.mzbanner.MZBannerView$2.onPageSelected(MZBannerView.java:438)
10-30 16:20:26.880 10902 10902 E AndroidRuntime: 	at android.support.v4.view.ViewPager.dispatchOnPageSelected(ViewPager.java:1941)
10-30 16:20:26.880 10902 10902 E AndroidRuntime: 	at android.support.v4.view.ViewPager.scrollToItem(ViewPager.java:680)
10-30 16:20:26.880 10902 10902 E AndroidRuntime: 	at android.support.v4.view.ViewPager.setCurrentItemInternal(ViewPager.java:664)
10-30 16:20:26.880 10902 10902 E AndroidRuntime: 	at android.support.v4.view.ViewPager.setCurrentItemInternal(ViewPager.java:625)
10-30 16:20:26.880 10902 10902 E AndroidRuntime: 	at android.support.v4.view.ViewPager.setCurrentItem(ViewPager.java:606)
10-30 16:20:26.880 10902 10902 E AndroidRuntime: 	at com.zhouwei.mzbanner.MZBannerView$1.run(MZBannerView.java:196)
10-30 16:20:26.880 10902 10902 E AndroidRuntime: 	at android.os.Handler.handleCallback(Handler.java:790)
10-30 16:20:26.880 10902 10902 E AndroidRuntime: 	at android.os.Handler.dispatchMessage(Handler.java:99)
10-30 16:20:26.880 10902 10902 E AndroidRuntime: 	at android.os.Looper.loop(Looper.java:164)
10-30 16:20:26.880 10902 10902 E AndroidRuntime: 	at android.app.ActivityThread.main(ActivityThread.java:6524)
10-30 16:20:26.880 10902 10902 E AndroidRuntime: 	at java.lang.reflect.Method.invoke(Native Method)
10-30 16:20:26.880 10902 10902 E AndroidRuntime: 	at com.android.internal.os.RuntimeInit$MethodAndArgsCaller.run(RuntimeInit.java:451)
10-30 16:20:26.880 10902 10902 E AndroidRuntime: 	at com.android.internal.os.ZygoteInit.main(ZygoteInit.java:888)
10-31 20:40:22.011  8924  8924 E AndroidRuntime: FATAL EXCEPTION: main
10-31 20:40:22.011  8924  8924 E AndroidRuntime: Process: com.opera.olist, PID: 8924
10-31 20:40:22.011  8924  8924 E AndroidRuntime: java.lang.NullPointerException: Attempt to invoke virtual method 'java.lang.Class java.lang.Object.getClass()' on a null object reference
10-31 20:40:22.011  8924  8924 E AndroidRuntime: 	at android.support.v4.app.BackStackRecord.doAddOp(BackStackRecord.java:392)
10-31 20:40:22.011  8924  8924 E AndroidRuntime: 	at android.support.v4.app.BackStackRecord.add(BackStackRecord.java:387)
10-31 20:40:22.011  8924  8924 E AndroidRuntime: 	at com.olist.main.ui.MainActivity.selectTabPosition(MainActivity.java:270)
10-31 20:40:22.011  8924  8924 E AndroidRuntime: 	at com.olist.main.ui.MainActivity.access$100(MainActivity.java:62)
10-31 20:40:22.011  8924  8924 E AndroidRuntime: 	at com.olist.main.ui.MainActivity$3.onSelected(MainActivity.java:178)
10-31 20:40:22.011  8924  8924 E AndroidRuntime: 	at me.majiajie.pagerbottomtabstrip.internal.CustomItemLayout.setSelect(CustomItemLayout.java:166)
10-31 20:40:22.011  8924  8924 E AndroidRuntime: 	at me.majiajie.pagerbottomtabstrip.internal.CustomItemLayout.setSelect(CustomItemLayout.java:135)
10-31 20:40:22.011  8924  8924 E AndroidRuntime: 	at me.majiajie.pagerbottomtabstrip.internal.CustomItemLayout$1.onClick(CustomItemLayout.java:64)
10-31 20:40:22.011  8924  8924 E AndroidRuntime: 	at android.view.View.performClick(View.java:6726)
10-31 20:40:22.011  8924  8924 E AndroidRuntime: 	at android.view.View$PerformClick.run(View.java:25434)
10-31 20:40:22.011  8924  8924 E AndroidRuntime: 	at android.os.Handler.handleCallback(Handler.java:790)
10-31 20:40:22.011  8924  8924 E AndroidRuntime: 	at android.os.Handler.dispatchMessage(Handler.java:99)
10-31 20:40:22.011  8924  8924 E AndroidRuntime: 	at android.os.Looper.loop(Looper.java:164)
10-31 20:40:22.011  8924  8924 E AndroidRuntime: 	at android.app.ActivityThread.main(ActivityThread.java:6524)
10-31 20:40:22.011  8924  8924 E AndroidRuntime: 	at java.lang.reflect.Method.invoke(Native Method)
10-31 20:40:22.011  8924  8924 E AndroidRuntime: 	at com.android.internal.os.RuntimeInit$MethodAndArgsCaller.run(RuntimeInit.java:451)
10-31 20:40:22.011  8924  8924 E AndroidRuntime: 	at com.android.internal.os.ZygoteInit.main(ZygoteInit.java:888)
10-31 20:40:53.987  9242  9242 E AndroidRuntime: FATAL EXCEPTION: main
10-31 20:40:53.987  9242  9242 E AndroidRuntime: Process: com.opera.olist, PID: 9242
10-31 20:40:53.987  9242  9242 E AndroidRuntime: java.lang.NullPointerException: Attempt to invoke virtual method 'java.lang.Class java.lang.Object.getClass()' on a null object reference
10-31 20:40:53.987  9242  9242 E AndroidRuntime: 	at android.support.v4.app.BackStackRecord.doAddOp(BackStackRecord.java:392)
10-31 20:40:53.987  9242  9242 E AndroidRuntime: 	at android.support.v4.app.BackStackRecord.add(BackStackRecord.java:387)
10-31 20:40:53.987  9242  9242 E AndroidRuntime: 	at com.olist.main.ui.MainActivity.selectTabPosition(MainActivity.java:270)
10-31 20:40:53.987  9242  9242 E AndroidRuntime: 	at com.olist.main.ui.MainActivity.access$100(MainActivity.java:62)
10-31 20:40:53.987  9242  9242 E AndroidRuntime: 	at com.olist.main.ui.MainActivity$3.onSelected(MainActivity.java:178)
10-31 20:40:53.987  9242  9242 E AndroidRuntime: 	at me.majiajie.pagerbottomtabstrip.internal.CustomItemLayout.setSelect(CustomItemLayout.java:166)
10-31 20:40:53.987  9242  9242 E AndroidRuntime: 	at me.majiajie.pagerbottomtabstrip.internal.CustomItemLayout.setSelect(CustomItemLayout.java:135)
10-31 20:40:53.987  9242  9242 E AndroidRuntime: 	at me.majiajie.pagerbottomtabstrip.internal.CustomItemLayout$1.onClick(CustomItemLayout.java:64)
10-31 20:40:53.987  9242  9242 E AndroidRuntime: 	at android.view.View.performClick(View.java:6726)
10-31 20:40:53.987  9242  9242 E AndroidRuntime: 	at android.view.View$PerformClick.run(View.java:25434)
10-31 20:40:53.987  9242  9242 E AndroidRuntime: 	at android.os.Handler.handleCallback(Handler.java:790)
10-31 20:40:53.987  9242  9242 E AndroidRuntime: 	at android.os.Handler.dispatchMessage(Handler.java:99)
10-31 20:40:53.987  9242  9242 E AndroidRuntime: 	at android.os.Looper.loop(Looper.java:164)
10-31 20:40:53.987  9242  9242 E AndroidRuntime: 	at android.app.ActivityThread.main(ActivityThread.java:6524)
10-31 20:40:53.987  9242  9242 E AndroidRuntime: 	at java.lang.reflect.Method.invoke(Native Method)
10-31 20:40:53.987  9242  9242 E AndroidRuntime: 	at com.android.internal.os.RuntimeInit$MethodAndArgsCaller.run(RuntimeInit.java:451)
10-31 20:40:53.987  9242  9242 E AndroidRuntime: 	at com.android.internal.os.ZygoteInit.main(ZygoteInit.java:888)
10-31 20:44:54.538  9561  9561 E AndroidRuntime: FATAL EXCEPTION: main
10-31 20:44:54.538  9561  9561 E AndroidRuntime: Process: com.opera.olist, PID: 9561
10-31 20:44:54.538  9561  9561 E AndroidRuntime: java.lang.NullPointerException: Attempt to invoke virtual method 'java.lang.Class java.lang.Object.getClass()' on a null object reference
10-31 20:44:54.538  9561  9561 E AndroidRuntime: 	at android.support.v4.app.BackStackRecord.doAddOp(BackStackRecord.java:392)
10-31 20:44:54.538  9561  9561 E AndroidRuntime: 	at android.support.v4.app.BackStackRecord.add(BackStackRecord.java:387)
10-31 20:44:54.538  9561  9561 E AndroidRuntime: 	at com.olist.main.ui.MainActivity.selectTabPosition(MainActivity.java:270)
10-31 20:44:54.538  9561  9561 E AndroidRuntime: 	at com.olist.main.ui.MainActivity.access$100(MainActivity.java:62)
10-31 20:44:54.538  9561  9561 E AndroidRuntime: 	at com.olist.main.ui.MainActivity$3.onSelected(MainActivity.java:178)
10-31 20:44:54.538  9561  9561 E AndroidRuntime: 	at me.majiajie.pagerbottomtabstrip.internal.CustomItemLayout.setSelect(CustomItemLayout.java:166)
10-31 20:44:54.538  9561  9561 E AndroidRuntime: 	at me.majiajie.pagerbottomtabstrip.internal.CustomItemLayout.setSelect(CustomItemLayout.java:135)
10-31 20:44:54.538  9561  9561 E AndroidRuntime: 	at me.majiajie.pagerbottomtabstrip.internal.CustomItemLayout$1.onClick(CustomItemLayout.java:64)
10-31 20:44:54.538  9561  9561 E AndroidRuntime: 	at android.view.View.performClick(View.java:6726)
10-31 20:44:54.538  9561  9561 E AndroidRuntime: 	at android.view.View$PerformClick.run(View.java:25434)
10-31 20:44:54.538  9561  9561 E AndroidRuntime: 	at android.os.Handler.handleCallback(Handler.java:790)
10-31 20:44:54.538  9561  9561 E AndroidRuntime: 	at android.os.Handler.dispatchMessage(Handler.java:99)
10-31 20:44:54.538  9561  9561 E AndroidRuntime: 	at android.os.Looper.loop(Looper.java:164)
10-31 20:44:54.538  9561  9561 E AndroidRuntime: 	at android.app.ActivityThread.main(ActivityThread.java:6524)
10-31 20:44:54.538  9561  9561 E AndroidRuntime: 	at java.lang.reflect.Method.invoke(Native Method)
10-31 20:44:54.538  9561  9561 E AndroidRuntime: 	at com.android.internal.os.RuntimeInit$MethodAndArgsCaller.run(RuntimeInit.java:451)
10-31 20:44:54.538  9561  9561 E AndroidRuntime: 	at com.android.internal.os.ZygoteInit.main(ZygoteInit.java:888)
10-31 20:45:02.709  9713  9713 E AndroidRuntime: FATAL EXCEPTION: main
10-31 20:45:02.709  9713  9713 E AndroidRuntime: Process: com.opera.olist, PID: 9713
10-31 20:45:02.709  9713  9713 E AndroidRuntime: java.lang.NullPointerException: Attempt to invoke virtual method 'java.lang.Class java.lang.Object.getClass()' on a null object reference
10-31 20:45:02.709  9713  9713 E AndroidRuntime: 	at android.support.v4.app.BackStackRecord.doAddOp(BackStackRecord.java:392)
10-31 20:45:02.709  9713  9713 E AndroidRuntime: 	at android.support.v4.app.BackStackRecord.add(BackStackRecord.java:387)
10-31 20:45:02.709  9713  9713 E AndroidRuntime: 	at com.olist.main.ui.MainActivity.selectTabPosition(MainActivity.java:270)
10-31 20:45:02.709  9713  9713 E AndroidRuntime: 	at com.olist.main.ui.MainActivity.access$100(MainActivity.java:62)
10-31 20:45:02.709  9713  9713 E AndroidRuntime: 	at com.olist.main.ui.MainActivity$3.onSelected(MainActivity.java:178)
10-31 20:45:02.709  9713  9713 E AndroidRuntime: 	at me.majiajie.pagerbottomtabstrip.internal.CustomItemLayout.setSelect(CustomItemLayout.java:166)
10-31 20:45:02.709  9713  9713 E AndroidRuntime: 	at me.majiajie.pagerbottomtabstrip.internal.CustomItemLayout.setSelect(CustomItemLayout.java:135)
10-31 20:45:02.709  9713  9713 E AndroidRuntime: 	at me.majiajie.pagerbottomtabstrip.internal.CustomItemLayout$1.onClick(CustomItemLayout.java:64)
10-31 20:45:02.709  9713  9713 E AndroidRuntime: 	at android.view.View.performClick(View.java:6726)
10-31 20:45:02.709  9713  9713 E AndroidRuntime: 	at android.view.View$PerformClick.run(View.java:25434)
10-31 20:45:02.709  9713  9713 E AndroidRuntime: 	at android.os.Handler.handleCallback(Handler.java:790)
10-31 20:45:02.709  9713  9713 E AndroidRuntime: 	at android.os.Handler.dispatchMessage(Handler.java:99)
10-31 20:45:02.709  9713  9713 E AndroidRuntime: 	at android.os.Looper.loop(Looper.java:164)
10-31 20:45:02.709  9713  9713 E AndroidRuntime: 	at android.app.ActivityThread.main(ActivityThread.java:6524)
10-31 20:45:02.709  9713  9713 E AndroidRuntime: 	at java.lang.reflect.Method.invoke(Native Method)
10-31 20:45:02.709  9713  9713 E AndroidRuntime: 	at com.android.internal.os.RuntimeInit$MethodAndArgsCaller.run(RuntimeInit.java:451)
10-31 20:45:02.709  9713  9713 E AndroidRuntime: 	at com.android.internal.os.ZygoteInit.main(ZygoteInit.java:888)
10-31 20:45:09.482  9860  9860 E AndroidRuntime: FATAL EXCEPTION: main
10-31 20:45:09.482  9860  9860 E AndroidRuntime: Process: com.opera.olist, PID: 9860
10-31 20:45:09.482  9860  9860 E AndroidRuntime: java.lang.NullPointerException: Attempt to invoke virtual method 'java.lang.Class java.lang.Object.getClass()' on a null object reference
10-31 20:45:09.482  9860  9860 E AndroidRuntime: 	at android.support.v4.app.BackStackRecord.doAddOp(BackStackRecord.java:392)
10-31 20:45:09.482  9860  9860 E AndroidRuntime: 	at android.support.v4.app.BackStackRecord.add(BackStackRecord.java:387)
10-31 20:45:09.482  9860  9860 E AndroidRuntime: 	at com.olist.main.ui.MainActivity.selectTabPosition(MainActivity.java:270)
10-31 20:45:09.482  9860  9860 E AndroidRuntime: 	at com.olist.main.ui.MainActivity.access$100(MainActivity.java:62)
10-31 20:45:09.482  9860  9860 E AndroidRuntime: 	at com.olist.main.ui.MainActivity$3.onSelected(MainActivity.java:178)
10-31 20:45:09.482  9860  9860 E AndroidRuntime: 	at me.majiajie.pagerbottomtabstrip.internal.CustomItemLayout.setSelect(CustomItemLayout.java:166)
10-31 20:45:09.482  9860  9860 E AndroidRuntime: 	at me.majiajie.pagerbottomtabstrip.internal.CustomItemLayout.setSelect(CustomItemLayout.java:135)
10-31 20:45:09.482  9860  9860 E AndroidRuntime: 	at me.majiajie.pagerbottomtabstrip.internal.CustomItemLayout$1.onClick(CustomItemLayout.java:64)
10-31 20:45:09.482  9860  9860 E AndroidRuntime: 	at android.view.View.performClick(View.java:6726)
10-31 20:45:09.482  9860  9860 E AndroidRuntime: 	at android.view.View$PerformClick.run(View.java:25434)
10-31 20:45:09.482  9860  9860 E AndroidRuntime: 	at android.os.Handler.handleCallback(Handler.java:790)
10-31 20:45:09.482  9860  9860 E AndroidRuntime: 	at android.os.Handler.dispatchMessage(Handler.java:99)
10-31 20:45:09.482  9860  9860 E AndroidRuntime: 	at android.os.Looper.loop(Looper.java:164)
10-31 20:45:09.482  9860  9860 E AndroidRuntime: 	at android.app.ActivityThread.main(ActivityThread.java:6524)
10-31 20:45:09.482  9860  9860 E AndroidRuntime: 	at java.lang.reflect.Method.invoke(Native Method)
10-31 20:45:09.482  9860  9860 E AndroidRuntime: 	at com.android.internal.os.RuntimeInit$MethodAndArgsCaller.run(RuntimeInit.java:451)
10-31 20:45:09.482  9860  9860 E AndroidRuntime: 	at com.android.internal.os.ZygoteInit.main(ZygoteInit.java:888)
11-11 12:43:14.641 24326 25526 E AndroidRuntime: FATAL EXCEPTION: URGENT_HOME_9
11-11 12:43:14.641 24326 25526 E AndroidRuntime: Process: com.eg.android.AlipayGphone, PID: 24326
11-11 12:43:14.641 24326 25526 E AndroidRuntime: com.alipay.mobile.common.rpc.RpcException: RPCException: [11] : login fail.
11-11 12:43:14.641 24326 25526 E AndroidRuntime: 	at com.alipay.mobile.base.rpc.impl.CommonInterceptor.exceptionHandle(CommonInterceptor.java:100295)
11-11 12:43:14.641 24326 25526 E AndroidRuntime: 	at com.alipay.mobile.common.rpc.RpcInvoker$3.handle(RpcInvoker.java:100046)
11-11 12:43:14.641 24326 25526 E AndroidRuntime: 	at com.alipay.mobile.common.rpc.RpcInvoker.a(RpcInvoker.java:100022)
11-11 12:43:14.641 24326 25526 E AndroidRuntime: 	at com.alipay.mobile.common.rpc.RpcInvoker.exceptionHandle(RpcInvoker.java:100026)
11-11 12:43:14.641 24326 25526 E AndroidRuntime: 	at com.alipay.mobile.common.rpc.RpcInvoker.invoke(RpcInvoker.java:100391)
11-11 12:43:14.641 24326 25526 E AndroidRuntime: 	at com.alipay.mobile.common.rpc.RpcInvocationHandler.invoke(RpcInvocationHandler.java:100099)
11-11 12:43:14.641 24326 25526 E AndroidRuntime: 	at java.lang.reflect.Proxy.invoke(Proxy.java:913)
11-11 12:43:14.641 24326 25526 E AndroidRuntime: 	at $Proxy29.executeRPC(Unknown Source)
11-11 12:43:14.641 24326 25526 E AndroidRuntime: 	at com.alipay.mobile.beehive.rpc.RpcRunner.executeRpcUseSimpleService(RpcRunner.java:100029)
11-11 12:43:14.641 24326 25526 E AndroidRuntime: 	at com.alipay.mobile.beehive.rpc.RpcRunner.invokeRpc(RpcRunner.java:100222)
11-11 12:43:14.641 24326 25526 E AndroidRuntime: 	at com.alipay.mobile.beehive.rpc.RpcRunner.innerStartSync(RpcRunner.java:100003)
11-11 12:43:14.641 24326 25526 E AndroidRuntime: 	at com.alipay.mobile.beehive.rpc.RpcRunner.startSync(RpcRunner.java:100000)
11-11 12:43:14.641 24326 25526 E AndroidRuntime: 	at com.alipay.mobile.beehive.rpc.RpcRunner.runSync(RpcRunner.java:100014)
11-11 12:43:14.641 24326 25526 E AndroidRuntime: 	at com.alipay.mobile.socialcardsdk.biz.a.a.a(HomeCardDataManager.java:100134)
11-11 12:43:14.641 24326 25526 E AndroidRuntime: 	at com.alipay.mobile.socialcardsdk.biz.service.HomeCardDbServiceImpl.saveAndGetHomeCardList(HomeCardDbServiceImpl.java:100023)
11-11 12:43:14.641 24326 25526 E AndroidRuntime: 	at com.alipay.mobile.homefeeds.b.b.m(HomeListViewHolder.java:100230)
11-11 12:43:14.641 24326 25526 E AndroidRuntime: 	at com.alipay.mobile.homefeeds.b.b$3.__run_stub_private(HomeListViewHolder.java:100055)
11-11 12:43:14.641 24326 25526 E AndroidRuntime: 	at com.alipay.mobile.homefeeds.b.b$3.__run_stub(Unknown Source:0)
11-11 12:43:14.641 24326 25526 E AndroidRuntime: 	at com.alipay.dexaop.DexAOPEntrySettings.java_lang_Runnable_run_proxy(DexAOPEntrySettings.java:100004)
11-11 12:43:14.641 24326 25526 E AndroidRuntime: 	at com.alipay.dexaop.DexAOPEntry.java_lang_Runnable_run_proxy(DexAOPEntry.java:100000)
11-11 12:43:14.641 24326 25526 E AndroidRuntime: 	at com.alipay.mobile.homefeeds.b.b$3.run(Unknown Source:12)
11-11 12:43:14.641 24326 25526 E AndroidRuntime: 	at android.os.Handler.handleCallback(Handler.java:790)
11-11 12:43:14.641 24326 25526 E AndroidRuntime: 	at android.os.Handler.dispatchMessage(Handler.java:99)
11-11 12:43:14.641 24326 25526 E AndroidRuntime: 	at android.os.Looper.loop(Looper.java:164)
11-11 12:43:14.641 24326 25526 E AndroidRuntime: 	at android.os.HandlerThread.run(HandlerThread.java:65)
--------- beginning of system
11-11 14:45:22.833   675   701 W ContextImpl: Calling a method in the system process without a qualified user: android.app.ContextImpl.sendBroadcast:967 com.mediatek.server.stk.StkManagerImpl$2.run:110 android.os.Handler.handleCallback:790 android.os.Handler.dispatchMessage:99 android.os.Looper.loop:164 
11-11 14:45:22.835   675   700 W BroadcastQueue: Background execution not allowed: receiving Intent { act=mediatek.intent.action.stk.USER_ACTIVITY flg=0x10 } to com.android.stk/.EventReceiver
11-11 14:45:22.968   675   701 W ContextImpl: Calling a method in the system process without a qualified user: android.app.ContextImpl.sendBroadcast:967 com.mediatek.server.stk.StkManagerImpl$2.run:110 android.os.Handler.handleCallback:790 android.os.Handler.dispatchMessage:99 android.os.Looper.loop:164 
11-11 14:45:22.969   675   700 W BroadcastQueue: Background execution not allowed: receiving Intent { act=mediatek.intent.action.stk.USER_ACTIVITY flg=0x10 } to com.android.stk/.EventReceiver
11-11 14:45:22.970   675   701 W ContextImpl: Calling a method in the system process without a qualified user: android.app.ContextImpl.sendBroadcast:967 com.mediatek.server.stk.StkManagerImpl$2.run:110 android.os.Handler.handleCallback:790 android.os.Handler.dispatchMessage:99 android.os.Looper.loop:164 
11-11 14:45:22.971   675   700 W BroadcastQueue: Background execution not allowed: receiving Intent { act=mediatek.intent.action.stk.USER_ACTIVITY flg=0x10 } to com.android.stk/.EventReceiver
11-11 14:45:23.648   675   675 I DeviceIdleController: updateChargingLocked: charging=false
11-11 14:45:24.016   675   701 W ContextImpl: Calling a method in the system process without a qualified user: android.app.ContextImpl.sendBroadcast:967 com.mediatek.server.stk.StkManagerImpl$2.run:110 android.os.Handler.handleCallback:790 android.os.Handler.dispatchMessage:99 android.os.Looper.loop:164 
11-11 14:45:24.017   675   700 W BroadcastQueue: Background execution not allowed: receiving Intent { act=mediatek.intent.action.stk.USER_ACTIVITY flg=0x10 } to com.android.stk/.EventReceiver
11-11 14:45:24.124   675   701 W ContextImpl: Calling a method in the system process without a qualified user: android.app.ContextImpl.sendBroadcast:967 com.mediatek.server.stk.StkManagerImpl$2.run:110 android.os.Handler.handleCallback:790 android.os.Handler.dispatchMessage:99 android.os.Looper.loop:164 
11-11 14:45:24.126   675   700 W BroadcastQueue: Background execution not allowed: receiving Intent { act=mediatek.intent.action.stk.USER_ACTIVITY flg=0x10 } to com.android.stk/.EventReceiver
11-11 14:45:24.233   675   701 W ContextImpl: Calling a method in the system process without a qualified user: android.app.ContextImpl.sendBroadcast:967 com.mediatek.server.stk.StkManagerImpl$2.run:110 android.os.Handler.handleCallback:790 android.os.Handler.dispatchMessage:99 android.os.Looper.loop:164 
11-11 14:45:24.236   675   700 W BroadcastQueue: Background execution not allowed: receiving Intent { act=mediatek.intent.action.stk.USER_ACTIVITY flg=0x10 } to com.android.stk/.EventReceiver
11-11 14:45:24.348   675   701 W ContextImpl: Calling a method in the system process without a qualified user: android.app.ContextImpl.sendBroadcast:967 com.mediatek.server.stk.StkManagerImpl$2.run:110 android.os.Handler.handleCallback:790 android.os.Handler.dispatchMessage:99 android.os.Looper.loop:164 
11-11 14:45:24.349   675   700 W BroadcastQueue: Background execution not allowed: receiving Intent { act=mediatek.intent.action.stk.USER_ACTIVITY flg=0x10 } to com.android.stk/.EventReceiver
11-11 14:45:24.678   675  1046 V SettingsProvider: name : battery_remaining_time appId : 1000
11-11 14:45:26.053   675   675 I MWN     : onSignalStrengthsChanged...
11-11 14:45:26.057   675   700 W BroadcastQueue: Background execution not allowed: receiving Intent { act=android.intent.action.SIG_STR flg=0x10 (has extras) } to com.xingin.xhs/org.daemon.receiver.ConnectivityReceiver
11-11 14:45:26.060   675   675 I MWN     : network type = 1
11-11 14:45:26.061   675   675 I MWN     : Write 0 to node. type=Wi-Fi mSimExist=true mFlightMode=false
11-11 14:45:26.062   675   675 I MWN     : write the value:0 to node successfully.
11-11 14:45:27.531   675   701 W ContextImpl: Calling a method in the system process without a qualified user: android.app.ContextImpl.sendBroadcast:967 com.mediatek.server.stk.StkManagerImpl$2.run:110 android.os.Handler.handleCallback:790 android.os.Handler.dispatchMessage:99 android.os.Looper.loop:164 
11-11 14:45:27.532   675   700 W BroadcastQueue: Background execution not allowed: receiving Intent { act=mediatek.intent.action.stk.USER_ACTIVITY flg=0x10 } to com.android.stk/.EventReceiver
11-11 14:45:29.552   675   701 W ContextImpl: Calling a method in the system process without a qualified user: android.app.ContextImpl.sendBroadcast:967 com.mediatek.server.stk.StkManagerImpl$2.run:110 android.os.Handler.handleCallback:790 android.os.Handler.dispatchMessage:99 android.os.Looper.loop:164 
11-11 14:45:29.554   675   700 W BroadcastQueue: Background execution not allowed: receiving Intent { act=mediatek.intent.action.stk.USER_ACTIVITY flg=0x10 } to com.android.stk/.EventReceiver
11-11 14:45:29.656   675   701 W ContextImpl: Calling a method in the system process without a qualified user: android.app.ContextImpl.sendBroadcast:967 com.mediatek.server.stk.StkManagerImpl$2.run:110 android.os.Handler.handleCallback:790 android.os.Handler.dispatchMessage:99 android.os.Looper.loop:164 
11-11 14:45:29.658   675   700 W BroadcastQueue: Background execution not allowed: receiving Intent { act=mediatek.intent.action.stk.USER_ACTIVITY flg=0x10 } to com.android.stk/.EventReceiver
11-11 14:45:29.766   675   701 W ContextImpl: Calling a method in the system process without a qualified user: android.app.ContextImpl.sendBroadcast:967 com.mediatek.server.stk.StkManagerImpl$2.run:110 android.os.Handler.handleCallback:790 android.os.Handler.dispatchMessage:99 android.os.Looper.loop:164 
11-11 14:45:29.767   675   700 W BroadcastQueue: Background execution not allowed: receiving Intent { act=mediatek.intent.action.stk.USER_ACTIVITY flg=0x10 } to com.android.stk/.EventReceiver
11-11 14:45:29.822   675   700 W BroadcastQueue: Background execution not allowed: receiving Intent { act=android.intent.action.SIG_STR flg=0x10 (has extras) } to com.xingin.xhs/org.daemon.receiver.ConnectivityReceiver
11-11 14:45:30.133   675   675 I ActivityManager: Start proc 24179:com.android.vending/u0a33 for service com.android.vending/com.google.android.finsky.scheduler.JobSchedulerEngine$PhoneskyJobSchedulerJobService
11-11 14:45:30.133   675   675 D ActivityManager: AMS: *** Launch app com.android.vending/10033 for service Intent { cmp=com.android.vending/com.google.android.finsky.scheduler.JobSchedulerEngine$PhoneskyJobSchedulerJobService }, from android/1000.
11-11 14:45:30.961   675  1611 I ActivityManager: Start proc 24203:com.google.process.gservices/u0a13 for content provider com.google.android.gsf/.gservices.GservicesProvider
11-11 14:45:31.348   675   701 W ContextImpl: Calling a method in the system process without a qualified user: android.app.ContextImpl.sendBroadcast:967 com.mediatek.server.stk.StkManagerImpl$2.run:110 android.os.Handler.handleCallback:790 android.os.Handler.dispatchMessage:99 android.os.Looper.loop:164 
11-11 14:45:31.349   675   700 W BroadcastQueue: Background execution not allowed: receiving Intent { act=mediatek.intent.action.stk.USER_ACTIVITY flg=0x10 } to com.android.stk/.EventReceiver
11-11 14:45:31.452   675   701 W ContextImpl: Calling a method in the system process without a qualified user: android.app.ContextImpl.sendBroadcast:967 com.mediatek.server.stk.StkManagerImpl$2.run:110 android.os.Handler.handleCallback:790 android.os.Handler.dispatchMessage:99 android.os.Looper.loop:164 
11-11 14:45:31.454   675   700 W BroadcastQueue: Background execution not allowed: receiving Intent { act=mediatek.intent.action.stk.USER_ACTIVITY flg=0x10 } to com.android.stk/.EventReceiver
11-11 14:45:31.743   675  1046 V SettingsProvider: packageValueForCallResult, name = device_provisioned, value : Bundle[{_track_generation=android.util.MemoryIntArray@5e, value=1, _generation_index=0, _generation=51}]
11-11 14:45:31.805   675   701 W ContextImpl: Calling a method in the system process without a qualified user: android.app.ContextImpl.sendBroadcast:967 com.mediatek.server.stk.StkManagerImpl$2.run:110 android.os.Handler.handleCallback:790 android.os.Handler.dispatchMessage:99 android.os.Looper.loop:164 
11-11 14:45:31.806   675   700 W BroadcastQueue: Background execution not allowed: receiving Intent { act=mediatek.intent.action.stk.USER_ACTIVITY flg=0x10 } to com.android.stk/.EventReceiver
11-11 14:45:31.949   675   701 W ContextImpl: Calling a method in the system process without a qualified user: android.app.ContextImpl.sendBroadcast:967 com.mediatek.server.stk.StkManagerImpl$2.run:110 android.os.Handler.handleCallback:790 android.os.Handler.dispatchMessage:99 android.os.Looper.loop:164 
11-11 14:45:31.950   675   700 W BroadcastQueue: Background execution not allowed: receiving Intent { act=mediatek.intent.action.stk.USER_ACTIVITY flg=0x10 } to com.android.stk/.EventReceiver
11-11 14:45:32.054   675   701 W ContextImpl: Calling a method in the system process without a qualified user: android.app.ContextImpl.sendBroadcast:967 com.mediatek.server.stk.StkManagerImpl$2.run:110 android.os.Handler.handleCallback:790 android.os.Handler.dispatchMessage:99 android.os.Looper.loop:164 
11-11 14:45:32.055   675   700 W BroadcastQueue: Background execution not allowed: receiving Intent { act=mediatek.intent.action.stk.USER_ACTIVITY flg=0x10 } to com.android.stk/.EventReceiver
11-11 14:45:32.059   675  1046 V SettingsProvider: packageValueForCallResult, name = android_id, value : Bundle[{_track_generation=android.util.MemoryIntArray@5e, value=775966cec3e2068f, _generation_index=1, _generation=19}]
11-11 14:45:32.647   675  1046 I ActivityManager: Start proc 24250:com.google.process.gapps/u0a13 for content provider com.google.android.gsf/.settings.GoogleSettingsProvider
11-11 14:45:32.647   675  1046 W ActivityManager: Slow operation: 358ms so far, now at getContentProviderImpl: after start process
11-11 14:45:32.647   675  1046 W ActivityManager: Slow operation: 358ms so far, now at getContentProviderImpl: updating data structures
11-11 14:45:32.647   675  1046 W ActivityManager: Slow operation: 358ms so far, now at getContentProviderImpl: done!
11-11 14:45:33.728   675  1046 I ActivityManager: Start proc 24281:com.android.vending:download_service/u0a33 for service com.android.vending/com.google.android.finsky.downloadservice.DownloadService
11-11 14:45:33.728   675  1046 D ActivityManager: AMS: *** Launch app com.android.vending/10033 for service Intent { act=com.google.android.finsky.BIND_DOWNLOAD_SERVICE pkg=com.android.vending }, from com.android.vending/10033.
11-11 14:45:33.774   675  6756 I ActivityManager: Start proc 24294:android.process.media/u0a28 for content provider com.android.providers.downloads/.DownloadProvider
11-11 14:45:34.305   675  1611 D MtkConnectivityService: requestNetwork for uid/pid:10033/24281 NetworkRequest [ TRACK_DEFAULT id=726, [ Capabilities: INTERNET&NOT_RESTRICTED&TRUSTED&NOT_VPN] ]
11-11 14:45:34.682   675   701 W ContextImpl: Calling a method in the system process without a qualified user: android.app.ContextImpl.sendBroadcast:967 com.mediatek.server.stk.StkManagerImpl$2.run:110 android.os.Handler.handleCallback:790 android.os.Handler.dispatchMessage:99 android.os.Looper.loop:164 
11-11 14:45:34.684   675   700 W BroadcastQueue: Background execution not allowed: receiving Intent { act=mediatek.intent.action.stk.USER_ACTIVITY flg=0x10 } to com.android.stk/.EventReceiver
11-11 14:45:34.791   675   701 W ContextImpl: Calling a method in the system process without a qualified user: android.app.ContextImpl.sendBroadcast:967 com.mediatek.server.stk.StkManagerImpl$2.run:110 android.os.Handler.handleCallback:790 android.os.Handler.dispatchMessage:99 android.os.Looper.loop:164 
11-11 14:45:34.793   675   700 W BroadcastQueue: Background execution not allowed: receiving Intent { act=mediatek.intent.action.stk.USER_ACTIVITY flg=0x10 } to com.android.stk/.EventReceiver
11-11 14:45:35.372   675   675 I MWN     : onSignalStrengthsChanged...
11-11 14:45:35.376   675   700 W BroadcastQueue: Background execution not allowed: receiving Intent { act=android.intent.action.SIG_STR flg=0x10 (has extras) } to com.xingin.xhs/org.daemon.receiver.ConnectivityReceiver
11-11 14:45:35.380   675   675 I MWN     : network type = 1
11-11 14:45:35.380   675   675 I MWN     : Write 0 to node. type=Wi-Fi mSimExist=true mFlightMode=false
11-11 14:45:35.382   675   675 I MWN     : write the value:0 to node successfully.
11-11 14:45:36.097   675  1611 D MtkConnectivityService: ConnectivityService NetworkRequestInfo binderDied(NetworkRequest [ TRACK_DEFAULT id=726, [ Capabilities: INTERNET&NOT_RESTRICTED&TRUSTED&NOT_VPN] ], android.os.BinderProxy@7bd086e)
11-11 14:45:36.098   675   791 D MtkConnectivityService: releasing NetworkRequest [ TRACK_DEFAULT id=726, [ Capabilities: INTERNET&NOT_RESTRICTED&TRUSTED&NOT_VPN] ] (release request)
11-11 14:45:36.098   675  6756 I ActivityManager: Process com.android.vending:download_service (pid 24281) has died: cch  CEM 
11-11 14:45:36.108   675   705 D ProcessManager: killAllBackgroundProcesses
11-11 14:45:39.053   675  1609 I ActivityManager: Process com.android.vending (pid 24179) has died: cch  CEM 
11-11 14:45:39.054   675  6756 D MtkConnectivityService: ConnectivityService NetworkRequestInfo binderDied(NetworkRequest [ LISTEN id=725, [ Capabilities: INTERNET&NOT_RESTRICTED&TRUSTED] ], android.os.BinderProxy@742892b)
11-11 14:45:39.100   675   705 D ProcessManager: killAllBackgroundProcesses
11-11 14:45:39.459   675   701 W ContextImpl: Calling a method in the system process without a qualified user: android.app.ContextImpl.sendBroadcast:967 com.mediatek.server.stk.StkManagerImpl$2.run:110 android.os.Handler.handleCallback:790 android.os.Handler.dispatchMessage:99 android.os.Looper.loop:164 
11-11 14:45:39.460   675   700 W BroadcastQueue: Background execution not allowed: receiving Intent { act=mediatek.intent.action.stk.USER_ACTIVITY flg=0x10 } to com.android.stk/.EventReceiver
11-11 14:45:39.609   675   701 W ContextImpl: Calling a method in the system process without a qualified user: android.app.ContextImpl.sendBroadcast:967 com.mediatek.server.stk.StkManagerImpl$2.run:110 android.os.Handler.handleCallback:790 android.os.Handler.dispatchMessage:99 android.os.Looper.loop:164 
11-11 14:45:39.610   675   700 W BroadcastQueue: Background execution not allowed: receiving Intent { act=mediatek.intent.action.stk.USER_ACTIVITY flg=0x10 } to com.android.stk/.EventReceiver
11-11 14:45:41.079   675   778 I NetworkStatsRecorder: recordSnapshotLocked: ident[[{type=WIFI, subType=COMBINED, networkId="NewKunlunGuest", metered=false}]]
11-11 14:45:41.090   675   778 I chatty  : uid=1000(system) NetworkStats identical 14 lines
11-11 14:45:41.090   675   778 I NetworkStatsRecorder: recordSnapshotLocked: ident[[{type=WIFI, subType=COMBINED, networkId="NewKunlunGuest", metered=false}]]
11-11 14:45:41.093   675   778 D NetworkStatsRecorder: forcePersistLocked() writing for dev
11-11 14:45:41.101   675   778 D NetworkStatsRecorder: forcePersistLocked() writing for xt
11-11 14:45:42.038   675   701 W ContextImpl: Calling a method in the system process without a qualified user: android.app.ContextImpl.sendBroadcast:967 com.mediatek.server.stk.StkManagerImpl$2.run:110 android.os.Handler.handleCallback:790 android.os.Handler.dispatchMessage:99 android.os.Looper.loop:164 
11-11 14:45:42.039   675   700 W BroadcastQueue: Background execution not allowed: receiving Intent { act=mediatek.intent.action.stk.USER_ACTIVITY flg=0x10 } to com.android.stk/.EventReceiver
11-11 14:45:42.190   675   701 W ContextImpl: Calling a method in the system process without a qualified user: android.app.ContextImpl.sendBroadcast:967 com.mediatek.server.stk.StkManagerImpl$2.run:110 android.os.Handler.handleCallback:790 android.os.Handler.dispatchMessage:99 android.os.Looper.loop:164 
11-11 14:45:42.191   675   700 W BroadcastQueue: Background execution not allowed: receiving Intent { act=mediatek.intent.action.stk.USER_ACTIVITY flg=0x10 } to com.android.stk/.EventReceiver
11-11 14:45:42.239   675   778 I NetworkStatsRecorder: recordSnapshotLocked: ident[[{type=WIFI, subType=COMBINED, networkId="NewKunlunGuest", metered=false}]]
11-11 14:45:42.239   675   778 I chatty  : uid=1000(system) NetworkStats identical 1 line
11-11 14:45:42.240   675   778 I NetworkStatsRecorder: recordSnapshotLocked: ident[[{type=WIFI, subType=COMBINED, networkId="NewKunlunGuest", metered=false}]]
11-11 14:45:42.242   675   778 D NetworkStatsRecorder: forcePersistLocked() writing for dev
11-11 14:45:42.257   675   778 D NetworkStatsRecorder: forcePersistLocked() writing for xt
11-11 14:45:43.626   675  4419 V SettingsProvider: packageValueForCallResult, name = ringtone_set, value : Bundle[{_track_generation=android.util.MemoryIntArray@5e, value=1, _generation_index=2, _generation=316}]
11-11 14:45:44.683   675   701 W ContextImpl: Calling a method in the system process without a qualified user: android.app.ContextImpl.sendBroadcast:967 com.mediatek.server.stk.StkManagerImpl$2.run:110 android.os.Handler.handleCallback:790 android.os.Handler.dispatchMessage:99 android.os.Looper.loop:164 
11-11 14:45:44.684   675   700 W BroadcastQueue: Background execution not allowed: receiving Intent { act=mediatek.intent.action.stk.USER_ACTIVITY flg=0x10 } to com.android.stk/.EventReceiver
11-11 14:45:44.806   675   701 W ContextImpl: Calling a method in the system process without a qualified user: android.app.ContextImpl.sendBroadcast:967 com.mediatek.server.stk.StkManagerImpl$2.run:110 android.os.Handler.handleCallback:790 android.os.Handler.dispatchMessage:99 android.os.Looper.loop:164 
11-11 14:45:44.807   675   700 W BroadcastQueue: Background execution not allowed: receiving Intent { act=mediatek.intent.action.stk.USER_ACTIVITY flg=0x10 } to com.android.stk/.EventReceiver
11-11 14:45:46.241   675   701 W ContextImpl: Calling a method in the system process without a qualified user: android.app.ContextImpl.sendBroadcast:967 com.mediatek.server.stk.StkManagerImpl$2.run:110 android.os.Handler.handleCallback:790 android.os.Handler.dispatchMessage:99 android.os.Looper.loop:164 
11-11 14:45:46.241   675   700 W BroadcastQueue: Background execution not allowed: receiving Intent { act=mediatek.intent.action.stk.USER_ACTIVITY flg=0x10 } to com.android.stk/.EventReceiver
11-11 14:45:46.390   675   701 W ContextImpl: Calling a method in the system process without a qualified user: android.app.ContextImpl.sendBroadcast:967 com.mediatek.server.stk.StkManagerImpl$2.run:110 android.os.Handler.handleCallback:790 android.os.Handler.dispatchMessage:99 android.os.Looper.loop:164 
11-11 14:45:46.391   675   700 W BroadcastQueue: Background execution not allowed: receiving Intent { act=mediatek.intent.action.stk.USER_ACTIVITY flg=0x10 } to com.android.stk/.EventReceiver
11-11 14:45:46.410   675  5008 I ActivityManager: START u0 {act=android.intent.action.VIEW dat=content://com.android.chrome.FileProvider/downloads/yijianRootdashi_305 (2).apk typ=application/vnd.android.package-archive flg=0x10000003 cmp=com.google.android.packageinstaller/com.android.packageinstaller.InstallStart (has extras)} from uid 10055
11-11 14:45:46.660   675  4419 I ActivityManager: Start proc 24334:com.google.android.packageinstaller/u0a19 for activity com.google.android.packageinstaller/com.android.packageinstaller.InstallStart
11-11 14:45:46.753   675  4419 D AppLockDelegator: appLockCheck: 
11-11 14:45:46.754   675  4419 D ActivityManager: realStartActivityLocked: app lock service check
11-11 14:45:46.754   675  4419 D ActivityManager: setActivityResumedHook:com.google.android.packageinstaller
11-11 14:45:46.757   675  4419 V WindowManager: Set focused app to: AppWindowToken{efa33fc token=Token{2a88cb8 ActivityRecord{31c131b u0 com.google.android.packageinstaller/com.android.packageinstaller.InstallStart t2410}}} old focus=AppWindowToken{329ed32 token=Token{8fd6ffc ActivityRecord{35d28ef u0 com.android.chrome/com.google.android.apps.chrome.Main t2385}}} moveFocusNow=true
11-11 14:45:46.764   675  4419 V WindowManager: Changing focus from Window{5c9a48a u0 com.android.chrome/com.google.android.apps.chrome.Main} to null Callers=com.android.server.wm.WindowManagerService.setFocusedApp:2748 com.android.server.am.ActivityManagerService.setResumedActivityUncheckLocked:3413 com.android.server.am.ActivityStack.setResumedActivityLocked:2335 com.android.server.am.ActivityStack.minimalResumeActivityLocked:1111 
11-11 14:45:46.764   675  4419 D WindowManager: Input focus has changed to null
11-11 14:45:46.849   675  4419 D ProcessManager: After resumed : com.google.android.packageinstaller
11-11 14:45:46.850   675  4419 W ActivityManager: Slow operation: 119ms so far, now at attachApplicationLocked: after mServices.attachApplicationLocked
11-11 14:45:46.856   675   701 W Looper  : Dispatch took 110ms on android.ui, h=Handler (com.android.server.am.ActivityManagerService$UiHandler) {c53aabc} cb=null msg=31
11-11 14:45:46.861   675   713 I WindowManager: Focus moving from Window{5c9a48a u0 com.android.chrome/com.google.android.apps.chrome.Main} to null
11-11 14:45:47.008   675  7774 V SettingsProvider: packageValueForCallResult, name = null, value : Bundle[{_track_generation=android.util.MemoryIntArray@5e, value=null, _generation_index=0, _generation=51}]
11-11 14:45:47.046   675  4419 I ActivityManager: START u0 {act=android.intent.action.VIEW dat=content://com.android.chrome.FileProvider/downloads/yijianRootdashi_305 (2).apk typ=application/vnd.android.package-archive flg=0x2000000 cmp=com.google.android.packageinstaller/com.android.packageinstaller.InstallStaging (has extras)} from uid 10019
11-11 14:45:47.108   675  1609 D AppLockDelegator: appLockCheck: 
11-11 14:45:47.109   675  1609 D ActivityManager: realStartActivityLocked: app lock service check
11-11 14:45:47.109   675  1609 D ActivityManager: setActivityResumedHook:com.google.android.packageinstaller
11-11 14:45:47.110   675  1609 V WindowManager: Set focused app to: AppWindowToken{9c0c839 token=Token{766d132 ActivityRecord{333153d u0 com.google.android.packageinstaller/com.android.packageinstaller.InstallStaging t2410}}} old focus=AppWindowToken{efa33fc token=Token{2a88cb8 ActivityRecord{31c131b u0 com.google.android.packageinstaller/com.android.packageinstaller.InstallStart t2410}}} moveFocusNow=true
11-11 14:45:47.118   675  1609 D ProcessManager: After resumed : com.google.android.packageinstaller
11-11 14:45:47.379   675  1609 I WindowManager: Relayout Window{7c3548a u0 com.google.android.packageinstaller/com.android.packageinstaller.InstallStaging}: oldVis=4 newVis=0 focusMayChange = true
11-11 14:45:47.398   675  1609 V WindowManager: Changing focus from null to Window{7c3548a u0 com.google.android.packageinstaller/com.android.packageinstaller.InstallStaging} Callers=com.android.server.wm.WindowManagerService.relayoutWindow:2187 com.android.server.wm.Session.relayout:239 android.view.IWindowSession$Stub.onTransact:286 com.android.server.wm.Session.onTransact:163 
11-11 14:45:47.398   675  1609 D WindowManager: Input focus has changed to Window{7c3548a u0 com.google.android.packageinstaller/com.android.packageinstaller.InstallStaging}
11-11 14:45:47.411   675   713 I WindowManager: Focus moving from null to Window{7c3548a u0 com.google.android.packageinstaller/com.android.packageinstaller.InstallStaging}
11-11 14:45:47.761   675  1609 I ActivityManager: START u0 {act=android.intent.action.VIEW dat=file:///data/user_de/0/com.google.android.packageinstaller/no_backup/package961553737068135312.apk flg=0x2010000 cmp=com.google.android.packageinstaller/com.android.packageinstaller.DeleteStagedFileOnResult (has extras)} from uid 10019
11-11 14:45:47.832   675  7774 D AppLockDelegator: appLockCheck: 
11-11 14:45:47.832   675  7774 D ActivityManager: realStartActivityLocked: app lock service check
11-11 14:45:47.833   675  7774 D ActivityManager: setActivityResumedHook:com.google.android.packageinstaller
11-11 14:45:47.833   675  7774 V WindowManager: Set focused app to: AppWindowToken{afe0e73 token=Token{56f3cc4 ActivityRecord{fc68bd7 u0 com.google.android.packageinstaller/com.android.packageinstaller.DeleteStagedFileOnResult t2410}}} old focus=AppWindowToken{9c0c839 token=Token{766d132 ActivityRecord{333153d u0 com.google.android.packageinstaller/com.android.packageinstaller.InstallStaging t2410}}} moveFocusNow=true
11-11 14:45:47.835   675  7774 V WindowManager: Changing focus from Window{7c3548a u0 com.google.android.packageinstaller/com.android.packageinstaller.InstallStaging} to null Callers=com.android.server.wm.WindowManagerService.setFocusedApp:2748 com.android.server.am.ActivityManagerService.setResumedActivityUncheckLocked:3413 com.android.server.am.ActivityStack.setResumedActivityLocked:2335 com.android.server.am.ActivityStack.minimalResumeActivityLocked:1111 
11-11 14:45:47.835   675  7774 D WindowManager: Input focus has changed to null
11-11 14:45:47.840   675   713 I WindowManager: Focus moving from Window{7c3548a u0 com.google.android.packageinstaller/com.android.packageinstaller.InstallStaging} to null
11-11 14:45:47.848   675  7774 D ProcessManager: After resumed : com.google.android.packageinstaller
11-11 14:45:47.871   675  7774 I ActivityManager: START u0 {act=android.intent.action.VIEW dat=file:///data/user_de/0/com.google.android.packageinstaller/no_backup/package961553737068135312.apk flg=0x10000 cmp=com.google.android.packageinstaller/com.android.packageinstaller.PackageInstallerActivity (has extras)} from uid 10019
11-11 14:45:47.954   675  7774 D AppLockDelegator: appLockCheck: 
11-11 14:45:47.955   675  7774 D ActivityManager: realStartActivityLocked: app lock service check
11-11 14:45:47.955   675  7774 D ActivityManager: setActivityResumedHook:com.google.android.packageinstaller
11-11 14:45:47.957   675  7774 V WindowManager: Set focused app to: AppWindowToken{b211ecf token=Token{d67d32e ActivityRecord{58731a9 u0 com.google.android.packageinstaller/com.android.packageinstaller.PackageInstallerActivity t2410}}} old focus=AppWindowToken{afe0e73 token=Token{56f3cc4 ActivityRecord{fc68bd7 u0 com.google.android.packageinstaller/com.android.packageinstaller.DeleteStagedFileOnResult t2410}}} moveFocusNow=true
11-11 14:45:47.966   675  7774 D ProcessManager: After resumed : com.google.android.packageinstaller
11-11 14:45:48.016 24334 24334 W PackageParser: Failed to parse /data/user_de/0/com.google.android.packageinstaller/no_backup/package961553737068135312.apk
11-11 14:45:48.016 24334 24334 W PackageParser: java.io.FileNotFoundException: AndroidManifest.xml
11-11 14:45:48.016 24334 24334 W PackageParser: 	at android.content.res.AssetManager.openXmlAssetNative(Native Method)
11-11 14:45:48.016 24334 24334 W PackageParser: 	at android.content.res.AssetManager.openXmlBlockAsset(AssetManager.java:546)
11-11 14:45:48.016 24334 24334 W PackageParser: 	at android.content.res.AssetManager.openXmlResourceParser(AssetManager.java:514)
11-11 14:45:48.016 24334 24334 W PackageParser: 	at android.content.pm.PackageParser.parseApkLite(PackageParser.java:1744)
11-11 14:45:48.016 24334 24334 W PackageParser: 	at android.content.pm.PackageParser.parseMonolithicPackageLite(PackageParser.java:895)
11-11 14:45:48.016 24334 24334 W PackageParser: 	at android.content.pm.PackageParser.parseMonolithicPackage(PackageParser.java:1283)
11-11 14:45:48.016 24334 24334 W PackageParser: 	at android.content.pm.PackageParser.parsePackage(PackageParser.java:1018)
11-11 14:45:48.016 24334 24334 W PackageParser: 	at android.content.pm.PackageParser.parsePackage(PackageParser.java:1038)
11-11 14:45:48.016 24334 24334 W PackageParser: 	at com.android.packageinstaller.PackageUtil.getPackageInfo(PackageUtil.java:60)
11-11 14:45:48.016 24334 24334 W PackageParser: 	at com.android.packageinstaller.PackageInstallerActivity.processPackageUri(PackageInstallerActivity.java:589)
11-11 14:45:48.016 24334 24334 W PackageParser: 	at com.android.packageinstaller.PackageInstallerActivity.onCreate(PackageInstallerActivity.java:431)
11-11 14:45:48.016 24334 24334 W PackageParser: 	at android.app.Activity.performCreate(Activity.java:7044)
11-11 14:45:48.016 24334 24334 W PackageParser: 	at android.app.Activity.performCreate(Activity.java:7035)
11-11 14:45:48.016 24334 24334 W PackageParser: 	at android.app.Instrumentation.callActivityOnCreate(Instrumentation.java:1214)
11-11 14:45:48.016 24334 24334 W PackageParser: 	at android.app.ActivityThread.performLaunchActivity(ActivityThread.java:2759)
11-11 14:45:48.016 24334 24334 W PackageParser: 	at android.app.ActivityThread.handleLaunchActivity(ActivityThread.java:2884)
11-11 14:45:48.016 24334 24334 W PackageParser: 	at android.app.ActivityThread.-wrap11(Unknown Source:0)
11-11 14:45:48.016 24334 24334 W PackageParser: 	at android.app.ActivityThread$H.handleMessage(ActivityThread.java:1614)
11-11 14:45:48.016 24334 24334 W PackageParser: 	at android.os.Handler.dispatchMessage(Handler.java:106)
11-11 14:45:48.016 24334 24334 W PackageParser: 	at android.os.Looper.loop(Looper.java:164)
11-11 14:45:48.016 24334 24334 W PackageParser: 	at android.app.ActivityThread.main(ActivityThread.java:6524)
11-11 14:45:48.016 24334 24334 W PackageParser: 	at java.lang.reflect.Method.invoke(Native Method)
11-11 14:45:48.016 24334 24334 W PackageParser: 	at com.android.internal.os.RuntimeInit$MethodAndArgsCaller.run(RuntimeInit.java:451)
11-11 14:45:48.016 24334 24334 W PackageParser: 	at com.android.internal.os.ZygoteInit.main(ZygoteInit.java:888)
11-11 14:45:48.131   675  7774 V WindowManager: Changing focus from null to Window{321f43a u0 com.google.android.packageinstaller/com.android.packageinstaller.PackageInstallerActivity} Callers=com.android.server.wm.WindowManagerService.addWindow:1594 com.android.server.wm.Session.addToDisplay:202 android.view.IWindowSession$Stub.onTransact:124 com.android.server.wm.Session.onTransact:163 
11-11 14:45:48.133   675  7774 D WindowManager: Input focus has changed to Window{321f43a u0 com.google.android.packageinstaller/com.android.packageinstaller.PackageInstallerActivity}
11-11 14:45:48.135   675   713 I WindowManager: Focus moving from null to Window{321f43a u0 com.google.android.packageinstaller/com.android.packageinstaller.PackageInstallerActivity}
11-11 14:45:48.299   675  5008 I WindowManager: Relayout Window{a682648 u0 com.google.android.packageinstaller/com.android.packageinstaller.PackageInstallerActivity}: oldVis=4 newVis=0 focusMayChange = true
11-11 14:45:48.575   675  5008 D IdleScreen: activityIdleScreen: android.app.ContextImpl@ab7f6f mNotifyNeeded: false idleIntent: Intent { act=android.intent.action.VIEW dat=file:///data/user_de/0/com.google.android.packageinstaller/no_backup/package961553737068135312.apk flg=0x10000 cmp=com.google.android.packageinstaller/com.android.packageinstaller.PackageInstallerActivity (has extras) }
11-11 14:45:48.580   675  5008 D IdleScreen: activityIdleScreen: android.app.ContextImpl@ab7f6f mNotifyNeeded: false idleIntent: Intent { act=android.intent.action.VIEW dat=file:///data/user_de/0/com.google.android.packageinstaller/no_backup/package961553737068135312.apk flg=0x2010000 cmp=com.google.android.packageinstaller/com.android.packageinstaller.DeleteStagedFileOnResult (has extras) }
11-11 14:45:49.529   675   701 W ContextImpl: Calling a method in the system process without a qualified user: android.app.ContextImpl.sendBroadcast:967 com.mediatek.server.stk.StkManagerImpl$2.run:110 android.os.Handler.handleCallback:790 android.os.Handler.dispatchMessage:99 android.os.Looper.loop:164 
11-11 14:45:49.530   675   700 W BroadcastQueue: Background execution not allowed: receiving Intent { act=mediatek.intent.action.stk.USER_ACTIVITY flg=0x10 } to com.android.stk/.EventReceiver
11-11 14:45:49.643   675   701 W ContextImpl: Calling a method in the system process without a qualified user: android.app.ContextImpl.sendBroadcast:967 com.mediatek.server.stk.StkManagerImpl$2.run:110 android.os.Handler.handleCallback:790 android.os.Handler.dispatchMessage:99 android.os.Looper.loop:164 
