11-11 14:45:49.644   675   700 W BroadcastQueue: Background execution not allowed: receiving Intent { act=mediatek.intent.action.stk.USER_ACTIVITY flg=0x10 } to com.android.stk/.EventReceiver
11-11 14:45:49.651   675  1609 V SettingsProvider: packageValueForCallResult, name = sound_effects_enabled, value : Bundle[{_track_generation=android.util.MemoryIntArray@5e, value=0, _generation_index=2, _generation=316}]
11-11 14:45:49.686   675  1609 V WindowManager: Remove Window{321f43a u0 com.google.android.packageinstaller/com.android.packageinstaller.PackageInstallerActivity} client=df83f65, surfaceController=Surface(name=com.google.android.packageinstaller/com.android.packageinstaller.PackageInstallerActivity) Callers=com.android.server.wm.WindowState.removeIfPossible:1852 com.android.server.wm.WindowManagerService.removeWindow:1761 com.android.server.wm.Session.remove:222 android.view.IWindowSession$Stub.onTransact:242 com.android.server.wm.Session.onTransact:163 
11-11 14:45:49.711   675  1609 V WindowManager: Changing focus from Window{321f43a u0 com.google.android.packageinstaller/com.android.packageinstaller.PackageInstallerActivity} to null Callers=com.android.server.wm.WindowState.removeIfPossible:1991 com.android.server.wm.WindowState.removeIfPossible:1852 com.android.server.wm.WindowManagerService.removeWindow:1761 com.android.server.wm.Session.remove:222 
11-11 14:45:49.711   675  1609 D WindowManager: Input focus has changed to null
11-11 14:45:49.714   675   713 I WindowManager: Focus moving from Window{321f43a u0 com.google.android.packageinstaller/com.android.packageinstaller.PackageInstallerActivity} to null
11-11 14:45:49.720   675  1609 V WindowManager: Set focused app to: AppWindowToken{afe0e73 token=Token{56f3cc4 ActivityRecord{fc68bd7 u0 com.google.android.packageinstaller/com.android.packageinstaller.DeleteStagedFileOnResult t2410}}} old focus=AppWindowToken{b211ecf token=Token{d67d32e ActivityRecord{58731a9 u0 com.google.android.packageinstaller/com.android.packageinstaller.PackageInstallerActivity t2410}}} moveFocusNow=true
11-11 14:45:49.722   675  1609 D ActivityManager: setActivityResumedHook:com.google.android.packageinstaller
11-11 14:45:49.722   675  1609 D ProcessManager: After resumed : com.google.android.packageinstaller
11-11 14:45:49.728   675  1609 D AppLockDelegator: appLockCheck: 
11-11 14:45:49.756   675  1609 V WindowManager: Set focused app to: AppWindowToken{329ed32 token=Token{8fd6ffc ActivityRecord{35d28ef u0 com.android.chrome/com.google.android.apps.chrome.Main t2385}}} old focus=AppWindowToken{afe0e73 token=Token{56f3cc4 ActivityRecord{fc68bd7 u0 com.google.android.packageinstaller/com.android.packageinstaller.DeleteStagedFileOnResult t2410}}} moveFocusNow=true
11-11 14:45:49.758   675  1609 D ActivityManager: setActivityResumedHook:com.android.chrome
11-11 14:45:49.758   675  1609 D ProcessManager: After resumed : com.android.chrome
11-11 14:45:49.766   675  1609 D AppLockDelegator: appLockCheck: 
11-11 14:45:49.850   675  7774 I WindowManager: Relayout Window{5c9a48a u0 com.android.chrome/com.google.android.apps.chrome.Main}: oldVis=4 newVis=0 focusMayChange = true
11-11 14:45:49.854   675  7774 V WindowManager: Changing focus from null to Window{5c9a48a u0 com.android.chrome/com.google.android.apps.chrome.Main} Callers=com.android.server.wm.WindowManagerService.relayoutWindow:2187 com.android.server.wm.Session.relayout:239 android.view.IWindowSession$Stub.onTransact:286 com.android.server.wm.Session.onTransact:163 
11-11 14:45:49.854   675  7774 D WindowManager: Input focus has changed to Window{5c9a48a u0 com.android.chrome/com.google.android.apps.chrome.Main}
11-11 14:45:49.865   675   713 I WindowManager: Focus moving from null to Window{5c9a48a u0 com.android.chrome/com.google.android.apps.chrome.Main}
11-11 14:45:50.032   675  1609 D IdleScreen: activityIdleScreen: android.app.ContextImpl@ab7f6f mNotifyNeeded: false idleIntent: Intent { act=android.intent.action.MAIN cat=[android.intent.category.LAUNCHER] flg=0x10200000 cmp=com.android.chrome/com.google.android.apps.chrome.Main bnds=[36,532][198,720] (has extras) }
11-11 14:45:50.274   675   701 W ContextImpl: Calling a method in the system process without a qualified user: android.app.ContextImpl.sendBroadcast:967 com.mediatek.server.stk.StkManagerImpl$2.run:110 android.os.Handler.handleCallback:790 android.os.Handler.dispatchMessage:99 android.os.Looper.loop:164 
11-11 14:45:50.277   675   700 W BroadcastQueue: Background execution not allowed: receiving Intent { act=mediatek.intent.action.stk.USER_ACTIVITY flg=0x10 } to com.android.stk/.EventReceiver
11-11 14:45:50.298   675  4419 D VibratorService: enable vibrator
11-11 14:45:50.316   675   701 W ContextImpl: Calling a method in the system process without a qualified user: android.app.ContextImpl.sendBroadcast:967 com.mediatek.server.stk.StkManagerImpl$2.run:110 android.os.Handler.handleCallback:790 android.os.Handler.dispatchMessage:99 android.os.Looper.loop:164 
11-11 14:45:50.317   675   700 W BroadcastQueue: Background execution not allowed: receiving Intent { act=mediatek.intent.action.stk.USER_ACTIVITY flg=0x10 } to com.android.stk/.EventReceiver
11-11 14:45:50.386   675   701 W ContextImpl: Calling a method in the system process without a qualified user: android.app.ContextImpl.sendBroadcast:967 com.mediatek.server.stk.StkManagerImpl$2.run:110 android.os.Handler.handleCallback:790 android.os.Handler.dispatchMessage:99 android.os.Looper.loop:164 
11-11 14:45:50.417   675   701 W ContextImpl: Calling a method in the system process without a qualified user: android.app.ContextImpl.sendBroadcast:967 com.mediatek.server.stk.StkManagerImpl$2.run:110 android.os.Handler.handleCallback:790 android.os.Handler.dispatchMessage:99 android.os.Looper.loop:164 
11-11 14:45:50.432   675   700 W BroadcastQueue: Background execution not allowed: receiving Intent { act=mediatek.intent.action.stk.USER_ACTIVITY flg=0x10 } to com.android.stk/.EventReceiver
11-11 14:45:50.443   675   700 W BroadcastQueue: Background execution not allowed: receiving Intent { act=mediatek.intent.action.stk.USER_ACTIVITY flg=0x10 } to com.android.stk/.EventReceiver
11-11 14:45:50.863   675  7774 I ActivityManager: Process com.google.android.packageinstaller (pid 24334) has died: cch  CEM 
11-11 14:45:50.909   675   705 D ProcessManager: killAllBackgroundProcesses
11-11 14:45:50.919   675   713 W ActivityManager: setHasOverlayUi called on unknown pid: 24334
11-11 14:45:51.522   675   701 W ContextImpl: Calling a method in the system process without a qualified user: android.app.ContextImpl.sendBroadcast:967 com.mediatek.server.stk.StkManagerImpl$2.run:110 android.os.Handler.handleCallback:790 android.os.Handler.dispatchMessage:99 android.os.Looper.loop:164 
11-11 14:45:51.523   675   700 W BroadcastQueue: Background execution not allowed: receiving Intent { act=mediatek.intent.action.stk.USER_ACTIVITY flg=0x10 } to com.android.stk/.EventReceiver
11-11 14:45:51.641   675   701 W ContextImpl: Calling a method in the system process without a qualified user: android.app.ContextImpl.sendBroadcast:967 com.mediatek.server.stk.StkManagerImpl$2.run:110 android.os.Handler.handleCallback:790 android.os.Handler.dispatchMessage:99 android.os.Looper.loop:164 
11-11 14:45:51.643   675   700 W BroadcastQueue: Background execution not allowed: receiving Intent { act=mediatek.intent.action.stk.USER_ACTIVITY flg=0x10 } to com.android.stk/.EventReceiver
11-11 14:45:54.863   675   701 W ContextImpl: Calling a method in the system process without a qualified user: android.app.ContextImpl.sendBroadcast:967 com.mediatek.server.stk.StkManagerImpl$2.run:110 android.os.Handler.handleCallback:790 android.os.Handler.dispatchMessage:99 android.os.Looper.loop:164 
11-11 14:45:54.864   675   700 W BroadcastQueue: Background execution not allowed: receiving Intent { act=mediatek.intent.action.stk.USER_ACTIVITY flg=0x10 } to com.android.stk/.EventReceiver
11-11 14:45:54.972   675   701 W ContextImpl: Calling a method in the system process without a qualified user: android.app.ContextImpl.sendBroadcast:967 com.mediatek.server.stk.StkManagerImpl$2.run:110 android.os.Handler.handleCallback:790 android.os.Handler.dispatchMessage:99 android.os.Looper.loop:164 
11-11 14:45:54.973   675   700 W BroadcastQueue: Background execution not allowed: receiving Intent { act=mediatek.intent.action.stk.USER_ACTIVITY flg=0x10 } to com.android.stk/.EventReceiver
11-11 14:45:55.077   675   701 W ContextImpl: Calling a method in the system process without a qualified user: android.app.ContextImpl.sendBroadcast:967 com.mediatek.server.stk.StkManagerImpl$2.run:110 android.os.Handler.handleCallback:790 android.os.Handler.dispatchMessage:99 android.os.Looper.loop:164 
11-11 14:45:55.078   675   700 W BroadcastQueue: Background execution not allowed: receiving Intent { act=mediatek.intent.action.stk.USER_ACTIVITY flg=0x10 } to com.android.stk/.EventReceiver
11-11 14:45:55.500   675   701 W ContextImpl: Calling a method in the system process without a qualified user: android.app.ContextImpl.sendBroadcast:967 com.mediatek.server.stk.StkManagerImpl$2.run:110 android.os.Handler.handleCallback:790 android.os.Handler.dispatchMessage:99 android.os.Looper.loop:164 
11-11 14:45:55.503   675   700 W BroadcastQueue: Background execution not allowed: receiving Intent { act=mediatek.intent.action.stk.USER_ACTIVITY flg=0x10 } to com.android.stk/.EventReceiver
11-11 14:45:55.623   675   701 W ContextImpl: Calling a method in the system process without a qualified user: android.app.ContextImpl.sendBroadcast:967 com.mediatek.server.stk.StkManagerImpl$2.run:110 android.os.Handler.handleCallback:790 android.os.Handler.dispatchMessage:99 android.os.Looper.loop:164 
11-11 14:45:55.624   675   700 W BroadcastQueue: Background execution not allowed: receiving Intent { act=mediatek.intent.action.stk.USER_ACTIVITY flg=0x10 } to com.android.stk/.EventReceiver
11-11 14:45:55.731   675   701 W ContextImpl: Calling a method in the system process without a qualified user: android.app.ContextImpl.sendBroadcast:967 com.mediatek.server.stk.StkManagerImpl$2.run:110 android.os.Handler.handleCallback:790 android.os.Handler.dispatchMessage:99 android.os.Looper.loop:164 
11-11 14:45:55.734   675   700 W BroadcastQueue: Background execution not allowed: receiving Intent { act=mediatek.intent.action.stk.USER_ACTIVITY flg=0x10 } to com.android.stk/.EventReceiver
11-11 14:45:56.566   675   701 W ContextImpl: Calling a method in the system process without a qualified user: android.app.ContextImpl.sendBroadcast:967 com.mediatek.server.stk.StkManagerImpl$2.run:110 android.os.Handler.handleCallback:790 android.os.Handler.dispatchMessage:99 android.os.Looper.loop:164 
11-11 14:45:56.567   675   700 W BroadcastQueue: Background execution not allowed: receiving Intent { act=mediatek.intent.action.stk.USER_ACTIVITY flg=0x10 } to com.android.stk/.EventReceiver
11-11 14:45:56.689   675   701 W ContextImpl: Calling a method in the system process without a qualified user: android.app.ContextImpl.sendBroadcast:967 com.mediatek.server.stk.StkManagerImpl$2.run:110 android.os.Handler.handleCallback:790 android.os.Handler.dispatchMessage:99 android.os.Looper.loop:164 
11-11 14:45:56.691   675   700 W BroadcastQueue: Background execution not allowed: receiving Intent { act=mediatek.intent.action.stk.USER_ACTIVITY flg=0x10 } to com.android.stk/.EventReceiver
11-11 14:45:57.360   675  1609 I ActivityManager: Process com.google.process.gapps (pid 24250) has died: cch+2CEM 
11-11 14:45:57.529   675  1609 I ActivityManager: Process com.google.process.gservices (pid 24203) has died: cch  CEM 
11-11 14:45:57.535   675   705 D ProcessManager: killAllBackgroundProcesses
11-11 14:45:58.161   675   760 I ActivityManager: Start proc 24366:com.tencent.mm:push/u0a101 for service com.tencent.mm/.booter.CoreService
11-11 14:45:58.162   675   760 D ActivityManager: AMS: *** Launch app com.tencent.mm/10101 for service Intent { cmp=com.tencent.mm/.booter.CoreService }, from com.tencent.mm/10101.
11-11 14:45:58.466   675   778 I NetworkStatsRecorder: recordSnapshotLocked: ident[[{type=WIFI, subType=COMBINED, networkId="NewKunlunGuest", metered=false}]]
11-11 14:45:58.468   675   778 I chatty  : uid=1000(system) NetworkStats identical 5 lines
11-11 14:45:58.469   675   778 I NetworkStatsRecorder: recordSnapshotLocked: ident[[{type=WIFI, subType=COMBINED, networkId="NewKunlunGuest", metered=false}]]
11-11 14:45:58.470   675   778 D NetworkStatsRecorder: forcePersistLocked() writing for dev
11-11 14:45:58.476   675   778 D NetworkStatsRecorder: forcePersistLocked() writing for xt
11-11 14:45:58.859 24366 24366 E ActivityThread: Failed to find provider info for com.tencent.mm.coolassist.debugprovider
11-11 14:45:59.366   675   778 I NetworkStatsRecorder: recordSnapshotLocked: ident[[{type=WIFI, subType=COMBINED, networkId="NewKunlunGuest", metered=false}]]
11-11 14:45:59.366   675   778 I chatty  : uid=1000(system) NetworkStats identical 1 line
11-11 14:45:59.367   675   778 I NetworkStatsRecorder: recordSnapshotLocked: ident[[{type=WIFI, subType=COMBINED, networkId="NewKunlunGuest", metered=false}]]
11-11 14:45:59.368   675   778 D NetworkStatsRecorder: forcePersistLocked() writing for dev
11-11 14:45:59.379   675   701 W ContextImpl: Calling a method in the system process without a qualified user: android.app.ContextImpl.sendBroadcast:967 com.mediatek.server.stk.StkManagerImpl$2.run:110 android.os.Handler.handleCallback:790 android.os.Handler.dispatchMessage:99 android.os.Looper.loop:164 
11-11 14:45:59.381   675   700 W BroadcastQueue: Background execution not allowed: receiving Intent { act=mediatek.intent.action.stk.USER_ACTIVITY flg=0x10 } to com.android.stk/.EventReceiver
11-11 14:45:59.402   675   778 D NetworkStatsRecorder: forcePersistLocked() writing for xt
11-11 14:45:59.494   675   701 W ContextImpl: Calling a method in the system process without a qualified user: android.app.ContextImpl.sendBroadcast:967 com.mediatek.server.stk.StkManagerImpl$2.run:110 android.os.Handler.handleCallback:790 android.os.Handler.dispatchMessage:99 android.os.Looper.loop:164 
11-11 14:45:59.495   675   700 W BroadcastQueue: Background execution not allowed: receiving Intent { act=mediatek.intent.action.stk.USER_ACTIVITY flg=0x10 } to com.android.stk/.EventReceiver
11-11 14:46:00.736   675   701 W ContextImpl: Calling a method in the system process without a qualified user: android.app.ContextImpl.sendBroadcast:967 com.mediatek.server.stk.StkManagerImpl$2.run:110 android.os.Handler.handleCallback:790 android.os.Handler.dispatchMessage:99 android.os.Looper.loop:164 
11-11 14:46:00.737   675   700 W BroadcastQueue: Background execution not allowed: receiving Intent { act=mediatek.intent.action.stk.USER_ACTIVITY flg=0x10 } to com.android.stk/.EventReceiver
11-11 14:46:00.739   675   760 D VibratorService: enable vibrator
11-11 14:46:00.761   675   701 W ContextImpl: Calling a method in the system process without a qualified user: android.app.ContextImpl.sendBroadcast:967 com.mediatek.server.stk.StkManagerImpl$2.run:110 android.os.Handler.handleCallback:790 android.os.Handler.dispatchMessage:99 android.os.Looper.loop:164 
11-11 14:46:00.762   675   700 W BroadcastQueue: Background execution not allowed: receiving Intent { act=mediatek.intent.action.stk.USER_ACTIVITY flg=0x10 } to com.android.stk/.EventReceiver
11-11 14:46:00.869   675   701 W ContextImpl: Calling a method in the system process without a qualified user: android.app.ContextImpl.sendBroadcast:967 com.mediatek.server.stk.StkManagerImpl$2.run:110 android.os.Handler.handleCallback:790 android.os.Handler.dispatchMessage:99 android.os.Looper.loop:164 
11-11 14:46:00.870   675   700 W BroadcastQueue: Background execution not allowed: receiving Intent { act=mediatek.intent.action.stk.USER_ACTIVITY flg=0x10 } to com.android.stk/.EventReceiver
11-11 14:46:01.050   675   760 D VibratorService: enable vibrator
11-11 14:46:01.063   675   701 W ContextImpl: Calling a method in the system process without a qualified user: android.app.ContextImpl.sendBroadcast:967 com.mediatek.server.stk.StkManagerImpl$2.run:110 android.os.Handler.handleCallback:790 android.os.Handler.dispatchMessage:99 android.os.Looper.loop:164 
11-11 14:46:01.064   675   700 W BroadcastQueue: Background execution not allowed: receiving Intent { act=mediatek.intent.action.stk.USER_ACTIVITY flg=0x10 } to com.android.stk/.EventReceiver
11-11 14:46:01.932   675  4419 V SettingsProvider: packageValueForCallResult, name = time_12_24, value : Bundle[{_track_generation=android.util.MemoryIntArray@5e, value=12, _generation_index=2, _generation=316}]
11-11 14:46:02.777   675   701 W ContextImpl: Calling a method in the system process without a qualified user: android.app.ContextImpl.sendBroadcast:967 com.mediatek.server.stk.StkManagerImpl$2.run:110 android.os.Handler.handleCallback:790 android.os.Handler.dispatchMessage:99 android.os.Looper.loop:164 
11-11 14:46:02.778   675   700 W BroadcastQueue: Background execution not allowed: receiving Intent { act=mediatek.intent.action.stk.USER_ACTIVITY flg=0x10 } to com.android.stk/.EventReceiver
11-11 14:46:02.778   675  1609 D VibratorService: enable vibrator
11-11 14:46:02.783   675   701 W ContextImpl: Calling a method in the system process without a qualified user: android.app.ContextImpl.sendBroadcast:967 com.mediatek.server.stk.StkManagerImpl$2.run:110 android.os.Handler.handleCallback:790 android.os.Handler.dispatchMessage:99 android.os.Looper.loop:164 
11-11 14:46:02.784   675   700 W BroadcastQueue: Background execution not allowed: receiving Intent { act=mediatek.intent.action.stk.USER_ACTIVITY flg=0x10 } to com.android.stk/.EventReceiver
11-11 14:46:02.891   675   701 W ContextImpl: Calling a method in the system process without a qualified user: android.app.ContextImpl.sendBroadcast:967 com.mediatek.server.stk.StkManagerImpl$2.run:110 android.os.Handler.handleCallback:790 android.os.Handler.dispatchMessage:99 android.os.Looper.loop:164 
11-11 14:46:02.892   675   700 W BroadcastQueue: Background execution not allowed: receiving Intent { act=mediatek.intent.action.stk.USER_ACTIVITY flg=0x10 } to com.android.stk/.EventReceiver
11-11 14:46:02.896   675   701 W ContextImpl: Calling a method in the system process without a qualified user: android.app.ContextImpl.sendBroadcast:967 com.mediatek.server.stk.StkManagerImpl$2.run:110 android.os.Handler.handleCallback:790 android.os.Handler.dispatchMessage:99 android.os.Looper.loop:164 
11-11 14:46:02.897   675   700 W BroadcastQueue: Background execution not allowed: receiving Intent { act=mediatek.intent.action.stk.USER_ACTIVITY flg=0x10 } to com.android.stk/.EventReceiver
11-11 14:46:03.527   675  7774 I ActivityManager: Process com.tencent.mm:push (pid 24366) has died: svcb SVC 
11-11 14:46:03.530   675  7774 W ActivityManager: Scheduling restart of crashed service com.tencent.mm/.booter.CoreService in 1000ms
11-11 14:46:03.573   675   705 D ProcessManager: killAllBackgroundProcesses
11-11 14:46:03.652   675   675 I DeviceIdleController: updateChargingLocked: charging=false
11-11 14:46:04.069   675   701 W ContextImpl: Calling a method in the system process without a qualified user: android.app.ContextImpl.sendBroadcast:967 com.mediatek.server.stk.StkManagerImpl$2.run:110 android.os.Handler.handleCallback:790 android.os.Handler.dispatchMessage:99 android.os.Looper.loop:164 
11-11 14:46:04.070   675   700 W BroadcastQueue: Background execution not allowed: receiving Intent { act=mediatek.intent.action.stk.USER_ACTIVITY flg=0x10 } to com.android.stk/.EventReceiver
11-11 14:46:04.073   675  7599 D VibratorService: enable vibrator
11-11 14:46:04.080   675   701 W ContextImpl: Calling a method in the system process without a qualified user: android.app.ContextImpl.sendBroadcast:967 com.mediatek.server.stk.StkManagerImpl$2.run:110 android.os.Handler.handleCallback:790 android.os.Handler.dispatchMessage:99 android.os.Looper.loop:164 
11-11 14:46:04.083   675   700 W BroadcastQueue: Background execution not allowed: receiving Intent { act=mediatek.intent.action.stk.USER_ACTIVITY flg=0x10 } to com.android.stk/.EventReceiver
11-11 14:46:04.201   675   701 W ContextImpl: Calling a method in the system process without a qualified user: android.app.ContextImpl.sendBroadcast:967 com.mediatek.server.stk.StkManagerImpl$2.run:110 android.os.Handler.handleCallback:790 android.os.Handler.dispatchMessage:99 android.os.Looper.loop:164 
11-11 14:46:04.202   675   700 W BroadcastQueue: Background execution not allowed: receiving Intent { act=mediatek.intent.action.stk.USER_ACTIVITY flg=0x10 } to com.android.stk/.EventReceiver
11-11 14:46:04.204   675   701 W ContextImpl: Calling a method in the system process without a qualified user: android.app.ContextImpl.sendBroadcast:967 com.mediatek.server.stk.StkManagerImpl$2.run:110 android.os.Handler.handleCallback:790 android.os.Handler.dispatchMessage:99 android.os.Looper.loop:164 
11-11 14:46:04.205   675   700 W BroadcastQueue: Background execution not allowed: receiving Intent { act=mediatek.intent.action.stk.USER_ACTIVITY flg=0x10 } to com.android.stk/.EventReceiver
11-11 14:46:04.624   675   700 I ActivityManager: Start proc 24445:com.tencent.mm:push/u0a101 for service com.tencent.mm/.booter.CoreService
11-11 14:46:04.624   675   700 D ActivityManager: AMS: *** Launch app com.tencent.mm/10101 for service Intent { cmp=com.tencent.mm/.booter.CoreService }, from null/-1.
11-11 14:46:04.685   675  7599 I ActivityManager: Process android.process.media (pid 24294) has died: cch  CEM 
11-11 14:46:04.698   675   705 D ProcessManager: killAllBackgroundProcesses
11-11 14:46:04.705   675  1609 V SettingsProvider: name : battery_remaining_time appId : 1000
11-11 14:46:04.963   675   701 W ContextImpl: Calling a method in the system process without a qualified user: android.app.ContextImpl.sendBroadcast:967 com.mediatek.server.stk.StkManagerImpl$2.run:110 android.os.Handler.handleCallback:790 android.os.Handler.dispatchMessage:99 android.os.Looper.loop:164 
11-11 14:46:04.964   675   700 W BroadcastQueue: Background execution not allowed: receiving Intent { act=mediatek.intent.action.stk.USER_ACTIVITY flg=0x10 } to com.android.stk/.EventReceiver
11-11 14:46:05.069   675   701 W ContextImpl: Calling a method in the system process without a qualified user: android.app.ContextImpl.sendBroadcast:967 com.mediatek.server.stk.StkManagerImpl$2.run:110 android.os.Handler.handleCallback:790 android.os.Handler.dispatchMessage:99 android.os.Looper.loop:164 
11-11 14:46:05.070   675   700 W BroadcastQueue: Background execution not allowed: receiving Intent { act=mediatek.intent.action.stk.USER_ACTIVITY flg=0x10 } to com.android.stk/.EventReceiver
11-11 14:46:05.493   675   701 W ContextImpl: Calling a method in the system process without a qualified user: android.app.ContextImpl.sendBroadcast:967 com.mediatek.server.stk.StkManagerImpl$2.run:110 android.os.Handler.handleCallback:790 android.os.Handler.dispatchMessage:99 android.os.Looper.loop:164 
11-11 14:46:05.494   675   700 W BroadcastQueue: Background execution not allowed: receiving Intent { act=mediatek.intent.action.stk.USER_ACTIVITY flg=0x10 } to com.android.stk/.EventReceiver
11-11 14:46:05.551 24445 24445 E ActivityThread: Failed to find provider info for com.tencent.mm.coolassist.debugprovider
11-11 14:46:05.595   675   701 W ContextImpl: Calling a method in the system process without a qualified user: android.app.ContextImpl.sendBroadcast:967 com.mediatek.server.stk.StkManagerImpl$2.run:110 android.os.Handler.handleCallback:790 android.os.Handler.dispatchMessage:99 android.os.Looper.loop:164 
11-11 14:46:05.596   675   700 W BroadcastQueue: Background execution not allowed: receiving Intent { act=mediatek.intent.action.stk.USER_ACTIVITY flg=0x10 } to com.android.stk/.EventReceiver
11-11 14:46:05.698   675   701 W ContextImpl: Calling a method in the system process without a qualified user: android.app.ContextImpl.sendBroadcast:967 com.mediatek.server.stk.StkManagerImpl$2.run:110 android.os.Handler.handleCallback:790 android.os.Handler.dispatchMessage:99 android.os.Looper.loop:164 
11-11 14:46:05.699   675   700 W BroadcastQueue: Background execution not allowed: receiving Intent { act=mediatek.intent.action.stk.USER_ACTIVITY flg=0x10 } to com.android.stk/.EventReceiver
11-11 14:46:05.812   675   701 W ContextImpl: Calling a method in the system process without a qualified user: android.app.ContextImpl.sendBroadcast:967 com.mediatek.server.stk.StkManagerImpl$2.run:110 android.os.Handler.handleCallback:790 android.os.Handler.dispatchMessage:99 android.os.Looper.loop:164 
11-11 14:46:05.813   675   700 W BroadcastQueue: Background execution not allowed: receiving Intent { act=mediatek.intent.action.stk.USER_ACTIVITY flg=0x10 } to com.android.stk/.EventReceiver
11-11 14:46:06.864   675   760 D VibratorService: enable vibrator
11-11 14:46:06.864   675   701 W ContextImpl: Calling a method in the system process without a qualified user: android.app.ContextImpl.sendBroadcast:967 com.mediatek.server.stk.StkManagerImpl$2.run:110 android.os.Handler.handleCallback:790 android.os.Handler.dispatchMessage:99 android.os.Looper.loop:164 
11-11 14:46:06.866   675   700 W BroadcastQueue: Background execution not allowed: receiving Intent { act=mediatek.intent.action.stk.USER_ACTIVITY flg=0x10 } to com.android.stk/.EventReceiver
11-11 14:46:06.871   675   701 W ContextImpl: Calling a method in the system process without a qualified user: android.app.ContextImpl.sendBroadcast:967 com.mediatek.server.stk.StkManagerImpl$2.run:110 android.os.Handler.handleCallback:790 android.os.Handler.dispatchMessage:99 android.os.Looper.loop:164 
11-11 14:46:06.872   675   700 W BroadcastQueue: Background execution not allowed: receiving Intent { act=mediatek.intent.action.stk.USER_ACTIVITY flg=0x10 } to com.android.stk/.EventReceiver
11-11 14:46:06.969   675   701 W ContextImpl: Calling a method in the system process without a qualified user: android.app.ContextImpl.sendBroadcast:967 com.mediatek.server.stk.StkManagerImpl$2.run:110 android.os.Handler.handleCallback:790 android.os.Handler.dispatchMessage:99 android.os.Looper.loop:164 
11-11 14:46:06.971   675   700 W BroadcastQueue: Background execution not allowed: receiving Intent { act=mediatek.intent.action.stk.USER_ACTIVITY flg=0x10 } to com.android.stk/.EventReceiver
11-11 14:46:06.989   675   701 W ContextImpl: Calling a method in the system process without a qualified user: android.app.ContextImpl.sendBroadcast:967 com.mediatek.server.stk.StkManagerImpl$2.run:110 android.os.Handler.handleCallback:790 android.os.Handler.dispatchMessage:99 android.os.Looper.loop:164 
11-11 14:46:06.990   675   700 W BroadcastQueue: Background execution not allowed: receiving Intent { act=mediatek.intent.action.stk.USER_ACTIVITY flg=0x10 } to com.android.stk/.EventReceiver
11-11 14:46:07.187   675   701 W ContextImpl: Calling a method in the system process without a qualified user: android.app.ContextImpl.sendBroadcast:967 com.mediatek.server.stk.StkManagerImpl$2.run:110 android.os.Handler.handleCallback:790 android.os.Handler.dispatchMessage:99 android.os.Looper.loop:164 
11-11 14:46:07.187   675  7599 D VibratorService: enable vibrator
11-11 14:46:07.189   675   700 W BroadcastQueue: Background execution not allowed: receiving Intent { act=mediatek.intent.action.stk.USER_ACTIVITY flg=0x10 } to com.android.stk/.EventReceiver
11-11 14:46:07.209   675   701 W ContextImpl: Calling a method in the system process without a qualified user: android.app.ContextImpl.sendBroadcast:967 com.mediatek.server.stk.StkManagerImpl$2.run:110 android.os.Handler.handleCallback:790 android.os.Handler.dispatchMessage:99 android.os.Looper.loop:164 
11-11 14:46:07.214   675   700 W BroadcastQueue: Background execution not allowed: receiving Intent { act=mediatek.intent.action.stk.USER_ACTIVITY flg=0x10 } to com.android.stk/.EventReceiver
11-11 14:46:07.292   675   701 W ContextImpl: Calling a method in the system process without a qualified user: android.app.ContextImpl.sendBroadcast:967 com.mediatek.server.stk.StkManagerImpl$2.run:110 android.os.Handler.handleCallback:790 android.os.Handler.dispatchMessage:99 android.os.Looper.loop:164 
11-11 14:46:07.295   675   700 W BroadcastQueue: Background execution not allowed: receiving Intent { act=mediatek.intent.action.stk.USER_ACTIVITY flg=0x10 } to com.android.stk/.EventReceiver
11-11 14:46:07.320   675   701 W ContextImpl: Calling a method in the system process without a qualified user: android.app.ContextImpl.sendBroadcast:967 com.mediatek.server.stk.StkManagerImpl$2.run:110 android.os.Handler.handleCallback:790 android.os.Handler.dispatchMessage:99 android.os.Looper.loop:164 
11-11 14:46:07.321   675   700 W BroadcastQueue: Background execution not allowed: receiving Intent { act=mediatek.intent.action.stk.USER_ACTIVITY flg=0x10 } to com.android.stk/.EventReceiver
11-11 14:46:07.469   675   701 W ContextImpl: Calling a method in the system process without a qualified user: android.app.ContextImpl.sendBroadcast:967 com.mediatek.server.stk.StkManagerImpl$2.run:110 android.os.Handler.handleCallback:790 android.os.Handler.dispatchMessage:99 android.os.Looper.loop:164 
11-11 14:46:07.470   675   700 W BroadcastQueue: Background execution not allowed: receiving Intent { act=mediatek.intent.action.stk.USER_ACTIVITY flg=0x10 } to com.android.stk/.EventReceiver
11-11 14:46:07.530   675  7599 D VibratorService: enable vibrator
11-11 14:46:07.577   675   701 W ContextImpl: Calling a method in the system process without a qualified user: android.app.ContextImpl.sendBroadcast:967 com.mediatek.server.stk.StkManagerImpl$2.run:110 android.os.Handler.handleCallback:790 android.os.Handler.dispatchMessage:99 android.os.Looper.loop:164 
11-11 14:46:07.581   675   700 W BroadcastQueue: Background execution not allowed: receiving Intent { act=mediatek.intent.action.stk.USER_ACTIVITY flg=0x10 } to com.android.stk/.EventReceiver
11-11 14:46:07.614   675   701 W ContextImpl: Calling a method in the system process without a qualified user: android.app.ContextImpl.sendBroadcast:967 com.mediatek.server.stk.StkManagerImpl$2.run:110 android.os.Handler.handleCallback:790 android.os.Handler.dispatchMessage:99 android.os.Looper.loop:164 
11-11 14:46:07.623   675   700 W BroadcastQueue: Background execution not allowed: receiving Intent { act=mediatek.intent.action.stk.USER_ACTIVITY flg=0x10 } to com.android.stk/.EventReceiver
11-11 14:46:07.630   675   701 W ContextImpl: Calling a method in the system process without a qualified user: android.app.ContextImpl.sendBroadcast:967 com.mediatek.server.stk.StkManagerImpl$2.run:110 android.os.Handler.handleCallback:790 android.os.Handler.dispatchMessage:99 android.os.Looper.loop:164 
11-11 14:46:07.642   675   701 W ContextImpl: Calling a method in the system process without a qualified user: android.app.ContextImpl.sendBroadcast:967 com.mediatek.server.stk.StkManagerImpl$2.run:110 android.os.Handler.handleCallback:790 android.os.Handler.dispatchMessage:99 android.os.Looper.loop:164 
11-11 14:46:07.643   675   700 W BroadcastQueue: Background execution not allowed: receiving Intent { act=mediatek.intent.action.stk.USER_ACTIVITY flg=0x10 } to com.android.stk/.EventReceiver
11-11 14:46:07.660   675   772 I ActivityManager: START u0 {act=android.intent.action.MAIN cat=[android.intent.category.HOME] flg=0x10200000 cmp=com.transsion.hilauncher/com.android.launcher3.Launcher (has extras)} from uid 1000
11-11 14:46:07.816   675   772 V WindowManager: Set focused app to: AppWindowToken{778cb7c token=Token{f4d09b ActivityRecord{28f3caa u0 com.transsion.hilauncher/com.android.launcher3.Launcher t2381}}} old focus=AppWindowToken{329ed32 token=Token{8fd6ffc ActivityRecord{35d28ef u0 com.android.chrome/com.google.android.apps.chrome.Main t2385}}} moveFocusNow=true
11-11 14:46:07.816   675   772 V WindowManager: findFocusedWindow: Reached focused app=AppWindowToken{778cb7c token=Token{f4d09b ActivityRecord{28f3caa u0 com.transsion.hilauncher/com.android.launcher3.Launcher t2381}}}
11-11 14:46:07.835   675   772 V WindowManager: Changing focus from Window{5c9a48a u0 com.android.chrome/com.google.android.apps.chrome.Main} to null Callers=com.android.server.wm.WindowManagerService.setFocusedApp:2748 com.android.server.am.ActivityManagerService.setResumedActivityUncheckLocked:3413 com.android.server.am.ActivityStack.setResumedActivityLocked:2335 com.android.server.am.ActivityStack.resumeTopActivityInnerLocked:2655 
11-11 14:46:07.836   675   772 D WindowManager: Input focus has changed to null
11-11 14:46:07.841   675   772 D ActivityManager: setActivityResumedHook:com.transsion.hilauncher
11-11 14:46:07.842   675   772 D ProcessManager: After resumed : com.transsion.hilauncher
11-11 14:46:07.854   675   772 D AppLockDelegator: appLockCheck: 
11-11 14:46:07.856   675   713 I WindowManager: Focus moving from Window{5c9a48a u0 com.android.chrome/com.google.android.apps.chrome.Main} to null
11-11 14:46:07.867   675   701 W Looper  : Dispatch took 226ms on android.ui, h=Handler (com.android.server.policy.PhoneWindowManager$PolicyHandler) {ad40a76} cb=com.mediatek.server.stk.StkManagerImpl$2@c7224d msg=0
11-11 14:46:07.869   675   701 W ContextImpl: Calling a method in the system process without a qualified user: android.app.ContextImpl.sendBroadcast:967 com.mediatek.server.stk.StkManagerImpl$2.run:110 android.os.Handler.handleCallback:790 android.os.Handler.dispatchMessage:99 android.os.Looper.loop:164 
11-11 14:46:07.884   675   700 W BroadcastQueue: Background execution not allowed: receiving Intent { act=mediatek.intent.action.stk.USER_ACTIVITY flg=0x10 } to com.android.stk/.EventReceiver
11-11 14:46:07.890   675   700 W BroadcastQueue: Background execution not allowed: receiving Intent { act=mediatek.intent.action.stk.USER_ACTIVITY flg=0x10 } to com.android.stk/.EventReceiver
11-11 14:46:08.276   675  7599 I WindowManager: Relayout Window{4a6a263 u0 com.transsion.hilauncher/com.android.launcher3.Launcher}: oldVis=8 newVis=0 focusMayChange = true
11-11 14:46:08.286   675  7599 V WindowManager: Changing focus from null to Window{4a6a263 u0 com.transsion.hilauncher/com.android.launcher3.Launcher} Callers=com.android.server.wm.WindowManagerService.relayoutWindow:2187 com.android.server.wm.Session.relayout:239 android.view.IWindowSession$Stub.onTransact:286 com.android.server.wm.Session.onTransact:163 
11-11 14:46:08.286   675  7599 D WindowManager: Input focus has changed to Window{4a6a263 u0 com.transsion.hilauncher/com.android.launcher3.Launcher}
11-11 14:46:08.309   675   713 I WindowManager: Focus moving from null to Window{4a6a263 u0 com.transsion.hilauncher/com.android.launcher3.Launcher}
11-11 14:46:08.314   675   700 W ActivityManager: Activity pause timeout for ActivityRecord{35d28ef u0 com.android.chrome/com.google.android.apps.chrome.Main t2385}
11-11 14:46:08.391   675   714 D ProcessManager.SC: curt MEM=32.53%, CPU=85.43%, IOW=2.10%, threshold(20.0%,90.0%,10.0%)
11-11 14:46:08.643   675  7599 V WindowManager: Changing focus from Window{4a6a263 u0 com.transsion.hilauncher/com.android.launcher3.Launcher} to Window{d70188b u0 com.transsion.hilauncher/com.android.launcher3.Launcher} Callers=com.android.server.wm.WindowManagerService.addWindow:1594 com.android.server.wm.Session.addToDisplay:202 android.view.IWindowSession$Stub.onTransact:124 com.android.server.wm.Session.onTransact:163 
11-11 14:46:08.647   675  7599 D WindowManager: Input focus has changed to Window{d70188b u0 com.transsion.hilauncher/com.android.launcher3.Launcher}
11-11 14:46:08.648   675   713 I WindowManager: Focus moving from Window{4a6a263 u0 com.transsion.hilauncher/com.android.launcher3.Launcher} to Window{d70188b u0 com.transsion.hilauncher/com.android.launcher3.Launcher}
11-11 14:46:08.734   675   701 W ContextImpl: Calling a method in the system process without a qualified user: android.app.ContextImpl.sendBroadcast:967 com.mediatek.server.stk.StkManagerImpl$2.run:110 android.os.Handler.handleCallback:790 android.os.Handler.dispatchMessage:99 android.os.Looper.loop:164 
11-11 14:46:08.735   675   700 W BroadcastQueue: Background execution not allowed: receiving Intent { act=mediatek.intent.action.stk.USER_ACTIVITY flg=0x10 } to com.android.stk/.EventReceiver
11-11 14:46:08.742   675  7599 D VibratorService: enable vibrator
11-11 14:46:08.752   675   701 W ContextImpl: Calling a method in the system process without a qualified user: android.app.ContextImpl.sendBroadcast:967 com.mediatek.server.stk.StkManagerImpl$2.run:110 android.os.Handler.handleCallback:790 android.os.Handler.dispatchMessage:99 android.os.Looper.loop:164 
11-11 14:46:08.753   675   700 W BroadcastQueue: Background execution not allowed: receiving Intent { act=mediatek.intent.action.stk.USER_ACTIVITY flg=0x10 } to com.android.stk/.EventReceiver
11-11 14:46:08.858   675   675 I ActivityManager: Start proc 24496:com.android.vending/u0a33 for service com.android.vending/com.google.android.finsky.scheduler.JobSchedulerEngine$PhoneskyJobSchedulerJobService
11-11 14:46:08.859   675   675 D ActivityManager: AMS: *** Launch app com.android.vending/10033 for service Intent { cmp=com.android.vending/com.google.android.finsky.scheduler.JobSchedulerEngine$PhoneskyJobSchedulerJobService }, from android/1000.
11-11 14:46:08.883   675   701 W ContextImpl: Calling a method in the system process without a qualified user: android.app.ContextImpl.sendBroadcast:967 com.mediatek.server.stk.StkManagerImpl$2.run:110 android.os.Handler.handleCallback:790 android.os.Handler.dispatchMessage:99 android.os.Looper.loop:164 
11-11 14:46:08.884   675   700 W BroadcastQueue: Background execution not allowed: receiving Intent { act=mediatek.intent.action.stk.USER_ACTIVITY flg=0x10 } to com.android.stk/.EventReceiver
11-11 14:46:08.896   675   701 W ContextImpl: Calling a method in the system process without a qualified user: android.app.ContextImpl.sendBroadcast:967 com.mediatek.server.stk.StkManagerImpl$2.run:110 android.os.Handler.handleCallback:790 android.os.Handler.dispatchMessage:99 android.os.Looper.loop:164 
11-11 14:46:08.941   675   700 W BroadcastQueue: Background execution not allowed: receiving Intent { act=mediatek.intent.action.stk.USER_ACTIVITY flg=0x10 } to com.android.stk/.EventReceiver
11-11 14:46:08.951   675   701 W ContextImpl: Calling a method in the system process without a qualified user: android.app.ContextImpl.sendBroadcast:967 com.mediatek.server.stk.StkManagerImpl$2.run:110 android.os.Handler.handleCallback:790 android.os.Handler.dispatchMessage:99 android.os.Looper.loop:164 
11-11 14:46:08.960   675   772 I ActivityManager: START u0 {act=android.intent.action.MAIN cat=[android.intent.category.HOME] flg=0x10200000 cmp=com.transsion.hilauncher/com.android.launcher3.Launcher (has extras)} from uid 1000
11-11 14:46:09.005   675   700 W BroadcastQueue: Background execution not allowed: receiving Intent { act=mediatek.intent.action.stk.USER_ACTIVITY flg=0x10 } to com.android.stk/.EventReceiver
11-11 14:46:09.363   675   713 I WindowManager: Losing delayed focus: Window{4a6a263 u0 com.transsion.hilauncher/com.android.launcher3.Launcher}
11-11 14:46:09.857   675   760 V WindowManager: Remove Window{d70188b u0 com.transsion.hilauncher/com.android.launcher3.Launcher} client=6abee5a, surfaceController=Surface(name=com.transsion.hilauncher/com.android.launcher3.Launcher) Callers=com.android.server.wm.WindowState.removeIfPossible:1852 com.android.server.wm.WindowManagerService.removeWindow:1761 com.android.server.wm.Session.remove:222 android.view.IWindowSession$Stub.onTransact:242 com.android.server.wm.Session.onTransact:163 
11-11 14:46:09.864   675   760 V WindowManager: Changing focus from Window{d70188b u0 com.transsion.hilauncher/com.android.launcher3.Launcher EXITING} to Window{4a6a263 u0 com.transsion.hilauncher/com.android.launcher3.Launcher} Callers=com.android.server.wm.WindowState.setupWindowForRemoveOnExit:2000 com.android.server.wm.WindowState.removeIfPossible:1972 com.android.server.wm.WindowState.removeIfPossible:1852 com.android.server.wm.WindowManagerService.removeWindow:1761 
11-11 14:46:09.864   675   760 D WindowManager: Input focus has changed to Window{4a6a263 u0 com.transsion.hilauncher/com.android.launcher3.Launcher}
11-11 14:46:09.890   675   713 I WindowManager: Focus moving from Window{d70188b u0 com.transsion.hilauncher/com.android.launcher3.Launcher EXITING} to Window{4a6a263 u0 com.transsion.hilauncher/com.android.launcher3.Launcher}
11-11 14:46:10.456   675   760 D IdleScreen: activityIdleScreen: android.app.ContextImpl@ab7f6f mNotifyNeeded: false idleIntent: Intent { act=android.intent.action.MAIN cat=[android.intent.category.HOME] flg=0x10a00000 cmp=com.transsion.hilauncher/com.android.launcher3.Launcher (has extras) }
11-11 14:46:10.499   675   760 I ActivityManager: Start proc 24520:com.google.process.gservices/u0a13 for content provider com.google.android.gsf/.gservices.GservicesProvider
11-11 14:46:10.928   675  1001 I BroadcastQueue: Delay finish: com.google.android.gms/.gcm.nts.SchedulerReceiver
11-11 14:46:11.237   675  1001 V SettingsProvider: packageValueForCallResult, name = device_provisioned, value : Bundle[{_track_generation=android.util.MemoryIntArray@5e, value=1, _generation_index=0, _generation=51}]
11-11 14:46:11.423   675  7599 I BroadcastQueue: Resuming delayed broadcast
11-11 14:46:11.674   675  7599 I ActivityManager: Start proc 24562:com.google.process.gapps/u0a13 for content provider com.google.android.gsf/.settings.GoogleSettingsProvider
11-11 14:46:11.674   675  7599 W ActivityManager: Slow operation: 62ms so far, now at getContentProviderImpl: after start process
11-11 14:46:11.674   675  7599 W ActivityManager: Slow operation: 62ms so far, now at getContentProviderImpl: updating data structures
11-11 14:46:11.675   675  7599 W ActivityManager: Slow operation: 62ms so far, now at getContentProviderImpl: done!
11-11 14:46:11.740   675  1001 V SettingsProvider: packageValueForCallResult, name = android_id, value : Bundle[{_track_generation=android.util.MemoryIntArray@5e, value=775966cec3e2068f, _generation_index=1, _generation=19}]
11-11 14:46:12.080   675  4419 V SettingsProvider: packageValueForCallResult, name = time_12_24, value : Bundle[{_track_generation=android.util.MemoryIntArray@5e, value=12, _generation_index=2, _generation=316}]
11-11 14:46:12.558   675  1001 I ActivityManager: Start proc 24603:com.android.vending:download_service/u0a33 for service com.android.vending/com.google.android.finsky.downloadservice.DownloadService
11-11 14:46:12.558   675  1001 D ActivityManager: AMS: *** Launch app com.android.vending/10033 for service Intent { act=com.google.android.finsky.BIND_DOWNLOAD_SERVICE pkg=com.android.vending }, from com.android.vending/10033.
11-11 14:46:12.670   675  4419 I ActivityManager: Start proc 24619:android.process.media/u0a28 for content provider com.android.providers.downloads/.DownloadProvider
11-11 14:46:12.670   675  4419 W ActivityManager: Slow operation: 112ms so far, now at getContentProviderImpl: after start process
11-11 14:46:12.670   675  4419 W ActivityManager: Slow operation: 112ms so far, now at getContentProviderImpl: updating data structures
11-11 14:46:12.670   675  4419 W ActivityManager: Slow operation: 112ms so far, now at getContentProviderImpl: done!
11-11 14:46:12.969   675   675 D VibratorService: enable vibrator
11-11 14:46:12.978   675   700 W BroadcastQueue: Background execution not allowed: receiving Intent { act=android.intent.action.ACTION_POWER_CONNECTED flg=0x4000010 (has extras) } to com.google.android.apps.photos/.scheduler.PowerReceiver
11-11 14:46:12.978   675   700 W BroadcastQueue: Background execution not allowed: receiving Intent { act=android.intent.action.ACTION_POWER_CONNECTED flg=0x4000010 (has extras) } to com.google.android.gms/.gcm.nts.SchedulerReceiver
11-11 14:46:12.978   675   700 W BroadcastQueue: Background execution not allowed: receiving Intent { act=android.intent.action.ACTION_POWER_CONNECTED flg=0x4000010 (has extras) } to com.google.android.gms/.chimera.GmsIntentOperationService$PersistentTrustedReceiver
11-11 14:46:12.979   675   700 W BroadcastQueue: Background execution not allowed: receiving Intent { act=android.intent.action.ACTION_POWER_CONNECTED flg=0x4000010 (has extras) } to com.transsion.phoenix/com.proj.sun.alive.AliveReceiver
11-11 14:46:12.984   675   675 I EntropyMixer: Writing entropy...
11-11 14:46:12.997   675   700 W BroadcastQueue: Background execution not allowed: receiving Intent { act=android.intent.action.ACTION_POWER_CONNECTED flg=0x4000010 (has extras) } to com.opera.mini.native/com.opera.android.analytics.OSPPingReceiver
11-11 14:46:13.017   675   675 I DeviceIdleController: updateChargingLocked: charging=true
11-11 14:46:13.017   675   675 I DeviceIdleController: becomeActiveLocked, reason = charging
11-11 14:46:13.024   675   701 W ContextImpl: Calling a method in the system process without a qualified user: android.app.ContextImpl.sendBroadcast:967 com.mediatek.server.stk.StkManagerImpl$2.run:110 android.os.Handler.handleCallback:790 android.os.Handler.dispatchMessage:99 android.os.Looper.loop:164 
11-11 14:46:13.026   675   700 W BroadcastQueue: Background execution not allowed: receiving Intent { act=mediatek.intent.action.stk.USER_ACTIVITY flg=0x10 } to com.android.stk/.EventReceiver
11-11 14:46:13.201   675   711 W ContextImpl: Calling a method in the system process without a qualified user: android.app.ContextImpl.sendBroadcast:967 com.android.server.usb.UsbDeviceManager$UsbHandler.handleMessage:921 android.os.Handler.dispatchMessage:106 android.os.Looper.loop:164 android.os.HandlerThread.run:65 
11-11 14:46:13.202   675   711 W ActivityManager: Sending non-protected broadcast android.hardware.usb.action.USB_CONNECT_CHANGED from system 675:system/1000 pkg android
11-11 14:46:13.227   675   706 E BatteryExternalStatsWorker: no controller energy info supplied for wifi
11-11 14:46:13.227   675   706 E BatteryExternalStatsWorker: no controller energy info supplied for bluetooth
11-11 14:46:13.301   675   699 D DeviceIdleController: handleMessage(7)
11-11 14:46:13.364   675  1398 D MtkConnectivityService: requestNetwork for uid/pid:10033/24603 NetworkRequest [ TRACK_DEFAULT id=729, [ Capabilities: INTERNET&NOT_RESTRICTED&TRUSTED&NOT_VPN] ]
11-11 14:46:13.585   675   700 I ActivityManager: Start proc 24645:com.android.settings/1000 for broadcast com.android.settings/.deviceinfo.UsbConnectReceiver
11-11 14:46:13.585   675   700 D BroadcastQueue: AMS: *** Launch app com.android.settings/1000 for broadcast Intent { act=android.hardware.usb.action.USB_CONNECT_CHANGED flg=0x30000010 cmp=com.android.settings/.deviceinfo.UsbConnectReceiver (has extras) } from android/1000
11-11 14:46:13.599   675   711 D UsbDeviceManager: push notification: USB 
11-11 14:46:13.951   675  1522 D MtkConnectivityService: ConnectivityService NetworkRequestInfo binderDied(NetworkRequest [ TRACK_DEFAULT id=729, [ Capabilities: INTERNET&NOT_RESTRICTED&TRUSTED&NOT_VPN] ], android.os.BinderProxy@e46c35)
11-11 14:46:13.952   675   791 D MtkConnectivityService: releasing NetworkRequest [ TRACK_DEFAULT id=729, [ Capabilities: INTERNET&NOT_RESTRICTED&TRUSTED&NOT_VPN] ] (release request)
11-11 14:46:13.952   675  7775 I ActivityManager: Process com.android.vending:download_service (pid 24603) has died: cch  CEM 
11-11 14:46:14.000   675   705 D ProcessManager: killAllBackgroundProcesses
11-11 14:46:14.026   675  7775 V SettingsProvider: name : battery_remaining_time appId : 1000
11-11 14:46:14.099   675   675 I DeviceIdleController: updateChargingLocked: charging=true
11-11 14:46:14.099   675   675 I DeviceIdleController: becomeActiveLocked, reason = charging
11-11 14:46:14.275   675  7775 V SettingsProvider: packageValueForCallResult, name = device_provisioned, value : Bundle[{_track_generation=android.util.MemoryIntArray@5e, value=1, _generation_index=0, _generation=51}]
11-11 14:46:14.331 24645 24645 W ContextImpl: Calling a method in the system process without a qualified user: android.app.ContextImpl.startActivity:855 android.content.ContextWrapper.startActivity:372 android.content.ContextWrapper.startActivity:372 com.android.settings.deviceinfo.UsbConnectReceiver.onReceive:89 android.app.ActivityThread.handleReceiver:3215 
11-11 14:46:14.331 24645 24645 W ContextImpl: Calling a method in the system process without a qualified user: android.app.ContextImpl.startActivity:867 android.app.ContextImpl.startActivity:856 android.content.ContextWrapper.startActivity:372 android.content.ContextWrapper.startActivity:372 com.android.settings.deviceinfo.UsbConnectReceiver.onReceive:89 
11-11 14:46:14.351   675  7775 I ActivityManager: START u0 {cmp=com.android.settings/.deviceinfo.UsbMTPChooserActivity} from uid 1000
11-11 14:46:14.370   675  7775 W ActivityManager: startActivity called from non-Activity context; forcing Intent.FLAG_ACTIVITY_NEW_TASK for: Intent { flg=0x800000 cmp=com.android.settings/.deviceinfo.UsbMTPChooserActivity }
11-11 14:46:14.425   675  7600 D AppLockDelegator: appLockCheck: 
11-11 14:46:14.426   675  7600 D ActivityManager: realStartActivityLocked: app lock service check
11-11 14:46:14.426   675  7600 D ActivityManager: setActivityResumedHook:com.android.settings
11-11 14:46:14.429   675  7600 V WindowManager: Set focused app to: AppWindowToken{992eced token=Token{d9e5f17 ActivityRecord{6dc4796 u0 com.android.settings/.deviceinfo.UsbMTPChooserActivity t2411}}} old focus=AppWindowToken{778cb7c token=Token{f4d09b ActivityRecord{28f3caa u0 com.transsion.hilauncher/com.android.launcher3.Launcher t2381}}} moveFocusNow=true
