11-11 15:43:27.985 25895 25895 I Glide   : 	at com.android.okhttp.internal.http.HttpEngine.readNetworkResponse(HttpEngine.java:763)
11-11 15:43:27.985 25895 25895 I Glide   : 	at com.android.okhttp.internal.http.HttpEngine.readResponse(HttpEngine.java:635)
11-11 15:43:27.985 25895 25895 I Glide   : 	at com.android.okhttp.internal.huc.HttpURLConnectionImpl.execute(HttpURLConnectionImpl.java:471)
11-11 15:43:27.985 25895 25895 I Glide   : 	at com.android.okhttp.internal.huc.HttpURLConnectionImpl.getResponse(HttpURLConnectionImpl.java:407)
11-11 15:43:27.985 25895 25895 I Glide   : 	at com.android.okhttp.internal.huc.HttpURLConnectionImpl.getInputStream(HttpURLConnectionImpl.java:244)
11-11 15:43:27.985 25895 25895 I Glide   : 	at com.android.okhttp.internal.huc.DelegatingHttpsURLConnection.getInputStream(DelegatingHttpsURLConnection.java:210)
11-11 15:43:27.985 25895 25895 I Glide   : 	at com.android.okhttp.internal.huc.HttpsURLConnectionImpl.getInputStream(Unknown Source:0)
11-11 15:43:27.985 25895 25895 I Glide   : 	at com.bumptech.glide.load.data.HttpUrlFetcher.loadDataWithRedirects(HttpUrlFetcher.java:106)
11-11 15:43:27.985 25895 25895 I Glide   : 	at com.bumptech.glide.load.data.HttpUrlFetcher.loadData(HttpUrlFetcher.java:59)
11-11 15:43:27.985 25895 25895 I Glide   : 	at com.bumptech.glide.load.model.MultiModelLoader$MultiFetcher.loadData(MultiModelLoader.java:99)
11-11 15:43:27.985 25895 25895 I Glide   : 	at com.bumptech.glide.load.model.MultiModelLoader$MultiFetcher.startNextOrFail(MultiModelLoader.java:150)
11-11 15:43:27.985 25895 25895 I Glide   : 	at com.bumptech.glide.load.model.MultiModelLoader$MultiFetcher.onLoadFailed(MultiModelLoader.java:144)
11-11 15:43:27.985 25895 25895 I Glide   : 	at com.bumptech.glide.load.data.HttpUrlFetcher.loadData(HttpUrlFetcher.java:65)
11-11 15:43:27.985 25895 25895 I Glide   : 	at com.bumptech.glide.load.model.MultiModelLoader$MultiFetcher.loadData(MultiModelLoader.java:99)
11-11 15:43:27.985 25895 25895 I Glide   : 	at com.bumptech.glide.load.engine.SourceGenerator.startNext(SourceGenerator.java:62)
11-11 15:43:27.985 25895 25895 I Glide   : 	at com.bumptech.glide.load.engine.DecodeJob.runGenerators(DecodeJob.java:302)
11-11 15:43:27.985 25895 25895 I Glide   : 	at com.bumptech.glide.load.engine.DecodeJob.runWrapped(DecodeJob.java:272)
11-11 15:43:27.985 25895 25895 I Glide   : 	at com.bumptech.glide.load.engine.DecodeJob.run(DecodeJob.java:233)
11-11 15:43:27.985 25895 25895 I Glide   : 	at java.util.concurrent.ThreadPoolExecutor.runWorker(ThreadPoolExecutor.java:1162)
11-11 15:43:27.985 25895 25895 I Glide   : 	at java.util.concurrent.ThreadPoolExecutor$Worker.run(ThreadPoolExecutor.java:636)
11-11 15:43:27.985 25895 25895 I Glide   : 	at java.lang.Thread.run(Thread.java:764)
11-11 15:43:27.985 25895 25895 I Glide   : 	at com.bumptech.glide.load.engine.executor.GlideExecutor$DefaultThreadFactory$1.run(GlideExecutor.java:446)
11-11 15:43:27.985 25895 25895 I Glide   : Caused by: java.net.SocketException: socket is closed
11-11 15:43:27.985 25895 25895 I Glide   : 	at com.android.org.conscrypt.ConscryptFileDescriptorSocket$SSLInputStream.read(ConscryptFileDescriptorSocket.java:546)
11-11 15:43:27.985 25895 25895 I Glide   : 	at com.android.okhttp.okio.Okio$2.read(Okio.java:136)
11-11 15:43:27.985 25895 25895 I Glide   : 	at com.android.okhttp.okio.AsyncTimeout$2.read(AsyncTimeout.java:211)
11-11 15:43:27.985 25895 25895 I Glide   : 	... 27 more
11-11 15:43:28.026   264  1255 I BufferQueueProducer: [com.opera.olist/com.olist.home.ui.detail.DetailUI#1](this:0xabc69000,id:2112,api:1,p:25895,c:264) queueBuffer: fps=1.61 dur=21702.69 max=21040.29 min=7.59
11-11 15:43:28.088   977  1254 D PhoneInterfaceManager: [PhoneIntfMgr] SubscriptionManager.getPhoneId(1)=1
11-11 15:43:28.090   830   830 D SignalClusterView: setMDataInds-getState subId:1sts[com.android.systemui.statusbar.SignalClusterView$PhoneState@5ddf837]:com.android.systemui.statusbar.SignalClusterView{34a3f18 V.E...... ......ID 2,0-48,48 #7f0a02a1 app:id/signal_cluster}
11-11 15:43:28.096   977  1254 D PhoneInterfaceManager: [PhoneIntfMgr] SubscriptionManager.getPhoneId(1)=1
11-11 15:43:28.098   830   830 D SignalClusterView: setMDataInds-getState subId:1sts[com.android.systemui.statusbar.SignalClusterView$PhoneState@2ada1a4]:com.android.systemui.statusbar.SignalClusterView{bd0d7e4 V.E...... ........ 2,7-48,41 #7f0a02a1 app:id/signal_cluster}
11-11 15:43:28.319 25895 26310 I System.out: isEmailSend:GET
11-11 15:43:28.320 25895 26310 I System.out: port:80
11-11 15:43:28.490 25895 26300 I System.out: isEmailSend:GET
11-11 15:43:28.493 25895 26300 I System.out: port:80
11-11 15:43:28.509 25895 26314 I System.out: isEmailSend:GET
11-11 15:43:28.511 25895 26314 I System.out: port:80
11-11 15:43:28.809   264  1255 I BufferQueueProducer: [StatusBar#0](this:0xabc4a000,id:4,api:1,p:830,c:264) queueBuffer: fps=15.80 dur=1012.89 max=682.58 min=16.14
11-11 15:43:28.815   264   264 I DisplayDevice: [Built-in Screen (type:0)] fps:16.837534,dur:1009.65,max:678.97,min:16.16
11-11 15:43:29.096   977  1254 D PhoneInterfaceManager: [PhoneIntfMgr] SubscriptionManager.getPhoneId(1)=1
11-11 15:43:29.098   830   830 D SignalClusterView: setMDataInds-getState subId:1sts[com.android.systemui.statusbar.SignalClusterView$PhoneState@5ddf837]:com.android.systemui.statusbar.SignalClusterView{34a3f18 V.E...... ......ID 2,0-48,48 #7f0a02a1 app:id/signal_cluster}
11-11 15:43:29.104   977  1254 D PhoneInterfaceManager: [PhoneIntfMgr] SubscriptionManager.getPhoneId(1)=1
11-11 15:43:29.107   830   830 D SignalClusterView: setMDataInds-getState subId:1sts[com.android.systemui.statusbar.SignalClusterView$PhoneState@2ada1a4]:com.android.systemui.statusbar.SignalClusterView{bd0d7e4 V.E...... ........ 2,7-48,41 #7f0a02a1 app:id/signal_cluster}
11-11 15:43:29.257   307   307 I thermal_repeater: [recvMdThermalInfo] ret=9, strLen=127,  1, 32767
11-11 15:43:30.847   264  1255 I BufferQueueProducer: [StatusBar#0](this:0xabc4a000,id:4,api:1,p:830,c:264) queueBuffer: fps=7.36 dur=2037.80 max=1049.03 min=8.41
11-11 15:43:30.866   264   264 I DisplayDevice: [Built-in Screen (type:0)] fps:7.316092,dur:2050.28,max:1057.36,min:16.20
11-11 15:43:31.238   830   843 I zygote  : Background concurrent copying GC freed 196966(9MB) AllocSpace objects, 0(0B) LOS objects, 40% free, 34MB/58MB, paused 332us total 869.542ms
11-11 15:43:31.321 25895 26310 I System.out: [OkHttp] sendRequest>>
11-11 15:43:31.322 25895 26310 I System.out: [OkHttp] sendRequest<<
11-11 15:43:31.743 25895 26300 I System.out: [OkHttp] sendRequest>>
11-11 15:43:31.743 25895 26300 I System.out: [OkHttp] sendRequest<<
11-11 15:43:31.964 25895 26314 I System.out: [OkHttp] sendRequest>>
11-11 15:43:31.965 25895 26314 I System.out: [OkHttp] sendRequest<<
11-11 15:43:32.790   264  1255 I BufferQueueProducer: [StatusBar#0](this:0xabc4a000,id:4,api:1,p:830,c:264) queueBuffer: fps=1.03 dur=1942.89 max=991.19 min=951.70
11-11 15:43:32.802   264   264 I DisplayDevice: [Built-in Screen (type:0)] fps:1.033015,dur:1936.08,max:992.23,min:943.85
11-11 15:43:33.794   264  1255 I BufferQueueProducer: [StatusBar#0](this:0xabc4a000,id:4,api:1,p:830,c:264) queueBuffer: fps=1.00 dur=1004.22 max=1004.22 min=1004.22
11-11 15:43:33.811   264   264 I DisplayDevice: [Built-in Screen (type:0)] fps:0.991130,dur:1008.95,max:1008.95,min:1008.95
11-11 15:43:35.096  5790  6047 D phonemaster_log: HiManager_ViewUtil: ViewUtilisShowNotification false
11-11 15:43:35.097  5790  6047 D phonemaster_log: HiManager_MasterCoreService: MESSAGE_SERVICE_WHAT_UPDATE_NOTIFICATION isShowNotificationfalse
11-11 15:43:35.140   675   933 D AES     : AEEIOCTL_GET/SET_SF_STATE IOCTL,cmd= 1074294797, lParam=0. 
11-11 15:43:35.140   675   933 D AES     : AEEIOCTL_RT_MON_Kick IOCTL,cmd= 2147774474, lParam=300. 
11-11 15:43:35.330  5449  5449 I PC_BatteryChangedReceiver: level: 54, remindValue: 15, status: 2
11-11 15:43:35.331  5449  5449 D PC_BatteryChangedReceiver: isGameMode: false
11-11 15:43:35.331  5449  5449 D PC_BatteryChangedReceiver: onReceive: false
11-11 15:43:35.332  5449  5449 D PC_BatteryChangedReceiver: isGameMode: false
11-11 15:43:35.334   675   675 I DeviceIdleController: updateChargingLocked: charging=true
11-11 15:43:35.335   675   675 I DeviceIdleController: becomeActiveLocked, reason = charging
11-11 15:43:35.341  5449  5449 D PC_NotificationUtils: cancelNotification: 
11-11 15:43:35.342  5449  5449 D PC_BatteryChangedReceiver: onReceive: battary on charge
11-11 15:43:35.430   264  1255 I BufferQueueProducer: [StatusBar#0](this:0xabc4a000,id:4,api:1,p:830,c:264) queueBuffer: fps=1.22 dur=1635.81 max=991.77 min=644.04
11-11 15:43:35.447   264   264 I DisplayDevice: [Built-in Screen (type:0)] fps:1.221938,dur:1636.74,max:991.26,min:645.49
11-11 15:43:36.356   675  1523 I WifiService: getVerboseLoggingLevel uid=1000
11-11 15:43:36.357   675  1523 I WifiService: getWifiApEnabledState uid=1000
11-11 15:43:36.358  5449  5449 D PowerSaveUtils: isUltraPowerOn(context) isOn=false
11-11 15:43:36.359  5449  5449 D PowerSaveUtils: getConfigCurrent isUltraModeOn:false
11-11 15:43:36.359  5449  5449 D PowerSaveUtils: config details is : bright->76wifiEnable-> falsewifiApEnable->falsebtEnable->falsedataEnable->truegpsEnable->truethreeGEnable->trueautoSyncEnable->trueisScreenModeOn->falseisUltraModeOn->falseisBatterySaverOn->false
11-11 15:43:36.359  5449  5449 D PowerSaveUtils: getConfigCurrent current:34.6
11-11 15:43:36.360   675  1523 V SettingsProvider: name : battery_remaining_time appId : 1000
11-11 15:43:36.360  5449  5449 D PowerSaveUtils: hours:8,min:46
11-11 15:43:36.787   264  1255 I BufferQueueProducer: [StatusBar#0](this:0xabc4a000,id:4,api:1,p:830,c:264) queueBuffer: fps=2.21 dur=1357.32 max=993.09 min=7.23
11-11 15:43:36.804   264   264 I DisplayDevice: [Built-in Screen (type:0)] fps:2.210937,dur:1356.89,max:991.97,min:16.18
11-11 15:43:37.798   264  1255 I BufferQueueProducer: [StatusBar#0](this:0xabc4a000,id:4,api:1,p:830,c:264) queueBuffer: fps=0.99 dur=1010.53 max=1010.53 min=1010.53
11-11 15:43:37.812   264   264 I DisplayDevice: [Built-in Screen (type:0)] fps:0.992157,dur:1007.90,max:1007.90,min:1007.90
11-11 15:43:39.266   307   307 I thermal_repeater: [recvMdThermalInfo] ret=9, strLen=127,  1, 32767
11-11 15:43:39.797   264  1255 I BufferQueueProducer: [StatusBar#0](this:0xabc4a000,id:4,api:1,p:830,c:264) queueBuffer: fps=1.00 dur=1999.36 max=1006.93 min=992.43
11-11 15:43:39.815   264   264 I DisplayDevice: [Built-in Screen (type:0)] fps:0.998701,dur:2002.60,max:1009.32,min:993.28
11-11 15:43:40.830 25895 25895 W glide-source-th: type=1400 audit(0.0:36757): avc: denied { search } for name="clients" dev="debugfs" ino=7433 scontext=u:r:untrusted_app:s0:c512,c768 tcontext=u:object_r:debugfs_ion:s0 tclass=dir permissive=0
11-11 15:43:40.834 25895 25895 W glide-source-th: type=1400 audit(0.0:36758): avc: denied { search } for name="clients" dev="debugfs" ino=7433 scontext=u:r:untrusted_app:s0:c512,c768 tcontext=u:object_r:debugfs_ion:s0 tclass=dir permissive=0
11-11 15:43:40.837 25895 26315 D skia    : SkJpegCodec::onGetPixels + 
11-11 15:43:40.859 25895 26315 D skia    : SkJpegCodec::onGetPixels -
11-11 15:43:40.925   264   435 I BufferQueueProducer: [com.opera.olist/com.olist.home.ui.detail.DetailUI#1](this:0xabc69000,id:2112,api:1,p:25895,c:264) queueBuffer: fps=0.08 dur=12899.40 max=12899.40 min=12899.40
11-11 15:43:40.938   264   264 I DisplayDevice: [Built-in Screen (type:0)] fps:1.780069,dur:1123.55,max:992.34,min:131.22
11-11 15:43:41.789   264   435 I BufferQueueProducer: [StatusBar#0](this:0xabc4a000,id:4,api:1,p:830,c:264) queueBuffer: fps=1.00 dur=1991.82 max=999.16 min=992.66
11-11 15:43:42.791   264   264 I DisplayDevice: [Built-in Screen (type:0)] fps:1.079845,dur:1852.12,max:992.18,min:859.93
11-11 15:43:43.783   264   435 I BufferQueueProducer: [StatusBar#0](this:0xabc4a000,id:4,api:1,p:830,c:264) queueBuffer: fps=1.00 dur=1994.02 max=999.71 min=994.31
11-11 15:43:43.801   264   264 I DisplayDevice: [Built-in Screen (type:0)] fps:0.989222,dur:1010.90,max:1010.90,min:1010.90
11-11 15:43:44.794   264   435 I BufferQueueProducer: [StatusBar#0](this:0xabc4a000,id:4,api:1,p:830,c:264) queueBuffer: fps=0.99 dur=1011.02 max=1011.02 min=1011.02
11-11 15:43:44.808   264   264 I DisplayDevice: [Built-in Screen (type:0)] fps:0.993004,dur:1007.05,max:1007.05,min:1007.05
11-11 15:43:45.128  5790  6047 D phonemaster_log: HiManager_ViewUtil: ViewUtilisShowNotification false
11-11 15:43:45.129  5790  6047 D phonemaster_log: HiManager_MasterCoreService: MESSAGE_SERVICE_WHAT_UPDATE_NOTIFICATION isShowNotificationfalse
11-11 15:43:45.339   675   675 I DeviceIdleController: updateChargingLocked: charging=true
11-11 15:43:45.339   675   675 I DeviceIdleController: becomeActiveLocked, reason = charging
11-11 15:43:45.350  5449  5449 I PC_BatteryChangedReceiver: level: 54, remindValue: 15, status: 2
11-11 15:43:45.361  5449  5449 D PC_BatteryChangedReceiver: isGameMode: false
11-11 15:43:45.361  5449  5449 D PC_BatteryChangedReceiver: onReceive: false
11-11 15:43:45.361  5449  5449 D PC_BatteryChangedReceiver: isGameMode: false
11-11 15:43:45.362  5449  5449 D PC_NotificationUtils: cancelNotification: 
11-11 15:43:45.362  5449  5449 D PC_BatteryChangedReceiver: onReceive: battary on charge
11-11 15:43:45.647 25895 25895 W glide-source-th: type=1400 audit(0.0:36759): avc: denied { search } for name="clients" dev="debugfs" ino=7433 scontext=u:r:untrusted_app:s0:c512,c768 tcontext=u:object_r:debugfs_ion:s0 tclass=dir permissive=0
11-11 15:43:45.650 25895 25895 W glide-source-th: type=1400 audit(0.0:36760): avc: denied { search } for name="clients" dev="debugfs" ino=7433 scontext=u:r:untrusted_app:s0:c512,c768 tcontext=u:object_r:debugfs_ion:s0 tclass=dir permissive=0
11-11 15:43:45.652 25895 26310 D skia    : SkJpegCodec::onGetPixels + 
11-11 15:43:45.743 25895 26310 D skia    : SkJpegCodec::onGetPixels -
11-11 15:43:45.832   264   434 I BufferQueueProducer: [com.opera.olist/com.olist.home.ui.detail.DetailUI#1](this:0xabc69000,id:2112,api:1,p:25895,c:264) queueBuffer: fps=0.20 dur=4906.24 max=4906.24 min=4906.24
11-11 15:43:45.851   264   264 I DisplayDevice: [Built-in Screen (type:0)] fps:3.837701,dur:1042.29,max:578.97,min:16.37
11-11 15:43:46.004 25895 25895 W glide-source-th: type=1400 audit(0.0:36761): avc: denied { search } for name="clients" dev="debugfs" ino=7433 scontext=u:r:untrusted_app:s0:c512,c768 tcontext=u:object_r:debugfs_ion:s0 tclass=dir permissive=0
11-11 15:43:46.027 25895 25895 W glide-source-th: type=1400 audit(0.0:36762): avc: denied { search } for name="clients" dev="debugfs" ino=7433 scontext=u:r:untrusted_app:s0:c512,c768 tcontext=u:object_r:debugfs_ion:s0 tclass=dir permissive=0
11-11 15:43:46.030 25895 26300 D skia    : SkJpegCodec::onGetPixels + 
11-11 15:43:46.179 25895 26300 D skia    : SkJpegCodec::onGetPixels -
11-11 15:43:46.360   675  4419 I WifiService: getVerboseLoggingLevel uid=1000
11-11 15:43:46.362   675  4419 I WifiService: getWifiApEnabledState uid=1000
11-11 15:43:46.364  5449  5449 D PowerSaveUtils: isUltraPowerOn(context) isOn=false
11-11 15:43:46.367  5449  5449 D PowerSaveUtils: getConfigCurrent isUltraModeOn:false
11-11 15:43:46.367  5449  5449 D PowerSaveUtils: config details is : bright->76wifiEnable-> falsewifiApEnable->falsebtEnable->falsedataEnable->truegpsEnable->truethreeGEnable->trueautoSyncEnable->trueisScreenModeOn->falseisUltraModeOn->falseisBatterySaverOn->false
11-11 15:43:46.367  5449  5449 D PowerSaveUtils: getConfigCurrent current:34.6
11-11 15:43:46.368   675  4419 V SettingsProvider: name : battery_remaining_time appId : 1000
11-11 15:43:46.369  5449  5449 D PowerSaveUtils: hours:8,min:46
11-11 15:43:46.799   264  1255 I BufferQueueProducer: [StatusBar#0](this:0xabc4a000,id:4,api:1,p:830,c:264) queueBuffer: fps=1.99 dur=2005.54 max=1017.20 min=8.31
11-11 15:43:47.204   977  1254 D PhoneInterfaceManager: [PhoneIntfMgr] SubscriptionManager.getPhoneId(1)=1
11-11 15:43:47.208   830   830 D SignalClusterView: setMDataInds-getState subId:1sts[com.android.systemui.statusbar.SignalClusterView$PhoneState@5ddf837]:com.android.systemui.statusbar.SignalClusterView{34a3f18 V.E...... ......ID 2,0-48,48 #7f0a02a1 app:id/signal_cluster}
11-11 15:43:47.215   977  1254 D PhoneInterfaceManager: [PhoneIntfMgr] SubscriptionManager.getPhoneId(1)=1
11-11 15:43:47.217   830   830 D SignalClusterView: setMDataInds-getState subId:1sts[com.android.systemui.statusbar.SignalClusterView$PhoneState@2ada1a4]:com.android.systemui.statusbar.SignalClusterView{bd0d7e4 V.E...... ........ 2,7-48,41 #7f0a02a1 app:id/signal_cluster}
11-11 15:43:47.240   264   264 I DisplayDevice: [Built-in Screen (type:0)] fps:2.158862,dur:1389.62,max:547.20,min:413.69
11-11 15:43:47.810   264  1255 I BufferQueueProducer: [StatusBar#0](this:0xabc4a000,id:4,api:1,p:830,c:264) queueBuffer: fps=2.97 dur=1010.78 max=554.57 min=19.89
11-11 15:43:48.795   264   264 I DisplayDevice: [Built-in Screen (type:0)] fps:9.651601,dur:1554.15,max:776.59,min:15.65
11-11 15:43:49.220   977  1254 D PhoneInterfaceManager: [PhoneIntfMgr] SubscriptionManager.getPhoneId(1)=1
11-11 15:43:49.225   830   830 D SignalClusterView: setMDataInds-getState subId:1sts[com.android.systemui.statusbar.SignalClusterView$PhoneState@5ddf837]:com.android.systemui.statusbar.SignalClusterView{34a3f18 V.E...... ......ID 2,0-48,48 #7f0a02a1 app:id/signal_cluster}
11-11 15:43:49.232   977  1254 D PhoneInterfaceManager: [PhoneIntfMgr] SubscriptionManager.getPhoneId(1)=1
11-11 15:43:49.234   830   830 D SignalClusterView: setMDataInds-getState subId:1sts[com.android.systemui.statusbar.SignalClusterView$PhoneState@2ada1a4]:com.android.systemui.statusbar.SignalClusterView{bd0d7e4 V.E...... ........ 2,7-48,41 #7f0a02a1 app:id/signal_cluster}
11-11 15:43:49.253   264  1255 I BufferQueueProducer: [StatusBar#0](this:0xabc4a000,id:4,api:1,p:830,c:264) queueBuffer: fps=9.70 dur=1442.69 max=777.11 min=15.26
11-11 15:43:49.272   307   307 I thermal_repeater: [recvMdThermalInfo] ret=9, strLen=127,  1, 32767
11-11 15:43:49.804   264   264 I DisplayDevice: [Built-in Screen (type:0)] fps:1.980610,dur:1009.79,max:546.77,min:463.02
11-11 15:43:49.992   830  1150 E libPowerStretch: LucidStats currentFPS = 2.54 [2392828272]
11-11 15:43:50.231   977  1254 D PhoneInterfaceManager: [PhoneIntfMgr] SubscriptionManager.getPhoneId(1)=1
11-11 15:43:50.234   830   830 D SignalClusterView: setMDataInds-getState subId:1sts[com.android.systemui.statusbar.SignalClusterView$PhoneState@5ddf837]:com.android.systemui.statusbar.SignalClusterView{34a3f18 V.E...... ......ID 2,0-48,48 #7f0a02a1 app:id/signal_cluster}
11-11 15:43:50.238   977  1254 D PhoneInterfaceManager: [PhoneIntfMgr] SubscriptionManager.getPhoneId(1)=1
11-11 15:43:50.241   830   830 D SignalClusterView: setMDataInds-getState subId:1sts[com.android.systemui.statusbar.SignalClusterView$PhoneState@2ada1a4]:com.android.systemui.statusbar.SignalClusterView{bd0d7e4 V.E...... ........ 2,7-48,41 #7f0a02a1 app:id/signal_cluster}
11-11 15:43:50.803   264  1255 I BufferQueueProducer: [StatusBar#0](this:0xabc4a000,id:4,api:1,p:830,c:264) queueBuffer: fps=10.32 dur=1550.03 max=551.28 min=15.53
11-11 15:43:50.812   264   264 I DisplayDevice: [Built-in Screen (type:0)] fps:14.882178,dur:1007.92,max:545.82,min:16.26
11-11 15:43:51.242   977  1254 D PhoneInterfaceManager: [PhoneIntfMgr] SubscriptionManager.getPhoneId(1)=1
11-11 15:43:51.246   830   830 D SignalClusterView: setMDataInds-getState subId:1sts[com.android.systemui.statusbar.SignalClusterView$PhoneState@5ddf837]:com.android.systemui.statusbar.SignalClusterView{34a3f18 V.E...... ......ID 2,0-48,48 #7f0a02a1 app:id/signal_cluster}
11-11 15:43:51.253   977  1254 D PhoneInterfaceManager: [PhoneIntfMgr] SubscriptionManager.getPhoneId(1)=1
11-11 15:43:51.255   830   830 D SignalClusterView: setMDataInds-getState subId:1sts[com.android.systemui.statusbar.SignalClusterView$PhoneState@2ada1a4]:com.android.systemui.statusbar.SignalClusterView{bd0d7e4 V.E...... ........ 2,7-48,41 #7f0a02a1 app:id/signal_cluster}
11-11 15:43:52.777   264  1255 I BufferQueueProducer: [StatusBar#0](this:0xabc4a000,id:4,api:1,p:830,c:264) queueBuffer: fps=8.10 dur=1974.71 max=988.88 min=14.06
11-11 15:43:52.797   264   264 I DisplayDevice: [Built-in Screen (type:0)] fps:8.061185,dur:1984.82,max:992.31,min:16.51
11-11 15:43:53.024   260   260 W HwBinder:260_5: type=1400 audit(0.0:36763): avc: denied { read } for name="3159-0" dev="debugfs" ino=2916311 scontext=u:r:merged_hal_service:s0 tcontext=u:object_r:debugfs:s0 tclass=file permissive=0
11-11 15:43:53.027   260 14793 E memtrack_graphic: graphic_memtrack_get_memory error to open /sys/kernel/debug/ion/clients/3159: Permission denied
11-11 15:43:53.782   264  1255 I BufferQueueProducer: [StatusBar#0](this:0xabc4a000,id:4,api:1,p:830,c:264) queueBuffer: fps=1.00 dur=1004.05 max=1004.05 min=1004.05
11-11 15:43:54.782   264   264 I DisplayDevice: [Built-in Screen (type:0)] fps:1.007687,dur:1984.74,max:992.43,min:992.32
11-11 15:43:55.134  5790  6047 D phonemaster_log: HiManager_ViewUtil: ViewUtilisShowNotification false
11-11 15:43:55.134  5790  6047 D phonemaster_log: HiManager_MasterCoreService: MESSAGE_SERVICE_WHAT_UPDATE_NOTIFICATION isShowNotificationfalse
11-11 15:43:55.304   675   675 I DeviceIdleController: updateChargingLocked: charging=true
11-11 15:43:55.304   675   675 I DeviceIdleController: becomeActiveLocked, reason = charging
11-11 15:43:55.338  5449  5449 I PC_BatteryChangedReceiver: level: 54, remindValue: 15, status: 2
11-11 15:43:55.339  5449  5449 D PC_BatteryChangedReceiver: isGameMode: false
11-11 15:43:55.339  5449  5449 D PC_BatteryChangedReceiver: onReceive: false
11-11 15:43:55.339  5449  5449 D PC_BatteryChangedReceiver: isGameMode: false
11-11 15:43:55.340  5449  5449 D PC_NotificationUtils: cancelNotification: 
11-11 15:43:55.340  5449  5449 D PC_BatteryChangedReceiver: onReceive: battary on charge
11-11 15:43:55.342   264  1255 I BufferQueueProducer: [StatusBar#0](this:0xabc4a000,id:4,api:1,p:830,c:264) queueBuffer: fps=1.28 dur=1560.23 max=992.28 min=567.95
11-11 15:43:55.700   260   260 W HwBinder:260_5: type=1400 audit(0.0:36764): avc: denied { read } for name="958-0" dev="debugfs" ino=1692817 scontext=u:r:merged_hal_service:s0 tcontext=u:object_r:debugfs:s0 tclass=file permissive=0
11-11 15:43:55.703   260 14793 E memtrack_graphic: graphic_memtrack_get_memory error to open /sys/kernel/debug/ion/clients/958: Permission denied
11-11 15:43:55.791   264   264 I DisplayDevice: [Built-in Screen (type:0)] fps:2.973829,dur:1008.80,max:578.84,min:16.53
11-11 15:43:56.320   260   260 W HwBinder:260_5: type=1400 audit(0.0:36765): avc: denied { read } for name="675-1" dev="debugfs" ino=28537 scontext=u:r:merged_hal_service:s0 tcontext=u:object_r:debugfs:s0 tclass=file permissive=0
11-11 15:43:56.322   260 14793 E memtrack_graphic: graphic_memtrack_get_memory error to open /sys/kernel/debug/ion/clients/675: Permission denied
11-11 15:43:56.343   675  3636 I WifiService: getVerboseLoggingLevel uid=1000
11-11 15:43:56.344   675  3636 I WifiService: getWifiApEnabledState uid=1000
11-11 15:43:56.345  5449  5449 D PowerSaveUtils: isUltraPowerOn(context) isOn=false
11-11 15:43:56.346  5449  5449 D PowerSaveUtils: getConfigCurrent isUltraModeOn:false
11-11 15:43:56.346  5449  5449 D PowerSaveUtils: config details is : bright->76wifiEnable-> falsewifiApEnable->falsebtEnable->falsedataEnable->truegpsEnable->truethreeGEnable->trueautoSyncEnable->trueisScreenModeOn->falseisUltraModeOn->falseisBatterySaverOn->false
11-11 15:43:56.346  5449  5449 D PowerSaveUtils: getConfigCurrent current:34.6
11-11 15:43:56.347   675  3636 V SettingsProvider: name : battery_remaining_time appId : 1000
11-11 15:43:56.347  5449  5449 D PowerSaveUtils: hours:8,min:46
11-11 15:43:56.775   264  1255 I BufferQueueProducer: [StatusBar#0](this:0xabc4a000,id:4,api:1,p:830,c:264) queueBuffer: fps=2.09 dur=1433.41 max=992.37 min=6.42
11-11 15:43:56.820   260   260 W HwBinder:260_5: type=1400 audit(0.0:36766): avc: denied { read } for name="258-3" dev="debugfs" ino=118411 scontext=u:r:merged_hal_service:s0 tcontext=u:object_r:debugfs:s0 tclass=file permissive=0
11-11 15:43:56.823   260 14793 E memtrack_graphic: graphic_memtrack_get_memory error to open /sys/kernel/debug/ion/clients/258: Permission denied
11-11 15:43:56.883   260   260 W HwBinder:260_5: type=1400 audit(0.0:36767): avc: denied { read } for name="260-0" dev="debugfs" ino=2376 scontext=u:r:merged_hal_service:s0 tcontext=u:object_r:debugfs:s0 tclass=file permissive=0
11-11 15:43:56.885   260 14793 E memtrack_graphic: graphic_memtrack_get_memory error to open /sys/kernel/debug/ion/clients/260: Permission denied
11-11 15:43:56.983   260   260 W HwBinder:260_5: type=1400 audit(0.0:36768): avc: denied { read } for name="264-1" dev="debugfs" ino=10514 scontext=u:r:merged_hal_service:s0 tcontext=u:object_r:debugfs:s0 tclass=file permissive=0
11-11 15:43:56.985   260 14793 E memtrack_graphic: graphic_memtrack_get_memory error to open /sys/kernel/debug/ion/clients/264: Permission denied
11-11 15:43:57.207   260   260 W HwBinder:260_5: type=1400 audit(0.0:36769): avc: denied { read } for name="289-0" dev="debugfs" ino=118399 scontext=u:r:merged_hal_service:s0 tcontext=u:object_r:debugfs:s0 tclass=file permissive=0
11-11 15:43:57.208   260 14793 E memtrack_graphic: graphic_memtrack_get_memory error to open /sys/kernel/debug/ion/clients/289: Permission denied
11-11 15:43:57.560   260   260 W HwBinder:260_5: type=1400 audit(0.0:36770): avc: denied { read } for name="303-3" dev="debugfs" ino=1406918 scontext=u:r:merged_hal_service:s0 tcontext=u:object_r:debugfs:s0 tclass=file permissive=0
11-11 15:43:57.562   260 14793 E memtrack_graphic: graphic_memtrack_get_memory error to open /sys/kernel/debug/ion/clients/303: Permission denied
11-11 15:43:57.660   260   260 W HwBinder:260_5: type=1400 audit(0.0:36771): avc: denied { read } for name="305-5" dev="debugfs" ino=118404 scontext=u:r:merged_hal_service:s0 tcontext=u:object_r:debugfs:s0 tclass=file permissive=0
11-11 15:43:57.663   260 14793 E memtrack_graphic: graphic_memtrack_get_memory error to open /sys/kernel/debug/ion/clients/305: Permission denied
11-11 15:43:57.785   264  1255 I BufferQueueProducer: [StatusBar#0](this:0xabc4a000,id:4,api:1,p:830,c:264) queueBuffer: fps=0.99 dur=1010.23 max=1010.23 min=1010.23
11-11 15:43:57.792   264   264 I DisplayDevice: [Built-in Screen (type:0)] fps:0.999329,dur:2001.34,max:1008.97,min:992.37
11-11 15:43:58.802   264   264 I DisplayDevice: [Built-in Screen (type:0)] fps:0.989970,dur:1010.13,max:1010.13,min:1010.13
11-11 15:43:59.284   307   307 I thermal_repeater: [recvMdThermalInfo] ret=9, strLen=127,  1, 32767
11-11 15:43:59.793   264  1255 I BufferQueueProducer: [StatusBar#0](this:0xabc4a000,id:4,api:1,p:830,c:264) queueBuffer: fps=1.00 dur=2007.40 max=1009.33 min=998.07
11-11 15:43:59.811   264   264 I DisplayDevice: [Built-in Screen (type:0)] fps:0.990964,dur:1009.12,max:1009.12,min:1009.12
11-11 15:43:59.890 18016  1112 V NativeCrypto: SSL shutdown failed: ssl=0x9f3989e8: I/O error during system call, Software caused connection abort
11-11 15:44:00.002   675   769 D MtkDataShapingUtils: openLteGateByDataShaping datashaping instance is null
11-11 15:44:00.009   830   830 D KeyguardUpdateMonitor: send updateTime msg
11-11 15:44:00.035   830   830 D ClockUtil: onTimeChanged callback : com.transsion.mgzkeyguard.KeyguardTextClock$1@2bd28f0
11-11 15:44:00.035   830   830 D KeyguardTextClock: hourModeEnabled : false  hour + 3
11-11 15:44:01.794   264  1255 I BufferQueueProducer: [StatusBar#0](this:0xabc4a000,id:4,api:1,p:830,c:264) queueBuffer: fps=2.50 dur=2001.24 max=1008.92 min=7.91
11-11 15:44:01.813   264   264 I DisplayDevice: [Built-in Screen (type:0)] fps:2.498198,dur:2001.44,max:1010.54,min:16.31
11-11 15:44:03.780   264  1255 I BufferQueueProducer: [StatusBar#0](this:0xabc4a000,id:4,api:1,p:830,c:264) queueBuffer: fps=1.01 dur=1985.50 max=993.07 min=992.43
11-11 15:44:03.796   264   264 I DisplayDevice: [Built-in Screen (type:0)] fps:1.008488,dur:1983.17,max:991.72,min:991.45
11-11 15:44:04.790   264  1255 I BufferQueueProducer: [StatusBar#0](this:0xabc4a000,id:4,api:1,p:830,c:264) queueBuffer: fps=0.99 dur=1010.16 max=1010.16 min=1010.16
11-11 15:44:04.806   264   264 I DisplayDevice: [Built-in Screen (type:0)] fps:0.990165,dur:1009.93,max:1009.93,min:1009.93
11-11 15:44:05.140  5790  6047 D phonemaster_log: HiManager_ViewUtil: ViewUtilisShowNotification false
11-11 15:44:05.141  5790  6047 D phonemaster_log: HiManager_MasterCoreService: MESSAGE_SERVICE_WHAT_UPDATE_NOTIFICATION isShowNotificationfalse
11-11 15:44:05.141   675   933 D AES     : AEEIOCTL_GET/SET_SF_STATE IOCTL,cmd= 1074294797, lParam=0. 
11-11 15:44:05.141   675   933 D AES     : AEEIOCTL_RT_MON_Kick IOCTL,cmd= 2147774474, lParam=300. 
11-11 15:44:05.340   675   675 I DeviceIdleController: updateChargingLocked: charging=true
11-11 15:44:05.340   675   675 I DeviceIdleController: becomeActiveLocked, reason = charging
11-11 15:44:05.348  5449  5449 I PC_BatteryChangedReceiver: level: 54, remindValue: 15, status: 2
11-11 15:44:05.349  5449  5449 D PC_BatteryChangedReceiver: isGameMode: false
11-11 15:44:05.349  5449  5449 D PC_BatteryChangedReceiver: onReceive: false
11-11 15:44:05.349  5449  5449 D PC_BatteryChangedReceiver: isGameMode: false
11-11 15:44:05.350  5449  5449 D PC_NotificationUtils: cancelNotification: 
11-11 15:44:05.350  5449  5449 D PC_BatteryChangedReceiver: onReceive: battary on charge
11-11 15:44:06.361   675  3636 I WifiService: getVerboseLoggingLevel uid=1000
11-11 15:44:06.362   675  3636 I WifiService: getWifiApEnabledState uid=1000
11-11 15:44:06.364  5449  5449 D PowerSaveUtils: isUltraPowerOn(context) isOn=false
11-11 15:44:06.366  5449  5449 D PowerSaveUtils: getConfigCurrent isUltraModeOn:false
11-11 15:44:06.366  5449  5449 D PowerSaveUtils: config details is : bright->76wifiEnable-> falsewifiApEnable->falsebtEnable->falsedataEnable->truegpsEnable->truethreeGEnable->trueautoSyncEnable->trueisScreenModeOn->falseisUltraModeOn->falseisBatterySaverOn->false
11-11 15:44:06.367  5449  5449 D PowerSaveUtils: getConfigCurrent current:34.6
11-11 15:44:06.368   675  4419 V SettingsProvider: name : battery_remaining_time appId : 1000
11-11 15:44:06.369  5449  5449 D PowerSaveUtils: hours:8,min:46
11-11 15:44:06.789   264  1255 I BufferQueueProducer: [StatusBar#0](this:0xabc4a000,id:4,api:1,p:830,c:264) queueBuffer: fps=2.00 dur=1999.50 max=1007.18 min=7.40
11-11 15:44:06.807   264   264 I DisplayDevice: [Built-in Screen (type:0)] fps:1.998320,dur:2001.68,max:1008.86,min:16.38
11-11 15:44:07.817 27635 31840 V NativeCrypto: SSL shutdown failed: ssl=0xa8629228: I/O error during system call, Software caused connection abort
11-11 15:44:08.790   264  1255 I BufferQueueProducer: [StatusBar#0](this:0xabc4a000,id:4,api:1,p:830,c:264) queueBuffer: fps=1.00 dur=2001.16 max=1008.73 min=992.43
11-11 15:44:08.809   264   264 I DisplayDevice: [Built-in Screen (type:0)] fps:0.999247,dur:2001.51,max:1009.05,min:992.45
11-11 15:44:09.297   307   307 I thermal_repeater: [recvMdThermalInfo] ret=9, strLen=127,  1, 32767
11-11 15:44:10.793   264  1255 I BufferQueueProducer: [StatusBar#0](this:0xabc4a000,id:4,api:1,p:830,c:264) queueBuffer: fps=1.00 dur=2003.04 max=1010.38 min=992.66
11-11 15:44:10.809   264   264 I DisplayDevice: [Built-in Screen (type:0)] fps:0.999737,dur:2000.53,max:1008.70,min:991.83
11-11 15:44:12.793   264  1255 I BufferQueueProducer: [StatusBar#0](this:0xabc4a000,id:4,api:1,p:830,c:264) queueBuffer: fps=1.00 dur=1999.59 max=1006.93 min=992.66
11-11 15:44:12.811   264   264 I DisplayDevice: [Built-in Screen (type:0)] fps:0.999039,dur:2001.92,max:1008.96,min:992.97
11-11 15:44:14.794   264  1255 I BufferQueueProducer: [StatusBar#0](this:0xabc4a000,id:4,api:1,p:830,c:264) queueBuffer: fps=1.00 dur=2001.39 max=1008.96 min=992.43
11-11 15:44:14.813   264   264 I DisplayDevice: [Built-in Screen (type:0)] fps:0.999317,dur:2001.37,max:1009.11,min:992.25
11-11 15:44:15.149  5790  6047 D phonemaster_log: HiManager_ViewUtil: ViewUtilisShowNotification false
11-11 15:44:15.149  5790  6047 D phonemaster_log: HiManager_MasterCoreService: MESSAGE_SERVICE_WHAT_UPDATE_NOTIFICATION isShowNotificationfalse
11-11 15:44:15.335   675   675 I DeviceIdleController: updateChargingLocked: charging=true
11-11 15:44:15.336   675   675 I DeviceIdleController: becomeActiveLocked, reason = charging
11-11 15:44:15.380  5449  5449 I PC_BatteryChangedReceiver: level: 54, remindValue: 15, status: 2
11-11 15:44:15.380  5449  5449 D PC_BatteryChangedReceiver: isGameMode: false
11-11 15:44:15.380  5449  5449 D PC_BatteryChangedReceiver: onReceive: false
11-11 15:44:15.381  5449  5449 D PC_BatteryChangedReceiver: isGameMode: false
11-11 15:44:15.381  5449  5449 D PC_NotificationUtils: cancelNotification: 
11-11 15:44:15.382  5449  5449 D PC_BatteryChangedReceiver: onReceive: battary on charge
11-11 15:44:15.912 27635 31840 V NativeCrypto: SSL shutdown failed: ssl=0xa7ff5268: I/O error during system call, Software caused connection abort
11-11 15:44:16.409   675  4419 I WifiService: getVerboseLoggingLevel uid=1000
11-11 15:44:16.410   675  4419 I WifiService: getWifiApEnabledState uid=1000
11-11 15:44:16.413  5449  5449 D PowerSaveUtils: isUltraPowerOn(context) isOn=false
11-11 15:44:16.413  5449  5449 D PowerSaveUtils: getConfigCurrent isUltraModeOn:false
11-11 15:44:16.414  5449  5449 D PowerSaveUtils: config details is : bright->76wifiEnable-> falsewifiApEnable->falsebtEnable->falsedataEnable->truegpsEnable->truethreeGEnable->trueautoSyncEnable->trueisScreenModeOn->falseisUltraModeOn->falseisBatterySaverOn->false
11-11 15:44:16.414  5449  5449 D PowerSaveUtils: getConfigCurrent current:34.6
11-11 15:44:16.415   675  3636 V SettingsProvider: name : battery_remaining_time appId : 1000
11-11 15:44:16.416  5449  5449 D PowerSaveUtils: hours:8,min:46
11-11 15:44:16.797   264  1255 I BufferQueueProducer: [StatusBar#0](this:0xabc4a000,id:4,api:1,p:830,c:264) queueBuffer: fps=2.00 dur=2002.76 max=1010.50 min=22.85
11-11 15:44:16.812   264   264 I DisplayDevice: [Built-in Screen (type:0)] fps:2.000226,dur:1999.77,max:1007.96,min:32.92
11-11 15:44:18.782   264  1255 I BufferQueueProducer: [StatusBar#0](this:0xabc4a000,id:4,api:1,p:830,c:264) queueBuffer: fps=1.01 dur=1985.19 max=992.66 min=992.53
11-11 15:44:18.798   264   264 I DisplayDevice: [Built-in Screen (type:0)] fps:1.007230,dur:1985.64,max:993.22,min:992.42
11-11 15:44:19.311   307   307 I thermal_repeater: [recvMdThermalInfo] ret=9, strLen=127,  1, 32767
11-11 15:44:19.789   264  1255 I BufferQueueProducer: [StatusBar#0](this:0xabc4a000,id:4,api:1,p:830,c:264) queueBuffer: fps=0.99 dur=1006.82 max=1006.82 min=1006.82
11-11 15:44:19.807   264   264 I DisplayDevice: [Built-in Screen (type:0)] fps:0.991239,dur:1008.84,max:1008.84,min:1008.84
11-11 15:44:21.790   264  1255 I BufferQueueProducer: [StatusBar#0](this:0xabc4a000,id:4,api:1,p:830,c:264) queueBuffer: fps=1.00 dur=2001.32 max=1008.69 min=992.64
11-11 15:44:21.809   264   264 I DisplayDevice: [Built-in Screen (type:0)] fps:0.999065,dur:2001.87,max:1010.23,min:991.64
11-11 15:44:23.793   264  1255 I BufferQueueProducer: [StatusBar#0](this:0xabc4a000,id:4,api:1,p:830,c:264) queueBuffer: fps=1.00 dur=2002.94 max=1010.54 min=992.40
11-11 15:44:23.810   264   264 I DisplayDevice: [Built-in Screen (type:0)] fps:0.999660,dur:2000.68,max:1008.96,min:991.72
11-11 15:44:25.164  5790  6047 D phonemaster_log: HiManager_ViewUtil: ViewUtilisShowNotification false
11-11 15:44:25.171  5790  6047 D phonemaster_log: HiManager_MasterCoreService: MESSAGE_SERVICE_WHAT_UPDATE_NOTIFICATION isShowNotificationfalse
11-11 15:44:25.329  5449  5449 I PC_BatteryChangedReceiver: level: 54, remindValue: 15, status: 2
11-11 15:44:25.329  5449  5449 D PC_BatteryChangedReceiver: isGameMode: false
11-11 15:44:25.330  5449  5449 D PC_BatteryChangedReceiver: onReceive: false
11-11 15:44:25.330  5449  5449 D PC_BatteryChangedReceiver: isGameMode: false
11-11 15:44:25.339   675   675 I DeviceIdleController: updateChargingLocked: charging=true
11-11 15:44:25.339   675   675 I DeviceIdleController: becomeActiveLocked, reason = charging
11-11 15:44:25.343  5449  5449 D PC_NotificationUtils: cancelNotification: 
11-11 15:44:25.344  5449  5449 D PC_BatteryChangedReceiver: onReceive: battary on charge
11-11 15:44:25.367   264  1255 I BufferQueueProducer: [StatusBar#0](this:0xabc4a000,id:4,api:1,p:830,c:264) queueBuffer: fps=1.27 dur=1573.80 max=992.70 min=581.10
11-11 15:44:25.380   264   264 I DisplayDevice: [Built-in Screen (type:0)] fps:1.273449,dur:1570.54,max:992.99,min:577.55
11-11 15:44:26.358   675  4419 I WifiService: getVerboseLoggingLevel uid=1000
11-11 15:44:26.359   675  4419 I WifiService: getWifiApEnabledState uid=1000
11-11 15:44:26.362  5449  5449 D PowerSaveUtils: isUltraPowerOn(context) isOn=false
11-11 15:44:26.363  5449  5449 D PowerSaveUtils: getConfigCurrent isUltraModeOn:false
11-11 15:44:26.364  5449  5449 D PowerSaveUtils: config details is : bright->76wifiEnable-> falsewifiApEnable->falsebtEnable->falsedataEnable->truegpsEnable->truethreeGEnable->trueautoSyncEnable->trueisScreenModeOn->falseisUltraModeOn->falseisBatterySaverOn->false
11-11 15:44:26.364  5449  5449 D PowerSaveUtils: getConfigCurrent current:34.6
11-11 15:44:26.365   675  3636 V SettingsProvider: name : battery_remaining_time appId : 1000
11-11 15:44:26.366  5449  5449 D PowerSaveUtils: hours:8,min:46
11-11 15:44:26.786   264  1255 I BufferQueueProducer: [StatusBar#0](this:0xabc4a000,id:4,api:1,p:830,c:264) queueBuffer: fps=2.12 dur=1418.33 max=992.35 min=8.12
11-11 15:44:26.802   264   264 I DisplayDevice: [Built-in Screen (type:0)] fps:2.109118,dur:1422.40,max:990.85,min:16.43
11-11 15:44:27.794   264  1255 I BufferQueueProducer: [StatusBar#0](this:0xabc4a000,id:4,api:1,p:830,c:264) queueBuffer: fps=0.99 dur=1008.84 max=1008.84 min=1008.84
11-11 15:44:27.813   264   264 I DisplayDevice: [Built-in Screen (type:0)] fps:0.989837,dur:1010.27,max:1010.27,min:1010.27
11-11 15:44:29.325   307   307 I thermal_repeater: [recvMdThermalInfo] ret=9, strLen=127,  1, 32767
11-11 15:44:29.797   264  1255 I BufferQueueProducer: [StatusBar#0](this:0xabc4a000,id:4,api:1,p:830,c:264) queueBuffer: fps=1.00 dur=2002.86 max=1010.50 min=992.37
11-11 15:44:29.814   264   264 I DisplayDevice: [Built-in Screen (type:0)] fps:0.999433,dur:2001.14,max:1008.69,min:992.44
11-11 15:44:31.776   264  1255 I BufferQueueProducer: [StatusBar#0](this:0xabc4a000,id:4,api:1,p:830,c:264) queueBuffer: fps=1.01 dur=1979.03 max=992.45 min=986.57
11-11 15:44:31.781   264   264 I DisplayDevice: [Built-in Screen (type:0)] fps:1.016826,dur:1966.91,max:991.86,min:975.04
11-11 15:44:32.012 25895 28554 I zygote  : Explicit concurrent copying GC freed 40979(2MB) AllocSpace objects, 2(40KB) LOS objects, 51% free, 5MB/11MB, paused 214us total 200.821ms
11-11 15:44:32.789   264  1255 I BufferQueueProducer: [StatusBar#0](this:0xabc4a000,id:4,api:1,p:830,c:264) queueBuffer: fps=0.99 dur=1012.26 max=1012.26 min=1012.26
11-11 15:44:32.807   264   264 I DisplayDevice: [Built-in Screen (type:0)] fps:0.974110,dur:1026.58,max:1026.58,min:1026.58
11-11 15:44:34.657 25895 25975 I System.out: isEmailSend:POST
11-11 15:44:34.790   264  1255 I BufferQueueProducer: [StatusBar#0](this:0xabc4a000,id:4,api:1,p:830,c:264) queueBuffer: fps=1.00 dur=2000.72 max=1008.97 min=991.75
11-11 15:44:34.809   264   264 I DisplayDevice: [Built-in Screen (type:0)] fps:0.999283,dur:2001.44,max:1008.99,min:992.44
11-11 15:44:35.142   675   933 D AES     : AEEIOCTL_GET/SET_SF_STATE IOCTL,cmd= 1074294797, lParam=0. 
11-11 15:44:35.142   675   933 D AES     : AEEIOCTL_RT_MON_Kick IOCTL,cmd= 2147774474, lParam=300. 
11-11 15:44:35.171  5790  6047 D phonemaster_log: HiManager_ViewUtil: ViewUtilisShowNotification false
11-11 15:44:35.171  5790  6047 D phonemaster_log: HiManager_MasterCoreService: MESSAGE_SERVICE_WHAT_UPDATE_NOTIFICATION isShowNotificationfalse
11-11 15:44:35.301 25895 25975 I System.out: port:443
11-11 15:44:35.325  5449  5449 I PC_BatteryChangedReceiver: level: 54, remindValue: 15, status: 2
11-11 15:44:35.326  5449  5449 D PC_BatteryChangedReceiver: isGameMode: false
11-11 15:44:35.326  5449  5449 D PC_BatteryChangedReceiver: onReceive: false
11-11 15:44:35.326  5449  5449 D PC_BatteryChangedReceiver: isGameMode: false
11-11 15:44:35.328   675   675 I DeviceIdleController: updateChargingLocked: charging=true
11-11 15:44:35.328   675   675 I DeviceIdleController: becomeActiveLocked, reason = charging
11-11 15:44:35.330  5449  5449 D PC_NotificationUtils: cancelNotification: 
11-11 15:44:35.331  5449  5449 D PC_BatteryChangedReceiver: onReceive: battary on charge
11-11 15:44:35.464   977  1254 D PhoneInterfaceManager: [PhoneIntfMgr] SubscriptionManager.getPhoneId(1)=1
11-11 15:44:35.466   830   830 D SignalClusterView: setMDataInds-getState subId:1sts[com.android.systemui.statusbar.SignalClusterView$PhoneState@5ddf837]:com.android.systemui.statusbar.SignalClusterView{34a3f18 V.E...... ......ID 2,0-48,48 #7f0a02a1 app:id/signal_cluster}
11-11 15:44:35.474   977  1254 D PhoneInterfaceManager: [PhoneIntfMgr] SubscriptionManager.getPhoneId(1)=1
11-11 15:44:35.477   830   830 D SignalClusterView: setMDataInds-getState subId:1sts[com.android.systemui.statusbar.SignalClusterView$PhoneState@2ada1a4]:com.android.systemui.statusbar.SignalClusterView{bd0d7e4 V.E...... ........ 2,7-48,41 #7f0a02a1 app:id/signal_cluster}
11-11 15:44:35.812   264  1255 I BufferQueueProducer: [StatusBar#0](this:0xabc4a000,id:4,api:1,p:830,c:264) queueBuffer: fps=4.89 dur=1022.21 max=575.81 min=11.53
11-11 15:44:35.817   264   264 I DisplayDevice: [Built-in Screen (type:0)] fps:4.957422,dur:1008.59,max:561.14,min:16.55
11-11 15:44:36.348   675  3636 I WifiService: getVerboseLoggingLevel uid=1000
11-11 15:44:36.348   675  3636 I WifiService: getWifiApEnabledState uid=1000
11-11 15:44:36.350  5449  5449 D PowerSaveUtils: isUltraPowerOn(context) isOn=false
11-11 15:44:36.350  5449  5449 D PowerSaveUtils: getConfigCurrent isUltraModeOn:false
11-11 15:44:36.350  5449  5449 D PowerSaveUtils: config details is : bright->76wifiEnable-> falsewifiApEnable->falsebtEnable->falsedataEnable->truegpsEnable->truethreeGEnable->trueautoSyncEnable->trueisScreenModeOn->falseisUltraModeOn->falseisBatterySaverOn->false
11-11 15:44:36.350  5449  5449 D PowerSaveUtils: getConfigCurrent current:34.6
11-11 15:44:36.351   675  3636 V SettingsProvider: name : battery_remaining_time appId : 1000
11-11 15:44:36.352  5449  5449 D PowerSaveUtils: hours:8,min:46
11-11 15:44:36.815   264  1255 I BufferQueueProducer: [StatusBar#0](this:0xabc4a000,id:4,api:1,p:830,c:264) queueBuffer: fps=13.95 dur=1003.83 max=793.39 min=13.87
11-11 15:44:36.824   264   264 I DisplayDevice: [Built-in Screen (type:0)] fps:12.910628,dur:1006.92,max:808.69,min:16.21
11-11 15:44:37.485   977  1254 D PhoneInterfaceManager: [PhoneIntfMgr] SubscriptionManager.getPhoneId(1)=1
11-11 15:44:37.489   830   830 D SignalClusterView: setMDataInds-getState subId:1sts[com.android.systemui.statusbar.SignalClusterView$PhoneState@5ddf837]:com.android.systemui.statusbar.SignalClusterView{34a3f18 V.E...... ......ID 2,0-48,48 #7f0a02a1 app:id/signal_cluster}
11-11 15:44:37.494   977  1254 D PhoneInterfaceManager: [PhoneIntfMgr] SubscriptionManager.getPhoneId(1)=1
11-11 15:44:37.496   830   830 D SignalClusterView: setMDataInds-getState subId:1sts[com.android.systemui.statusbar.SignalClusterView$PhoneState@2ada1a4]:com.android.systemui.statusbar.SignalClusterView{bd0d7e4 V.E...... ........ 2,7-48,41 #7f0a02a1 app:id/signal_cluster}
11-11 15:44:38.505   977  1254 D PhoneInterfaceManager: [PhoneIntfMgr] SubscriptionManager.getPhoneId(1)=1
11-11 15:44:38.511   830   830 D SignalClusterView: setMDataInds-getState subId:1sts[com.android.systemui.statusbar.SignalClusterView$PhoneState@5ddf837]:com.android.systemui.statusbar.SignalClusterView{34a3f18 V.E...... ......ID 2,0-48,48 #7f0a02a1 app:id/signal_cluster}
11-11 15:44:38.520   977  1254 D PhoneInterfaceManager: [PhoneIntfMgr] SubscriptionManager.getPhoneId(1)=1
11-11 15:44:38.523   830   830 D SignalClusterView: setMDataInds-getState subId:1sts[com.android.systemui.statusbar.SignalClusterView$PhoneState@2ada1a4]:com.android.systemui.statusbar.SignalClusterView{bd0d7e4 V.E...... ........ 2,7-48,41 #7f0a02a1 app:id/signal_cluster}
11-11 15:44:38.541   264  1255 I BufferQueueProducer: [StatusBar#0](this:0xabc4a000,id:4,api:1,p:830,c:264) queueBuffer: fps=8.69 dur=1725.78 max=754.73 min=13.13
11-11 15:44:38.546   264   264 I DisplayDevice: [Built-in Screen (type:0)] fps:9.295190,dur:1721.32,max:744.15,min:4.23
11-11 15:44:39.337   307   307 I thermal_repeater: [recvMdThermalInfo] ret=9, strLen=127,  1, 32767
11-11 15:44:39.516   977  1254 D PhoneInterfaceManager: [PhoneIntfMgr] SubscriptionManager.getPhoneId(1)=1
11-11 15:44:39.521   830   830 D SignalClusterView: setMDataInds-getState subId:1sts[com.android.systemui.statusbar.SignalClusterView$PhoneState@5ddf837]:com.android.systemui.statusbar.SignalClusterView{34a3f18 V.E...... ......ID 2,0-48,48 #7f0a02a1 app:id/signal_cluster}
11-11 15:44:39.532   977  1254 D PhoneInterfaceManager: [PhoneIntfMgr] SubscriptionManager.getPhoneId(1)=1
11-11 15:44:39.534   830   830 D SignalClusterView: setMDataInds-getState subId:1sts[com.android.systemui.statusbar.SignalClusterView$PhoneState@2ada1a4]:com.android.systemui.statusbar.SignalClusterView{bd0d7e4 V.E...... ........ 2,7-48,41 #7f0a02a1 app:id/signal_cluster}
11-11 15:44:39.549   264  1255 I BufferQueueProducer: [StatusBar#0](this:0xabc4a000,id:4,api:1,p:830,c:264) queueBuffer: fps=1.99 dur=1007.49 max=755.43 min=252.07
11-11 15:44:39.555   264   264 I DisplayDevice: [Built-in Screen (type:0)] fps:1.982366,dur:1008.90,max:743.02,min:265.88
11-11 15:44:39.976   830  1150 E libPowerStretch: LucidStats currentFPS = 2.40 [2392828272]
11-11 15:44:40.447 21477 21487 I zygote  : Background concurrent copying GC freed 10430(767KB) AllocSpace objects, 3(124KB) LOS objects, 80% free, 1511KB/7MB, paused 501us total 108.536ms
11-11 15:44:40.520   977  1254 D PhoneInterfaceManager: [PhoneIntfMgr] SubscriptionManager.getPhoneId(1)=1
11-11 15:44:40.522   830   830 D SignalClusterView: setMDataInds-getState subId:1sts[com.android.systemui.statusbar.SignalClusterView$PhoneState@5ddf837]:com.android.systemui.statusbar.SignalClusterView{34a3f18 V.E...... ......ID 2,0-48,48 #7f0a02a1 app:id/signal_cluster}
11-11 15:44:40.529   977  1254 D PhoneInterfaceManager: [PhoneIntfMgr] SubscriptionManager.getPhoneId(1)=1
11-11 15:44:40.531   830   830 D SignalClusterView: setMDataInds-getState subId:1sts[com.android.systemui.statusbar.SignalClusterView$PhoneState@2ada1a4]:com.android.systemui.statusbar.SignalClusterView{bd0d7e4 V.E...... ........ 2,7-48,41 #7f0a02a1 app:id/signal_cluster}
11-11 15:44:40.563   264   264 I DisplayDevice: [Built-in Screen (type:0)] fps:14.870639,dur:1008.70,max:545.28,min:15.23
11-11 15:44:40.783   264  1255 I BufferQueueProducer: [StatusBar#0](this:0xabc4a000,id:4,api:1,p:830,c:264) queueBuffer: fps=12.96 dur=1234.97 max=537.11 min=13.62
11-11 15:44:41.534   977  1254 D PhoneInterfaceManager: [PhoneIntfMgr] SubscriptionManager.getPhoneId(1)=1
11-11 15:44:41.538   830   830 D SignalClusterView: setMDataInds-getState subId:1sts[com.android.systemui.statusbar.SignalClusterView$PhoneState@5ddf837]:com.android.systemui.statusbar.SignalClusterView{34a3f18 V.E...... ......ID 2,0-48,48 #7f0a02a1 app:id/signal_cluster}
11-11 15:44:41.549   977  1254 D PhoneInterfaceManager: [PhoneIntfMgr] SubscriptionManager.getPhoneId(1)=1
11-11 15:44:41.553   830   830 D SignalClusterView: setMDataInds-getState subId:1sts[com.android.systemui.statusbar.SignalClusterView$PhoneState@2ada1a4]:com.android.systemui.statusbar.SignalClusterView{bd0d7e4 V.E...... ........ 2,7-48,41 #7f0a02a1 app:id/signal_cluster}
11-11 15:44:41.572   264   264 I DisplayDevice: [Built-in Screen (type:0)] fps:14.866986,dur:1008.95,max:561.84,min:16.45
11-11 15:44:41.787   264  1255 I BufferQueueProducer: [StatusBar#0](this:0xabc4a000,id:4,api:1,p:830,c:264) queueBuffer: fps=14.95 dur=1003.10 max=564.58 min=14.92
11-11 15:44:42.547   977  1254 D PhoneInterfaceManager: [PhoneIntfMgr] SubscriptionManager.getPhoneId(1)=1
11-11 15:44:42.551   830   830 D SignalClusterView: setMDataInds-getState subId:1sts[com.android.systemui.statusbar.SignalClusterView$PhoneState@5ddf837]:com.android.systemui.statusbar.SignalClusterView{34a3f18 V.E...... ......ID 2,0-48,48 #7f0a02a1 app:id/signal_cluster}
11-11 15:44:42.558   977  1254 D PhoneInterfaceManager: [PhoneIntfMgr] SubscriptionManager.getPhoneId(1)=1
11-11 15:44:42.561   830   830 D SignalClusterView: setMDataInds-getState subId:1sts[com.android.systemui.statusbar.SignalClusterView$PhoneState@2ada1a4]:com.android.systemui.statusbar.SignalClusterView{bd0d7e4 V.E...... ........ 2,7-48,41 #7f0a02a1 app:id/signal_cluster}
11-11 15:44:42.581   264   264 I DisplayDevice: [Built-in Screen (type:0)] fps:1.982100,dur:1009.03,max:776.13,min:232.91
11-11 15:44:43.558   977  1254 D PhoneInterfaceManager: [PhoneIntfMgr] SubscriptionManager.getPhoneId(1)=1
11-11 15:44:43.562   830   830 D SignalClusterView: setMDataInds-getState subId:1sts[com.android.systemui.statusbar.SignalClusterView$PhoneState@5ddf837]:com.android.systemui.statusbar.SignalClusterView{34a3f18 V.E...... ......ID 2,0-48,48 #7f0a02a1 app:id/signal_cluster}
11-11 15:44:43.570   977  1254 D PhoneInterfaceManager: [PhoneIntfMgr] SubscriptionManager.getPhoneId(1)=1
11-11 15:44:43.575   830   830 D SignalClusterView: setMDataInds-getState subId:1sts[com.android.systemui.statusbar.SignalClusterView$PhoneState@2ada1a4]:com.android.systemui.statusbar.SignalClusterView{bd0d7e4 V.E...... ........ 2,7-48,41 #7f0a02a1 app:id/signal_cluster}
