11-11 15:44:43.591   264  1255 I BufferQueueProducer: [StatusBar#0](this:0xabc4a000,id:4,api:1,p:830,c:264) queueBuffer: fps=1.66 dur=1803.98 max=811.28 min=203.18
11-11 15:44:43.607   264   264 I DisplayDevice: [Built-in Screen (type:0)] fps:1.950529,dur:1025.36,max:809.06,min:216.30
11-11 15:44:44.782   264  1255 I BufferQueueProducer: [StatusBar#0](this:0xabc4a000,id:4,api:1,p:830,c:264) queueBuffer: fps=1.68 dur=1191.70 max=992.48 min=199.22
11-11 15:44:44.798   264   264 I DisplayDevice: [Built-in Screen (type:0)] fps:1.678124,dur:1191.81,max:992.04,min:199.76
11-11 15:44:45.177  5790  6047 D phonemaster_log: HiManager_ViewUtil: ViewUtilisShowNotification false
11-11 15:44:45.177  5790  6047 D phonemaster_log: HiManager_MasterCoreService: MESSAGE_SERVICE_WHAT_UPDATE_NOTIFICATION isShowNotificationfalse
11-11 15:44:45.326   675   675 I DeviceIdleController: updateChargingLocked: charging=true
11-11 15:44:45.326   675   675 I DeviceIdleController: becomeActiveLocked, reason = charging
11-11 15:44:45.340  5449  5449 I PC_BatteryChangedReceiver: level: 54, remindValue: 15, status: 2
11-11 15:44:45.341  5449  5449 D PC_BatteryChangedReceiver: isGameMode: false
11-11 15:44:45.341  5449  5449 D PC_BatteryChangedReceiver: onReceive: false
11-11 15:44:45.341  5449  5449 D PC_BatteryChangedReceiver: isGameMode: false
11-11 15:44:45.342  5449  5449 D PC_NotificationUtils: cancelNotification: 
11-11 15:44:45.342  5449  5449 D PC_BatteryChangedReceiver: onReceive: battary on charge
11-11 15:44:45.789   264  1255 I BufferQueueProducer: [StatusBar#0](this:0xabc4a000,id:4,api:1,p:830,c:264) queueBuffer: fps=2.98 dur=1007.15 max=585.05 min=15.40
11-11 15:44:45.808   264   264 I DisplayDevice: [Built-in Screen (type:0)] fps:2.971721,dur:1009.52,max:577.99,min:16.58
11-11 15:44:46.358   675  5274 I WifiService: getVerboseLoggingLevel uid=1000
11-11 15:44:46.361   675  5274 I WifiService: getWifiApEnabledState uid=1000
11-11 15:44:46.363  5449  5449 D PowerSaveUtils: isUltraPowerOn(context) isOn=false
11-11 15:44:46.364  5449  5449 D PowerSaveUtils: getConfigCurrent isUltraModeOn:false
11-11 15:44:46.364  5449  5449 D PowerSaveUtils: config details is : bright->76wifiEnable-> falsewifiApEnable->falsebtEnable->falsedataEnable->truegpsEnable->truethreeGEnable->trueautoSyncEnable->trueisScreenModeOn->falseisUltraModeOn->falseisBatterySaverOn->false
11-11 15:44:46.364  5449  5449 D PowerSaveUtils: getConfigCurrent current:34.6
11-11 15:44:46.365   675  3614 V SettingsProvider: name : battery_remaining_time appId : 1000
11-11 15:44:46.366  5449  5449 D PowerSaveUtils: hours:8,min:46
11-11 15:44:46.882   675   769 D MtkDataShapingUtils: openLteGateByDataShaping datashaping instance is null
11-11 15:44:46.965  5790  5790 E phonemaster_log: HiManager_SimUtils: findRecordBySubId
11-11 15:44:46.969  5790  5790 E phonemaster_log: HiManager_NetWorkPresenterGP: 
11-11 15:44:47.123   830   830 D StatusBar: onNotificationPosted: StatusBarNotification(pkg=com.transsion.phonemaster user=UserHandle{0} id=57 tag=null key=0|com.transsion.phonemaster|57|null|10079: Notification(channel=2 pri=2 contentView=com.transsion.phonemaster/0x7f0a015d vibrate=null sound=null defaults=0x0 flags=0xa color=0x00000000 vis=PRIVATE))
11-11 15:44:47.147   304   759 I Accelerometer: batch: handle:0, flag:0,samplingPeriodNs:20000000 maxBatchReportLatencyNs:0
11-11 15:44:47.147   304   759 I Accelerometer: flush, flushCnt:1
11-11 15:44:47.148   304   304 I Accelerometer: flush complete, flushCnt:0
11-11 15:44:47.200   675  3614 V SettingsProvider: name : radio.data.stall.recovery.action appId : 1001
11-11 15:44:47.200   675  3614 V SettingsProvider: Package name : com.android.phone privateFlags : 2152
11-11 15:44:47.233   830   830 D StatusBar: No peeking: unimportant notification: 0|com.transsion.phonemaster|57|null|10079
11-11 15:44:47.416   675  3614 I ActivityManager: Start proc 5281:com.google.android.apps.youtube.mango/u0a85 for service com.google.android.apps.youtube.mango/com.firebase.jobdispatcher.GooglePlayReceiver
11-11 15:44:47.417   675  3614 D ActivityManager: AMS: *** Launch app com.google.android.apps.youtube.mango/10085 for service Intent { act=com.google.android.gms.gcm.ACTION_TASK_READY cmp=com.google.android.apps.youtube.mango/com.firebase.jobdispatcher.GooglePlayReceiver }, from com.google.android.gms/10013.
11-11 15:44:47.427   264  1255 I BufferQueueProducer: [StatusBar#0](this:0xabc4a000,id:4,api:1,p:830,c:264) queueBuffer: fps=1.22 dur=1637.42 max=992.51 min=644.91
11-11 15:44:47.444   264   264 I DisplayDevice: [Built-in Screen (type:0)] fps:1.222059,dur:1636.58,max:990.95,min:645.63
11-11 15:44:47.623  5281  5281 I LoadedApk: No resource references to update in package com.transsion.theme.icon
11-11 15:44:47.704   675  3614 I ActivityManager: Start proc 5303:com.google.process.gservices/u0a13 for content provider com.google.android.gsf/.gservices.GservicesProvider
11-11 15:44:47.863  5281  5324 E GEL_DELAYED_EVENT_DEBUG: Failed delayed event dispatch, no dispatchers.
11-11 15:44:47.879  5281  5324 W DynamiteModule: Local module descriptor class for providerinstaller not found.
11-11 15:44:47.881  5303  5303 I LoadedApk: No resource references to update in package com.transsion.theme.icon
11-11 15:44:47.885 18016 18354 W ProviderHelper: Unknown dynamite feature providerinstaller
11-11 15:44:47.891  5303  5303 I GservicesProvider: Gservices pushing to system: true; secure/global: true
11-11 15:44:47.899  5281  5324 W ProviderInstaller: Failed to load providerinstaller module: No acceptable module found. Local version is 0 and remote version is 0.
11-11 15:44:47.984  5281  5343 W PrimesInit: Primes instant initialization
11-11 15:44:48.002  5281  5358 W Primes  : background initialization
11-11 15:44:48.019  5281  5347 W YTGo    : Fetching the Gservices key 'disable_native_cronet' before the end of the bulk initialization
11-11 15:44:48.036  5281  5324 I zygote  : The ClassLoaderContext is a special shared library.
11-11 15:44:48.043  5281  5324 I zygote  : The ClassLoaderContext is a special shared library.
11-11 15:44:48.109  5281  5358 I PrimesTesting: GserviceFlagsSupplier.get()
11-11 15:44:48.225  5281  5358 I CrashMetricService: Startup metric for 'PRIMES_CRASH_MONITORING_INITIALIZED' dropped.
11-11 15:44:48.395  5281  5330 W zygote  : Unsupported class loader
11-11 15:44:48.405  5281  5324 V NativeCrypto: Registering com/google/android/gms/org/conscrypt/NativeCrypto's 286 native methods...
11-11 15:44:48.442   263   263 I lowmemorykiller: Killing 'com.tencent.mm' (4364), uid 10101, adj 902
11-11 15:44:48.442   263   263 I lowmemorykiller:    to free 92712kB because system is under medium memory pressure oom_adj 800
11-11 15:44:48.454  5281  5330 W zygote  : Skipping duplicate class check due to unsupported classloader
11-11 15:44:48.469  5281  5330 I DynamiteModule: Considering local module com.google.android.gms.ads.dynamite:0 and remote module com.google.android.gms.ads.dynamite:21001
11-11 15:44:48.469  5281  5330 I DynamiteModule: Selected remote version of com.google.android.gms.ads.dynamite, version >= 21001
11-11 15:44:48.480  5388  5388 W mount   : type=1400 audit(0.0:36772): avc: denied { getattr } for path="/vendor/protect_f" dev="mmcblk0p3" ino=2 scontext=u:r:untrusted_app:s0:c512,c768 tcontext=u:object_r:protect_f_data_file:s0 tclass=dir permissive=0
11-11 15:44:48.483  5388  5388 W mount   : type=1400 audit(0.0:36773): avc: denied { getattr } for path="/vendor/protect_s" dev="mmcblk0p4" ino=2 scontext=u:r:untrusted_app:s0:c512,c768 tcontext=u:object_r:protect_s_data_file:s0 tclass=dir permissive=0
11-11 15:44:48.483  5388  5388 W mount   : type=1400 audit(0.0:36774): avc: denied { getattr } for path="/vendor/nvdata" dev="mmcblk0p20" ino=2 scontext=u:r:untrusted_app:s0:c512,c768 tcontext=u:object_r:nvdata_file:s0 tclass=dir permissive=0
11-11 15:44:48.483  5388  5388 W mount   : type=1400 audit(0.0:36775): avc: denied { getattr } for path="/vendor/persist" dev="mmcblk0p5" ino=2 scontext=u:r:untrusted_app:s0:c512,c768 tcontext=u:object_r:persist_data_file:s0 tclass=dir permissive=0
11-11 15:44:48.483  5388  5388 W mount   : type=1400 audit(0.0:36776): avc: denied { read } for name="/" dev="rootfs" ino=1 scontext=u:r:untrusted_app:s0:c512,c768 tcontext=u:object_r:rootfs:s0 tclass=dir permissive=0
11-11 15:44:48.486  5388  5388 I chatty  : uid=10085(com.google.android.apps.youtube.mango) mount identical 10 lines
11-11 15:44:48.486  5388  5388 W mount   : type=1400 audit(0.0:36787): avc: denied { read } for name="/" dev="rootfs" ino=1 scontext=u:r:untrusted_app:s0:c512,c768 tcontext=u:object_r:rootfs:s0 tclass=dir permissive=0
11-11 15:44:48.513   264  1255 I SurfaceFlinger: EventThread Client Pid (4364) disconnected by (264)
11-11 15:44:48.513   264  1255 I SurfaceFlinger: EventThread Client Pid (4364) disconnected by (264)
11-11 15:44:48.514   675  3636 I ActivityManager: Process com.tencent.mm (pid 4364) has died: cch+2SVC 
11-11 15:44:48.515   675  3636 W ActivityManager: Scheduling restart of crashed service com.tencent.mm/.service.ProcessService$MMProcessService in 1000ms
11-11 15:44:48.516   675   705 W zygote  : kill(-4364, 9) failed: No such process
11-11 15:44:48.516   675   705 I zygote  : Successfully killed process cgroup uid 10101 pid 4364 in 1ms
11-11 15:44:48.524  5281  5330 W zygote  : Unsupported class loader
11-11 15:44:48.552   264   264 I DisplayDevice: [Built-in Screen (type:0)] fps:3.610080,dur:1108.01,max:760.70,min:16.43
11-11 15:44:48.588  5281  5324 D NetworkSecurityConfig: Using Network Security Config from resource network_security_config debugBuild: false
11-11 15:44:48.597  5281  5324 I ProviderInstaller: Installed default security provider GmsCore_OpenSSL
11-11 15:44:48.777   264  1255 I BufferQueueProducer: [StatusBar#0](this:0xabc4a000,id:4,api:1,p:830,c:264) queueBuffer: fps=2.96 dur=1349.99 max=990.29 min=17.05
11-11 15:44:48.823  5281  5330 D DynamitePackage: Instantiated singleton DynamitePackage.
11-11 15:44:48.823  5281  5330 D DynamitePackage: Instantiating com.google.android.gms.ads.adshield.ChimeraAdShieldCreatorImpl
11-11 15:44:48.928  5281  5330 I zygote  : The ClassLoaderContext is a special shared library.
11-11 15:44:49.094   675  1609 V SettingsProvider: packageValueForCallResult, name = adb_enabled, value : Bundle[{_track_generation=android.util.MemoryIntArray@5e, value=1, _generation_index=0, _generation=61}]
11-11 15:44:49.350   307   307 I thermal_repeater: [recvMdThermalInfo] ret=9, strLen=127,  1, 32767
11-11 15:44:49.538   675   700 I ActivityManager: Start proc 5410:com.tencent.mm/u0a101 for service com.tencent.mm/.service.ProcessService$MMProcessService
11-11 15:44:49.538   675   700 D ActivityManager: AMS: *** Launch app com.tencent.mm/10101 for service Intent { cmp=com.tencent.mm/.service.ProcessService$MMProcessService }, from null/-1.
11-11 15:44:49.632  5410  5410 I zygote  : The ClassLoaderContext is a special shared library.
11-11 15:44:49.785   264  1255 I BufferQueueProducer: [StatusBar#0](this:0xabc4a000,id:4,api:1,p:830,c:264) queueBuffer: fps=0.99 dur=1008.32 max=1008.32 min=1008.32
11-11 15:44:49.793   264   264 I DisplayDevice: [Built-in Screen (type:0)] fps:1.612660,dur:1240.19,max:1009.17,min:231.02
11-11 15:44:49.892  5410  5410 E ActivityThread: Failed to find provider info for com.tencent.mm.coolassist.debugprovider
11-11 15:44:49.990  5410  5410 I MMKV    : <MMKV.cpp:192::initialize> page size:4096
11-11 15:44:49.991  5410  5410 I MMKV    : <MMKV.cpp:206::initializeMMKV> root dir: /data/user/0/com.tencent.mm/files/mmkv
11-11 15:44:50.034  5410  5410 I LoadedApk: No resource references to update in package com.transsion.theme.icon
11-11 15:44:50.211  5410  5442 I FA      : Collection disabled with firebase_analytics_collection_enabled=0
11-11 15:44:50.213  5410  5442 I FA      : App measurement is starting up, version: 12451
11-11 15:44:50.213  5410  5442 I FA      : To enable debug logging run: adb shell setprop log.tag.FA VERBOSE
11-11 15:44:50.213  5410  5442 I FA      : To enable faster debug mode event logging run:
11-11 15:44:50.213  5410  5442 I FA      :   adb shell setprop debug.firebase.analytics.app com.tencent.mm
11-11 15:44:50.343  5410  5410 W CrashMonitor: JNI_OnLoad
11-11 15:44:50.344  5410  5410 D CrashMonitor: crashInitForReport...
11-11 15:44:50.344  5410  5410 D CrashMonitor: setupMonitor...
11-11 15:44:50.350  5410  5453 D CrashMonitor: WaitForSignal...
11-11 15:44:50.513   304   304 I Accelerometer: batch: handle:0, flag:0,samplingPeriodNs:66667000 maxBatchReportLatencyNs:100000000
11-11 15:44:50.602   977  1254 D PhoneInterfaceManager: [PhoneIntfMgr] SubscriptionManager.getPhoneId(1)=1
11-11 15:44:50.606   830   830 D SignalClusterView: setMDataInds-getState subId:1sts[com.android.systemui.statusbar.SignalClusterView$PhoneState@5ddf837]:com.android.systemui.statusbar.SignalClusterView{34a3f18 V.E...... ......ID 2,0-48,48 #7f0a02a1 app:id/signal_cluster}
11-11 15:44:50.614   977  1254 D PhoneInterfaceManager: [PhoneIntfMgr] SubscriptionManager.getPhoneId(1)=1
11-11 15:44:50.617   830   830 D SignalClusterView: setMDataInds-getState subId:1sts[com.android.systemui.statusbar.SignalClusterView$PhoneState@2ada1a4]:com.android.systemui.statusbar.SignalClusterView{bd0d7e4 V.E...... ........ 2,7-48,41 #7f0a02a1 app:id/signal_cluster}
11-11 15:44:50.802   264   264 I DisplayDevice: [Built-in Screen (type:0)] fps:1.982053,dur:1009.05,max:860.00,min:149.05
11-11 15:44:50.805   264  1255 I BufferQueueProducer: [StatusBar#0](this:0xabc4a000,id:4,api:1,p:830,c:264) queueBuffer: fps=2.94 dur=1019.83 max=851.11 min=21.82
11-11 15:44:50.888  5410  5450 I WCDB    : Initialize JNI module (1/12) CursorWindow...
11-11 15:44:50.889  5410  5450 V WCDB.JNIHelp: Registering com/tencent/wcdb/CursorWindow natives
11-11 15:44:50.889  5410  5450 I WCDB    : Initialize JNI module (2/12) ChunkedCursorWindow...
11-11 15:44:50.889  5410  5450 V WCDB.JNIHelp: Registering com/tencent/wcdb/database/ChunkedCursorWindow natives
11-11 15:44:50.889  5410  5450 V WCDB.JNIHelp: Registering com/tencent/wcdb/database/SQLiteAsyncQuery natives
11-11 15:44:50.889  5410  5450 I WCDB    : Initialize JNI module (3/12) SQLiteConnection...
11-11 15:44:50.890  5410  5450 I WCDB    : Initialize JNI module (4/12) SQLiteDebug...
11-11 15:44:50.890  5410  5450 V WCDB.JNIHelp: Registering com/tencent/wcdb/database/SQLiteDebug natives
11-11 15:44:50.890  5410  5450 I WCDB    : Initialize JNI module (5/12) SQLiteDirectCursor...
11-11 15:44:50.891  5410  5450 V WCDB.JNIHelp: Registering com/tencent/wcdb/database/SQLiteDirectQuery natives
11-11 15:44:50.891  5410  5450 I WCDB    : Initialize JNI module (6/12) SQLiteGlobal...
11-11 15:44:50.894  5410  5450 V WCDB.JNIHelp: Registering com/tencent/wcdb/database/SQLiteGlobal natives
11-11 15:44:50.894  5410  5450 I WCDB    : Initialize JNI module (7/12) MMFtsTokenizer...
11-11 15:44:50.894  5410  5450 V WCDB.JNIHelp: Registering com/tencent/wcdb/extension/fts/MMFtsTokenizer natives
11-11 15:44:50.894  5410  5450 I WCDB    : Initialize JNI module (8/12) FileUtils...
11-11 15:44:50.894  5410  5450 V WCDB.JNIHelp: Registering com/tencent/wcdb/FileUtils natives
11-11 15:44:50.894  5410  5450 I WCDB    : Initialize JNI module (9/12) DBBackup...
11-11 15:44:50.894  5410  5450 V WCDB.JNIHelp: Registering com/tencent/wcdb/repair/BackupKit natives
11-11 15:44:50.894  5410  5450 V WCDB.JNIHelp: Registering com/tencent/wcdb/repair/RecoverKit natives
11-11 15:44:50.894  5410  5450 I WCDB    : Initialize JNI module (10/12) DBDumpUtil...
11-11 15:44:50.894  5410  5450 V WCDB.JNIHelp: Registering com/tencent/wcdb/repair/DBDumpUtil natives
11-11 15:44:50.894  5410  5450 I WCDB    : Initialize JNI module (11/12) DBRepair...
11-11 15:44:50.894  5410  5450 V WCDB.JNIHelp: Registering com/tencent/wcdb/repair/RepairKit$RepairCursor natives
11-11 15:44:50.895  5410  5450 I WCDB    : Initialize JNI module (12/12) Log...
11-11 15:44:50.895  5410  5450 V WCDB.JNIHelp: Registering com/tencent/wcdb/support/Log natives
11-11 15:44:50.973  5410  5450 E zygote  : No implementation found for java.util.ArrayList com.tencent.mars.smc.SmcLogic.getLoadLibraries() (tried Java_com_tencent_mars_smc_SmcLogic_getLoadLibraries and Java_com_tencent_mars_smc_SmcLogic_getLoadLibraries__)
11-11 15:44:50.973  5410  5446 D IOCanary.JNI: JNI_OnLoad
11-11 15:44:50.974  5410  5446 D IOCanary.JNI: JNI_OnLoad done
11-11 15:44:50.976  5410  5446 I IOCanary.JNI: doHook
11-11 15:44:50.976  5410  5446 I IOCanary.JNI: try to hook function in libopenjdkjvm.so.
11-11 15:44:50.980  5410  5410 W parallels-0: type=1400 audit(0.0:36788): avc: denied { execmod } for path="/system/lib/libopenjdkjvm.so" dev="mmcblk0p25" ino=1683 scontext=u:r:untrusted_app:s0:c512,c768 tcontext=u:object_r:system_file:s0 tclass=file permissive=0
11-11 15:44:50.983  5410  5410 W parallels-0: type=1400 audit(0.0:36789): avc: denied { execmod } for path="/system/lib/libopenjdkjvm.so" dev="mmcblk0p25" ino=1683 scontext=u:r:untrusted_app:s0:c512,c768 tcontext=u:object_r:system_file:s0 tclass=file permissive=0
11-11 15:44:50.988  5410  5446 I IOCanary.JNI: try to hook function in libjavacore.so.
11-11 15:44:50.990  5410  5410 W parallels-0: type=1400 audit(0.0:36790): avc: denied { execmod } for path="/system/lib/libjavacore.so" dev="mmcblk0p25" ino=1611 scontext=u:r:untrusted_app:s0:c512,c768 tcontext=u:object_r:system_file:s0 tclass=file permissive=0
11-11 15:44:50.990  5410  5410 I chatty  : uid=10101(com.tencent.mm) identical 1 line
11-11 15:44:50.993  5410  5410 W parallels-0: type=1400 audit(0.0:36792): avc: denied { execmod } for path="/system/lib/libjavacore.so" dev="mmcblk0p25" ino=1611 scontext=u:r:untrusted_app:s0:c512,c768 tcontext=u:object_r:system_file:s0 tclass=file permissive=0
11-11 15:44:50.993  5410  5410 W parallels-0: type=1400 audit(0.0:36793): avc: denied { execmod } for path="/system/lib/libjavacore.so" dev="mmcblk0p25" ino=1611 scontext=u:r:untrusted_app:s0:c512,c768 tcontext=u:object_r:system_file:s0 tclass=file permissive=0
11-11 15:44:50.994  5410  5446 I IOCanary.JNI: try to hook function in libopenjdk.so.
11-11 15:44:51.000  5410  5410 W parallels-0: type=1400 audit(0.0:36794): avc: denied { execmod } for path="/system/lib/libopenjdk.so" dev="mmcblk0p25" ino=1682 scontext=u:r:untrusted_app:s0:c512,c768 tcontext=u:object_r:system_file:s0 tclass=file permissive=0
11-11 15:44:51.000  5410  5410 I chatty  : uid=10101(com.tencent.mm) identical 1 line
11-11 15:44:51.000  5410  5410 W parallels-0: type=1400 audit(0.0:36796): avc: denied { execmod } for path="/system/lib/libopenjdk.so" dev="mmcblk0p25" ino=1682 scontext=u:r:untrusted_app:s0:c512,c768 tcontext=u:object_r:system_file:s0 tclass=file permissive=0
11-11 15:44:51.139   264   434 I SurfaceFlinger: EventThread Client Pid (5410) created
11-11 15:44:51.140   264   434 I SurfaceFlinger: EventThread Client Pid (5410) created
11-11 15:44:51.607   977  1254 D PhoneInterfaceManager: [PhoneIntfMgr] SubscriptionManager.getPhoneId(1)=1
11-11 15:44:51.610   830   830 D SignalClusterView: setMDataInds-getState subId:1sts[com.android.systemui.statusbar.SignalClusterView$PhoneState@5ddf837]:com.android.systemui.statusbar.SignalClusterView{34a3f18 V.E...... ......ID 2,0-48,48 #7f0a02a1 app:id/signal_cluster}
11-11 15:44:51.628   977  1254 D PhoneInterfaceManager: [PhoneIntfMgr] SubscriptionManager.getPhoneId(1)=1
11-11 15:44:51.631   830   830 D SignalClusterView: setMDataInds-getState subId:1sts[com.android.systemui.statusbar.SignalClusterView$PhoneState@2ada1a4]:com.android.systemui.statusbar.SignalClusterView{bd0d7e4 V.E...... ........ 2,7-48,41 #7f0a02a1 app:id/signal_cluster}
11-11 15:44:51.811   264   264 I DisplayDevice: [Built-in Screen (type:0)] fps:14.866747,dur:1008.96,max:644.97,min:16.31
11-11 15:44:51.815   264   434 I BufferQueueProducer: [StatusBar#0](this:0xabc4a000,id:4,api:1,p:830,c:264) queueBuffer: fps=14.85 dur=1010.41 max=645.59 min=15.20
11-11 15:44:51.826   675  1609 V SettingsProvider: packageValueForCallResult, name = time_12_24, value : Bundle[{_track_generation=android.util.MemoryIntArray@5e, value=12, _generation_index=2, _generation=337}]
11-11 15:44:51.957  5410  5472 I IOCanary.JNI: doUnHook
11-11 15:44:51.963  5410  5410 W default : type=1400 audit(0.0:36797): avc: denied { execmod } for path="/system/lib/libopenjdkjvm.so" dev="mmcblk0p25" ino=1683 scontext=u:r:untrusted_app:s0:c512,c768 tcontext=u:object_r:system_file:s0 tclass=file permissive=0
11-11 15:44:51.963  5410  5448 D JniHelper: [KindaLib] jniInit
11-11 15:44:51.966  5410  5410 W default : type=1400 audit(0.0:36798): avc: denied { execmod } for path="/system/lib/libopenjdkjvm.so" dev="mmcblk0p25" ino=1683 scontext=u:r:untrusted_app:s0:c512,c768 tcontext=u:object_r:system_file:s0 tclass=file permissive=0
11-11 15:44:51.973  5410  5410 W default : type=1400 audit(0.0:36799): avc: denied { execmod } for path="/system/lib/libjavacore.so" dev="mmcblk0p25" ino=1611 scontext=u:r:untrusted_app:s0:c512,c768 tcontext=u:object_r:system_file:s0 tclass=file permissive=0
11-11 15:44:51.976  5410  5410 I chatty  : uid=10101(com.tencent.mm) identical 3 lines
11-11 15:44:51.976  5410  5410 W default : type=1400 audit(0.0:36803): avc: denied { execmod } for path="/system/lib/libjavacore.so" dev="mmcblk0p25" ino=1611 scontext=u:r:untrusted_app:s0:c512,c768 tcontext=u:object_r:system_file:s0 tclass=file permissive=0
11-11 15:44:51.986  5410  5410 W default : type=1400 audit(0.0:36804): avc: denied { execmod } for path="/system/lib/libopenjdk.so" dev="mmcblk0p25" ino=1682 scontext=u:r:untrusted_app:s0:c512,c768 tcontext=u:object_r:system_file:s0 tclass=file permissive=0
11-11 15:44:51.986  5410  5410 I chatty  : uid=10101(com.tencent.mm) identical 3 lines
11-11 15:44:51.986  5410  5410 W default : type=1400 audit(0.0:36808): avc: denied { execmod } for path="/system/lib/libopenjdk.so" dev="mmcblk0p25" ino=1682 scontext=u:r:untrusted_app:s0:c512,c768 tcontext=u:object_r:system_file:s0 tclass=file permissive=0
11-11 15:44:52.029  5410  5448 D JniHelper: [KindaLib] register_constructor_proxy_method
11-11 15:44:52.545  5281  5298 I zygote  : Waiting for a blocking GC ProfileSaver
11-11 15:44:52.598  5281  5298 I zygote  : WaitForGcToComplete blocked ProfileSaver on AddRemoveAppImageSpace for 52.931ms
11-11 15:44:52.612   977  1254 D PhoneInterfaceManager: [PhoneIntfMgr] SubscriptionManager.getPhoneId(1)=1
11-11 15:44:52.614   830   830 D SignalClusterView: setMDataInds-getState subId:1sts[com.android.systemui.statusbar.SignalClusterView$PhoneState@5ddf837]:com.android.systemui.statusbar.SignalClusterView{34a3f18 V.E...... ......ID 2,0-48,48 #7f0a02a1 app:id/signal_cluster}
11-11 15:44:52.619   977  1254 D PhoneInterfaceManager: [PhoneIntfMgr] SubscriptionManager.getPhoneId(1)=1
11-11 15:44:52.621   830   830 D SignalClusterView: setMDataInds-getState subId:1sts[com.android.systemui.statusbar.SignalClusterView$PhoneState@2ada1a4]:com.android.systemui.statusbar.SignalClusterView{bd0d7e4 V.E...... ........ 2,7-48,41 #7f0a02a1 app:id/signal_cluster}
11-11 15:44:53.794   264   434 I BufferQueueProducer: [StatusBar#0](this:0xabc4a000,id:4,api:1,p:830,c:264) queueBuffer: fps=7.58 dur=1978.33 max=1013.26 min=13.53
11-11 15:44:53.813   264   264 I DisplayDevice: [Built-in Screen (type:0)] fps:7.992222,dur:2001.95,max:1026.15,min:16.34
11-11 15:44:55.186  5790  6047 D phonemaster_log: HiManager_ViewUtil: ViewUtilisShowNotification false
11-11 15:44:55.187  5790  6047 D phonemaster_log: HiManager_MasterCoreService: MESSAGE_SERVICE_WHAT_UPDATE_NOTIFICATION isShowNotificationfalse
11-11 15:44:55.319   675   675 I DeviceIdleController: updateChargingLocked: charging=true
11-11 15:44:55.320   675   675 I DeviceIdleController: becomeActiveLocked, reason = charging
11-11 15:44:55.325  5449  5449 I PC_BatteryChangedReceiver: level: 54, remindValue: 15, status: 2
11-11 15:44:55.327  5449  5449 D PC_BatteryChangedReceiver: isGameMode: false
11-11 15:44:55.327  5449  5449 D PC_BatteryChangedReceiver: onReceive: false
11-11 15:44:55.327  5449  5449 D PC_BatteryChangedReceiver: isGameMode: false
11-11 15:44:55.328  5449  5449 D PC_NotificationUtils: cancelNotification: 
11-11 15:44:55.329  5449  5449 D PC_BatteryChangedReceiver: onReceive: battary on charge
11-11 15:44:55.359   264   434 I BufferQueueProducer: [StatusBar#0](this:0xabc4a000,id:4,api:1,p:830,c:264) queueBuffer: fps=1.28 dur=1565.54 max=985.14 min=580.40
11-11 15:44:55.367   264   264 I DisplayDevice: [Built-in Screen (type:0)] fps:1.286962,dur:1554.05,max:974.60,min:579.45
11-11 15:44:55.582   675   769 D MtkDataShapingUtils: openLteGateByDataShaping datashaping instance is null
11-11 15:44:55.597   304   759 I Accelerometer: batch: handle:0, flag:0,samplingPeriodNs:20000000 maxBatchReportLatencyNs:0
11-11 15:44:55.597   304   759 I Accelerometer: flush, flushCnt:1
11-11 15:44:55.597   304   304 I Accelerometer: flush complete, flushCnt:0
11-11 15:44:55.980   675   769 D MtkDataShapingUtils: openLteGateByDataShaping datashaping instance is null
11-11 15:44:56.329   675  3636 I WifiService: getVerboseLoggingLevel uid=1000
11-11 15:44:56.329   675  3636 I WifiService: getWifiApEnabledState uid=1000
11-11 15:44:56.332  5449  5449 D PowerSaveUtils: isUltraPowerOn(context) isOn=false
11-11 15:44:56.332  5449  5449 D PowerSaveUtils: getConfigCurrent isUltraModeOn:false
11-11 15:44:56.332  5449  5449 D PowerSaveUtils: config details is : bright->76wifiEnable-> falsewifiApEnable->falsebtEnable->falsedataEnable->truegpsEnable->truethreeGEnable->trueautoSyncEnable->trueisScreenModeOn->falseisUltraModeOn->falseisBatterySaverOn->false
11-11 15:44:56.333  5449  5449 D PowerSaveUtils: getConfigCurrent current:34.6
11-11 15:44:56.334   675  3636 V SettingsProvider: name : battery_remaining_time appId : 1000
11-11 15:44:56.335  5449  5449 D PowerSaveUtils: hours:8,min:46
11-11 15:44:56.787   264   434 I BufferQueueProducer: [StatusBar#0](this:0xabc4a000,id:4,api:1,p:830,c:264) queueBuffer: fps=2.10 dur=1427.92 max=1008.79 min=10.27
11-11 15:44:56.806   264   264 I DisplayDevice: [Built-in Screen (type:0)] fps:2.083959,dur:1439.57,max:1008.95,min:16.40
11-11 15:44:58.792   264   434 I BufferQueueProducer: [StatusBar#0](this:0xabc4a000,id:4,api:1,p:830,c:264) queueBuffer: fps=1.00 dur=2005.00 max=1007.67 min=997.33
11-11 15:44:58.807   264   264 I DisplayDevice: [Built-in Screen (type:0)] fps:0.999531,dur:2000.94,max:1008.24,min:992.70
11-11 15:44:58.975   304   304 I Accelerometer: batch: handle:0, flag:0,samplingPeriodNs:66667000 maxBatchReportLatencyNs:100000000
11-11 15:44:59.361 18016  5512 I System.out: isEmailSend:POST
11-11 15:44:59.365   307   307 I thermal_repeater: [recvMdThermalInfo] ret=9, strLen=127,  1, 32767
11-11 15:44:59.369 18016  5512 I System.out: port:80
11-11 15:44:59.652   977  1254 D PhoneInterfaceManager: [PhoneIntfMgr] SubscriptionManager.getPhoneId(1)=1
11-11 15:44:59.657   830   830 D SignalClusterView: setMDataInds-getState subId:1sts[com.android.systemui.statusbar.SignalClusterView$PhoneState@5ddf837]:com.android.systemui.statusbar.SignalClusterView{34a3f18 V.E...... ......ID 2,0-48,48 #7f0a02a1 app:id/signal_cluster}
11-11 15:44:59.663   977  1254 D PhoneInterfaceManager: [PhoneIntfMgr] SubscriptionManager.getPhoneId(1)=1
11-11 15:44:59.666   830   830 D SignalClusterView: setMDataInds-getState subId:1sts[com.android.systemui.statusbar.SignalClusterView$PhoneState@2ada1a4]:com.android.systemui.statusbar.SignalClusterView{bd0d7e4 V.E...... ........ 2,7-48,41 #7f0a02a1 app:id/signal_cluster}
11-11 15:45:00.001   830   830 D KeyguardUpdateMonitor: send updateTime msg
11-11 15:45:00.002   675   769 D MtkDataShapingUtils: openLteGateByDataShaping datashaping instance is null
11-11 15:45:00.010   830   830 D ClockUtil: onTimeChanged callback : com.transsion.mgzkeyguard.KeyguardTextClock$1@2bd28f0
11-11 15:45:00.011   830   830 D KeyguardTextClock: hourModeEnabled : false  hour + 3
11-11 15:45:00.043   264   434 I BufferQueueProducer: [StatusBar#0](this:0xabc4a000,id:4,api:1,p:830,c:264) queueBuffer: fps=2.40 dur=1251.03 max=889.00 min=100.48
11-11 15:45:00.063   264   264 I DisplayDevice: [Built-in Screen (type:0)] fps:2.388747,dur:1255.89,max:891.98,min:100.61
11-11 15:45:00.701   977  1254 D PhoneInterfaceManager: [PhoneIntfMgr] SubscriptionManager.getPhoneId(1)=1
11-11 15:45:00.707   830   830 D SignalClusterView: setMDataInds-getState subId:1sts[com.android.systemui.statusbar.SignalClusterView$PhoneState@5ddf837]:com.android.systemui.statusbar.SignalClusterView{34a3f18 V.E...... ......ID 2,0-48,48 #7f0a02a1 app:id/signal_cluster}
11-11 15:45:00.717   977  1254 D PhoneInterfaceManager: [PhoneIntfMgr] SubscriptionManager.getPhoneId(1)=1
11-11 15:45:00.720   830   830 D SignalClusterView: setMDataInds-getState subId:1sts[com.android.systemui.statusbar.SignalClusterView$PhoneState@2ada1a4]:com.android.systemui.statusbar.SignalClusterView{bd0d7e4 V.E...... ........ 2,7-48,41 #7f0a02a1 app:id/signal_cluster}
11-11 15:45:01.782   264  1255 I BufferQueueProducer: [StatusBar#0](this:0xabc4a000,id:4,api:1,p:830,c:264) queueBuffer: fps=10.35 dur=1738.36 max=767.14 min=9.46
11-11 15:45:01.801   264   264 I DisplayDevice: [Built-in Screen (type:0)] fps:10.359831,dur:1737.48,max:777.34,min:16.20
11-11 15:45:02.687   977  1254 D PhoneInterfaceManager: [PhoneIntfMgr] SubscriptionManager.getPhoneId(1)=1
11-11 15:45:02.694   830   830 D SignalClusterView: setMDataInds-getState subId:1sts[com.android.systemui.statusbar.SignalClusterView$PhoneState@5ddf837]:com.android.systemui.statusbar.SignalClusterView{34a3f18 V.E...... ......ID 2,0-48,48 #7f0a02a1 app:id/signal_cluster}
11-11 15:45:02.703   977  1254 D PhoneInterfaceManager: [PhoneIntfMgr] SubscriptionManager.getPhoneId(1)=1
11-11 15:45:02.705   830   830 D SignalClusterView: setMDataInds-getState subId:1sts[com.android.systemui.statusbar.SignalClusterView$PhoneState@2ada1a4]:com.android.systemui.statusbar.SignalClusterView{bd0d7e4 V.E...... ........ 2,7-48,41 #7f0a02a1 app:id/signal_cluster}
11-11 15:45:02.788   264  1255 I BufferQueueProducer: [StatusBar#0](this:0xabc4a000,id:4,api:1,p:830,c:264) queueBuffer: fps=14.91 dur=1006.26 max=713.58 min=15.37
11-11 15:45:02.827   264   264 I DisplayDevice: [Built-in Screen (type:0)] fps:15.586368,dur:1026.54,max:710.64,min:16.50
11-11 15:45:02.965   830  1150 E libPowerStretch: LucidStats currentFPS = 5.22 [2392828272]
11-11 15:45:04.786   264  1255 I BufferQueueProducer: [StatusBar#0](this:0xabc4a000,id:4,api:1,p:830,c:264) queueBuffer: fps=7.51 dur=1997.69 max=1000.69 min=14.48
11-11 15:45:04.794   264   264 I DisplayDevice: [Built-in Screen (type:0)] fps:7.118859,dur:1966.61,max:990.68,min:16.20
11-11 15:45:05.144   675   933 D AES     : AEEIOCTL_GET/SET_SF_STATE IOCTL,cmd= 1074294797, lParam=0. 
11-11 15:45:05.144   675   933 D AES     : AEEIOCTL_RT_MON_Kick IOCTL,cmd= 2147774474, lParam=300. 
11-11 15:45:05.190  5790  6047 D phonemaster_log: HiManager_ViewUtil: ViewUtilisShowNotification false
11-11 15:45:05.191  5790  6047 D phonemaster_log: HiManager_MasterCoreService: MESSAGE_SERVICE_WHAT_UPDATE_NOTIFICATION isShowNotificationfalse
11-11 15:45:05.257 18016 18027 I zygote  : Background concurrent copying GC freed 118217(6MB) AllocSpace objects, 26(740KB) LOS objects, 49% free, 7MB/15MB, paused 759us total 149.051ms
11-11 15:45:05.329  5449  5449 I PC_BatteryChangedReceiver: level: 54, remindValue: 15, status: 2
11-11 15:45:05.329  5449  5449 D PC_BatteryChangedReceiver: isGameMode: false
11-11 15:45:05.329  5449  5449 D PC_BatteryChangedReceiver: onReceive: false
11-11 15:45:05.329  5449  5449 D PC_BatteryChangedReceiver: isGameMode: false
11-11 15:45:05.333   675   675 I DeviceIdleController: updateChargingLocked: charging=true
11-11 15:45:05.334   675   675 I DeviceIdleController: becomeActiveLocked, reason = charging
11-11 15:45:05.336  5449  5449 D PC_NotificationUtils: cancelNotification: 
11-11 15:45:05.336  5449  5449 D PC_BatteryChangedReceiver: onReceive: battary on charge
11-11 15:45:05.786   264  1255 I BufferQueueProducer: [StatusBar#0](this:0xabc4a000,id:4,api:1,p:830,c:264) queueBuffer: fps=3.00 dur=1000.32 max=573.87 min=6.35
11-11 15:45:05.804   264   264 I DisplayDevice: [Built-in Screen (type:0)] fps:2.968895,dur:1010.48,max:579.14,min:16.38
11-11 15:45:06.049   675   717 I PowerManagerService: Going to sleep due to screen timeout (uid 1000)...
11-11 15:45:06.054   675   675 D AppLockDelegator: appLockCheck: 
11-11 15:45:06.062   958   982 D KeyguardGestureService: onStartedGoingToSleep
11-11 15:45:06.070   675   717 D PowerManagerService: wqGMS gotosleep release wakeLock 
11-11 15:45:06.080   675   717 I PowerManagerService: Sleeping (uid 1000)...
11-11 15:45:06.081   675   717 I DisplayPowerController: Blocking screen off
11-11 15:45:06.085   675   717 I DisplayPowerController: Unblocked screen off after 4 ms
11-11 15:45:06.086   958   982 D KeyguardGestureService: onScreenTurnedOff
11-11 15:45:06.120   958   958 D KeyguardGestureManager: hideGestrueView
11-11 15:45:06.124   675   713 I BufferQueue: [unnamed-675-218](this:0x90ed1000,id:218,api:0,p:-1,c:-1) BufferQueue core=(675:system_server)
11-11 15:45:06.124   675   713 E DumpTunnel: finding regDump() failed
11-11 15:45:06.124   675   713 I BufferQueueConsumer: [unnamed-675-218](this:0x90ed1000,id:218,api:0,p:-1,c:675) connect(C): consumer=(675:system_server) controlledByApp=true
11-11 15:45:06.125   675   713 I BufferQueueConsumer: [unnamed-675-218](this:0x90ed1000,id:218,api:0,p:-1,c:675) setConsumerName: unnamed-675-218
11-11 15:45:06.126   264  1255 D Surface : Surface::connect(this=0xabc77800,api=1)
11-11 15:45:06.128   675   713 I BufferQueueProducer: [unnamed-675-218](this:0x90ed1000,id:218,api:1,p:264,c:675) connect(P): api=1 producer=(264:/system/bin/surfaceflinger) producerControlledByApp=false
11-11 15:45:06.130   260   640 I [Gralloc]: usage1: 0x333, format: 1 stride: 432 vertical_stride: 864 size: 1492992
11-11 15:45:06.134   260   640 D vndksupport: Loading /vendor/lib/hw/gralloc.mt6580.so from current namespace instead of sphal namespace.
11-11 15:45:06.145   264  1255 D GraphicBuffer: register, handle(0xabc4d180) (w:432 h:864 s:432 f:0x1 u:333)
11-11 15:45:06.147   264   264 I SurfaceFlinger: screenshot (com.opera.olist/com.olist.home.ui.detail.DetailUI#1)
11-11 15:45:06.149   958   958 D KeyguardGestureManager: handle P_SENSOR_HIDE
11-11 15:45:06.149   958   958 D KeyguardGestureManager: checkHidePSensor
11-11 15:45:06.150   958   958 D KeyguardGestureManager: unregisterPSensor mIsRegister = false
11-11 15:45:06.156   264  1255 D Surface : Surface::disconnect(this=0xabc77800,api=1)
11-11 15:45:06.157   264  1255 D GraphicBuffer: unregister, handle(0xabc4d180) (w:432 h:864 s:432 f:0x1 u:333)
11-11 15:45:06.158   675   713 I BufferQueueProducer: [unnamed-675-218](this:0x90ed1000,id:218,api:1,p:264,c:675) disconnect(P): api 1
11-11 15:45:06.158   675   713 I BufferQueueConsumer: [unnamed-675-218](this:0x90ed1000,id:218,api:1,p:-1,c:675) getReleasedBuffers: returning mask 0xffffffffffffffff
11-11 15:45:06.159   675   713 I BufferQueueConsumer: [unnamed-675-218](this:0x90ed1000,id:218,api:1,p:-1,c:-1) disconnect(C)
11-11 15:45:06.164   675   988 I BufferQueue: [unnamed-675-218](this:0x90ed1000,id:218,api:1,p:-1,c:-1) ~BufferQueueCore
11-11 15:45:06.167   675   717 D WindowOrientationListener: WindowOrientationListener disabled
11-11 15:45:06.168   304   759 I Accelerometer: enable: handle:0, en:0
11-11 15:45:06.180   830   830 D KeyguardViewMediator: handleMessage msg = 16 begin >>>>>>>>>>>>>>>>
11-11 15:45:06.185   286   390 D AALLightSensor: AALLightSensor setEnabled 0-->0
11-11 15:45:06.186   264   264 D SurfaceFlinger: Set power mode=0, type=0 flinger=0xb0bb7000
11-11 15:45:06.187   258   258 I hwcomposer: [HWC] Display(0) SetPowerMode(0)  
11-11 15:45:06.211   830 25588 D GraphicBuffer: register, handle(0x8eb47440) (w:432 h:864 s:432 f:0x1 u:333)
11-11 15:45:06.226 25895 25895 I BaseApplication.java: [ (BaseApplication.java:145)#OnActivityStopped ] >>>>>>>>>>>>>>>>>>>  <<<<<<<<<<<<<<<<<<<
11-11 15:45:06.242   675   713 I DisplayManagerService: Display device changed state: "", OFF
11-11 15:45:06.277   675   756 D SingleHandMode: performTraversalInTransactionFromWindowManagerInternal false
11-11 15:45:06.277   675   756 D SingleHandMode: displayDeviceInfo.type:1
11-11 15:45:06.277   675   756 D SingleHandMode: the rect is normal
11-11 15:45:06.277   675   756 D SingleHandMode: the rect is changed null,displayDeviceInfo.type:1
11-11 15:45:06.285   830   830 D KeyguardViewMediator: handleMessage msg = 16 end <<<<<<<<<<<<<<<<<<<<
11-11 15:45:06.285   830   830 I MgzKeyguardManager: onScreenTurnedOff()  mSwitchToThird: false mMgzServiceConnected : false mMgzOn : true mBindMgzResult : false
11-11 15:45:06.294   830   830 I NotificationPanelView: onScreenTurnedOff
11-11 15:45:06.297   830 25588 W SystemServicesProxy: initCleanProtectList procectlist = [com.facebook.services, com.facebook.katana, com.facebook.orca, com.whatsapp, com.truecaller, com.viber.voip, com.instagram.android, jp.naver.line.android, com.boatmob.floating.touch, com.skype.raider, mobile.lab.PhoneCallDetect, com.tencent.mobileqqi, com.qq.wpc, com.parfield.prayers.lite, com.tencent.mobileqq, com.tencent.mm, com.mediatek.systemupdate, com.rlk.frameworkservice, com.afmobigroup.gphone, com.afmobi.carlcare, com.bbm, com.twitter.android, org.telegram.messenger, com.imo.android.imoim, com.jio.join, com.libra.notification, com.excelliance.dualaid.vend, com.android.dialer, com.android.contacts, com.android.mms, com.android.deskclock, com.transsion.deskclock, com.android.gallery3d, com.mediatek.camera, com.android.incallui, com.transsion.phonemaster, com.transsion.phonemanager, com.rlk.powersavemanagement, com.transsion.powercenter, com.oraimo.appjoywear, com.transsion.subtorch, com.android.documentsui, com.domobile.applock, com.transsion.applock, com.hanvon.xpen, com.jb.gosms, com.fooview.android.fooview.transsion, com.transsion.filemanager, com.mediatek.mtklogger.proxy, com.android.printspooler, com.google.android.marvin.talkback]
11-11 15:45:06.318   830 25588 D AppLockLoader: isAppLocked: packageName=com.google.android.apps.messaging, isLocked=false
11-11 15:45:06.319   830 25588 D AppLockLoader: isAppLocked: packageName=com.android.gallery3d, isLocked=false
11-11 15:45:06.330   830 25588 D AppLockLoader: isAppLocked: packageName=com.google.android.gm.lite, isLocked=false
11-11 15:45:06.331   830 25588 D AppLockLoader: isAppLocked: packageName=com.android.vending, isLocked=false
11-11 15:45:06.331   830 25588 D AppLockLoader: isAppLocked: packageName=com.transsion.phoenix, isLocked=false
11-11 15:45:06.345   830 25588 D AppLockLoader: isAppLocked: packageName=com.xingin.xhs, isLocked=false
11-11 15:45:06.345   830 25588 D AppLockLoader: isAppLocked: packageName=com.transsion.phonemaster, isLocked=false
11-11 15:45:06.348   675  1517 I WifiService: getVerboseLoggingLevel uid=1000
11-11 15:45:06.348   675  1609 I WifiService: getWifiApEnabledState uid=1000
11-11 15:45:06.350  5449  5449 D PowerSaveUtils: isUltraPowerOn(context) isOn=false
11-11 15:45:06.350  5449  5449 D PowerSaveUtils: getConfigCurrent isUltraModeOn:false
11-11 15:45:06.350  5449  5449 D PowerSaveUtils: config details is : bright->76wifiEnable-> falsewifiApEnable->falsebtEnable->falsedataEnable->truegpsEnable->truethreeGEnable->trueautoSyncEnable->trueisScreenModeOn->falseisUltraModeOn->falseisBatterySaverOn->false
11-11 15:45:06.350  5449  5449 D PowerSaveUtils: getConfigCurrent current:34.6
11-11 15:45:06.351   675  1517 V SettingsProvider: name : battery_remaining_time appId : 1000
11-11 15:45:06.351  5449  5449 D PowerSaveUtils: hours:8,min:46
11-11 15:45:06.361   675   773 I InputReader: Reconfiguring input devices.  changes=0x00000004
11-11 15:45:06.362   830   830 I NotificationPanelView: isSuccess is false
11-11 15:45:06.366   830   830 I NotificationPanelView: closeCameraAndRemoveMsg , close the camera !
11-11 15:45:06.476   830 25588 D AppLockLoader: isAppLocked: packageName=com.google.android.apps.assistant, isLocked=false
11-11 15:45:06.477   830 25588 D AppLockLoader: isAppLocked: packageName=com.opera.mini.native, isLocked=false
11-11 15:45:06.477   830 25588 D AppLockLoader: isAppLocked: packageName=com.android.settings, isLocked=false
11-11 15:45:06.479   830 25588 D AppLockLoader: isAppLocked: packageName=com.opera.olist, isLocked=false
11-11 15:45:06.487   830   830 E unlock_internal: call MGU_reset
11-11 15:45:06.487   830   830 I NotificationPanelView: closeCameraAndRemoveMsg , mSurface : false
11-11 15:45:06.495   830   830 D ChargingBouncer: updateChargingState,mChargingAnimaView : nullchargingState : 1
11-11 15:45:06.496   830 25588 D AppLockLoader: isAppLocked: packageName=com.opera.mini.native, isLocked=false
11-11 15:45:06.497   830 25588 D AppLockLoader: isAppLocked: packageName=com.android.settings, isLocked=false
11-11 15:45:06.503   830  5516 W TranssionKeyguardHomepageCamera: closeFlashLight 
11-11 15:45:06.503   830  5516 E TranssionKeyguardHomepageCamera: closeFlashLight state=0
11-11 15:45:06.503   830  5516 E TranssionKeyguardHomepageCamera: ,isLightON=false
11-11 15:45:06.504   830  5516 W TranssionKeyguardHomepageCamera: closeFlashLight state off
11-11 15:45:06.504   830  5516 I TranssionKeyguardHomepageCamera: closeCamera start cameraStatus = 0
11-11 15:45:06.504   830  5516 I TranssionKeyguardHomepageCamera: closeCamera end cameraStatus = 0
11-11 15:45:06.543   830  1100 D Tile.WifiTile: handleUpdateState arg=null
11-11 15:45:06.543   318   536 I   318   536 [sunwave-hal] : (825) 'screenOnOffMonitoringThread' enter.0
11-11 15:45:06.544  1302  1302 D GED DVFS Service: signo=49, event_notify=00000000
11-11 15:45:06.546   675   810 D SurfaceControl: Excessive delay in setPowerMode()
11-11 15:45:06.548   260   640 I vendor.mediatek.hardware.power@1.1-impl: setInteractive Disable All
11-11 15:45:06.552   260   275 I powerd  : [powerd_req] POWER_MSG_SCN_DISABLE_ALL
11-11 15:45:06.556   830   830 D KeyguardUpdateMonitor: shouldListenForFingerprint: true. mKeyguardIsVisible = false, mBouncer = false, mKeyguardGoingAway = false, mGoingToSleep = true, mFingerprintAlreadyAuthenticated = false
11-11 15:45:06.557   958   982 D KeyguardGestureService: onFinishedGoingToSleep
11-11 15:45:06.558   830 25588 D KeyguardViewMediator: onGoingToSleepShowingLocked updateActivityShown:false
11-11 15:45:06.559   318   537 I   318   537 [sunwave-hal] : (1998) got the device interrupt. 0
11-11 15:45:06.562   318   536 I   318   536 [sunwave-client] : (137) ---8<---- TA LOG BEGINS ---------
11-11 15:45:06.562   318   536 I   318   536 [sunwave-ic8271] : (2368) enter DEVICE_EXIT mode.
11-11 15:45:06.562   318   536 I   318   536 [sunwave-ic8271] : (2340) enter IDLE mode.
11-11 15:45:06.562   318   536 I   318   536 [sunwave-ta-core] : (1887) into sleep
11-11 15:45:06.562   318   536 I   318   536 [sunwave-client] : (154) --------- TA LOG FINISH ---->8---
11-11 15:45:06.562   318   536 I   318   536 [sunwave-hal] : (838) finger_count.0
11-11 15:45:06.567   830  1100 D Tile.MobileDataTile: handleUpdateState arg=null
11-11 15:45:06.570   318   537 I   318   537 [sunwave-client] : (137) ---8<---- TA LOG BEGINS ---------
11-11 15:45:06.570   318   537 I   318   537 [sunwave-ta-core] : (1705) 'sf_interrupt_query'
11-11 15:45:06.570   318   537 I   318   537 [sunwave-ta-core] : (1708) rst_cnt: 1
11-11 15:45:06.570   318   537 I   318   537 [sunwave-ic8271] : (2406) int: 0x00
11-11 15:45:06.570   318   537 I   318   537 [sunwave-ic8271] : (3754) fgr_cur.sum is 0(0x00), base is 123(0x7b)
11-11 15:45:06.570   318   537 I   318   537 [sunwave-ta-core] : (1727) SF_DEVICE_STAT_BUSY
11-11 15:45:06.570   318   537 I   318   537 [sunwave-ta-core] : (1887) into sleep
11-11 15:45:06.570   318   537 I   318   537 [sunwave-ta-core] : (1752) query int status: device SF_DEVICE_STAT_IDLE, irq SF_DEVICE_STAT_BUSY.
11-11 15:45:06.570   318   537 I   318   537 [sunwave-client] : (154) --------- TA LOG FINISH ---->8---
11-11 15:45:06.573   318   537 I   318   537 [sunwave-client] : (137) ---8<---- TA LOG BEGINS ---------
11-11 15:45:06.573   318   537 I   318   537 [sunwave-ta-core] : (1762) 'sf_interrupt_process'
11-11 15:45:06.573   318   537 I   318   537 [sunwave-ta-core] : (1763) int stat:SF_DEVICE_STAT_BUSY.
11-11 15:45:06.573   318   537 I   318   537 [sunwave-client] : (154) --------- TA LOG FINISH ---->8---
11-11 15:45:06.573   318   537 I   318   537 [sunwave-hal] : (2138) trans->respond.err: Unexpected interrupt
11-11 15:45:06.574   318   537 I   318   537 [sunwave-hal] : (1965) wait for device interrupt....state_hal is: SF_HAL_STATE_IDLE 
11-11 15:45:06.577   830   830 D KeyguardViewMediator: handleMessage msg = 17 begin >>>>>>>>>>>>>>>>
11-11 15:45:06.578   830   830 D KeyguardViewMediator: handleMessage msg = 17 end <<<<<<<<<<<<<<<<<<<<
11-11 15:45:06.586   977  1254 D PhoneInterfaceManager: [PhoneIntfMgr] SubscriptionManager.getPhoneId(1)=1
11-11 15:45:06.588   830  1100 D Tile.MobileDataTile: isDefaultDataSimRadioOn subId=1, isRadioOn=true
11-11 15:45:06.597   830  1100 I DefaultQuickSettingsPlugin: customizeDataConnectionTile, icon = IconIdWrapper [mResources != null, mIconId=2131231212], orgLabelStr=
11-11 15:45:06.619   830  1100 D Tile.MobileDataTile: handleUpdateState state=SignalState[,icon=com.mediatek.systemui.qs.tiles.ext.QsIconWrapper@63db3374,iconSupplier=null,label=,contentDescription=null,dualLabelContentDescription=null,expandedAccessibilityClassName=null,disabledByPolicy=false,dualTarget=false,isTransient=false,state=2,slash="isSlashed=false,rotation=0.0",value=false,activityIn=false,activityOut=false]
11-11 15:45:06.706   830   830 D KeyguardViewMediator: handleMessage msg = 5 begin >>>>>>>>>>>>>>>>
11-11 15:45:06.706   830   830 D KeyguardViewMediator: handleMessage msg = 5 end <<<<<<<<<<<<<<<<<<<<
11-11 15:45:06.709   830   830 D KeyguardUpdateMonitor: shouldListenForFingerprint: true. mKeyguardIsVisible = false, mBouncer = false, mKeyguardGoingAway = false, mGoingToSleep = false, mFingerprintAlreadyAuthenticated = false
11-11 15:45:06.715   830   830 D ChargingBouncer: updateChargingState,mChargingAnimaView : nullchargingState : 1
11-11 15:45:06.716   830   830 D StatusBar: updateNotifications now
11-11 15:45:06.717   830  1100 D Tile.WifiTile: handleUpdateState arg=null
11-11 15:45:06.717   830  1100 D Tile.MobileDataTile: handleUpdateState arg=null
11-11 15:45:06.732   977  1254 D PhoneInterfaceManager: [PhoneIntfMgr] SubscriptionManager.getPhoneId(1)=1
11-11 15:45:06.733   830  1100 D Tile.MobileDataTile: isDefaultDataSimRadioOn subId=1, isRadioOn=true
11-11 15:45:06.742   830  1100 I DefaultQuickSettingsPlugin: customizeDataConnectionTile, icon = IconIdWrapper [mResources != null, mIconId=2131231212], orgLabelStr=
11-11 15:45:06.742   830  1100 D Tile.MobileDataTile: handleUpdateState state=SignalState[,icon=com.mediatek.systemui.qs.tiles.ext.QsIconWrapper@63db3374,iconSupplier=null,label=,contentDescription=null,dualLabelContentDescription=null,expandedAccessibilityClassName=null,disabledByPolicy=false,