11-11 15:42:48.250   675  1398 D WindowManager: Input focus has changed to Window{1ebede5 u0 com.opera.olist/com.olist.home.ui.detail.DetailUI}
11-11 15:42:48.260   675   713 I WindowManager: Focus moving from null to Window{1ebede5 u0 com.opera.olist/com.olist.home.ui.detail.DetailUI}
11-11 15:42:48.423   675   760 D IdleScreen: activityIdleScreen: android.app.ContextImpl@ab7f6f mNotifyNeeded: false idleIntent: Intent { flg=0x10000000 cmp=com.opera.olist/com.olist.home.ui.detail.DetailUI (has extras) }
11-11 15:42:48.685   675   701 W ContextImpl: Calling a method in the system process without a qualified user: android.app.ContextImpl.sendBroadcast:967 com.mediatek.server.stk.StkManagerImpl$2.run:110 android.os.Handler.handleCallback:790 android.os.Handler.dispatchMessage:99 android.os.Looper.loop:164 
11-11 15:42:48.686   675   700 W BroadcastQueue: Background execution not allowed: receiving Intent { act=mediatek.intent.action.stk.USER_ACTIVITY flg=0x10 } to com.android.stk/.EventReceiver
11-11 15:42:48.715   675   688 I ActivityManager: START u0 {flg=0x10000000 cmp=com.opera.olist/com.olist.home.ui.detail.DetailUI (has extras)} from uid 10114
11-11 15:42:48.746   675   688 D AppLockDelegator: appLockCheck: 
11-11 15:42:48.746   675   688 D ActivityManager: realStartActivityLocked: app lock service check
11-11 15:42:48.746   675   688 D ActivityManager: setActivityResumedHook:com.opera.olist
11-11 15:42:48.747   675   688 V WindowManager: Set focused app to: AppWindowToken{beef3e8 token=Token{e4bd90b ActivityRecord{39460da u0 com.opera.olist/com.olist.home.ui.detail.DetailUI t2412}}} old focus=AppWindowToken{843d0f3 token=Token{9a32762 ActivityRecord{cf262d u0 com.opera.olist/com.olist.home.ui.detail.DetailUI t2412}}} moveFocusNow=true
11-11 15:42:48.748   675   688 V WindowManager: Changing focus from Window{1ebede5 u0 com.opera.olist/com.olist.home.ui.detail.DetailUI} to null Callers=com.android.server.wm.WindowManagerService.setFocusedApp:2748 com.android.server.am.ActivityManagerService.setResumedActivityUncheckLocked:3413 com.android.server.am.ActivityStack.setResumedActivityLocked:2335 com.android.server.am.ActivityStack.minimalResumeActivityLocked:1111 
11-11 15:42:48.749   675   688 D WindowManager: Input focus has changed to null
11-11 15:42:48.752   675   713 I WindowManager: Focus moving from Window{1ebede5 u0 com.opera.olist/com.olist.home.ui.detail.DetailUI} to null
11-11 15:42:48.757   675   688 D ProcessManager: After resumed : com.opera.olist
11-11 15:42:48.867   675  6756 I WindowManager: Relayout Window{a5cfae7 u0 com.opera.olist/com.olist.home.ui.detail.DetailUI}: oldVis=4 newVis=0 focusMayChange = true
11-11 15:42:48.879   675  6756 V WindowManager: Changing focus from null to Window{a5cfae7 u0 com.opera.olist/com.olist.home.ui.detail.DetailUI} Callers=com.android.server.wm.WindowManagerService.relayoutWindow:2187 com.android.server.wm.Session.relayout:239 android.view.IWindowSession$Stub.onTransact:286 com.android.server.wm.Session.onTransact:163 
11-11 15:42:48.880   675  6756 D WindowManager: Input focus has changed to Window{a5cfae7 u0 com.opera.olist/com.olist.home.ui.detail.DetailUI}
11-11 15:42:48.893   675   713 I WindowManager: Focus moving from null to Window{a5cfae7 u0 com.opera.olist/com.olist.home.ui.detail.DetailUI}
11-11 15:42:49.077   675   688 D IdleScreen: activityIdleScreen: android.app.ContextImpl@ab7f6f mNotifyNeeded: false idleIntent: Intent { flg=0x10000000 cmp=com.opera.olist/com.olist.home.ui.detail.DetailUI (has extras) }
11-11 15:42:49.195   675   701 W ContextImpl: Calling a method in the system process without a qualified user: android.app.ContextImpl.sendBroadcast:967 com.mediatek.server.stk.StkManagerImpl$2.run:110 android.os.Handler.handleCallback:790 android.os.Handler.dispatchMessage:99 android.os.Looper.loop:164 
11-11 15:42:49.196   675   700 W BroadcastQueue: Background execution not allowed: receiving Intent { act=mediatek.intent.action.stk.USER_ACTIVITY flg=0x10 } to com.android.stk/.EventReceiver
11-11 15:42:49.706   675   701 W ContextImpl: Calling a method in the system process without a qualified user: android.app.ContextImpl.sendBroadcast:967 com.mediatek.server.stk.StkManagerImpl$2.run:110 android.os.Handler.handleCallback:790 android.os.Handler.dispatchMessage:99 android.os.Looper.loop:164 
11-11 15:42:49.707   675   700 W BroadcastQueue: Background execution not allowed: receiving Intent { act=mediatek.intent.action.stk.USER_ACTIVITY flg=0x10 } to com.android.stk/.EventReceiver
11-11 15:42:49.738   675   701 W ContextImpl: Calling a method in the system process without a qualified user: android.app.ContextImpl.sendBroadcast:967 com.mediatek.server.stk.StkManagerImpl$2.run:110 android.os.Handler.handleCallback:790 android.os.Handler.dispatchMessage:99 android.os.Looper.loop:164 
11-11 15:42:49.739   675   700 W BroadcastQueue: Background execution not allowed: receiving Intent { act=mediatek.intent.action.stk.USER_ACTIVITY flg=0x10 } to com.android.stk/.EventReceiver
11-11 15:42:50.267   675   701 W ContextImpl: Calling a method in the system process without a qualified user: android.app.ContextImpl.sendBroadcast:967 com.mediatek.server.stk.StkManagerImpl$2.run:110 android.os.Handler.handleCallback:790 android.os.Handler.dispatchMessage:99 android.os.Looper.loop:164 
11-11 15:42:50.268   675   700 W BroadcastQueue: Background execution not allowed: receiving Intent { act=mediatek.intent.action.stk.USER_ACTIVITY flg=0x10 } to com.android.stk/.EventReceiver
11-11 15:42:50.775   675   701 W ContextImpl: Calling a method in the system process without a qualified user: android.app.ContextImpl.sendBroadcast:967 com.mediatek.server.stk.StkManagerImpl$2.run:110 android.os.Handler.handleCallback:790 android.os.Handler.dispatchMessage:99 android.os.Looper.loop:164 
11-11 15:42:50.777   675   700 W BroadcastQueue: Background execution not allowed: receiving Intent { act=mediatek.intent.action.stk.USER_ACTIVITY flg=0x10 } to com.android.stk/.EventReceiver
11-11 15:42:51.283   675   701 W ContextImpl: Calling a method in the system process without a qualified user: android.app.ContextImpl.sendBroadcast:967 com.mediatek.server.stk.StkManagerImpl$2.run:110 android.os.Handler.handleCallback:790 android.os.Handler.dispatchMessage:99 android.os.Looper.loop:164 
11-11 15:42:51.286   675   700 W BroadcastQueue: Background execution not allowed: receiving Intent { act=mediatek.intent.action.stk.USER_ACTIVITY flg=0x10 } to com.android.stk/.EventReceiver
11-11 15:42:51.317   675   701 W ContextImpl: Calling a method in the system process without a qualified user: android.app.ContextImpl.sendBroadcast:967 com.mediatek.server.stk.StkManagerImpl$2.run:110 android.os.Handler.handleCallback:790 android.os.Handler.dispatchMessage:99 android.os.Looper.loop:164 
11-11 15:42:51.319   675   700 W BroadcastQueue: Background execution not allowed: receiving Intent { act=mediatek.intent.action.stk.USER_ACTIVITY flg=0x10 } to com.android.stk/.EventReceiver
11-11 15:42:51.830   675   701 W ContextImpl: Calling a method in the system process without a qualified user: android.app.ContextImpl.sendBroadcast:967 com.mediatek.server.stk.StkManagerImpl$2.run:110 android.os.Handler.handleCallback:790 android.os.Handler.dispatchMessage:99 android.os.Looper.loop:164 
11-11 15:42:51.833   675   700 W BroadcastQueue: Background execution not allowed: receiving Intent { act=mediatek.intent.action.stk.USER_ACTIVITY flg=0x10 } to com.android.stk/.EventReceiver
11-11 15:42:52.342   675   701 W ContextImpl: Calling a method in the system process without a qualified user: android.app.ContextImpl.sendBroadcast:967 com.mediatek.server.stk.StkManagerImpl$2.run:110 android.os.Handler.handleCallback:790 android.os.Handler.dispatchMessage:99 android.os.Looper.loop:164 
11-11 15:42:52.345   675   700 W BroadcastQueue: Background execution not allowed: receiving Intent { act=mediatek.intent.action.stk.USER_ACTIVITY flg=0x10 } to com.android.stk/.EventReceiver
11-11 15:42:52.852   675   701 W ContextImpl: Calling a method in the system process without a qualified user: android.app.ContextImpl.sendBroadcast:967 com.mediatek.server.stk.StkManagerImpl$2.run:110 android.os.Handler.handleCallback:790 android.os.Handler.dispatchMessage:99 android.os.Looper.loop:164 
11-11 15:42:52.853   675   700 W BroadcastQueue: Background execution not allowed: receiving Intent { act=mediatek.intent.action.stk.USER_ACTIVITY flg=0x10 } to com.android.stk/.EventReceiver
11-11 15:42:53.370   675   701 W ContextImpl: Calling a method in the system process without a qualified user: android.app.ContextImpl.sendBroadcast:967 com.mediatek.server.stk.StkManagerImpl$2.run:110 android.os.Handler.handleCallback:790 android.os.Handler.dispatchMessage:99 android.os.Looper.loop:164 
11-11 15:42:53.371   675   700 W BroadcastQueue: Background execution not allowed: receiving Intent { act=mediatek.intent.action.stk.USER_ACTIVITY flg=0x10 } to com.android.stk/.EventReceiver
11-11 15:42:53.876   675   701 W ContextImpl: Calling a method in the system process without a qualified user: android.app.ContextImpl.sendBroadcast:967 com.mediatek.server.stk.StkManagerImpl$2.run:110 android.os.Handler.handleCallback:790 android.os.Handler.dispatchMessage:99 android.os.Looper.loop:164 
11-11 15:42:53.878   675   700 W BroadcastQueue: Background execution not allowed: receiving Intent { act=mediatek.intent.action.stk.USER_ACTIVITY flg=0x10 } to com.android.stk/.EventReceiver
11-11 15:42:54.390   675   701 W ContextImpl: Calling a method in the system process without a qualified user: android.app.ContextImpl.sendBroadcast:967 com.mediatek.server.stk.StkManagerImpl$2.run:110 android.os.Handler.handleCallback:790 android.os.Handler.dispatchMessage:99 android.os.Looper.loop:164 
11-11 15:42:54.391   675   700 W BroadcastQueue: Background execution not allowed: receiving Intent { act=mediatek.intent.action.stk.USER_ACTIVITY flg=0x10 } to com.android.stk/.EventReceiver
11-11 15:42:54.898   675   701 W ContextImpl: Calling a method in the system process without a qualified user: android.app.ContextImpl.sendBroadcast:967 com.mediatek.server.stk.StkManagerImpl$2.run:110 android.os.Handler.handleCallback:790 android.os.Handler.dispatchMessage:99 android.os.Looper.loop:164 
11-11 15:42:54.899   675   700 W BroadcastQueue: Background execution not allowed: receiving Intent { act=mediatek.intent.action.stk.USER_ACTIVITY flg=0x10 } to com.android.stk/.EventReceiver
11-11 15:42:54.925   675   701 W ContextImpl: Calling a method in the system process without a qualified user: android.app.ContextImpl.sendBroadcast:967 com.mediatek.server.stk.StkManagerImpl$2.run:110 android.os.Handler.handleCallback:790 android.os.Handler.dispatchMessage:99 android.os.Looper.loop:164 
11-11 15:42:54.928   675   700 W BroadcastQueue: Background execution not allowed: receiving Intent { act=mediatek.intent.action.stk.USER_ACTIVITY flg=0x10 } to com.android.stk/.EventReceiver
11-11 15:42:55.459   675   701 W ContextImpl: Calling a method in the system process without a qualified user: android.app.ContextImpl.sendBroadcast:967 com.mediatek.server.stk.StkManagerImpl$2.run:110 android.os.Handler.handleCallback:790 android.os.Handler.dispatchMessage:99 android.os.Looper.loop:164 
11-11 15:42:55.461   675   700 W BroadcastQueue: Background execution not allowed: receiving Intent { act=mediatek.intent.action.stk.USER_ACTIVITY flg=0x10 } to com.android.stk/.EventReceiver
11-11 15:42:55.995   675   701 W ContextImpl: Calling a method in the system process without a qualified user: android.app.ContextImpl.sendBroadcast:967 com.mediatek.server.stk.StkManagerImpl$2.run:110 android.os.Handler.handleCallback:790 android.os.Handler.dispatchMessage:99 android.os.Looper.loop:164 
11-11 15:42:55.996   675   700 W BroadcastQueue: Background execution not allowed: receiving Intent { act=mediatek.intent.action.stk.USER_ACTIVITY flg=0x10 } to com.android.stk/.EventReceiver
11-11 15:42:56.017   675   701 W ContextImpl: Calling a method in the system process without a qualified user: android.app.ContextImpl.sendBroadcast:967 com.mediatek.server.stk.StkManagerImpl$2.run:110 android.os.Handler.handleCallback:790 android.os.Handler.dispatchMessage:99 android.os.Looper.loop:164 
11-11 15:42:56.018   675   700 W BroadcastQueue: Background execution not allowed: receiving Intent { act=mediatek.intent.action.stk.USER_ACTIVITY flg=0x10 } to com.android.stk/.EventReceiver
11-11 15:42:56.026   675   701 W ContextImpl: Calling a method in the system process without a qualified user: android.app.ContextImpl.sendBroadcast:967 com.mediatek.server.stk.StkManagerImpl$2.run:110 android.os.Handler.handleCallback:790 android.os.Handler.dispatchMessage:99 android.os.Looper.loop:164 
11-11 15:42:56.027   675   700 W BroadcastQueue: Background execution not allowed: receiving Intent { act=mediatek.intent.action.stk.USER_ACTIVITY flg=0x10 } to com.android.stk/.EventReceiver
11-11 15:42:56.506   675   701 W ContextImpl: Calling a method in the system process without a qualified user: android.app.ContextImpl.sendBroadcast:967 com.mediatek.server.stk.StkManagerImpl$2.run:110 android.os.Handler.handleCallback:790 android.os.Handler.dispatchMessage:99 android.os.Looper.loop:164 
11-11 15:42:56.507   675   700 W BroadcastQueue: Background execution not allowed: receiving Intent { act=mediatek.intent.action.stk.USER_ACTIVITY flg=0x10 } to com.android.stk/.EventReceiver
11-11 15:42:57.016   675   701 W ContextImpl: Calling a method in the system process without a qualified user: android.app.ContextImpl.sendBroadcast:967 com.mediatek.server.stk.StkManagerImpl$2.run:110 android.os.Handler.handleCallback:790 android.os.Handler.dispatchMessage:99 android.os.Looper.loop:164 
11-11 15:42:57.017   675   700 W BroadcastQueue: Background execution not allowed: receiving Intent { act=mediatek.intent.action.stk.USER_ACTIVITY flg=0x10 } to com.android.stk/.EventReceiver
11-11 15:42:57.527   675   701 W ContextImpl: Calling a method in the system process without a qualified user: android.app.ContextImpl.sendBroadcast:967 com.mediatek.server.stk.StkManagerImpl$2.run:110 android.os.Handler.handleCallback:790 android.os.Handler.dispatchMessage:99 android.os.Looper.loop:164 
11-11 15:42:57.528   675   700 W BroadcastQueue: Background execution not allowed: receiving Intent { act=mediatek.intent.action.stk.USER_ACTIVITY flg=0x10 } to com.android.stk/.EventReceiver
11-11 15:42:58.037   675   701 W ContextImpl: Calling a method in the system process without a qualified user: android.app.ContextImpl.sendBroadcast:967 com.mediatek.server.stk.StkManagerImpl$2.run:110 android.os.Handler.handleCallback:790 android.os.Handler.dispatchMessage:99 android.os.Looper.loop:164 
11-11 15:42:58.039   675   700 W BroadcastQueue: Background execution not allowed: receiving Intent { act=mediatek.intent.action.stk.USER_ACTIVITY flg=0x10 } to com.android.stk/.EventReceiver
11-11 15:42:58.551   675   701 W ContextImpl: Calling a method in the system process without a qualified user: android.app.ContextImpl.sendBroadcast:967 com.mediatek.server.stk.StkManagerImpl$2.run:110 android.os.Handler.handleCallback:790 android.os.Handler.dispatchMessage:99 android.os.Looper.loop:164 
11-11 15:42:58.553   675   700 W BroadcastQueue: Background execution not allowed: receiving Intent { act=mediatek.intent.action.stk.USER_ACTIVITY flg=0x10 } to com.android.stk/.EventReceiver
11-11 15:42:59.072   675   701 W ContextImpl: Calling a method in the system process without a qualified user: android.app.ContextImpl.sendBroadcast:967 com.mediatek.server.stk.StkManagerImpl$2.run:110 android.os.Handler.handleCallback:790 android.os.Handler.dispatchMessage:99 android.os.Looper.loop:164 
11-11 15:42:59.074   675   700 W BroadcastQueue: Background execution not allowed: receiving Intent { act=mediatek.intent.action.stk.USER_ACTIVITY flg=0x10 } to com.android.stk/.EventReceiver
11-11 15:42:59.152   675   701 W ContextImpl: Calling a method in the system process without a qualified user: android.app.ContextImpl.sendBroadcast:967 com.mediatek.server.stk.StkManagerImpl$2.run:110 android.os.Handler.handleCallback:790 android.os.Handler.dispatchMessage:99 android.os.Looper.loop:164 
11-11 15:42:59.153   675   700 W BroadcastQueue: Background execution not allowed: receiving Intent { act=mediatek.intent.action.stk.USER_ACTIVITY flg=0x10 } to com.android.stk/.EventReceiver
11-11 15:42:59.157   675   701 W ContextImpl: Calling a method in the system process without a qualified user: android.app.ContextImpl.sendBroadcast:967 com.mediatek.server.stk.StkManagerImpl$2.run:110 android.os.Handler.handleCallback:790 android.os.Handler.dispatchMessage:99 android.os.Looper.loop:164 
11-11 15:42:59.163   675   700 W BroadcastQueue: Background execution not allowed: receiving Intent { act=mediatek.intent.action.stk.USER_ACTIVITY flg=0x10 } to com.android.stk/.EventReceiver
11-11 15:42:59.392   675   701 W ContextImpl: Calling a method in the system process without a qualified user: android.app.ContextImpl.sendBroadcast:967 com.mediatek.server.stk.StkManagerImpl$2.run:110 android.os.Handler.handleCallback:790 android.os.Handler.dispatchMessage:99 android.os.Looper.loop:164 
11-11 15:42:59.393   675   700 W BroadcastQueue: Background execution not allowed: receiving Intent { act=mediatek.intent.action.stk.USER_ACTIVITY flg=0x10 } to com.android.stk/.EventReceiver
11-11 15:42:59.710   675   701 W ContextImpl: Calling a method in the system process without a qualified user: android.app.ContextImpl.sendBroadcast:967 com.mediatek.server.stk.StkManagerImpl$2.run:110 android.os.Handler.handleCallback:790 android.os.Handler.dispatchMessage:99 android.os.Looper.loop:164 
11-11 15:42:59.711   675   700 W BroadcastQueue: Background execution not allowed: receiving Intent { act=mediatek.intent.action.stk.USER_ACTIVITY flg=0x10 } to com.android.stk/.EventReceiver
11-11 15:42:59.730   675   772 D VibratorService: enable vibrator
11-11 15:42:59.769   675  1398 V WindowManager: Set focused app to: AppWindowToken{843d0f3 token=Token{9a32762 ActivityRecord{cf262d u0 com.opera.olist/com.olist.home.ui.detail.DetailUI t2412}}} old focus=AppWindowToken{beef3e8 token=Token{e4bd90b ActivityRecord{39460da u0 com.opera.olist/com.olist.home.ui.detail.DetailUI t2412}}} moveFocusNow=true
11-11 15:42:59.771   675  1398 V WindowManager: Changing focus from Window{a5cfae7 u0 com.opera.olist/com.olist.home.ui.detail.DetailUI} to null Callers=com.android.server.wm.WindowManagerService.setFocusedApp:2748 com.android.server.am.ActivityManagerService.setResumedActivityUncheckLocked:3413 com.android.server.am.ActivityStack.setResumedActivityLocked:2335 com.android.server.am.ActivityStack.resumeTopActivityInnerLocked:2655 
11-11 15:42:59.771   675  1398 D WindowManager: Input focus has changed to null
11-11 15:42:59.776   675  1398 D ActivityManager: setActivityResumedHook:com.opera.olist
11-11 15:42:59.776   675  1398 D ProcessManager: After resumed : com.opera.olist
11-11 15:42:59.782   675  1398 D AppLockDelegator: appLockCheck: 
11-11 15:42:59.783   675   713 I WindowManager: Focus moving from Window{a5cfae7 u0 com.opera.olist/com.olist.home.ui.detail.DetailUI} to null
11-11 15:42:59.826   675  1398 I WindowManager: Relayout Window{1ebede5 u0 com.opera.olist/com.olist.home.ui.detail.DetailUI}: oldVis=8 newVis=0 focusMayChange = true
11-11 15:42:59.831   675  1398 V WindowManager: Changing focus from null to Window{1ebede5 u0 com.opera.olist/com.olist.home.ui.detail.DetailUI} Callers=com.android.server.wm.WindowManagerService.relayoutWindow:2187 com.android.server.wm.Session.relayout:239 android.view.IWindowSession$Stub.onTransact:286 com.android.server.wm.Session.onTransact:163 
11-11 15:42:59.831   675  1398 D WindowManager: Input focus has changed to Window{1ebede5 u0 com.opera.olist/com.olist.home.ui.detail.DetailUI}
11-11 15:42:59.840   675   713 I WindowManager: Focus moving from null to Window{1ebede5 u0 com.opera.olist/com.olist.home.ui.detail.DetailUI}
--------- beginning of main
11-11 15:42:59.945   830  1114 D AppLockLoader: isAppLocked: packageName=com.google.android.apps.assistant, isLocked=false
11-11 15:42:59.946   830  1114 D AppLockLoader: isAppLocked: packageName=com.opera.mini.native, isLocked=false
11-11 15:42:59.946   830  1114 D AppLockLoader: isAppLocked: packageName=com.android.settings, isLocked=false
11-11 15:42:59.949   830  1114 D AppLockLoader: isAppLocked: packageName=com.opera.olist, isLocked=false
11-11 15:42:59.951 25895 25978 E [EGL-ERROR]: __egl_platform_cancel_buffers:644: surface->num_buffers(4)
11-11 15:42:59.951 25895 25978 D Surface : Surface::disconnect(this=0x88bf2000,api=1)
11-11 15:42:59.953 25895 25978 D GraphicBuffer: unregister, handle(0x9c3fe340) (w:720 h:1440 s:720 f:0x1 u:f02)
11-11 15:42:59.954   830  1114 D AppLockLoader: isAppLocked: packageName=com.opera.mini.native, isLocked=false
11-11 15:42:59.954   830  1114 D AppLockLoader: isAppLocked: packageName=com.android.settings, isLocked=false
11-11 15:42:59.954 25895 25978 D GraphicBuffer: unregister, handle(0x8be3ed40) (w:720 h:1440 s:720 f:0x1 u:f02)
11-11 15:42:59.956 25895 25978 D GraphicBuffer: unregister, handle(0x8be3ebc0) (w:720 h:1440 s:720 f:0x1 u:f02)
11-11 15:42:59.957 25895 25978 D GraphicBuffer: unregister, handle(0x9c3fe400) (w:720 h:1440 s:720 f:0x1 u:f02)
11-11 15:42:59.958   264   621 I BufferQueueProducer: [com.opera.olist/com.olist.home.ui.detail.DetailUI#1](this:0xabc69000,id:2109,api:1,p:25895,c:264) disconnect(P): api 1
11-11 15:42:59.958   264   621 I BufferQueueConsumer: [com.opera.olist/com.olist.home.ui.detail.DetailUI#1](this:0xabc69000,id:2109,api:1,p:-1,c:264) getReleasedBuffers: returning mask 0xffffffffffffffff
11-11 15:42:59.973   264   434 W GrallocMapperPassthrough: buffer descriptor with invalid usage bits 0x400
11-11 15:42:59.974   260 14793 I [Gralloc]: usage1: 0xf02, format: 1 stride: 720 vertical_stride: 1440 size: 4147200
11-11 15:42:59.979 25895 25978 D GraphicBuffer: register, handle(0x9c3fe400) (w:720 h:1440 s:720 f:0x1 u:f02)
11-11 15:42:59.990   258   258 D vndksupport: Loading /vendor/lib/hw/gralloc.mt6580.so from current namespace instead of sphal namespace.
11-11 15:42:59.992   264   434 W GrallocMapperPassthrough: buffer descriptor with invalid usage bits 0x400
11-11 15:42:59.995   260 14793 I [Gralloc]: usage1: 0xf02, format: 1 stride: 720 vertical_stride: 1440 size: 4147200
11-11 15:42:59.996   264   264 I BufferQueueProducer: [FrameBufferSurface_0](this:0xade58000,id:0,api:1,p:264,c:264) queueBuffer: fps=2.16 dur=11582.39 max=10773.34 min=10.44
11-11 15:42:59.996   675  1398 D IdleScreen: activityIdleScreen: android.app.ContextImpl@ab7f6f mNotifyNeeded: false idleIntent: Intent { flg=0x10000000 cmp=com.opera.olist/com.olist.home.ui.detail.DetailUI (has extras) }
11-11 15:43:00.000   830   830 D KeyguardUpdateMonitor: send updateTime msg
11-11 15:43:00.002 25895 25978 D GraphicBuffer: register, handle(0x8be3de40) (w:720 h:1440 s:720 f:0x1 u:f02)
11-11 15:43:00.003   258   258 D vndksupport: Loading /vendor/lib/hw/gralloc.mt6580.so from current namespace instead of sphal namespace.
11-11 15:43:00.006   675   769 D MtkDataShapingUtils: openLteGateByDataShaping datashaping instance is null
11-11 15:43:00.014   830   830 D ClockUtil: onTimeChanged callback : com.transsion.mgzkeyguard.KeyguardTextClock$1@2bd28f0
11-11 15:43:00.015   830   830 D KeyguardTextClock: hourModeEnabled : false  hour + 3
11-11 15:43:00.023   258   258 D vndksupport: Loading /vendor/lib/hw/gralloc.mt6580.so from current namespace instead of sphal namespace.
11-11 15:43:00.187   258   258 I chatty  : uid=1000(system) composer@2.1-se identical 4 lines
11-11 15:43:00.188   258   258 D vndksupport: Loading /vendor/lib/hw/gralloc.mt6580.so from current namespace instead of sphal namespace.
11-11 15:43:00.218   264   264 I DisplayDevice: [Built-in Screen (type:0)] fps:52.548851,dur:1008.59,max:132.65,min:5.75
11-11 15:43:00.225 25895 25895 D View    : [Warning] assignParent to null: this = DecorView@3e37b48[DetailUI]
11-11 15:43:00.233   264   264 I BufferQueueConsumer: [com.opera.olist/com.olist.home.ui.detail.DetailUI#1](this:0xabc69000,id:2109,api:1,p:-1,c:-1) disconnect(C)
11-11 15:43:00.235   264   264 I BufferQueue: [com.opera.olist/com.olist.home.ui.detail.DetailUI#1](this:0xabc69000,id:2109,api:1,p:-1,c:-1) ~BufferQueueCore
11-11 15:43:00.235 25895 25895 D WindowClient: Remove from mViews: DecorView@3e37b48[DetailUI], this = android.view.WindowManagerGlobal@104bbc9
11-11 15:43:00.246  4257  4257 I Monkey  : :Sending Trackball (ACTION_MOVE): 0:(4.0,-5.0)
11-11 15:43:00.250  4257  4257 I Monkey  : :Sending Trackball (ACTION_MOVE): 0:(-2.0,-2.0)
11-11 15:43:00.251   675   701 W ContextImpl: Calling a method in the system process without a qualified user: android.app.ContextImpl.sendBroadcast:967 com.mediatek.server.stk.StkManagerImpl$2.run:110 android.os.Handler.handleCallback:790 android.os.Handler.dispatchMessage:99 android.os.Looper.loop:164 
11-11 15:43:00.252   675   700 W BroadcastQueue: Background execution not allowed: receiving Intent { act=mediatek.intent.action.stk.USER_ACTIVITY flg=0x10 } to com.android.stk/.EventReceiver
11-11 15:43:00.254  4257  4257 I Monkey  : :Sending Trackball (ACTION_MOVE): 0:(4.0,-4.0)
11-11 15:43:00.257  4257  4257 I Monkey  : :Sending Trackball (ACTION_MOVE): 0:(-1.0,2.0)
11-11 15:43:00.260  4257  4257 I Monkey  : :Sending Trackball (ACTION_MOVE): 0:(0.0,1.0)
11-11 15:43:00.262  4257  4257 I Monkey  : :Sending Trackball (ACTION_MOVE): 0:(3.0,3.0)
11-11 15:43:00.264  4257  4257 I Monkey  : :Sending Trackball (ACTION_MOVE): 0:(-4.0,-5.0)
11-11 15:43:00.268  4257  4257 I Monkey  : :Sending Trackball (ACTION_MOVE): 0:(-2.0,1.0)
11-11 15:43:00.275  4257  4257 I Monkey  : :Sending Trackball (ACTION_MOVE): 0:(4.0,0.0)
11-11 15:43:00.277  4257  4257 I Monkey  : :Sending Trackball (ACTION_MOVE): 0:(1.0,2.0)
11-11 15:43:00.280  4257  4257 I Monkey  : :Sending Key (ACTION_DOWN): 82    // KEYCODE_MENU
11-11 15:43:00.280   675   688 W Settings: Setting oobe_init_mode has moved from android.provider.Settings.System to android.provider.Settings.Global, returning read-only value.
11-11 15:43:00.281   675   688 D WindowManager: interceptKeyBeforeQueueing keyCode = 82
11-11 15:43:00.283   675   701 W ContextImpl: Calling a method in the system process without a qualified user: android.app.ContextImpl.sendBroadcast:967 com.mediatek.server.stk.StkManagerImpl$2.run:110 android.os.Handler.handleCallback:790 android.os.Handler.dispatchMessage:99 android.os.Looper.loop:164 
11-11 15:43:00.284   675   700 W BroadcastQueue: Background execution not allowed: receiving Intent { act=mediatek.intent.action.stk.USER_ACTIVITY flg=0x10 } to com.android.stk/.EventReceiver
11-11 15:43:00.289  4257  4257 I Monkey  : :Sending Key (ACTION_UP): 82    // KEYCODE_MENU
11-11 15:43:00.290   675   760 W Settings: Setting oobe_init_mode has moved from android.provider.Settings.System to android.provider.Settings.Global, returning read-only value.
11-11 15:43:00.290   675   760 D WindowManager: interceptKeyBeforeQueueing keyCode = 82
11-11 15:43:00.301  4257  4257 I Monkey  : Sleeping for 500 milliseconds
11-11 15:43:00.802   264   434 I BufferQueueProducer: [StatusBar#0](this:0xabc4a000,id:4,api:1,p:830,c:264) queueBuffer: fps=4.97 dur=1005.89 max=504.54 min=10.54
11-11 15:43:00.806  4257  4257 I Monkey  : :Sending Touch (ACTION_DOWN): 0:(483.0,711.0)
11-11 15:43:00.807   675   760 I PowerWrap: PowerHal_TouchBoost
11-11 15:43:00.808   260 14793 I vendor.mediatek.hardware.power@1.1-impl: mtkPowerHint hint:15, data:10000
11-11 15:43:00.811   260   275 I libPerfService: 15: legacy set freq: 1300000 -1
11-11 15:43:00.811   260   275 I libPerfService: 15: legacy set: 4 -1
11-11 15:43:00.812   675   701 W ContextImpl: Calling a method in the system process without a qualified user: android.app.ContextImpl.sendBroadcast:967 com.mediatek.server.stk.StkManagerImpl$2.run:110 android.os.Handler.handleCallback:790 android.os.Handler.dispatchMessage:99 android.os.Looper.loop:164 
11-11 15:43:00.813   675   700 W BroadcastQueue: Background execution not allowed: receiving Intent { act=mediatek.intent.action.stk.USER_ACTIVITY flg=0x10 } to com.android.stk/.EventReceiver
11-11 15:43:00.817  4257  4257 I Monkey  : :Sending Touch (ACTION_POINTER_DOWN 1): 0:(475.3407,703.0079) 1:(237.0,684.0)
11-11 15:43:00.821  4257  4257 I Monkey  : :Sending Touch (ACTION_MOVE): 0:(467.64758,688.7769) 1:(246.83984,684.80286)
11-11 15:43:00.823  4257  4257 I Monkey  : :Sending Touch (ACTION_MOVE): 0:(460.92886,678.88306) 1:(256.8252,684.94305)
11-11 15:43:00.826  4257  4257 I Monkey  : :Sending Touch (ACTION_MOVE): 0:(459.617,662.7824) 1:(275.92365,685.24426)
11-11 15:43:00.829  4257  4257 I Monkey  : :Sending Touch (ACTION_MOVE): 0:(450.681,655.6309) 1:(294.9433,685.42896)
11-11 15:43:00.835  4257  4257 I Monkey  : :Sending Touch (ACTION_MOVE): 0:(440.23047,641.40063) 1:(297.09937,685.7179)
11-11 15:43:00.838  4257  4257 I Monkey  : :Sending Touch (ACTION_POINTER_UP 1): 0:(419.0539,625.278) 1:(311.45328,685.9949)
11-11 15:43:00.840  4257  4257 I Monkey  : :Sending Touch (ACTION_UP): 0:(396.856,624.7143)
11-11 15:43:00.841   675  1398 I PowerWrap: PowerHal_TouchBoost
11-11 15:43:00.842   260 14793 I vendor.mediatek.hardware.power@1.1-impl: mtkPowerHint hint:15, data:100
11-11 15:43:00.843  4257  4257 I Monkey  : Sleeping for 500 milliseconds
11-11 15:43:00.852   675  1398 I ActivityManager: START u0 {flg=0x10000000 cmp=com.opera.olist/com.olist.home.ui.detail.DetailUI (has extras)} from uid 10114
11-11 15:43:00.853  4257  4273 I Monkey  :     // Allowing start of Intent { cmp=com.opera.olist/com.olist.home.ui.detail.DetailUI } in package com.opera.olist
11-11 15:43:00.859   260 14793 I vendor.mediatek.hardware.power@1.1-impl: PowerHint hint:8, data:1
11-11 15:43:00.887   675  1398 D AppLockDelegator: appLockCheck: 
11-11 15:43:00.887   675  1398 D ActivityManager: realStartActivityLocked: app lock service check
11-11 15:43:00.887   675  1398 D ActivityManager: setActivityResumedHook:com.opera.olist
11-11 15:43:00.888   675  1398 V WindowManager: Set focused app to: AppWindowToken{977b2db token=Token{4233fea ActivityRecord{625abd5 u0 com.opera.olist/com.olist.home.ui.detail.DetailUI t2412}}} old focus=AppWindowToken{843d0f3 token=Token{9a32762 ActivityRecord{cf262d u0 com.opera.olist/com.olist.home.ui.detail.DetailUI t2412}}} moveFocusNow=true
11-11 15:43:00.889   675  1398 V WindowManager: Changing focus from Window{1ebede5 u0 com.opera.olist/com.olist.home.ui.detail.DetailUI} to null Callers=com.android.server.wm.WindowManagerService.setFocusedApp:2748 com.android.server.am.ActivityManagerService.setResumedActivityUncheckLocked:3413 com.android.server.am.ActivityStack.setResumedActivityLocked:2335 com.android.server.am.ActivityStack.minimalResumeActivityLocked:1111 
11-11 15:43:00.890   675  1398 D WindowManager: Input focus has changed to null
11-11 15:43:00.895   675   713 I WindowManager: Focus moving from Window{1ebede5 u0 com.opera.olist/com.olist.home.ui.detail.DetailUI} to null
11-11 15:43:00.904   260 14793 I vendor.mediatek.hardware.power@1.1-impl: notifyAppState pack:com.opera.olist, act:com.olist.home.ui.detail.DetailUI, pid:25895, state:1
11-11 15:43:00.905   264  1255 I BufferQueueProducer: [com.opera.olist/com.olist.home.ui.detail.DetailUI#0](this:0xaa69d000,id:2111,api:1,p:25895,c:264) queueBuffer: fps=42.81 dur=1004.38 max=277.35 min=6.52
11-11 15:43:00.905   675  1398 D ProcessManager: After resumed : com.opera.olist
11-11 15:43:00.906   260   275 D powerd  : [powerd_req] POWER_MSG_NOTIFY_STATE
11-11 15:43:00.906   260   275 I libPerfService: perfUserGetCapability - cmd:7, id:0, val:-1
11-11 15:43:00.934 25895 25895 D AndroidAutoSize: com.olist.home.ui.detail.DetailUI used the global configuration.
11-11 15:43:00.934 25895 25895 D AndroidAutoSize: The com.olist.home.ui.detail.DetailUI has been adapted! 
11-11 15:43:00.934 25895 25895 D AndroidAutoSize: DetailUI Info: isBaseOnWidth = true, designWidthInDp = 360.000000, targetDensity = 2.000000, targetScaledDensity = 2.000000, targetDensityDpi = 320, targetXdpi = 2.000000
11-11 15:43:01.007 25895 25895 D BaseListUIWithoutBinding.java: [ (BaseListUIWithoutBinding.java:125)#InitRefresh ] initRefresh-->
11-11 15:43:01.008 25895 25895 D BaseListUIWithoutBinding.java: [ (BaseListUIWithoutBinding.java:257)#LoadPageOne ] loadPageOne-->
11-11 15:43:01.017   830 10914 W SystemServicesProxy: initCleanProtectList procectlist = [com.facebook.services, com.facebook.katana, com.facebook.orca, com.whatsapp, com.truecaller, com.viber.voip, com.instagram.android, jp.naver.line.android, com.boatmob.floating.touch, com.skype.raider, mobile.lab.PhoneCallDetect, com.tencent.mobileqqi, com.qq.wpc, com.parfield.prayers.lite, com.tencent.mobileqq, com.tencent.mm, com.mediatek.systemupdate, com.rlk.frameworkservice, com.afmobigroup.gphone, com.afmobi.carlcare, com.bbm, com.twitter.android, org.telegram.messenger, com.imo.android.imoim, com.jio.join, com.libra.notification, com.excelliance.dualaid.vend, com.android.dialer, com.android.contacts, com.android.mms, com.android.deskclock, com.transsion.deskclock, com.android.gallery3d, com.mediatek.camera, com.android.incallui, com.transsion.phonemaster, com.transsion.phonemanager, com.rlk.powersavemanagement, com.transsion.powercenter, com.oraimo.appjoywear, com.transsion.subtorch, com.android.documentsui, com.domobile.applock, com.transsion.applock, com.hanvon.xpen, com.jb.gosms, com.fooview.android.fooview.transsion, com.transsion.filemanager, com.mediatek.mtklogger.proxy, com.android.printspooler, com.google.android.marvin.talkback]
11-11 15:43:01.021 25895 25895 V PhoneWindow: DecorView setVisiblity: visibility = 4, Parent = null, this = DecorView@65287b1[]
11-11 15:43:01.023 25895 25895 D WindowClient: Add to mViews: DecorView@65287b1[DetailUI], this = android.view.WindowManagerGlobal@104bbc9
11-11 15:43:01.036 25895 25895 D ViewRootImpl[DetailUI]: hardware acceleration = true , fakeHwAccelerated = false, sRendererDisabled = false, forceHwAccelerated = false, sSystemRendererDisabled = false
11-11 15:43:01.037   830 10914 D AppLockLoader: isAppLocked: packageName=com.google.android.apps.messaging, isLocked=false
11-11 15:43:01.038   830 10914 D AppLockLoader: isAppLocked: packageName=com.android.gallery3d, isLocked=false
11-11 15:43:01.038   830 10914 D AppLockLoader: isAppLocked: packageName=com.google.android.gm.lite, isLocked=false
11-11 15:43:01.040   830 10914 D AppLockLoader: isAppLocked: packageName=com.android.vending, isLocked=false
11-11 15:43:01.041   830 10914 D AppLockLoader: isAppLocked: packageName=com.transsion.phoenix, isLocked=false
11-11 15:43:01.042   830 10914 D AppLockLoader: isAppLocked: packageName=com.xingin.xhs, isLocked=false
11-11 15:43:01.042   830 10914 D AppLockLoader: isAppLocked: packageName=com.transsion.phonemaster, isLocked=false
11-11 15:43:01.042 25895 25895 V PhoneWindow: DecorView setVisiblity: visibility = 0, Parent = ViewRoot{6cfb422 com.opera.olist/com.olist.home.ui.detail.DetailUI,ident = 20}, this = DecorView@65287b1[DetailUI]
11-11 15:43:01.043   830 10914 D AppLockLoader: isAppLocked: packageName=com.google.android.apps.assistant, isLocked=false
11-11 15:43:01.044   830 10914 D AppLockLoader: isAppLocked: packageName=com.opera.mini.native, isLocked=false
11-11 15:43:01.045   675   700 E libPowerStretch: LucidSystemServerLogic::onSetLucidFgApp send resetFromSystemServer appName = com.opera.olist
11-11 15:43:01.047   830 10914 D AppLockLoader: isAppLocked: packageName=com.android.settings, isLocked=false
11-11 15:43:01.050   675   700 E libPowerStretch: LucidConfig::getIrisOverride m_irisOverride = 0
11-11 15:43:01.050   675   700 I libPowerStretch: LucidIrisAppLogic::resetIris Not irisOverride , gpCurveId = %s, fsCurveId= %s
11-11 15:43:01.051   830 10914 D AppLockLoader: isAppLocked: packageName=com.opera.olist, isLocked=false
11-11 15:43:01.056   830 10914 D AppLockLoader: isAppLocked: packageName=com.opera.mini.native, isLocked=false
11-11 15:43:01.056   830 10914 D AppLockLoader: isAppLocked: packageName=com.android.settings, isLocked=false
11-11 15:43:01.060   675   760 I WindowManager: Relayout Window{4ed70b6 u0 com.opera.olist/com.olist.home.ui.detail.DetailUI}: oldVis=4 newVis=0 focusMayChange = true
11-11 15:43:01.068   264   264 D SurfaceFlinger: duplicate layer name: changing com.opera.olist/com.olist.home.ui.detail.DetailUI to com.opera.olist/com.olist.home.ui.detail.DetailUI#1
11-11 15:43:01.069   264   264 I BufferQueue: [unnamed-264-2112](this:0xabc69000,id:2112,api:0,p:-1,c:-1) BufferQueue core=(264:/system/bin/surfaceflinger)
11-11 15:43:01.070   264   264 E DumpTunnel: finding regDump() failed
11-11 15:43:01.070   264   264 I BufferQueueConsumer: [unnamed-264-2112](this:0xabc69000,id:2112,api:0,p:-1,c:264) connect(C): consumer=(264:/system/bin/surfaceflinger) controlledByApp=false
11-11 15:43:01.070   264   264 I BufferQueueConsumer: [unnamed-264-2112](this:0xabc69000,id:2112,api:0,p:-1,c:264) setConsumerName: unnamed-264-2112
11-11 15:43:01.070   264   264 I BufferQueueConsumer: [com.opera.olist/com.olist.home.ui.detail.DetailUI#1](this:0xabc69000,id:2112,api:0,p:-1,c:264) setConsumerName: com.opera.olist/com.olist.home.ui.detail.DetailUI#1
11-11 15:43:01.071   264   264 I BufferQueueProducer: [](this:0xabc69000,id:2112,api:0,p:-1,c:264) setMaxDequeuedBufferCount: maxDequeuedBuffers = 2
11-11 15:43:01.071   264   264 I BufferQueueConsumer: [com.opera.olist/com.olist.home.ui.detail.DetailUI#1](this:0xabc69000,id:2112,api:0,p:-1,c:264) setDefaultBufferSize: width=720 height=1440
11-11 15:43:01.074   675   760 V WindowManager: Changing focus from null to Window{4ed70b6 u0 com.opera.olist/com.olist.home.ui.detail.DetailUI} Callers=com.android.server.wm.WindowManagerService.relayoutWindow:2187 com.android.server.wm.Session.relayout:239 android.view.IWindowSession$Stub.onTransact:286 com.android.server.wm.Session.onTransact:163 
11-11 15:43:01.074   675   760 D WindowManager: Input focus has changed to Window{4ed70b6 u0 com.opera.olist/com.olist.home.ui.detail.DetailUI}
11-11 15:43:01.086 25895 25978 E libPowerStretch: LucidStats currentFPS = 45.79 [2369272176]
11-11 15:43:01.087 25895 25895 D Surface : Surface::allocateBuffers(this=0x89ba9800)
11-11 15:43:01.088   260 14793 I [Gralloc]: usage1: 0x900, format: 1 stride: 720 vertical_stride: 1440 size: 4147200
11-11 15:43:01.089 25895 25978 E libPowerStretch: TimeStamps from Cache: lucid = 20090101000000, customer = 20090101000000
11-11 15:43:01.089 25895 25978 E libPowerStretch: Cache valid RC: lucid = 2, customer = 2
11-11 15:43:01.091 25895 25978 E libPowerStretch: Priority black list: 0
11-11 15:43:01.091 25895 25978 E libPowerStretch: Mode = WVS
11-11 15:43:01.092   260 14793 I [Gralloc]: usage1: 0x900, format: 1 stride: 720 vertical_stride: 1440 size: 4147200
11-11 15:43:01.093 25895 25978 E libPowerStretch: Ice is working with black list method
11-11 15:43:01.094   675   713 I WindowManager: Focus moving from null to Window{4ed70b6 u0 com.opera.olist/com.olist.home.ui.detail.DetailUI}
11-11 15:43:01.098 25895 25978 E libPowerStretch: EglCreateWindowSurfaceImp pid 25895 != tid 25978  mResized = 1 [720 1440] 1.000000 mIsIceDelayed_wl 1  mIsIceMainThread 0 m_HardCodedBlackListed 1 _X_
11-11 15:43:01.098 25895 25978 D Surface : Surface::connect(this=0x89ba9800,api=1)
11-11 15:43:01.098   264  1255 I BufferQueueProducer: [com.opera.olist/com.olist.home.ui.detail.DetailUI#1](this:0xabc69000,id:2112,api:1,p:25895,c:264) connect(P): api=1 producer=(25895:com.opera.olist) producerControlledByApp=true
11-11 15:43:01.101   260 14793 I [Gralloc]: usage1: 0x900, format: 1 stride: 720 vertical_stride: 1440 size: 4147200
11-11 15:43:01.106 25895 25978 D Surface : Surface::setBufferCount(this=0x89ba9800,bufferCount=4)
11-11 15:43:01.106   264  1255 I BufferQueueProducer: [com.opera.olist/com.olist.home.ui.detail.DetailUI#1](this:0xabc69000,id:2112,api:1,p:25895,c:264) setMaxDequeuedBufferCount: maxDequeuedBuffers = 3
11-11 15:43:01.130   264   434 W GrallocMapperPassthrough: buffer descriptor with invalid usage bits 0x400
11-11 15:43:01.131   260 14793 I [Gralloc]: usage1: 0xf02, format: 1 stride: 720 vertical_stride: 1440 size: 4147200
11-11 15:43:01.139 25895 25978 D GraphicBuffer: register, handle(0x8be3ec80) (w:720 h:1440 s:720 f:0x1 u:f02)
11-11 15:43:01.195   258   258 D vndksupport: Loading /vendor/lib/hw/gralloc.mt6580.so from current namespace instead of sphal namespace.
11-11 15:43:01.199   264   264 I BufferQueueProducer: [FrameBufferSurface_0](this:0xade58000,id:0,api:1,p:264,c:264) queueBuffer: fps=9.97 dur=1203.74 max=1028.66 min=11.53
11-11 15:43:01.204   675   713 I ActivityManager: Displayed com.opera.olist/com.olist.home.ui.detail.DetailUI: +299ms
11-11 15:43:01.211   264   620 W GrallocMapperPassthrough: buffer descriptor with invalid usage bits 0x400
11-11 15:43:01.212   260 14793 I [Gralloc]: usage1: 0xf02, format: 1 stride: 720 vertical_stride: 1440 size: 4147200
11-11 15:43:01.220 25895 25978 D GraphicBuffer: register, handle(0x8be3f280) (w:720 h:1440 s:720 f:0x1 u:f02)
11-11 15:43:01.230   258   258 D vndksupport: Loading /vendor/lib/hw/gralloc.mt6580.so from current namespace instead of sphal namespace.
11-11 15:43:01.235   264   264 I DisplayDevice: [Built-in Screen (type:0)] fps:58.020988,dur:1016.87,max:47.32,min:13.80
11-11 15:43:01.251 25895 25978 E [EGL-ERROR]: __egl_platform_cancel_buffers:644: surface->num_buffers(4)
11-11 15:43:01.252 25895 25978 D Surface : Surface::disconnect(this=0x8be1c800,api=1)
11-11 15:43:01.254 25895 25978 D GraphicBuffer: unregister, handle(0x9c3fe400) (w:720 h:1440 s:720 f:0x1 u:f02)
11-11 15:43:01.255 25895 25978 D GraphicBuffer: unregister, handle(0x8be3f1c0) (w:720 h:1440 s:720 f:0x1 u:f02)
11-11 15:43:01.257 25895 25978 D GraphicBuffer: unregister, handle(0x8be3f040) (w:720 h:1440 s:720 f:0x1 u:f02)
11-11 15:43:01.259 25895 25978 D GraphicBuffer: unregister, handle(0x8be3de40) (w:720 h:1440 s:720 f:0x1 u:f02)
11-11 15:43:01.260   264   621 I BufferQueueProducer: [com.opera.olist/com.olist.home.ui.detail.DetailUI#0](this:0xaa69d000,id:2111,api:1,p:25895,c:264) disconnect(P): api 1
11-11 15:43:01.260   264   621 I BufferQueueConsumer: [com.opera.olist/com.olist.home.ui.detail.DetailUI#0](this:0xaa69d000,id:2111,api:1,p:-1,c:264) getReleasedBuffers: returning mask 0xffffffffffffffff
11-11 15:43:01.261 25895 25978 D OpenGLRenderer: endAllActiveAnimators on 0x88b3f480 (LinearLayout) with handle 0x88b78c00
11-11 15:43:01.261 25895 25978 D OpenGLRenderer: endAllActiveAnimators on 0x8b504880 (LinearLayout) with handle 0x89baa470
11-11 15:43:01.276   264  1255 W GrallocMapperPassthrough: buffer descriptor with invalid usage bits 0x400
11-11 15:43:01.277   260 14793 I [Gralloc]: usage1: 0xf02, format: 1 stride: 720 vertical_stride: 1440 size: 4147200
11-11 15:43:01.289 25895 25978 D GraphicBuffer: register, handle(0x8be3de40) (w:720 h:1440 s:720 f:0x1 u:f02)
11-11 15:43:01.301   260 14793 I vendor.mediatek.hardware.power@1.1-impl: PowerHint hint:8, data:0
11-11 15:43:01.302   260   275 I libPerfService: 8: legacy set: -1 -1
11-11 15:43:01.303   260   275 I libPerfService: 8: legacy set freq: -1 -1
11-11 15:43:01.310   264   620 W GrallocMapperPassthrough: buffer descriptor with invalid usage bits 0x400
11-11 15:43:01.310   260 14793 I [Gralloc]: usage1: 0xf02, format: 1 stride: 720 vertical_stride: 1440 size: 4147200
11-11 15:43:01.310   675   760 D IdleScreen: activityIdleScreen: android.app.ContextImpl@ab7f6f mNotifyNeeded: false idleIntent: Intent { flg=0x10000000 cmp=com.opera.olist/com.olist.home.ui.detail.DetailUI (has extras) }
11-11 15:43:01.313   258   258 D vndksupport: Loading /vendor/lib/hw/gralloc.mt6580.so from current namespace instead of sphal namespace.
11-11 15:43:01.323 25895 25978 D GraphicBuffer: register, handle(0x8be3ee00) (w:720 h:1440 s:720 f:0x1 u:f02)
11-11 15:43:01.345  4257  4257 I Monkey  : :Sending Key (ACTION_DOWN): 19    // KEYCODE_DPAD_UP
11-11 15:43:01.346   258   258 D vndksupport: Loading /vendor/lib/hw/gralloc.mt6580.so from current namespace instead of sphal namespace.
11-11 15:43:01.347   675  6756 W Settings: Setting oobe_init_mode has moved from android.provider.Settings.System to android.provider.Settings.Global, returning read-only value.
11-11 15:43:01.348   675  6756 D WindowManager: interceptKeyBeforeQueueing keyCode = 19
11-11 15:43:01.352   675   701 W ContextImpl: Calling a method in the system process without a qualified user: android.app.ContextImpl.sendBroadcast:967 com.mediatek.server.stk.StkManagerImpl$2.run:110 android.os.Handler.handleCallback:790 android.os.Handler.dispatchMessage:99 android.os.Looper.loop:164 
11-11 15:43:01.356   675   700 W BroadcastQueue: Background execution not allowed: receiving Intent { act=mediatek.intent.action.stk.USER_ACTIVITY flg=0x10 } to com.android.stk/.EventReceiver
11-11 15:43:01.357  4257  4257 I Monkey  : :Sending Key (ACTION_UP): 19    // KEYCODE_DPAD_UP
11-11 15:43:01.358   675  6756 W Settings: Setting oobe_init_mode has moved from android.provider.Settings.System to android.provider.Settings.Global, returning read-only value.
11-11 15:43:01.359   675  6756 D WindowManager: interceptKeyBeforeQueueing keyCode = 19
11-11 15:43:01.366  4257  4257 I Monkey  : Sleeping for 500 milliseconds
11-11 15:43:01.426   258   258 D vndksupport: Loading /vendor/lib/hw/gralloc.mt6580.so from current namespace instead of sphal namespace.
11-11 15:43:01.428   258   258 I chatty  : uid=1000(system) composer@2.1-se identical 2 lines
11-11 15:43:01.429   258   258 D vndksupport: Loading /vendor/lib/hw/gralloc.mt6580.so from current namespace instead of sphal namespace.
11-11 15:43:01.578 25895 25895 V PhoneWindow: DecorView setVisiblity: visibility = 4, Parent = ViewRoot{70acfb5 com.opera.olist/com.olist.home.ui.detail.DetailUI,ident = 13}, this = DecorView@e53a43e[DetailUI]
11-11 15:43:01.590   264   264 I BufferQueueConsumer: [com.opera.olist/com.olist.home.ui.detail.DetailUI#0](this:0xaa69d000,id:2111,api:1,p:-1,c:-1) disconnect(C)
11-11 15:43:01.592   264   264 I BufferQueue: [com.opera.olist/com.olist.home.ui.detail.DetailUI#0](this:0xaa69d000,id:2111,api:1,p:-1,c:-1) ~BufferQueueCore
11-11 15:43:01.867  4257  4257 I Monkey  : :Sending Key (ACTION_DOWN): 232    // KEYCODE_TV_RADIO_SERVICE
11-11 15:43:01.868   675   760 W Settings: Setting oobe_init_mode has moved from android.provider.Settings.System to android.provider.Settings.Global, returning read-only value.
11-11 15:43:01.868   675   760 D WindowManager: interceptKeyBeforeQueueing keyCode = 232
11-11 15:43:01.874   675   701 W ContextImpl: Calling a method in the system process without a qualified user: android.app.ContextImpl.sendBroadcast:967 com.mediatek.server.stk.StkManagerImpl$2.run:110 android.os.Handler.handleCallback:790 android.os.Handler.dispatchMessage:99 android.os.Looper.loop:164 
11-11 15:43:01.876   675   700 W BroadcastQueue: Background execution not allowed: receiving Intent { act=mediatek.intent.action.stk.USER_ACTIVITY flg=0x10 } to com.android.stk/.EventReceiver
11-11 15:43:01.877  4257  4257 I Monkey  : :Sending Key (ACTION_UP): 232    // KEYCODE_TV_RADIO_SERVICE
11-11 15:43:01.879   675   760 W Settings: Setting oobe_init_mode has moved from android.provider.Settings.System to android.provider.Settings.Global, returning read-only value.
11-11 15:43:01.879   675   760 D WindowManager: interceptKeyBeforeQueueing keyCode = 232
11-11 15:43:01.881  4257  4257 I Monkey  : Sleeping for 500 milliseconds
11-11 15:43:02.156   264   434 I BufferQueueProducer: [com.opera.olist/com.olist.home.ui.detail.DetailUI#1](this:0xabc69000,id:2112,api:1,p:25895,c:264) queueBuffer: fps=54.38 dur=1011.40 max=81.32 min=4.64
11-11 15:43:02.237   264   264 I DisplayDevice: [Built-in Screen (type:0)] fps:60.907021,dur:1001.53,max:25.91,min:6.16
11-11 15:43:02.387  4257  4257 I Monkey  : :Sending Touch (ACTION_DOWN): 0:(198.0,802.0)
11-11 15:43:02.389   675   760 I PowerWrap: PowerHal_TouchBoost
11-11 15:43:02.389   260 14793 I vendor.mediatek.hardware.power@1.1-impl: mtkPowerHint hint:15, data:10000
11-11 15:43:02.390   260   275 I libPerfService: 15: legacy set freq: 1300000 -1
11-11 15:43:02.391   260   275 I libPerfService: 15: legacy set: 4 -1
11-11 15:43:02.392  4257  4257 I Monkey  : :Sending Touch (ACTION_UP): 0:(207.11903,803.8394)
11-11 15:43:02.392   675   760 I PowerWrap: PowerHal_TouchBoost
11-11 15:43:02.393   675   701 W ContextImpl: Calling a method in the system process without a qualified user: android.app.ContextImpl.sendBroadcast:967 com.mediatek.server.stk.StkManagerImpl$2.run:110 android.os.Handler.handleCallback:790 android.os.Handler.dispatchMessage:99 android.os.Looper.loop:164 
11-11 15:43:02.393   675   700 W BroadcastQueue: Background execution not allowed: receiving Intent { act=mediatek.intent.action.stk.USER_ACTIVITY flg=0x10 } to com.android.stk/.EventReceiver
11-11 15:43:02.394   260 14793 I vendor.mediatek.hardware.power@1.1-impl: mtkPowerHint hint:15, data:100
11-11 15:43:02.394  4257  4257 I Monkey  : Sleeping for 500 milliseconds
11-11 15:43:02.495   260   275 I libPerfService: 15: legacy set: -1 -1
11-11 15:43:02.495   260   275 I libPerfService: 15: legacy set freq: -1 -1
11-11 15:43:02.783   264   620 I BufferQueueProducer: [StatusBar#0](this:0xabc4a000,id:4,api:1,p:830,c:264) queueBuffer: fps=7.07 dur=1980.77 max=998.39 min=9.15
11-11 15:43:02.835   830  1150 E libPowerStretch: LucidStats currentFPS = 6.87 [2392828272]
11-11 15:43:02.897  4257  4257 I Monkey  : :Sending Key (ACTION_DOWN): 22    // KEYCODE_DPAD_RIGHT
11-11 15:43:02.898   675   760 W Settings: Setting oobe_init_mode has moved from android.provider.Settings.System to android.provider.Settings.Global, returning read-only value.
