11-11 15:41:53.639   675   699 D ActivityManager: AMS: *** Launch app com.xingin.xhs/10115 for service Intent { act=android.content.SyncAdapter cmp=com.xingin.xhs/org.daemon.sync.PlutoSyncService }, from android/1000.
11-11 15:41:53.860   675  7775 W ActivityManager: Background start not allowed: service Intent { cmp=com.google.android.apps.messaging/.shared.datamodel.action.execution.ActionExecutorImpl$EmptyService } to com.google.android.apps.messaging/.shared.datamodel.action.execution.ActionExecutorImpl$EmptyService from pid=4020 uid=10069 pkg=com.google.android.apps.messaging
11-11 15:41:53.992   675  7775 W ActivityManager: Background start not allowed: service Intent { cmp=com.google.android.apps.messaging/.shared.datamodel.action.execution.ActionExecutorImpl$EmptyService } to com.google.android.apps.messaging/.shared.datamodel.action.execution.ActionExecutorImpl$EmptyService from pid=4020 uid=10069 pkg=com.google.android.apps.messaging
11-11 15:41:54.216   675  6926 I ActivityManager: Process com.google.android.apps.messaging (pid 4020) has died: cch  CEM 
11-11 15:41:54.262   675   705 D ProcessManager: killAllBackgroundProcesses
11-11 15:41:55.316   675   675 I DeviceIdleController: updateChargingLocked: charging=true
11-11 15:41:55.317   675   675 I DeviceIdleController: becomeActiveLocked, reason = charging
11-11 15:41:55.573   675  6926 D MtkConnectivityService: requestNetwork for uid/pid:10115/4072 NetworkRequest [ TRACK_DEFAULT id=778, [ Capabilities: INTERNET&NOT_RESTRICTED&TRUSTED&NOT_VPN] ]
11-11 15:41:55.638   675  7775 V SettingsProvider: packageValueForCallResult, name = location_providers_allowed, value : Bundle[{_track_generation=android.util.MemoryIntArray@5e, value=gps,network, _generation_index=1, _generation=21}]
11-11 15:41:55.774   675  7775 W ActivityManager: Background start not allowed: service Intent { act=com.xingin.android.xhscomm.dispatch_register_service cmp=com.xingin.xhs/com.xingin.android.xhscomm.dispatcher.DispatcherService (has extras) } to com.xingin.xhs/com.xingin.android.xhscomm.dispatcher.DispatcherService from pid=4072 uid=10115 pkg=com.xingin.xhs
11-11 15:41:56.071   675  7775 V SettingsProvider: packageValueForCallResult, name = null, value : Bundle[{_track_generation=android.util.MemoryIntArray@5e, value=null, _generation_index=2, _generation=332}]
11-11 15:41:56.333   675  1611 V SettingsProvider: name : battery_remaining_time appId : 1000
11-11 15:41:56.795   675  6926 W ContentService: Requested poll frequency of 60 seconds being rounded up to 900s.
11-11 15:41:56.800   675  1611 W ActivityManager: Background start not allowed: service Intent { cmp=com.xingin.xhs/org.daemon.AliveService } to com.xingin.xhs/org.daemon.AliveService from pid=4072 uid=10115 pkg=com.xingin.xhs
11-11 15:41:57.018   675  1611 W ActivityManager: Background start not allowed: service Intent { cmp=com.xingin.xhs/org.daemon.AliveService } to com.xingin.xhs/org.daemon.AliveService from pid=4072 uid=10115 pkg=com.xingin.xhs
11-11 15:41:57.068   675   675 I ActivityManager: Start proc 4188:com.google.android.apps.messaging/u0a69 for service com.google.android.apps.messaging/.shared.datamodel.action.execution.ActionJobService
11-11 15:41:57.068   675   675 D ActivityManager: AMS: *** Launch app com.google.android.apps.messaging/10069 for service Intent { cmp=com.google.android.apps.messaging/.shared.datamodel.action.execution.ActionJobService }, from android/1000.
11-11 15:41:57.372   675  6926 I ActivityManager: Process com.xingin.xhs (pid 4072) has died: cch  CEM 
11-11 15:41:57.372   675  1611 D MtkConnectivityService: ConnectivityService NetworkRequestInfo binderDied(NetworkRequest [ TRACK_DEFAULT id=778, [ Capabilities: INTERNET&NOT_RESTRICTED&TRUSTED&NOT_VPN] ], android.os.BinderProxy@b352bf1)
11-11 15:41:57.373   675  6926 V ActivityManager: Dying proc: com.xingin.xhs,pid:4072 was not allowed to restart.
11-11 15:41:57.373   675   791 D MtkConnectivityService: releasing NetworkRequest [ TRACK_DEFAULT id=778, [ Capabilities: INTERNET&NOT_RESTRICTED&TRUSTED&NOT_VPN] ] (release request)
11-11 15:41:57.422   675   705 D ProcessManager: killAllBackgroundProcesses
11-11 15:41:57.589   675  7262 W ActivityManager: Background start not allowed: service Intent { cmp=com.google.android.apps.messaging/.shared.datamodel.action.execution.ActionExecutorImpl$EmptyService } to com.google.android.apps.messaging/.shared.datamodel.action.execution.ActionExecutorImpl$EmptyService from pid=4188 uid=10069 pkg=com.google.android.apps.messaging
11-11 15:41:57.806   675  6756 W ActivityManager: Background start not allowed: service Intent { cmp=com.google.android.apps.messaging/.shared.datamodel.action.execution.ActionExecutorImpl$EmptyService } to com.google.android.apps.messaging/.shared.datamodel.action.execution.ActionExecutorImpl$EmptyService from pid=4188 uid=10069 pkg=com.google.android.apps.messaging
11-11 15:41:57.872   675  7262 V SettingsProvider: packageValueForCallResult, name = sms_default_application, value : Bundle[{_track_generation=android.util.MemoryIntArray@5e, value=com.google.android.apps.messaging, _generation_index=1, _generation=21}]
11-11 15:41:57.996   675  6926 W ActivityManager: Background start not allowed: service Intent { cmp=com.google.android.apps.messaging/.shared.datamodel.action.execution.ActionExecutorImpl$EmptyService } to com.google.android.apps.messaging/.shared.datamodel.action.execution.ActionExecutorImpl$EmptyService from pid=4188 uid=10069 pkg=com.google.android.apps.messaging
11-11 15:41:58.017   675   699 D DeviceIdleController: handleMessage(7)
11-11 15:41:58.043   675  1522 W ActivityManager: Unable to start service Intent { act=com.google.android.gms.icing.INDEX_SERVICE pkg=com.google.android.gms } U=0: not found
11-11 15:41:58.045   675  1522 W ActivityManager: Unbind failed: could not find connection for android.os.BinderProxy@87f50e
11-11 15:41:58.163   675  6926 I ActivityManager: Process com.google.android.apps.messaging (pid 4188) has died: cch  CEM 
11-11 15:41:58.172   675   705 D ProcessManager: killAllBackgroundProcesses
11-11 15:42:02.506   675   700 W BroadcastQueue: Skipping deliver [background] BroadcastRecord{452541a u-1 android.net.conn.CONNECTIVITY_CHANGE} to ReceiverList{2c9eb4b 4257 (unknown name)/2000/u-1 remote:3e6053c}: process gone or crashing
11-11 15:42:02.567   675  3636 I ActivityManager: START u0 {act=android.intent.action.MAIN cat=[android.intent.category.LAUNCHER] flg=0x10200000 cmp=com.opera.olist/com.olist.main.ui.SplashActivity} from uid 2000
11-11 15:42:02.619   675  6926 V WindowManager: Set focused app to: AppWindowToken{36aca39 token=Token{e6cc200 ActivityRecord{5763083 u0 com.opera.olist/com.olist.home.ui.detail.DetailUI t2412}}} old focus=AppWindowToken{d9a9e1a token=Token{d3ebf3c ActivityRecord{a212d2f u0 com.android.settings/.SubSettings t2414}}} moveFocusNow=true
11-11 15:42:02.621   675  6926 V WindowManager: findFocusedWindow: Reached focused app=AppWindowToken{36aca39 token=Token{e6cc200 ActivityRecord{5763083 u0 com.opera.olist/com.olist.home.ui.detail.DetailUI t2412}}}
11-11 15:42:02.622   675  6926 V WindowManager: Changing focus from Window{4261c0b u0 com.android.settings/com.android.settings.SubSettings} to null Callers=com.android.server.wm.WindowManagerService.setFocusedApp:2748 com.android.server.am.ActivityManagerService.setResumedActivityUncheckLocked:3413 com.android.server.am.ActivityStack.setResumedActivityLocked:2335 com.android.server.am.ActivityStack.resumeTopActivityInnerLocked:2655 
11-11 15:42:02.623   675  6926 D WindowManager: Input focus has changed to null
11-11 15:42:02.628   675  6926 D ActivityManager: setActivityResumedHook:com.opera.olist
11-11 15:42:02.628   675  6926 D ProcessManager: After resumed : com.opera.olist
11-11 15:42:02.694   675  6926 I AMS     : oldConf = zh_CN_#Hans newConf = null
11-11 15:42:02.694   675  6926 I ActivityManager: Config changes=480 {1.0 460mcc65535mnc [zh_CN_#Hans,en_US] ldltr sw360dp w360dp h648dp 320dpi nrml long port finger -keyb/v/h -nav/h appBounds=Rect(0, 0 - 720, 1344) s.13}
11-11 15:42:02.748   675  6926 I ActivityManager: Override config changes=480 {1.0 460mcc65535mnc [zh_CN_#Hans,en_US] ldltr sw360dp w360dp h648dp 320dpi nrml long port finger -keyb/v/h -nav/h appBounds=Rect(0, 0 - 720, 1344) s.13} for displayId=0
11-11 15:42:02.893   675  6926 I WindowManager: Failed to capture screenshot of Token{d3ebf3c ActivityRecord{a212d2f u0 com.android.settings/.SubSettings t2414}} appWin=Window{4261c0b u0 com.android.settings/com.android.settings.SubSettings} drawState=4
11-11 15:42:02.900   675  6926 D AppLockDelegator: appLockCheck: 
11-11 15:42:02.904   675   713 I WindowManager: Focus moving from Window{4261c0b u0 com.android.settings/com.android.settings.SubSettings} to null
11-11 15:42:02.997   675   701 W Looper  : Dispatch took 366ms on android.ui, h=Handler (com.android.server.am.ActivityManagerService$UiHandler) {c53aabc} cb=null msg=31
11-11 15:42:03.137  5449  5449 W ContextImpl: Calling a method in the system process without a qualified user: android.app.ContextImpl.sendBroadcast:967 android.content.ContextWrapper.sendBroadcast:437 com.transsion.powercenter.receiver.BatteryChangedReceiver.d:304 com.transsion.powercenter.receiver.BatteryChangedReceiver.onReceive:184 android.app.LoadedApk$ReceiverDispatcher$Args.lambda$-android_app_LoadedApk$ReceiverDispatcher$Args_53034:1323 
11-11 15:42:03.194   675   700 I ActivityManager: Start proc 4281:android.process.media/u0a28 for service com.android.providers.media/.MtpService
11-11 15:42:03.194   675   700 D ActivityManager: AMS: *** Launch app com.android.providers.media/10028 for service Intent { cmp=com.android.providers.media/.MtpService }, from null/-1.
11-11 15:42:03.200   675  5008 W ActivityManager: Sending non-protected broadcast com.rlk.powersavemanagement.ACTION_AVAILABLE_TIME from system 5449:com.transsion.powercenter/1000 pkg com.transsion.powercenter
11-11 15:42:03.221   675  5008 I WindowManager: Relayout Window{7d5ce8a u0 com.opera.olist/com.olist.home.ui.detail.DetailUI}: oldVis=4 newVis=0 focusMayChange = true
11-11 15:42:03.227   675  5008 V WindowManager: Changing focus from null to Window{7d5ce8a u0 com.opera.olist/com.olist.home.ui.detail.DetailUI} Callers=com.android.server.wm.WindowManagerService.relayoutWindow:2187 com.android.server.wm.Session.relayout:239 android.view.IWindowSession$Stub.onTransact:286 com.android.server.wm.Session.onTransact:163 
11-11 15:42:03.228   675  5008 D WindowManager: Input focus has changed to Window{7d5ce8a u0 com.opera.olist/com.olist.home.ui.detail.DetailUI}
11-11 15:42:03.238   675   713 I WindowManager: Focus moving from null to Window{7d5ce8a u0 com.opera.olist/com.olist.home.ui.detail.DetailUI}
11-11 15:42:03.246   675   700 W BroadcastQueue: Background execution not allowed: receiving Intent { act=com.rlk.powersavemanagement.ACTION_AVAILABLE_TIME flg=0x10 (has extras) } to com.transsion.powercenter/.provider.PowerWidgetProvider
11-11 15:42:03.597   675  6926 D IdleScreen: activityIdleScreen: android.app.ContextImpl@ab7f6f mNotifyNeeded: false idleIntent: Intent { act=android.intent.action.MAIN cmp=com.android.settings/.SubSettings (has extras) }
11-11 15:42:03.967   675  4806 V SettingsProvider: name : radio.data.stall.recovery.action appId : 1001
11-11 15:42:03.970   675  4806 V SettingsProvider: Package name : com.android.phone privateFlags : 2152
11-11 15:42:03.991   675   675 I ActivityManager: Start proc 4300:com.google.android.apps.messaging/u0a69 for service com.google.android.apps.messaging/.shared.datamodel.action.execution.ActionJobService
11-11 15:42:03.991   675   675 D ActivityManager: AMS: *** Launch app com.google.android.apps.messaging/10069 for service Intent { cmp=com.google.android.apps.messaging/.shared.datamodel.action.execution.ActionJobService }, from android/1000.
11-11 15:42:03.992   675   699 D DeviceIdleController: handleMessage(7)
11-11 15:42:04.591   675  1609 W ActivityManager: Background start not allowed: service Intent { cmp=com.google.android.apps.messaging/.shared.datamodel.action.execution.ActionExecutorImpl$EmptyService } to com.google.android.apps.messaging/.shared.datamodel.action.execution.ActionExecutorImpl$EmptyService from pid=4300 uid=10069 pkg=com.google.android.apps.messaging
11-11 15:42:04.658   675   713 W WindowManager: Window freeze timeout expired.
11-11 15:42:04.658   675   713 W WindowManager: Force clearing orientation change: Window{c89c69a u0 StatusBar}
11-11 15:42:04.673   675   756 I WindowManager: Screen frozen for +2s36ms due to Window{c89c69a u0 StatusBar}
11-11 15:42:04.712   675   701 W ContextImpl: Calling a method in the system process without a qualified user: android.app.ContextImpl.sendBroadcast:967 com.mediatek.server.stk.StkManagerImpl$2.run:110 android.os.Handler.handleCallback:790 android.os.Handler.dispatchMessage:99 android.os.Looper.loop:164 
11-11 15:42:04.714   675   700 W BroadcastQueue: Background execution not allowed: receiving Intent { act=mediatek.intent.action.stk.USER_ACTIVITY flg=0x10 } to com.android.stk/.EventReceiver
11-11 15:42:04.714   675   701 W ContextImpl: Calling a method in the system process without a qualified user: android.app.ContextImpl.sendBroadcast:967 com.mediatek.server.stk.StkManagerImpl$2.run:110 android.os.Handler.handleCallback:790 android.os.Handler.dispatchMessage:99 android.os.Looper.loop:164 
11-11 15:42:04.718   675   700 W BroadcastQueue: Background execution not allowed: receiving Intent { act=mediatek.intent.action.stk.USER_ACTIVITY flg=0x10 } to com.android.stk/.EventReceiver
11-11 15:42:05.030   675  4806 I ActivityManager: Process com.tencent.mm:push (pid 3918) has died: svcb SVC 
11-11 15:42:05.032   675  4806 W ActivityManager: Scheduling restart of crashed service com.tencent.mm/.booter.CoreService in 64000ms
11-11 15:42:05.081   675   705 D ProcessManager: killAllBackgroundProcesses
11-11 15:42:05.147   675  4806 W ActivityManager: Background start not allowed: service Intent { cmp=com.google.android.apps.messaging/.shared.datamodel.action.execution.ActionExecutorImpl$EmptyService } to com.google.android.apps.messaging/.shared.datamodel.action.execution.ActionExecutorImpl$EmptyService from pid=4300 uid=10069 pkg=com.google.android.apps.messaging
11-11 15:42:05.236   675   701 W ContextImpl: Calling a method in the system process without a qualified user: android.app.ContextImpl.sendBroadcast:967 com.mediatek.server.stk.StkManagerImpl$2.run:110 android.os.Handler.handleCallback:790 android.os.Handler.dispatchMessage:99 android.os.Looper.loop:164 
11-11 15:42:05.237   675   700 W BroadcastQueue: Background execution not allowed: receiving Intent { act=mediatek.intent.action.stk.USER_ACTIVITY flg=0x10 } to com.android.stk/.EventReceiver
11-11 15:42:05.686   675  5252 V SettingsProvider: packageValueForCallResult, name = sms_default_application, value : Bundle[{_track_generation=android.util.MemoryIntArray@5e, value=com.google.android.apps.messaging, _generation_index=1, _generation=21}]
11-11 15:42:05.754   675  5252 W ActivityManager: Background start not allowed: service Intent { cmp=com.google.android.apps.messaging/.shared.datamodel.action.execution.ActionExecutorImpl$EmptyService } to com.google.android.apps.messaging/.shared.datamodel.action.execution.ActionExecutorImpl$EmptyService from pid=4300 uid=10069 pkg=com.google.android.apps.messaging
11-11 15:42:05.786   675   701 W ContextImpl: Calling a method in the system process without a qualified user: android.app.ContextImpl.sendBroadcast:967 com.mediatek.server.stk.StkManagerImpl$2.run:110 android.os.Handler.handleCallback:790 android.os.Handler.dispatchMessage:99 android.os.Looper.loop:164 
11-11 15:42:05.788   675   700 W BroadcastQueue: Background execution not allowed: receiving Intent { act=mediatek.intent.action.stk.USER_ACTIVITY flg=0x10 } to com.android.stk/.EventReceiver
11-11 15:42:06.159   675   699 D DeviceIdleController: handleMessage(7)
11-11 15:42:06.304   675   701 W ContextImpl: Calling a method in the system process without a qualified user: android.app.ContextImpl.sendBroadcast:967 com.mediatek.server.stk.StkManagerImpl$2.run:110 android.os.Handler.handleCallback:790 android.os.Handler.dispatchMessage:99 android.os.Looper.loop:164 
11-11 15:42:06.307   675   700 W BroadcastQueue: Background execution not allowed: receiving Intent { act=mediatek.intent.action.stk.USER_ACTIVITY flg=0x10 } to com.android.stk/.EventReceiver
11-11 15:42:06.625   675   999 W ActivityManager: Unable to start service Intent { act=com.google.android.gms.icing.INDEX_SERVICE pkg=com.google.android.gms } U=0: not found
11-11 15:42:06.628   675  5252 W ActivityManager: Unbind failed: could not find connection for android.os.BinderProxy@ab740f5
11-11 15:42:06.821   675   701 W ContextImpl: Calling a method in the system process without a qualified user: android.app.ContextImpl.sendBroadcast:967 com.mediatek.server.stk.StkManagerImpl$2.run:110 android.os.Handler.handleCallback:790 android.os.Handler.dispatchMessage:99 android.os.Looper.loop:164 
11-11 15:42:06.824   675   700 W BroadcastQueue: Background execution not allowed: receiving Intent { act=mediatek.intent.action.stk.USER_ACTIVITY flg=0x10 } to com.android.stk/.EventReceiver
11-11 15:42:07.174   675  6756 I ActivityManager: Process com.tencent.mm (pid 1989) has died: cch+2SVC 
11-11 15:42:07.175   675  6756 W ActivityManager: Scheduling restart of crashed service com.tencent.mm/.service.ProcessService$MMProcessService in 1000ms
11-11 15:42:07.188   675  5252 I ActivityManager: Process com.google.android.apps.messaging (pid 4300) has died: cch  CEM 
11-11 15:42:07.202   675   705 D ProcessManager: killAllBackgroundProcesses
11-11 15:42:07.342   675   701 W ContextImpl: Calling a method in the system process without a qualified user: android.app.ContextImpl.sendBroadcast:967 com.mediatek.server.stk.StkManagerImpl$2.run:110 android.os.Handler.handleCallback:790 android.os.Handler.dispatchMessage:99 android.os.Looper.loop:164 
11-11 15:42:07.343   675   700 W BroadcastQueue: Background execution not allowed: receiving Intent { act=mediatek.intent.action.stk.USER_ACTIVITY flg=0x10 } to com.android.stk/.EventReceiver
11-11 15:42:07.860   675   701 W ContextImpl: Calling a method in the system process without a qualified user: android.app.ContextImpl.sendBroadcast:967 com.mediatek.server.stk.StkManagerImpl$2.run:110 android.os.Handler.handleCallback:790 android.os.Handler.dispatchMessage:99 android.os.Looper.loop:164 
11-11 15:42:07.861   675   700 W BroadcastQueue: Background execution not allowed: receiving Intent { act=mediatek.intent.action.stk.USER_ACTIVITY flg=0x10 } to com.android.stk/.EventReceiver
11-11 15:42:07.911   675   701 W ContextImpl: Calling a method in the system process without a qualified user: android.app.ContextImpl.sendBroadcast:967 com.mediatek.server.stk.StkManagerImpl$2.run:110 android.os.Handler.handleCallback:790 android.os.Handler.dispatchMessage:99 android.os.Looper.loop:164 
11-11 15:42:07.912   675   700 W BroadcastQueue: Background execution not allowed: receiving Intent { act=mediatek.intent.action.stk.USER_ACTIVITY flg=0x10 } to com.android.stk/.EventReceiver
11-11 15:42:08.153   675   701 W ContextImpl: Calling a method in the system process without a qualified user: android.app.ContextImpl.sendBroadcast:967 com.mediatek.server.stk.StkManagerImpl$2.run:110 android.os.Handler.handleCallback:790 android.os.Handler.dispatchMessage:99 android.os.Looper.loop:164 
11-11 15:42:08.154   675   700 W BroadcastQueue: Background execution not allowed: receiving Intent { act=mediatek.intent.action.stk.USER_ACTIVITY flg=0x10 } to com.android.stk/.EventReceiver
11-11 15:42:08.197   675   700 I ActivityManager: Start proc 4364:com.tencent.mm/u0a101 for service com.tencent.mm/.service.ProcessService$MMProcessService
11-11 15:42:08.197   675   700 D ActivityManager: AMS: *** Launch app com.tencent.mm/10101 for service Intent { cmp=com.tencent.mm/.service.ProcessService$MMProcessService }, from null/-1.
11-11 15:42:08.758   675   701 W ContextImpl: Calling a method in the system process without a qualified user: android.app.ContextImpl.sendBroadcast:967 com.mediatek.server.stk.StkManagerImpl$2.run:110 android.os.Handler.handleCallback:790 android.os.Handler.dispatchMessage:99 android.os.Looper.loop:164 
11-11 15:42:08.760   675   700 W BroadcastQueue: Background execution not allowed: receiving Intent { act=mediatek.intent.action.stk.USER_ACTIVITY flg=0x10 } to com.android.stk/.EventReceiver
11-11 15:42:09.081  4364  4364 E ActivityThread: Failed to find provider info for com.tencent.mm.coolassist.debugprovider
11-11 15:42:09.277   675   701 W ContextImpl: Calling a method in the system process without a qualified user: android.app.ContextImpl.sendBroadcast:967 com.mediatek.server.stk.StkManagerImpl$2.run:110 android.os.Handler.handleCallback:790 android.os.Handler.dispatchMessage:99 android.os.Looper.loop:164 
11-11 15:42:09.278   675   700 W BroadcastQueue: Background execution not allowed: receiving Intent { act=mediatek.intent.action.stk.USER_ACTIVITY flg=0x10 } to com.android.stk/.EventReceiver
11-11 15:42:09.790   675   701 W ContextImpl: Calling a method in the system process without a qualified user: android.app.ContextImpl.sendBroadcast:967 com.mediatek.server.stk.StkManagerImpl$2.run:110 android.os.Handler.handleCallback:790 android.os.Handler.dispatchMessage:99 android.os.Looper.loop:164 
11-11 15:42:09.791   675   700 W BroadcastQueue: Background execution not allowed: receiving Intent { act=mediatek.intent.action.stk.USER_ACTIVITY flg=0x10 } to com.android.stk/.EventReceiver
11-11 15:42:10.303   675   701 W ContextImpl: Calling a method in the system process without a qualified user: android.app.ContextImpl.sendBroadcast:967 com.mediatek.server.stk.StkManagerImpl$2.run:110 android.os.Handler.handleCallback:790 android.os.Handler.dispatchMessage:99 android.os.Looper.loop:164 
11-11 15:42:10.304   675   700 W BroadcastQueue: Background execution not allowed: receiving Intent { act=mediatek.intent.action.stk.USER_ACTIVITY flg=0x10 } to com.android.stk/.EventReceiver
11-11 15:42:10.817   675   701 W ContextImpl: Calling a method in the system process without a qualified user: android.app.ContextImpl.sendBroadcast:967 com.mediatek.server.stk.StkManagerImpl$2.run:110 android.os.Handler.handleCallback:790 android.os.Handler.dispatchMessage:99 android.os.Looper.loop:164 
11-11 15:42:10.819   675   700 W BroadcastQueue: Background execution not allowed: receiving Intent { act=mediatek.intent.action.stk.USER_ACTIVITY flg=0x10 } to com.android.stk/.EventReceiver
11-11 15:42:10.838   675  1398 I ActivityManager: START u0 {flg=0x10000000 cmp=com.opera.olist/com.olist.home.ui.detail.DetailUI (has extras)} from uid 10114
11-11 15:42:11.325   675   701 W ContextImpl: Calling a method in the system process without a qualified user: android.app.ContextImpl.sendBroadcast:967 com.mediatek.server.stk.StkManagerImpl$2.run:110 android.os.Handler.handleCallback:790 android.os.Handler.dispatchMessage:99 android.os.Looper.loop:164 
11-11 15:42:11.337   675   700 W BroadcastQueue: Background execution not allowed: receiving Intent { act=mediatek.intent.action.stk.USER_ACTIVITY flg=0x10 } to com.android.stk/.EventReceiver
11-11 15:42:11.847   675   701 W ContextImpl: Calling a method in the system process without a qualified user: android.app.ContextImpl.sendBroadcast:967 com.mediatek.server.stk.StkManagerImpl$2.run:110 android.os.Handler.handleCallback:790 android.os.Handler.dispatchMessage:99 android.os.Looper.loop:164 
11-11 15:42:11.848   675   700 W BroadcastQueue: Background execution not allowed: receiving Intent { act=mediatek.intent.action.stk.USER_ACTIVITY flg=0x10 } to com.android.stk/.EventReceiver
11-11 15:42:12.139   675  6756 V SettingsProvider: packageValueForCallResult, name = time_12_24, value : Bundle[{_track_generation=android.util.MemoryIntArray@5e, value=12, _generation_index=2, _generation=332}]
11-11 15:42:12.290   675   675 I ActivityManager: Start proc 4447:com.google.android.apps.messaging/u0a69 for service com.google.android.apps.messaging/.shared.datamodel.action.execution.ActionJobService
11-11 15:42:12.290   675   675 D ActivityManager: AMS: *** Launch app com.google.android.apps.messaging/10069 for service Intent { cmp=com.google.android.apps.messaging/.shared.datamodel.action.execution.ActionJobService }, from android/1000.
11-11 15:42:12.291   675   699 D DeviceIdleController: handleMessage(7)
11-11 15:42:12.299   675  7600 I ActivityManager: Process android.process.media (pid 4281) has died: svcb SVC 
11-11 15:42:12.300   675  7600 W ActivityManager: Scheduling restart of crashed service com.android.providers.media/.MtpService in 66732ms
11-11 15:42:12.308   675   705 D ProcessManager: killAllBackgroundProcesses
11-11 15:42:12.359   675   701 W ContextImpl: Calling a method in the system process without a qualified user: android.app.ContextImpl.sendBroadcast:967 com.mediatek.server.stk.StkManagerImpl$2.run:110 android.os.Handler.handleCallback:790 android.os.Handler.dispatchMessage:99 android.os.Looper.loop:164 
11-11 15:42:12.361   675   700 W BroadcastQueue: Background execution not allowed: receiving Intent { act=mediatek.intent.action.stk.USER_ACTIVITY flg=0x10 } to com.android.stk/.EventReceiver
11-11 15:42:12.373   675  7600 I ActivityManager: START u0 {flg=0x10000000 cmp=com.opera.olist/com.olist.home.ui.detail.DetailUI (has extras)} from uid 10114
11-11 15:42:12.428   675  7600 D AppLockDelegator: appLockCheck: 
11-11 15:42:12.428   675  7600 D ActivityManager: realStartActivityLocked: app lock service check
11-11 15:42:12.428   675  7600 D ActivityManager: setActivityResumedHook:com.opera.olist
11-11 15:42:12.429   675  7600 V WindowManager: Set focused app to: AppWindowToken{1d8e31c token=Token{6bff48f ActivityRecord{90967ee u0 com.opera.olist/com.olist.home.ui.detail.DetailUI t2412}}} old focus=AppWindowToken{36aca39 token=Token{e6cc200 ActivityRecord{5763083 u0 com.opera.olist/com.olist.home.ui.detail.DetailUI t2412}}} moveFocusNow=true
11-11 15:42:12.430   675  7600 V WindowManager: Changing focus from Window{7d5ce8a u0 com.opera.olist/com.olist.home.ui.detail.DetailUI} to null Callers=com.android.server.wm.WindowManagerService.setFocusedApp:2748 com.android.server.am.ActivityManagerService.setResumedActivityUncheckLocked:3413 com.android.server.am.ActivityStack.setResumedActivityLocked:2335 com.android.server.am.ActivityStack.minimalResumeActivityLocked:1111 
11-11 15:42:12.431   675  7600 D WindowManager: Input focus has changed to null
11-11 15:42:12.436   675   713 I WindowManager: Focus moving from Window{7d5ce8a u0 com.opera.olist/com.olist.home.ui.detail.DetailUI} to null
11-11 15:42:12.443   675  7600 D ProcessManager: After resumed : com.opera.olist
11-11 15:42:12.798   675  7600 I WindowManager: Relayout Window{91f1508 u0 com.opera.olist/com.olist.home.ui.detail.DetailUI}: oldVis=4 newVis=0 focusMayChange = true
11-11 15:42:12.812   675  7600 V WindowManager: Changing focus from null to Window{91f1508 u0 com.opera.olist/com.olist.home.ui.detail.DetailUI} Callers=com.android.server.wm.WindowManagerService.relayoutWindow:2187 com.android.server.wm.Session.relayout:239 android.view.IWindowSession$Stub.onTransact:286 com.android.server.wm.Session.onTransact:163 
11-11 15:42:12.813   675  7600 D WindowManager: Input focus has changed to Window{91f1508 u0 com.opera.olist/com.olist.home.ui.detail.DetailUI}
11-11 15:42:12.834   675   713 I WindowManager: Focus moving from null to Window{91f1508 u0 com.opera.olist/com.olist.home.ui.detail.DetailUI}
11-11 15:42:12.877   675   701 W ContextImpl: Calling a method in the system process without a qualified user: android.app.ContextImpl.sendBroadcast:967 com.mediatek.server.stk.StkManagerImpl$2.run:110 android.os.Handler.handleCallback:790 android.os.Handler.dispatchMessage:99 android.os.Looper.loop:164 
11-11 15:42:12.878   675   700 W BroadcastQueue: Background execution not allowed: receiving Intent { act=mediatek.intent.action.stk.USER_ACTIVITY flg=0x10 } to com.android.stk/.EventReceiver
11-11 15:42:13.255   675  5080 D IdleScreen: activityIdleScreen: android.app.ContextImpl@ab7f6f mNotifyNeeded: false idleIntent: Intent { flg=0x10000000 cmp=com.opera.olist/com.olist.home.ui.detail.DetailUI (has extras) }
11-11 15:42:13.404   675   701 W ContextImpl: Calling a method in the system process without a qualified user: android.app.ContextImpl.sendBroadcast:967 com.mediatek.server.stk.StkManagerImpl$2.run:110 android.os.Handler.handleCallback:790 android.os.Handler.dispatchMessage:99 android.os.Looper.loop:164 
11-11 15:42:13.405   675   700 W BroadcastQueue: Background execution not allowed: receiving Intent { act=mediatek.intent.action.stk.USER_ACTIVITY flg=0x10 } to com.android.stk/.EventReceiver
11-11 15:42:13.919   675   701 W ContextImpl: Calling a method in the system process without a qualified user: android.app.ContextImpl.sendBroadcast:967 com.mediatek.server.stk.StkManagerImpl$2.run:110 android.os.Handler.handleCallback:790 android.os.Handler.dispatchMessage:99 android.os.Looper.loop:164 
11-11 15:42:13.920   675   700 W BroadcastQueue: Background execution not allowed: receiving Intent { act=mediatek.intent.action.stk.USER_ACTIVITY flg=0x10 } to com.android.stk/.EventReceiver
11-11 15:42:13.966   675   701 W ContextImpl: Calling a method in the system process without a qualified user: android.app.ContextImpl.sendBroadcast:967 com.mediatek.server.stk.StkManagerImpl$2.run:110 android.os.Handler.handleCallback:790 android.os.Handler.dispatchMessage:99 android.os.Looper.loop:164 
11-11 15:42:13.967   675   700 W BroadcastQueue: Background execution not allowed: receiving Intent { act=mediatek.intent.action.stk.USER_ACTIVITY flg=0x10 } to com.android.stk/.EventReceiver
11-11 15:42:14.112   675  5080 W ActivityManager: Background start not allowed: service Intent { cmp=com.google.android.apps.messaging/.shared.datamodel.action.execution.ActionExecutorImpl$EmptyService } to com.google.android.apps.messaging/.shared.datamodel.action.execution.ActionExecutorImpl$EmptyService from pid=4447 uid=10069 pkg=com.google.android.apps.messaging
11-11 15:42:14.601   675   701 W ContextImpl: Calling a method in the system process without a qualified user: android.app.ContextImpl.sendBroadcast:967 com.mediatek.server.stk.StkManagerImpl$2.run:110 android.os.Handler.handleCallback:790 android.os.Handler.dispatchMessage:99 android.os.Looper.loop:164 
11-11 15:42:14.602   675   700 W BroadcastQueue: Background execution not allowed: receiving Intent { act=mediatek.intent.action.stk.USER_ACTIVITY flg=0x10 } to com.android.stk/.EventReceiver
11-11 15:42:14.635   675   701 W ContextImpl: Calling a method in the system process without a qualified user: android.app.ContextImpl.sendBroadcast:967 com.mediatek.server.stk.StkManagerImpl$2.run:110 android.os.Handler.handleCallback:790 android.os.Handler.dispatchMessage:99 android.os.Looper.loop:164 
11-11 15:42:14.638   675   700 W BroadcastQueue: Background execution not allowed: receiving Intent { act=mediatek.intent.action.stk.USER_ACTIVITY flg=0x10 } to com.android.stk/.EventReceiver
11-11 15:42:14.657   675  7600 W ActivityManager: Background start not allowed: service Intent { cmp=com.google.android.apps.messaging/.shared.datamodel.action.execution.ActionExecutorImpl$EmptyService } to com.google.android.apps.messaging/.shared.datamodel.action.execution.ActionExecutorImpl$EmptyService from pid=4447 uid=10069 pkg=com.google.android.apps.messaging
11-11 15:42:14.760   675  3636 V SettingsProvider: packageValueForCallResult, name = sms_default_application, value : Bundle[{_track_generation=android.util.MemoryIntArray@5e, value=com.google.android.apps.messaging, _generation_index=1, _generation=21}]
11-11 15:42:14.910   675  3636 W ActivityManager: Background start not allowed: service Intent { cmp=com.google.android.apps.messaging/.shared.datamodel.action.execution.ActionExecutorImpl$EmptyService } to com.google.android.apps.messaging/.shared.datamodel.action.execution.ActionExecutorImpl$EmptyService from pid=4447 uid=10069 pkg=com.google.android.apps.messaging
11-11 15:42:15.009   675   699 D DeviceIdleController: handleMessage(7)
11-11 15:42:15.078   675  5274 W ActivityManager: Unable to start service Intent { act=com.google.android.gms.icing.INDEX_SERVICE pkg=com.google.android.gms } U=0: not found
11-11 15:42:15.080   675  5274 W ActivityManager: Unbind failed: could not find connection for android.os.BinderProxy@649c2f1
11-11 15:42:15.160   675  3636 D VibratorService: enable vibrator
11-11 15:42:15.172   675   701 W ContextImpl: Calling a method in the system process without a qualified user: android.app.ContextImpl.sendBroadcast:967 com.mediatek.server.stk.StkManagerImpl$2.run:110 android.os.Handler.handleCallback:790 android.os.Handler.dispatchMessage:99 android.os.Looper.loop:164 
11-11 15:42:15.173   675   700 W BroadcastQueue: Background execution not allowed: receiving Intent { act=mediatek.intent.action.stk.USER_ACTIVITY flg=0x10 } to com.android.stk/.EventReceiver
11-11 15:42:15.218   675  3636 V WindowManager: Set focused app to: AppWindowToken{36aca39 token=Token{e6cc200 ActivityRecord{5763083 u0 com.opera.olist/com.olist.home.ui.detail.DetailUI t2412}}} old focus=AppWindowToken{1d8e31c token=Token{6bff48f ActivityRecord{90967ee u0 com.opera.olist/com.olist.home.ui.detail.DetailUI t2412}}} moveFocusNow=true
11-11 15:42:15.219   675  3636 V WindowManager: Changing focus from Window{91f1508 u0 com.opera.olist/com.olist.home.ui.detail.DetailUI} to null Callers=com.android.server.wm.WindowManagerService.setFocusedApp:2748 com.android.server.am.ActivityManagerService.setResumedActivityUncheckLocked:3413 com.android.server.am.ActivityStack.setResumedActivityLocked:2335 com.android.server.am.ActivityStack.resumeTopActivityInnerLocked:2655 
11-11 15:42:15.220   675  3636 D WindowManager: Input focus has changed to null
11-11 15:42:15.225   675  3636 D ActivityManager: setActivityResumedHook:com.opera.olist
11-11 15:42:15.225   675  3636 D ProcessManager: After resumed : com.opera.olist
11-11 15:42:15.232   675  3636 D AppLockDelegator: appLockCheck: 
11-11 15:42:15.233   675   713 I WindowManager: Focus moving from Window{91f1508 u0 com.opera.olist/com.olist.home.ui.detail.DetailUI} to null
11-11 15:42:15.273   675  5274 I WindowManager: Relayout Window{7d5ce8a u0 com.opera.olist/com.olist.home.ui.detail.DetailUI}: oldVis=8 newVis=0 focusMayChange = true
11-11 15:42:15.278   675  5274 V WindowManager: Changing focus from null to Window{7d5ce8a u0 com.opera.olist/com.olist.home.ui.detail.DetailUI} Callers=com.android.server.wm.WindowManagerService.relayoutWindow:2187 com.android.server.wm.Session.relayout:239 android.view.IWindowSession$Stub.onTransact:286 com.android.server.wm.Session.onTransact:163 
11-11 15:42:15.278   675  5274 D WindowManager: Input focus has changed to Window{7d5ce8a u0 com.opera.olist/com.olist.home.ui.detail.DetailUI}
11-11 15:42:15.288   675   713 I WindowManager: Focus moving from null to Window{7d5ce8a u0 com.opera.olist/com.olist.home.ui.detail.DetailUI}
11-11 15:42:15.310   675   675 I DeviceIdleController: updateChargingLocked: charging=true
11-11 15:42:15.311   675   675 I DeviceIdleController: becomeActiveLocked, reason = charging
11-11 15:42:15.404   675  6720 I ActivityManager: Process com.google.android.apps.messaging (pid 4447) has died: cch  CEM 
11-11 15:42:15.433   675   705 D ProcessManager: killAllBackgroundProcesses
11-11 15:42:15.555   675  7774 D IdleScreen: activityIdleScreen: android.app.ContextImpl@ab7f6f mNotifyNeeded: false idleIntent: Intent { flg=0x10000000 cmp=com.opera.olist/com.olist.home.ui.detail.DetailUI (has extras) }
11-11 15:42:15.687   675   701 W ContextImpl: Calling a method in the system process without a qualified user: android.app.ContextImpl.sendBroadcast:967 com.mediatek.server.stk.StkManagerImpl$2.run:110 android.os.Handler.handleCallback:790 android.os.Handler.dispatchMessage:99 android.os.Looper.loop:164 
11-11 15:42:15.713   675   700 W BroadcastQueue: Background execution not allowed: receiving Intent { act=mediatek.intent.action.stk.USER_ACTIVITY flg=0x10 } to com.android.stk/.EventReceiver
11-11 15:42:16.194   675   701 W ContextImpl: Calling a method in the system process without a qualified user: android.app.ContextImpl.sendBroadcast:967 com.mediatek.server.stk.StkManagerImpl$2.run:110 android.os.Handler.handleCallback:790 android.os.Handler.dispatchMessage:99 android.os.Looper.loop:164 
11-11 15:42:16.195   675   700 W BroadcastQueue: Background execution not allowed: receiving Intent { act=mediatek.intent.action.stk.USER_ACTIVITY flg=0x10 } to com.android.stk/.EventReceiver
11-11 15:42:16.242   675  6720 I ActivityManager: START u0 {act=android.content.pm.action.REQUEST_PERMISSIONS pkg=com.google.android.packageinstaller cmp=com.google.android.packageinstaller/com.android.packageinstaller.permission.ui.GrantPermissionsActivity (has extras)} from uid 10114
11-11 15:42:16.334   675  5274 V SettingsProvider: name : battery_remaining_time appId : 1000
11-11 15:42:16.702   675   701 W ContextImpl: Calling a method in the system process without a qualified user: android.app.ContextImpl.sendBroadcast:967 com.mediatek.server.stk.StkManagerImpl$2.run:110 android.os.Handler.handleCallback:790 android.os.Handler.dispatchMessage:99 android.os.Looper.loop:164 
11-11 15:42:16.703   675   700 W BroadcastQueue: Background execution not allowed: receiving Intent { act=mediatek.intent.action.stk.USER_ACTIVITY flg=0x10 } to com.android.stk/.EventReceiver
11-11 15:42:17.217   675   701 W ContextImpl: Calling a method in the system process without a qualified user: android.app.ContextImpl.sendBroadcast:967 com.mediatek.server.stk.StkManagerImpl$2.run:110 android.os.Handler.handleCallback:790 android.os.Handler.dispatchMessage:99 android.os.Looper.loop:164 
11-11 15:42:17.218   675   700 W BroadcastQueue: Background execution not allowed: receiving Intent { act=mediatek.intent.action.stk.USER_ACTIVITY flg=0x10 } to com.android.stk/.EventReceiver
11-11 15:42:17.247   675   701 W ContextImpl: Calling a method in the system process without a qualified user: android.app.ContextImpl.sendBroadcast:967 com.mediatek.server.stk.StkManagerImpl$2.run:110 android.os.Handler.handleCallback:790 android.os.Handler.dispatchMessage:99 android.os.Looper.loop:164 
11-11 15:42:17.248   675   700 W BroadcastQueue: Background execution not allowed: receiving Intent { act=mediatek.intent.action.stk.USER_ACTIVITY flg=0x10 } to com.android.stk/.EventReceiver
11-11 15:42:17.776   675   701 W ContextImpl: Calling a method in the system process without a qualified user: android.app.ContextImpl.sendBroadcast:967 com.mediatek.server.stk.StkManagerImpl$2.run:110 android.os.Handler.handleCallback:790 android.os.Handler.dispatchMessage:99 android.os.Looper.loop:164 
11-11 15:42:17.777   675   700 W BroadcastQueue: Background execution not allowed: receiving Intent { act=mediatek.intent.action.stk.USER_ACTIVITY flg=0x10 } to com.android.stk/.EventReceiver
11-11 15:42:18.289   675   701 W ContextImpl: Calling a method in the system process without a qualified user: android.app.ContextImpl.sendBroadcast:967 com.mediatek.server.stk.StkManagerImpl$2.run:110 android.os.Handler.handleCallback:790 android.os.Handler.dispatchMessage:99 android.os.Looper.loop:164 
11-11 15:42:18.290   675   700 W BroadcastQueue: Background execution not allowed: receiving Intent { act=mediatek.intent.action.stk.USER_ACTIVITY flg=0x10 } to com.android.stk/.EventReceiver
11-11 15:42:18.807   675   701 W ContextImpl: Calling a method in the system process without a qualified user: android.app.ContextImpl.sendBroadcast:967 com.mediatek.server.stk.StkManagerImpl$2.run:110 android.os.Handler.handleCallback:790 android.os.Handler.dispatchMessage:99 android.os.Looper.loop:164 
11-11 15:42:18.809   675   700 W BroadcastQueue: Background execution not allowed: receiving Intent { act=mediatek.intent.action.stk.USER_ACTIVITY flg=0x10 } to com.android.stk/.EventReceiver
11-11 15:42:19.320   675   701 W ContextImpl: Calling a method in the system process without a qualified user: android.app.ContextImpl.sendBroadcast:967 com.mediatek.server.stk.StkManagerImpl$2.run:110 android.os.Handler.handleCallback:790 android.os.Handler.dispatchMessage:99 android.os.Looper.loop:164 
11-11 15:42:19.321   675   700 W BroadcastQueue: Background execution not allowed: receiving Intent { act=mediatek.intent.action.stk.USER_ACTIVITY flg=0x10 } to com.android.stk/.EventReceiver
11-11 15:42:19.836   675   701 W ContextImpl: Calling a method in the system process without a qualified user: android.app.ContextImpl.sendBroadcast:967 com.mediatek.server.stk.StkManagerImpl$2.run:110 android.os.Handler.handleCallback:790 android.os.Handler.dispatchMessage:99 android.os.Looper.loop:164 
11-11 15:42:19.838   675   700 W BroadcastQueue: Background execution not allowed: receiving Intent { act=mediatek.intent.action.stk.USER_ACTIVITY flg=0x10 } to com.android.stk/.EventReceiver
11-11 15:42:19.898   675   701 W ContextImpl: Calling a method in the system process without a qualified user: android.app.ContextImpl.sendBroadcast:967 com.mediatek.server.stk.StkManagerImpl$2.run:110 android.os.Handler.handleCallback:790 android.os.Handler.dispatchMessage:99 android.os.Looper.loop:164 
11-11 15:42:19.900   675   700 W BroadcastQueue: Background execution not allowed: receiving Intent { act=mediatek.intent.action.stk.USER_ACTIVITY flg=0x10 } to com.android.stk/.EventReceiver
11-11 15:42:19.920   675  6720 I ActivityManager: START u0 {flg=0x10000000 cmp=com.opera.olist/com.olist.home.ui.detail.DetailUI (has extras)} from uid 10114
11-11 15:42:20.435   675   701 W ContextImpl: Calling a method in the system process without a qualified user: android.app.ContextImpl.sendBroadcast:967 com.mediatek.server.stk.StkManagerImpl$2.run:110 android.os.Handler.handleCallback:790 android.os.Handler.dispatchMessage:99 android.os.Looper.loop:164 
11-11 15:42:20.444   675  5080 W BroadcastQueue: Background execution not allowed: receiving Intent { act=mediatek.intent.action.stk.USER_ACTIVITY flg=0x10 } to com.android.stk/.EventReceiver
11-11 15:42:20.979   675   675 I ActivityManager: Start proc 4539:com.google.android.apps.messaging/u0a69 for service com.google.android.apps.messaging/.shared.datamodel.action.execution.ActionJobService
11-11 15:42:20.979   675   675 D ActivityManager: AMS: *** Launch app com.google.android.apps.messaging/10069 for service Intent { cmp=com.google.android.apps.messaging/.shared.datamodel.action.execution.ActionJobService }, from android/1000.
11-11 15:42:20.980   675   699 D DeviceIdleController: handleMessage(7)
11-11 15:42:20.980   675   701 W ContextImpl: Calling a method in the system process without a qualified user: android.app.ContextImpl.sendBroadcast:967 com.mediatek.server.stk.StkManagerImpl$2.run:110 android.os.Handler.handleCallback:790 android.os.Handler.dispatchMessage:99 android.os.Looper.loop:164 
11-11 15:42:20.981   675   700 W BroadcastQueue: Background execution not allowed: receiving Intent { act=mediatek.intent.action.stk.USER_ACTIVITY flg=0x10 } to com.android.stk/.EventReceiver
11-11 15:42:21.368   675  1241 W ActivityManager: Background start not allowed: service Intent { cmp=com.google.android.apps.messaging/.shared.datamodel.action.execution.ActionExecutorImpl$EmptyService } to com.google.android.apps.messaging/.shared.datamodel.action.execution.ActionExecutorImpl$EmptyService from pid=4539 uid=10069 pkg=com.google.android.apps.messaging
11-11 15:42:21.485   675   701 W ContextImpl: Calling a method in the system process without a qualified user: android.app.ContextImpl.sendBroadcast:967 com.mediatek.server.stk.StkManagerImpl$2.run:110 android.os.Handler.handleCallback:790 android.os.Handler.dispatchMessage:99 android.os.Looper.loop:164 
11-11 15:42:21.487   675   700 W BroadcastQueue: Background execution not allowed: receiving Intent { act=mediatek.intent.action.stk.USER_ACTIVITY flg=0x10 } to com.android.stk/.EventReceiver
11-11 15:42:21.623   675  6720 W ActivityManager: Background start not allowed: service Intent { cmp=com.google.android.apps.messaging/.shared.datamodel.action.execution.ActionExecutorImpl$EmptyService } to com.google.android.apps.messaging/.shared.datamodel.action.execution.ActionExecutorImpl$EmptyService from pid=4539 uid=10069 pkg=com.google.android.apps.messaging
11-11 15:42:21.742   675  5080 V SettingsProvider: packageValueForCallResult, name = sms_default_application, value : Bundle[{_track_generation=android.util.MemoryIntArray@5e, value=com.google.android.apps.messaging, _generation_index=1, _generation=21}]
11-11 15:42:21.896   675  5080 W ActivityManager: Background start not allowed: service Intent { cmp=com.google.android.apps.messaging/.shared.datamodel.action.execution.ActionExecutorImpl$EmptyService } to com.google.android.apps.messaging/.shared.datamodel.action.execution.ActionExecutorImpl$EmptyService from pid=4539 uid=10069 pkg=com.google.android.apps.messaging
11-11 15:42:21.983   675   699 D DeviceIdleController: handleMessage(7)
11-11 15:42:21.995   675   701 W ContextImpl: Calling a method in the system process without a qualified user: android.app.ContextImpl.sendBroadcast:967 com.mediatek.server.stk.StkManagerImpl$2.run:110 android.os.Handler.handleCallback:790 android.os.Handler.dispatchMessage:99 android.os.Looper.loop:164 
11-11 15:42:21.995   675   700 W BroadcastQueue: Background execution not allowed: receiving Intent { act=mediatek.intent.action.stk.USER_ACTIVITY flg=0x10 } to com.android.stk/.EventReceiver
11-11 15:42:22.037   675  6720 W ActivityManager: Unable to start service Intent { act=com.google.android.gms.icing.INDEX_SERVICE pkg=com.google.android.gms } U=0: not found
11-11 15:42:22.038   675  6720 W ActivityManager: Unbind failed: could not find connection for android.os.BinderProxy@94d0c46
11-11 15:42:22.507   675   701 W ContextImpl: Calling a method in the system process without a qualified user: android.app.ContextImpl.sendBroadcast:967 com.mediatek.server.stk.StkManagerImpl$2.run:110 android.os.Handler.handleCallback:790 android.os.Handler.dispatchMessage:99 android.os.Looper.loop:164 
11-11 15:42:22.508   675   700 W BroadcastQueue: Background execution not allowed: receiving Intent { act=mediatek.intent.action.stk.USER_ACTIVITY flg=0x10 } to com.android.stk/.EventReceiver
11-11 15:42:22.554   675   701 W ContextImpl: Calling a method in the system process without a qualified user: android.app.ContextImpl.sendBroadcast:967 com.mediatek.server.stk.StkManagerImpl$2.run:110 android.os.Handler.handleCallback:790 android.os.Handler.dispatchMessage:99 android.os.Looper.loop:164 
11-11 15:42:22.558   675   700 W BroadcastQueue: Background execution not allowed: receiving Intent { act=mediatek.intent.action.stk.USER_ACTIVITY flg=0x10 } to com.android.stk/.EventReceiver
11-11 15:42:22.587   675  6720 I ActivityManager: START u0 {flg=0x10000000 cmp=com.opera.olist/com.olist.home.ui.picturepreview.PicUI (has extras)} from uid 10114
11-11 15:42:22.635   675  6720 D AppLockDelegator: appLockCheck: 
11-11 15:42:22.635   675  6720 D ActivityManager: realStartActivityLocked: app lock service check
11-11 15:42:22.636   675  6720 D ActivityManager: setActivityResumedHook:com.opera.olist
11-11 15:42:22.636   675  6720 V WindowManager: Set focused app to: AppWindowToken{2b5e1e token=Token{4a75259 ActivityRecord{b63d6a0 u0 com.opera.olist/com.olist.home.ui.picturepreview.PicUI t2412}}} old focus=AppWindowToken{36aca39 token=Token{e6cc200 ActivityRecord{5763083 u0 com.opera.olist/com.olist.home.ui.detail.DetailUI t2412}}} moveFocusNow=true
11-11 15:42:22.639   675  6720 V WindowManager: Changing focus from Window{7d5ce8a u0 com.opera.olist/com.olist.home.ui.detail.DetailUI} to null Callers=com.android.server.wm.WindowManagerService.setFocusedApp:2748 com.android.server.am.ActivityManagerService.setResumedActivityUncheckLocked:3413 com.android.server.am.ActivityStack.setResumedActivityLocked:2335 com.android.server.am.ActivityStack.minimalResumeActivityLocked:1111 
11-11 15:42:22.639   675  6720 D WindowManager: Input focus has changed to null
11-11 15:42:22.643   675   713 I WindowManager: Focus moving from Window{7d5ce8a u0 com.opera.olist/com.olist.home.ui.detail.DetailUI} to null
11-11 15:42:22.652   675  6720 D ProcessManager: After resumed : com.opera.olist
11-11 15:42:22.702   675  6720 I ActivityManager: Process com.google.android.apps.messaging (pid 4539) has died: cch  CEM 
11-11 15:42:22.716   675   705 D ProcessManager: killAllBackgroundProcesses
11-11 15:42:22.803   675  7262 I WindowManager: Relayout Window{371bb15 u0 com.opera.olist/com.olist.home.ui.picturepreview.PicUI}: oldVis=4 newVis=0 focusMayChange = true
11-11 15:42:22.820   675  7262 V WindowManager: Changing focus from null to Window{371bb15 u0 com.opera.olist/com.olist.home.ui.picturepreview.PicUI} Callers=com.android.server.wm.WindowManagerService.relayoutWindow:2187 com.android.server.wm.Session.relayout:239 android.view.IWindowSession$Stub.onTransact:286 com.android.server.wm.Session.onTransact:163 
11-11 15:42:22.820   675  7262 D WindowManager: Input focus has changed to Window{371bb15 u0 com.opera.olist/com.olist.home.ui.picturepreview.PicUI}
11-11 15:42:22.840   675   713 I WindowManager: Focus moving from null to Window{371bb15 u0 com.opera.olist/com.olist.home.ui.picturepreview.PicUI}
11-11 15:42:23.083   675   701 W ContextImpl: Calling a method in the system process without a qualified user: android.app.ContextImpl.sendBroadcast:967 com.mediatek.server.stk.StkManagerImpl$2.run:110 android.os.Handler.handleCallback:790 android.os.Handler.dispatchMessage:99 android.os.Looper.loop:164 
