11-11 15:58:45.337   675   675 I DeviceIdleController: updateChargingLocked: charging=true
11-11 15:58:45.338   675   675 I DeviceIdleController: becomeActiveLocked, reason = charging
11-11 15:58:46.364   675  1001 V SettingsProvider: name : battery_remaining_time appId : 1000
11-11 15:58:53.385   675  5252 V SettingsProvider: name : radio.data.stall.recovery.action appId : 1001
11-11 15:58:53.386   675  5252 V SettingsProvider: Package name : com.android.phone privateFlags : 2152
11-11 15:58:55.335   675   675 I DeviceIdleController: updateChargingLocked: charging=true
11-11 15:58:55.335   675   675 I DeviceIdleController: becomeActiveLocked, reason = charging
11-11 15:58:56.362   675  5252 V SettingsProvider: name : battery_remaining_time appId : 1000
11-11 15:58:57.052   675   717 I PowerManagerService: Going to sleep due to screen timeout (uid 1000)...
11-11 15:58:57.054   675   675 D AppLockDelegator: appLockCheck: 
11-11 15:58:57.057   675   717 D PowerManagerService: wqGMS gotosleep release wakeLock 
11-11 15:58:57.063   675   717 I PowerManagerService: Sleeping (uid 1000)...
11-11 15:58:57.063   675   717 I DisplayPowerController: Blocking screen off
11-11 15:58:57.069   675   717 I DisplayPowerController: Unblocked screen off after 4 ms
11-11 15:58:57.147   675   717 D WindowOrientationListener: WindowOrientationListener disabled
11-11 15:58:57.173   675   713 I DisplayManagerService: Display device changed state: "", OFF
11-11 15:58:57.570   830 25588 D KeyguardViewMediator: onGoingToSleepShowingLocked updateActivityShown:false
11-11 15:58:58.060   675  1001 I ActivityManager: Process com.tencent.mm (pid 8778) has died: svcb SVC 
11-11 15:58:58.062   675  1001 W ActivityManager: Scheduling restart of crashed service com.tencent.mm/.service.ProcessService$MMProcessService in 16000ms
11-11 15:58:58.069   675   705 D ProcessManager: killAllBackgroundProcesses
11-11 15:58:58.101   675   675 V AlarmManager: wmy: ACTION_SCREEN_OFF 1573459138101
11-11 15:58:58.115   675  1046 V AlarmManager: wqGMS Skip gms alarm
11-11 15:58:58.141   675  6720 V AlarmManager: wqGMS Skip gms alarm
11-11 15:58:58.177   675   675 D DeviceIdleController: updateInteractivityLocked: screenOn=false
11-11 15:58:58.177   675   675 D DeviceIdleController: becomeInactiveIfAppropriateLocked()
11-11 15:58:58.308   675  6720 V AlarmManager: wqGMS Skip gms alarm
11-11 15:58:58.601   675  1046 W BroadcastQueue: Skipping deliver [foreground] BroadcastRecord{5245666 u-1 android.intent.action.SCREEN_OFF} to ReceiverList{9e84c2a 8778 com.tencent.mm/10101/u0 remote:9624115}: process gone or crashing
11-11 15:58:58.603   675   700 W BroadcastQueue: Skipping deliver [foreground] BroadcastRecord{5245666 u-1 android.intent.action.SCREEN_OFF} to ReceiverList{90b7764 8778 com.tencent.mm/10101/u0 remote:3da8cf7}: process gone or crashing
11-11 15:58:58.604   675   700 W BroadcastQueue: Skipping deliver [foreground] BroadcastRecord{5245666 u-1 android.intent.action.SCREEN_OFF} to ReceiverList{8c413da 8778 com.tencent.mm/10101/u0 remote:4969985}: process gone or crashing
11-11 15:59:02.268   675  1046 V WindowManager: Changing focus from Window{e5f234e u0 com.opera.olist/com.olist.home.ui.picturepreview.PicUI} to null Callers=com.android.server.wm.AppWindowToken.setVisibility:414 com.android.server.wm.AppWindowContainerController.setVisibility:468 com.android.server.am.ActivityRecord.setVisibility:1621 com.android.server.am.ActivityRecord.setVisible:1635 
11-11 15:59:02.268   675  1046 D WindowManager: Input focus has changed to null
11-11 15:59:02.295   675   713 I WindowManager: Focus moving from Window{e5f234e u0 com.opera.olist/com.olist.home.ui.picturepreview.PicUI} to null
11-11 15:59:02.425   830   830 I EmergencyButton: show = true
11-11 15:59:02.468   830   830 I chatty  : uid=10031(com.transsion.faceid) com.android.systemui identical 3 lines
11-11 15:59:02.476   830   830 I EmergencyButton: show = true
11-11 15:59:02.733   675   701 W ContextImpl: Calling a method in the system process without a qualified user: android.app.ContextImpl.sendBroadcast:967 com.mediatek.server.stk.StkManagerImpl$2.run:110 android.os.Handler.handleCallback:790 android.os.Handler.dispatchMessage:99 android.os.Looper.loop:164 
11-11 15:59:02.736   675   700 W BroadcastQueue: Background execution not allowed: receiving Intent { act=mediatek.intent.action.stk.USER_ACTIVITY flg=0x10 } to com.android.stk/.EventReceiver
11-11 15:59:02.771   675  5080 V WindowManager: Changing focus from null to Window{c89c69a u0 StatusBar} Callers=com.android.server.wm.WindowManagerService.relayoutWindow:2187 com.android.server.wm.Session.relayout:239 android.view.IWindowSession$Stub.onTransact:286 com.android.server.wm.Session.onTransact:163 
11-11 15:59:02.771   675  5080 D WindowManager: Input focus has changed to Window{c89c69a u0 StatusBar}
11-11 15:59:02.797   675   713 I WindowManager: Focus moving from null to Window{c89c69a u0 StatusBar}
11-11 15:59:03.866   675   699 I UsageStatsService: User[0] Flushing usage stats to disk
11-11 15:59:12.062   675   699 D PPD     : PPD SM. PMS dumpAndDisconnectAudioClient. uidFocusAudio=0
11-11 15:59:12.065   675   699 W ActivityManager: Invalid packageName: com.touchtao.ws2014google
11-11 15:59:12.065   675   699 W ActivityManager: Invalid packageName: com.tencent.tmgp.pvz2hdtxyyb
11-11 15:59:14.173   675   700 I ActivityManager: Start proc 8971:com.tencent.mm/u0a101 for service com.tencent.mm/.service.ProcessService$MMProcessService
11-11 15:59:14.173   675   700 D ActivityManager: AMS: *** Launch app com.tencent.mm/10101 for service Intent { cmp=com.tencent.mm/.service.ProcessService$MMProcessService }, from null/-1.
11-11 15:59:14.623  8971  8971 E ActivityThread: Failed to find provider info for com.tencent.mm.coolassist.debugprovider
11-11 15:59:15.330   675   675 I DeviceIdleController: updateChargingLocked: charging=true
11-11 15:59:15.330   675   675 I DeviceIdleController: becomeActiveLocked, reason = charging
11-11 15:59:16.375   675  5274 V SettingsProvider: name : battery_remaining_time appId : 1000
11-11 15:59:16.879   675  5274 V SettingsProvider: packageValueForCallResult, name = time_12_24, value : Bundle[{_track_generation=android.util.MemoryIntArray@5e, value=12, _generation_index=2, _generation=342}]
11-11 15:59:32.639   675   706 E BatteryExternalStatsWorker: no controller energy info supplied for wifi
11-11 15:59:32.639   675   706 E BatteryExternalStatsWorker: no controller energy info supplied for bluetooth
11-11 15:59:45.325   675   675 I DeviceIdleController: updateChargingLocked: charging=true
11-11 15:59:45.325   675   675 I DeviceIdleController: becomeActiveLocked, reason = charging
11-11 15:59:46.385   675  5080 V SettingsProvider: name : battery_remaining_time appId : 1000
11-11 15:59:55.315   675   675 I DeviceIdleController: updateChargingLocked: charging=true
11-11 15:59:55.315   675   675 I DeviceIdleController: becomeActiveLocked, reason = charging
11-11 15:59:56.331   675  1522 V SettingsProvider: name : battery_remaining_time appId : 1000
11-11 16:00:05.322   675   675 I DeviceIdleController: updateChargingLocked: charging=true
11-11 16:00:05.322   675   675 I DeviceIdleController: becomeActiveLocked, reason = charging
11-11 16:00:06.365   675  5080 V SettingsProvider: name : battery_remaining_time appId : 1000
11-11 16:00:15.312   675   675 I DeviceIdleController: updateChargingLocked: charging=true
11-11 16:00:15.313   675   675 I DeviceIdleController: becomeActiveLocked, reason = charging
11-11 16:00:16.145   675  7774 I ActivityManager: Start proc 9060:com.tencent.mm:push/u0a101 for service com.tencent.mm/.booter.CoreService
11-11 16:00:16.145   675  7774 D ActivityManager: AMS: *** Launch app com.tencent.mm/10101 for service Intent { cmp=com.tencent.mm/.booter.CoreService }, from com.tencent.mm/10101.
11-11 16:00:16.332   675  7774 V SettingsProvider: name : battery_remaining_time appId : 1000
11-11 16:00:16.528  9060  9060 E ActivityThread: Failed to find provider info for com.tencent.mm.coolassist.debugprovider
11-11 16:00:17.761   675  7774 V SettingsProvider: packageValueForCallResult, name = time_12_24, value : Bundle[{_track_generation=android.util.MemoryIntArray@5e, value=12, _generation_index=2, _generation=342}]
11-11 16:00:25.310   675   675 I DeviceIdleController: updateChargingLocked: charging=true
11-11 16:00:25.310   675   675 I DeviceIdleController: becomeActiveLocked, reason = charging
11-11 16:00:26.339   675  7774 V SettingsProvider: name : battery_remaining_time appId : 1000
11-11 16:00:29.465   675   700 I ActivityManager: Start proc 9158:android.process.media/u0a28 for service com.android.providers.media/.MtpService
11-11 16:00:29.465   675   700 D ActivityManager: AMS: *** Launch app com.android.providers.media/10028 for service Intent { cmp=com.android.providers.media/.MtpService }, from null/-1.
11-11 16:00:32.398   675   721 W PackageManager: Invalid verification token 49 received
11-11 16:00:35.312   675   675 I DeviceIdleController: updateChargingLocked: charging=true
11-11 16:00:35.313   675   675 I DeviceIdleController: becomeActiveLocked, reason = charging
11-11 16:00:36.362   675  5080 V SettingsProvider: name : battery_remaining_time appId : 1000
11-11 16:00:45.322   675   675 I DeviceIdleController: updateChargingLocked: charging=true
11-11 16:00:45.323   675   675 I DeviceIdleController: becomeActiveLocked, reason = charging
11-11 16:00:46.361   675  1522 V SettingsProvider: name : battery_remaining_time appId : 1000
11-11 16:00:51.196   675  1522 V AlarmManager: wqGMS Skip gms alarm
11-11 16:00:51.416   675  1522 I ActivityManager: Start proc 9181:com.google.android.apps.youtube.mango/u0a85 for service com.google.android.apps.youtube.mango/com.firebase.jobdispatcher.GooglePlayReceiver
11-11 16:00:51.416   675  1522 D ActivityManager: AMS: *** Launch app com.google.android.apps.youtube.mango/10085 for service Intent { act=com.google.android.gms.gcm.ACTION_TASK_READY cmp=com.google.android.apps.youtube.mango/com.firebase.jobdispatcher.GooglePlayReceiver }, from com.google.android.gms/10013.
11-11 16:00:51.520   675  1522 I ActivityManager: Start proc 9194:com.google.process.gservices/u0a13 for content provider com.google.android.gsf/.gservices.GservicesProvider
11-11 16:00:51.520   675  1522 W ActivityManager: Slow operation: 90ms so far, now at getContentProviderImpl: after start process
11-11 16:00:51.520   675  1522 W ActivityManager: Slow operation: 90ms so far, now at getContentProviderImpl: updating data structures
11-11 16:00:51.520   675  1522 W ActivityManager: Slow operation: 90ms so far, now at getContentProviderImpl: done!
11-11 16:00:51.538   675  5274 V AlarmManager: wqGMS Skip gms alarm
11-11 16:00:51.597   675  5080 V AlarmManager: wqGMS Skip gms alarm
11-11 16:00:52.576   675  5080 V AlarmManager: wqGMS Skip gms alarm
11-11 16:00:52.644   675  5274 V AlarmManager: wqGMS Skip gms alarm
11-11 16:00:52.677   675  1241 V AlarmManager: wqGMS Skip gms alarm
11-11 16:00:55.325   675   675 I DeviceIdleController: updateChargingLocked: charging=true
11-11 16:00:55.325   675   675 I DeviceIdleController: becomeActiveLocked, reason = charging
11-11 16:00:56.340   675  5274 V SettingsProvider: name : battery_remaining_time appId : 1000
11-11 16:01:05.317   675   675 I DeviceIdleController: updateChargingLocked: charging=true
11-11 16:01:05.317   675   675 I DeviceIdleController: becomeActiveLocked, reason = charging
11-11 16:01:06.332   675  1241 V SettingsProvider: name : battery_remaining_time appId : 1000
11-11 16:01:15.323   675   675 I DeviceIdleController: updateChargingLocked: charging=true
11-11 16:01:15.323   675   675 I DeviceIdleController: becomeActiveLocked, reason = charging
11-11 16:01:16.338   675  1522 V SettingsProvider: name : battery_remaining_time appId : 1000
11-11 16:01:25.312   675   675 I DeviceIdleController: updateChargingLocked: charging=true
11-11 16:01:25.312   675   675 I DeviceIdleController: becomeActiveLocked, reason = charging
11-11 16:01:26.328   675  7774 V SettingsProvider: name : battery_remaining_time appId : 1000
11-11 16:01:35.320   675   675 I DeviceIdleController: updateChargingLocked: charging=true
11-11 16:01:35.320   675   675 I DeviceIdleController: becomeActiveLocked, reason = charging
11-11 16:01:36.334   675  5274 V SettingsProvider: name : battery_remaining_time appId : 1000
11-11 16:01:45.329   675   675 I DeviceIdleController: updateChargingLocked: charging=true
11-11 16:01:45.329   675   675 I DeviceIdleController: becomeActiveLocked, reason = charging
11-11 16:01:46.347   675  1522 V SettingsProvider: name : battery_remaining_time appId : 1000
11-11 16:01:55.313   675   675 I DeviceIdleController: updateChargingLocked: charging=true
11-11 16:01:55.314   675   675 I DeviceIdleController: becomeActiveLocked, reason = charging
11-11 16:01:56.384   675  1522 V SettingsProvider: name : battery_remaining_time appId : 1000
11-11 16:02:05.324   675   675 I DeviceIdleController: updateChargingLocked: charging=true
11-11 16:02:05.324   675   675 I DeviceIdleController: becomeActiveLocked, reason = charging
11-11 16:02:06.342   675  1241 V SettingsProvider: name : battery_remaining_time appId : 1000
11-11 16:02:15.332   675   675 I DeviceIdleController: updateChargingLocked: charging=true
11-11 16:02:15.333   675   675 I DeviceIdleController: becomeActiveLocked, reason = charging
11-11 16:02:16.349   675  7774 V SettingsProvider: name : battery_remaining_time appId : 1000
11-11 16:02:25.320   675   675 I DeviceIdleController: updateChargingLocked: charging=true
11-11 16:02:25.320   675   675 I DeviceIdleController: becomeActiveLocked, reason = charging
11-11 16:02:26.333   675  5274 V SettingsProvider: name : battery_remaining_time appId : 1000
11-11 16:02:29.965   675   778 I NetworkStatsRecorder: recordSnapshotLocked: ident[[{type=MOBILE, subType=COMBINED, subscriberId=460000..., metered=true}]]
11-11 16:02:29.971   675   778 I chatty  : uid=1000(system) NetworkStats identical 13 lines
11-11 16:02:29.971   675   778 I NetworkStatsRecorder: recordSnapshotLocked: ident[[{type=MOBILE, subType=COMBINED, subscriberId=460000..., metered=true}]]
11-11 16:02:29.975   675   778 D NetworkStatsRecorder: forcePersistLocked() writing for uid
11-11 16:02:30.066   675   778 I ActivityManager: Start proc 9301:com.whatsapp/u0a98 for broadcast com.whatsapp/.AlarmBroadcastReceiver
11-11 16:02:30.066   675   778 D BroadcastQueue: AMS: *** Launch app com.whatsapp/10098 for broadcast Intent { act=com.whatsapp.action.UPDATE_NTP flg=0x14 cmp=com.whatsapp/.AlarmBroadcastReceiver (has extras) } from com.whatsapp/10098
11-11 16:02:30.755  9301  9301 D ActivityThread: Loading provider com.whatsapp.provider.contact: com.whatsapp.contact.ContactProvider
11-11 16:02:31.070   675  5274 V SettingsProvider: packageValueForCallResult, name = time_12_24, value : Bundle[{_track_generation=android.util.MemoryIntArray@5e, value=12, _generation_index=2, _generation=342}]
11-11 16:02:35.329   675   675 I DeviceIdleController: updateChargingLocked: charging=true
11-11 16:02:35.329   675   675 I DeviceIdleController: becomeActiveLocked, reason = charging
11-11 16:02:36.336   675  1522 V SettingsProvider: name : battery_remaining_time appId : 1000
11-11 16:02:45.310   675   675 I DeviceIdleController: updateChargingLocked: charging=true
11-11 16:02:45.310   675   675 I DeviceIdleController: becomeActiveLocked, reason = charging
11-11 16:02:46.334   675  5274 V SettingsProvider: name : battery_remaining_time appId : 1000
11-11 16:02:55.309   675   675 I DeviceIdleController: updateChargingLocked: charging=true
11-11 16:02:55.309   675   675 I DeviceIdleController: becomeActiveLocked, reason = charging
11-11 16:02:56.328   675  1241 V SettingsProvider: name : battery_remaining_time appId : 1000
11-11 16:03:05.306   675   675 I DeviceIdleController: updateChargingLocked: charging=true
11-11 16:03:05.306   675   675 I DeviceIdleController: becomeActiveLocked, reason = charging
11-11 16:03:06.320   675  7774 V SettingsProvider: name : battery_remaining_time appId : 1000
11-11 16:03:15.331   675   675 I DeviceIdleController: updateChargingLocked: charging=true
11-11 16:03:15.331   675   675 I DeviceIdleController: becomeActiveLocked, reason = charging
11-11 16:03:16.355   675  1522 V SettingsProvider: name : battery_remaining_time appId : 1000
11-11 16:03:25.319   675   675 I DeviceIdleController: updateChargingLocked: charging=true
11-11 16:03:25.319   675   675 I DeviceIdleController: becomeActiveLocked, reason = charging
11-11 16:03:26.408   675  5274 V SettingsProvider: name : battery_remaining_time appId : 1000
11-11 16:03:35.329   675   675 I DeviceIdleController: updateChargingLocked: charging=true
11-11 16:03:35.329   675   675 I DeviceIdleController: becomeActiveLocked, reason = charging
11-11 16:03:36.345   675  1241 V SettingsProvider: name : battery_remaining_time appId : 1000
11-11 16:03:45.332   675   675 I DeviceIdleController: updateChargingLocked: charging=true
11-11 16:03:45.333   675   675 I DeviceIdleController: becomeActiveLocked, reason = charging
11-11 16:03:46.351   675  7774 V SettingsProvider: name : battery_remaining_time appId : 1000
11-11 16:03:55.327   675   675 I DeviceIdleController: updateChargingLocked: charging=true
11-11 16:03:55.327   675   675 I DeviceIdleController: becomeActiveLocked, reason = charging
11-11 16:03:56.341   675  7774 V SettingsProvider: name : battery_remaining_time appId : 1000
11-11 16:03:58.900   675  7774 I ActivityManager: Process android.process.media (pid 9158) has died: cch+6SVC 
11-11 16:03:58.900   675  7774 W ActivityManager: Scheduling restart of crashed service com.android.providers.media/.MtpService in 4270848ms
11-11 16:03:59.226   675  5080 I ActivityManager: Process com.tencent.mm (pid 8971) has died: cch+6SVC 
11-11 16:03:59.228   675  5080 W ActivityManager: Scheduling restart of crashed service com.tencent.mm/.service.ProcessService$MMProcessService in 1000ms
11-11 16:03:59.679   675  1241 D ProcessManager.CC: Dumplicated add package: com.android.printspooler to whitelist: 0
11-11 16:03:59.680   675  1241 D ProcessManager.CC: Dumplicated add package: com.mediatek.mtklogger.proxy to whitelist: 0
11-11 16:03:59.681   675  1241 D ProcessManager.CC: Dumplicated add package: com.tencent.mm to whitelist: 0
11-11 16:03:59.682   675  1241 D ProcessManager.CC: Dumplicated add package: com.afmobigroup.gphone to whitelist: 0
11-11 16:03:59.683   675  1241 D ProcessManager.CC: Dumplicated add package: com.transsion.phonemanager to whitelist: 0
11-11 16:03:59.683   675  1241 D ProcessManager.CC: Dumplicated add package: com.tencent.mobileqq to whitelist: 0
11-11 16:03:59.684   675  1241 D ProcessManager.CC: Dumplicated add package: com.instagram.android to whitelist: 0
11-11 16:03:59.685   675  1241 D ProcessManager.CC: Dumplicated add package: com.android.dialer to whitelist: 0
11-11 16:03:59.686   675  1241 D ProcessManager.CC: Dumplicated add package: com.rlk.frameworkservice to whitelist: 0
11-11 16:03:59.687   675  1241 D ProcessManager.CC: Dumplicated add package: com.transsion.phonemaster to whitelist: 0
11-11 16:03:59.687   675  1241 D ProcessManager.CC: Dumplicated add package: com.boatmob.floating.touch to whitelist: 0
11-11 16:03:59.688   675  1241 D ProcessManager.CC: Dumplicated add package: com.fooview.android.fooview.transsion to whitelist: 0
11-11 16:03:59.689   675  1241 D ProcessManager.CC: Dumplicated add package: com.qq.wpc to whitelist: 0
11-11 16:03:59.690   675  1241 D ProcessManager.CC: Dumplicated add package: com.android.contacts to whitelist: 0
11-11 16:03:59.691   675  1241 D ProcessManager.CC: Dumplicated add package: com.android.deskclock to whitelist: 0
11-11 16:03:59.691   675  1241 D ProcessManager.CC: Dumplicated add package: com.jb.gosms to whitelist: 0
11-11 16:03:59.692   675  1241 D ProcessManager.CC: Dumplicated add package: com.mediatek.systemupdate to whitelist: 0
11-11 16:03:59.693   675  1241 D ProcessManager.CC: Dumplicated add package: mobile.lab.PhoneCallDetect to whitelist: 0
11-11 16:03:59.694   675  1241 D ProcessManager.CC: Dumplicated add package: com.twitter.android to whitelist: 0
11-11 16:03:59.694   675  1241 D ProcessManager.CC: Dumplicated add package: com.jio.join to whitelist: 0
11-11 16:03:59.695   675  1241 D ProcessManager.CC: Dumplicated add package: com.android.gallery3d to whitelist: 0
11-11 16:03:59.696   675  1241 D ProcessManager.CC: Dumplicated add package: com.imo.android.imoim to whitelist: 0
11-11 16:03:59.697   675  1241 D ProcessManager.CC: Dumplicated add package: com.hanvon.xpen to whitelist: 0
11-11 16:03:59.698   675  1241 D ProcessManager.CC: Dumplicated add package: com.android.documentsui to whitelist: 0
11-11 16:03:59.698   675  1241 D ProcessManager.CC: Dumplicated add package: com.facebook.services to whitelist: 0
11-11 16:03:59.699   675  1241 D ProcessManager.CC: Dumplicated add package: com.transsion.powercenter to whitelist: 0
11-11 16:03:59.700   675  1241 D ProcessManager.CC: Dumplicated add package: com.bbm to whitelist: 0
11-11 16:03:59.701   675  1241 D ProcessManager.CC: Dumplicated add package: com.skype.raider to whitelist: 0
11-11 16:03:59.702   675  1241 D ProcessManager.CC: Dumplicated add package: com.libra.notification to whitelist: 0
11-11 16:03:59.702   675  1241 D ProcessManager.CC: Dumplicated add package: com.transsion.subtorch to whitelist: 0
11-11 16:03:59.703   675  1241 D ProcessManager.CC: Dumplicated add package: com.viber.voip to whitelist: 0
11-11 16:03:59.704   675  1241 D ProcessManager.CC: Dumplicated add package: com.rlk.powersavemanagement to whitelist: 0
11-11 16:03:59.705   675  1241 D ProcessManager.CC: Dumplicated add package: com.google.android.marvin.talkback to whitelist: 0
11-11 16:03:59.705   675  1241 D ProcessManager.CC: Dumplicated add package: com.transsion.applock to whitelist: 0
11-11 16:03:59.706   675  1241 D ProcessManager.CC: Dumplicated add package: com.oraimo.appjoywear to whitelist: 0
11-11 16:03:59.707   675  1241 D ProcessManager.CC: Dumplicated add package: org.telegram.messenger to whitelist: 0
11-11 16:03:59.708   675  1241 D ProcessManager.CC: Dumplicated add package: com.facebook.orca to whitelist: 0
11-11 16:03:59.708   675  1241 D ProcessManager.CC: Dumplicated add package: com.parfield.prayers.lite to whitelist: 0
11-11 16:03:59.709   675  1241 D ProcessManager.CC: Dumplicated add package: com.whatsapp to whitelist: 0
11-11 16:03:59.710   675  1241 D ProcessManager.CC: Dumplicated add package: com.transsion.filemanager to whitelist: 0
11-11 16:03:59.711   675  1241 D ProcessManager.CC: Dumplicated add package: com.excelliance.dualaid.vend to whitelist: 0
11-11 16:03:59.711   675  1241 D ProcessManager.CC: Dumplicated add package: com.tencent.mobileqqi to whitelist: 0
11-11 16:03:59.712   675  1241 D ProcessManager.CC: Dumplicated add package: com.facebook.katana to whitelist: 0
11-11 16:03:59.713   675  1241 D ProcessManager.CC: Dumplicated add package: com.transsion.deskclock to whitelist: 0
11-11 16:03:59.714   675  1241 D ProcessManager.CC: Dumplicated add package: com.afmobi.carlcare to whitelist: 0
11-11 16:03:59.715   675  1241 D ProcessManager.CC: Dumplicated add package: jp.naver.line.android to whitelist: 0
11-11 16:03:59.715   675  1241 D ProcessManager.CC: Dumplicated add package: com.android.mms to whitelist: 0
11-11 16:03:59.716   675  1241 D ProcessManager.CC: Dumplicated add package: com.truecaller to whitelist: 0
11-11 16:03:59.717   675  1241 D ProcessManager.CC: Dumplicated add package: com.domobile.applock to whitelist: 0
11-11 16:03:59.718   675  1241 D ProcessManager.CC: Dumplicated add package: com.android.incallui to whitelist: 0
11-11 16:03:59.718   675  1241 D ProcessManager.CC: Dumplicated add package: com.mediatek.camera to whitelist: 0
11-11 16:03:59.826  5449  9384 W ContextImpl: Calling a method in the system process without a qualified user: android.app.ContextImpl.startForegroundService:1483 android.content.ContextWrapper.startForegroundService:655 com.transsion.powercenter.model.ScreenOffCleanModelImp$1.run:331 java.lang.Thread.run:764 <bottom of call stack> 
11-11 16:03:59.911   675   700 E NotificationService: Suppressing notification from package by user request.
11-11 16:03:59.929   675   700 E NotificationService: Suppressing notification from package by user request.
11-11 16:04:00.311   675   700 I ActivityManager: Start proc 9390:com.tencent.mm/u0a101 for service com.tencent.mm/.service.ProcessService$MMProcessService
11-11 16:04:00.311   675   700 D ActivityManager: AMS: *** Launch app com.tencent.mm/10101 for service Intent { cmp=com.tencent.mm/.service.ProcessService$MMProcessService }, from null/-1.
11-11 16:04:00.312   675  1241 I ActivityManager: Process com.google.process.gservices (pid 9194) has died: cch+6CEM 
11-11 16:04:00.336   675  1241 D MtkConnectivityService: ConnectivityService NetworkRequestInfo binderDied(NetworkRequest [ LISTEN id=793, [ Capabilities: INTERNET&NOT_RESTRICTED&TRUSTED] ], android.os.BinderProxy@b9918e2)
11-11 16:04:00.338   675  5080 I ActivityManager: Process com.google.android.apps.youtube.mango (pid 9181) has died: cch+4CEM 
11-11 16:04:00.362   675  1046 I ActivityManager: Process com.whatsapp (pid 9301) has died: cch+2CEM 
11-11 16:04:00.382   675   705 D ProcessManager: killAllBackgroundProcesses
11-11 16:04:00.383   675   705 I ActivityManager: Killing 9060:com.tencent.mm:push/u0a101 (adj 900): *kill all background
11-11 16:04:00.384   675   705 W ActivityManager: Scheduling restart of crashed service com.tencent.mm/.booter.CoreService in 1000ms
11-11 16:04:00.638  9390  9390 E ActivityThread: Failed to find provider info for com.tencent.mm.coolassist.debugprovider
11-11 16:04:01.420   675   700 I ActivityManager: Start proc 9435:com.tencent.mm:push/u0a101 for service com.tencent.mm/.booter.CoreService
11-11 16:04:01.421   675   700 D ActivityManager: AMS: *** Launch app com.tencent.mm/10101 for service Intent { cmp=com.tencent.mm/.booter.CoreService }, from null/-1.
11-11 16:04:01.948  9435  9435 E ActivityThread: Failed to find provider info for com.tencent.mm.coolassist.debugprovider
11-11 16:04:02.899   675  5008 V SettingsProvider: packageValueForCallResult, name = time_12_24, value : Bundle[{_track_generation=android.util.MemoryIntArray@5e, value=12, _generation_index=2, _generation=342}]
11-11 16:04:03.681   675  5008 V SettingsProvider: packageValueForCallResult, name = time_12_24, value : Bundle[{_track_generation=android.util.MemoryIntArray@5e, value=12, _generation_index=2, _generation=342}]
11-11 16:04:04.138   675   700 E NotificationService: Suppressing notification from package by user request.
11-11 16:04:04.161   675   700 E NotificationService: Suppressing notification from package by user request.
11-11 16:04:04.187   675  1522 I ActivityManager: Process com.tencent.mm:push (pid 9435) has died: svcb SVC 
11-11 16:04:04.188   675  1522 W ActivityManager: Scheduling restart of crashed service com.tencent.mm/.booter.CoreService in 4000ms
11-11 16:04:04.235   675   705 D ProcessManager: killAllBackgroundProcesses
11-11 16:04:08.208   675   700 I ActivityManager: Start proc 9536:com.tencent.mm:push/u0a101 for service com.tencent.mm/.booter.CoreService
11-11 16:04:08.208   675   700 D ActivityManager: AMS: *** Launch app com.tencent.mm/10101 for service Intent { cmp=com.tencent.mm/.booter.CoreService }, from null/-1.
11-11 16:04:08.504  9536  9536 E ActivityThread: Failed to find provider info for com.tencent.mm.coolassist.debugprovider
11-11 16:04:09.644   675  7599 V SettingsProvider: packageValueForCallResult, name = time_12_24, value : Bundle[{_track_generation=android.util.MemoryIntArray@5e, value=12, _generation_index=2, _generation=342}]
11-11 16:04:15.320   675   675 I DeviceIdleController: updateChargingLocked: charging=true
11-11 16:04:15.320   675   675 I DeviceIdleController: becomeActiveLocked, reason = charging
11-11 16:04:16.346   675  4806 V SettingsProvider: name : battery_remaining_time appId : 1000
11-11 16:04:35.321   675   675 I DeviceIdleController: updateChargingLocked: charging=true
11-11 16:04:35.321   675   675 I DeviceIdleController: becomeActiveLocked, reason = charging
11-11 16:04:35.383   675   706 E BatteryExternalStatsWorker: no controller energy info supplied for wifi
11-11 16:04:35.383   675   706 E BatteryExternalStatsWorker: no controller energy info supplied for bluetooth
11-11 16:04:36.397   675   999 V SettingsProvider: name : battery_remaining_time appId : 1000
11-11 16:04:36.414  5449  5449 W ContextImpl: Calling a method in the system process without a qualified user: android.app.ContextImpl.sendBroadcast:967 android.content.ContextWrapper.sendBroadcast:437 com.transsion.powercenter.receiver.BatteryChangedReceiver.d:304 com.transsion.powercenter.receiver.BatteryChangedReceiver.c:296 com.transsion.powercenter.receiver.BatteryChangedReceiver.a:42 
11-11 16:04:36.415   675   999 W ActivityManager: Sending non-protected broadcast com.rlk.powersavemanagement.ACTION_AVAILABLE_TIME from system 5449:com.transsion.powercenter/1000 pkg com.transsion.powercenter
11-11 16:04:36.416   675   700 W BroadcastQueue: Background execution not allowed: receiving Intent { act=com.rlk.powersavemanagement.ACTION_AVAILABLE_TIME flg=0x10 (has extras) } to com.transsion.powercenter/.provider.PowerWidgetProvider
11-11 16:05:00.023   675  5080 V SettingsProvider: name : radio.data.stall.recovery.action appId : 1001
11-11 16:05:00.024   675  5080 V SettingsProvider: Package name : com.android.phone privateFlags : 2152
11-11 16:05:05.310   675   675 I DeviceIdleController: updateChargingLocked: charging=true
11-11 16:05:05.310   675   675 I DeviceIdleController: becomeActiveLocked, reason = charging
11-11 16:05:06.333   675   999 V SettingsProvider: name : battery_remaining_time appId : 1000
11-11 16:05:26.106   675   675 I JobServiceContext: Client timed out while executing (no jobFinished received), sending onStop: ffb6fcd #u0a115/1 com.xingin.xhs/com.xingin.a.a.f.XhsJsJobService
11-11 16:05:26.273   675  5080 I ActivityManager: Start proc 9647:com.google.process.gservices/u0a13 for content provider com.google.android.gsf/.gservices.GservicesProvider
11-11 16:05:27.114   675  5274 I ActivityManager: Start proc 9666:com.google.android.play.games.ui/u0a13 for content provider com.google.android.gms/.games.provider.NotificationStubContentProvider
11-11 16:05:27.831   675  5274 I ActivityManager: Start proc 9686:com.google.process.gapps/u0a13 for content provider com.google.android.gsf/.subscribedfeeds.SubscribedFeedsProvider
11-11 16:05:27.831   675  5274 W ActivityManager: Slow operation: 271ms so far, now at getContentProviderImpl: after start process
11-11 16:05:27.831   675  5274 W ActivityManager: Slow operation: 271ms so far, now at getContentProviderImpl: updating data structures
11-11 16:05:27.831   675  5274 W ActivityManager: Slow operation: 271ms so far, now at getContentProviderImpl: done!
11-11 16:05:35.335   675   675 I DeviceIdleController: updateChargingLocked: charging=true
11-11 16:05:35.336   675   675 I DeviceIdleController: becomeActiveLocked, reason = charging
11-11 16:05:36.355   675   999 V SettingsProvider: name : battery_remaining_time appId : 1000
11-11 16:05:55.326   675   675 I DeviceIdleController: updateChargingLocked: charging=true
11-11 16:05:55.326   675   675 I DeviceIdleController: becomeActiveLocked, reason = charging
11-11 16:05:56.340   675  5080 V SettingsProvider: name : battery_remaining_time appId : 1000
11-11 16:06:04.290   675   700 E NotificationService: Suppressing notification from package by user request.
11-11 16:06:09.400   675   700 I chatty  : uid=1000(system) ActivityManager identical 2 lines
11-11 16:06:09.452   675   700 E NotificationService: Suppressing notification from package by user request.
11-11 16:06:09.532   675   760 I ActivityManager: Force stopping com.xingin.xhs appid=10115 user=0: from pid 5449
11-11 16:06:09.532   675   760 I ActivityManager: Killing 7887:com.xingin.xhs:jsfp/u0a115 (adj 904): stop com.xingin.xhs
11-11 16:06:09.549   675   760 I ActivityManager:   Force finishing activity ActivityRecord{6dc162d u0 com.xingin.xhs/com.xingin.login.activity.WelcomeActivity t2390}
11-11 16:06:09.576   675   760 I ActivityManager:   Force finishing activity ActivityRecord{fc05aed u0 com.xingin.xhs/.index.IndexNewActivity t2390}
11-11 16:06:09.596   675   760 I ActivityManager:   Force finishing activity ActivityRecord{602544d u0 com.xingin.xhs/com.xingin.reactnative.ui.XhsReactActivity t2390}
11-11 16:06:09.617   675   760 I ActivityManager:   Force stopping service ServiceRecord{17d867a u0 com.xingin.xhs/org.daemon.AliveService}
11-11 16:06:09.622   675   760 I ActivityManager:   Force stopping service ServiceRecord{dc79e2b u0 com.xingin.xhs/com.xingin.android.xhscomm.dispatcher.DispatcherService}
11-11 16:06:09.648   675   701 W Looper  : Dispatch took 114ms on android.ui, h=Handler (com.android.server.am.ActivityManagerService$UiHandler) {c53aabc} cb=null msg=53
11-11 16:06:09.694   675   700 W BroadcastQueue: Background execution not allowed: receiving Intent { act=android.intent.action.PACKAGE_RESTARTED dat=package:com.xingin.xhs flg=0x10 (has extras) } to com.transsion.powercenter/.receiver.PackageRestartReceiver
11-11 16:06:09.910   675   760 D MtkConnectivityService: ConnectivityService NetworkRequestInfo binderDied(NetworkRequest [ LISTEN id=791, [ Capabilities: INTERNET&NOT_RESTRICTED&TRUSTED] ], android.os.BinderProxy@dfc915d)
11-11 16:06:09.911   675   760 D MtkConnectivityService: ConnectivityService NetworkRequestInfo binderDied(NetworkRequest [ TRACK_DEFAULT id=789, [ Capabilities: INTERNET&NOT_RESTRICTED&TRUSTED&NOT_VPN] ], android.os.BinderProxy@3c26ad2)
11-11 16:06:09.913   675   791 D MtkConnectivityService: releasing NetworkRequest [ TRACK_DEFAULT id=789, [ Capabilities: INTERNET&NOT_RESTRICTED&TRUSTED&NOT_VPN] ] (release request)
11-11 16:06:45.337   675   675 I DeviceIdleController: updateChargingLocked: charging=true
11-11 16:06:45.338   675   675 I DeviceIdleController: becomeActiveLocked, reason = charging
11-11 16:06:46.362   675  1521 V SettingsProvider: name : battery_remaining_time appId : 1000
11-11 16:07:15.335   675   675 I DeviceIdleController: updateChargingLocked: charging=true
11-11 16:07:15.335   675   675 I DeviceIdleController: becomeActiveLocked, reason = charging
11-11 16:07:16.351   675  5080 V SettingsProvider: name : battery_remaining_time appId : 1000
11-11 16:07:25.319   675   675 I DeviceIdleController: updateChargingLocked: charging=true
11-11 16:07:25.320   675   675 I DeviceIdleController: becomeActiveLocked, reason = charging
11-11 16:07:26.333   675   760 V SettingsProvider: name : battery_remaining_time appId : 1000
11-11 16:07:27.414   675   773 D WindowManager: interceptPowerKeyDown interactive:false hungUp:false mScreenshotChordVolumeDownKeyTriggered:false mA11yShortcutChordVolumeUpKeyTriggered:false gesturedServiceIntercepted:false
11-11 16:07:27.416   675   773 D PowerManagerService: boost when screen on
11-11 16:07:27.416   675   773 I PowerManagerService: Waking up from sleep (uid=1000 reason=android.policy:POWER)...
11-11 16:07:27.418   675   717 I DisplayPowerController: Blocking screen on until initial contents have been drawn.
11-11 16:07:27.427   675   701 I WindowManager: Waiting for drawn Window{c89c69a u0 StatusBar}: removed=false visible=true mHasSurface=true drawState=1
11-11 16:07:27.429   675   713 I DisplayManagerService: Display device changed state: "", ON
11-11 16:07:27.440   675   756 I WindowManager: Waiting for drawn Window{c89c69a u0 StatusBar}: removed=false visible=true mHasSurface=true drawState=1
11-11 16:07:27.453   675   701 W ContextImpl: Calling a method in the system process without a qualified user: android.app.ContextImpl.sendBroadcast:967 com.mediatek.server.stk.StkManagerImpl$2.run:110 android.os.Handler.handleCallback:790 android.os.Handler.dispatchMessage:99 android.os.Looper.loop:164 
11-11 16:07:27.454   675   675 V AlarmManager: wmy: ACTION_SCREEN_ON
11-11 16:07:27.454   675   675 V AlarmManager: wmy: readdpending alarm size()
11-11 16:07:27.454   675   675 V AlarmManager: wmy: readdpending alarm Alarm{51b1aff type 2 when 1037362440 com.tencent.mm}
11-11 16:07:27.454   675   675 V AlarmManager: wmy: readdpending alarm Alarm{efe60cc type 3 when 1037098977 com.tencent.mm}
11-11 16:07:27.455   675   700 W BroadcastQueue: Background execution not allowed: receiving Intent { act=mediatek.intent.action.stk.USER_ACTIVITY flg=0x10 } to com.android.stk/.EventReceiver
11-11 16:07:27.455   675   675 V AlarmManager: wmy: readdpending alarm Alarm{d958f15 type 0 when 1573460349918 com.tencent.mm}
11-11 16:07:27.455   675   675 V AlarmManager: wmy: readdpending alarm Alarm{984822a type 2 when 1037698893 com.tencent.mm}
11-11 16:07:27.455   675   675 V AlarmManager: wmy: readdpending alarm Alarm{390681b type 3 when 1037093090 com.tencent.mm}
11-11 16:07:27.455   675   675 V AlarmManager: wmy: readdpending alarm Alarm{ffdceb1 type 0 when 1888798511424 com.opera.mini.native}
11-11 16:07:27.456   675   675 V AlarmManager: wmy: readdpending alarm Alarm{fbfeac2 type 2 when 3547088581 com.whatsapp}
11-11 16:07:27.456   675   675 V AlarmManager: wmy: readdpending alarm Alarm{bbbfc4e type 2 when 1377300051 com.tencent.mm}
11-11 16:07:27.456   675   675 V AlarmManager: wmy: readdpending alarm Alarm{83e616f type 2 when 1302368500 com.tencent.mm}
11-11 16:07:27.456   675   675 V AlarmManager: wmy: readdpending alarm Alarm{f197e7c type 2 when 1220882501 com.tencent.mm}
11-11 16:07:27.458   675   675 V AlarmManager: wmy: readdpending alarm Alarm{24a40d3 type 0 when 1573495200000 com.whatsapp}
11-11 16:07:27.458   675   675 V AlarmManager: wmy: readdpending alarm Alarm{f901410 type 2 when 1071093641 com.whatsapp}
11-11 16:07:27.458   675   675 V AlarmManager: wmy: readdpending alarm Alarm{f4e2e09 type 2 when 1070768309 com.tencent.mm}
11-11 16:07:27.459   675   675 V AlarmManager: wmy: readdpending alarm Alarm{a46880e type 2 when 1067079924 com.tencent.mm}
11-11 16:07:27.459   675   675 V AlarmManager: wmy: readdpending alarm Alarm{ad59b09 type 0 when 1573488000000 com.whatsapp}
11-11 16:07:27.459   675   675 V AlarmManager: wmy: readdpending alarm Alarm{650622f type 2 when 1062874741 com.tencent.mm}
11-11 16:07:27.459   675   675 V AlarmManager: wmy: readdpending alarm Alarm{416bdb8 type 2 when 1037467070 com.tencent.mm}
11-11 16:07:27.460   675   675 V AlarmManager: wmy: readdpending alarm Alarm{fcd0791 type 2 when 1037404970 com.tencent.mm}
11-11 16:07:27.460   675   675 V AlarmManager: wmy: readdpending alarm Alarm{dc096f6 type 2 when 1037339985 com.tencent.mm}
11-11 16:07:27.460   675   675 V AlarmManager: wmy: readdpending alarm Alarm{1436af7 type 2 when 1037298884 com.tencent.mm}
11-11 16:07:27.460   675   675 V AlarmManager: wmy: readdpending alarm Alarm{655fd64 type 2 when 1037281408 com.tencent.mm}
11-11 16:07:27.461   675   675 V AlarmManager: wmy: readdpending alarm Alarm{5298bcd type 2 when 1037230637 com.tencent.mm}
11-11 16:07:27.462   675   675 V AlarmManager: wmy: readdpending alarm Alarm{8d72c82 type 2 when 1037210679 com.tencent.mm}
11-11 16:07:27.462   675   675 V AlarmManager: wmy: readdpending alarm Alarm{1b9bf93 type 2 when 1037204647 com.tencent.mm}
11-11 16:07:27.462   675   675 V AlarmManager: wmy: readdpending alarm Alarm{3278bd0 type 2 when 1037202111 com.tencent.mm}
11-11 16:07:27.462   675   675 V AlarmManager: wmy: readdpending alarm Alarm{75017c9 type 2 when 1037178381 com.tencent.mm}
11-11 16:07:27.463   675   675 V AlarmManager: wmy: readdpending alarm Alarm{2cf8ece type 2 when 1037158280 com.tencent.mm}
11-11 16:07:27.463   675   675 V AlarmManager: wmy: readdpending alarm Alarm{136c1ef type 2 when 1037151925 com.tencent.mm}
11-11 16:07:27.463   675   675 V AlarmManager: wmy: readdpending alarm Alarm{14194fc type 2 when 1037139967 com.tencent.mm}
11-11 16:07:27.464   675   675 V AlarmManager: wmy: readdpending alarm Alarm{b396785 type 2 when 1037333004 com.tencent.mm}
11-11 16:07:27.464   675   675 V AlarmManager: wmy: readdpending alarm Alarm{ad9c9da type 2 when 1037692974 com.tencent.mm}
11-11 16:07:27.464   675   675 V AlarmManager: wmy: readdpending alarm Alarm{2d78e0b type 2 when 1037690864 com.tencent.mm}
11-11 16:07:27.464   675   675 V AlarmManager: wmy: readdpending alarm Alarm{a9104e8 type 2 when 1037288739 com.tencent.mm}
11-11 16:07:27.465   675   675 V AlarmManager: wmy: readdpending alarm Alarm{2adf701 type 3 when 1040607791 com.whatsapp}
11-11 16:07:27.465   675   675 V AlarmManager: wmy: readdpending alarm Alarm{11aa9a6 type 3 when 1037298975 com.tencent.mm}
11-11 16:07:27.465   675   675 V AlarmManager: wmy: readdpending alarm Alarm{46effe7 type 3 when 1037230736 com.tencent.mm}
11-11 16:07:27.466   675   675 V AlarmManager: wmy: readdpending alarm Alarm{8e58794 type 3 when 1037210770 com.tencent.mm}
11-11 16:07:27.466   675   675 V AlarmManager: wmy: readdpending alarm Alarm{982023d type 3 when 1037167185 com.tencent.mm}
11-11 16:07:27.467   675   675 V AlarmManager: wmy: readdpending alarm Alarm{137ba32 type 3 when 1037158446 com.tencent.mm}
11-11 16:07:27.467   675   675 V AlarmManager: wmy: readdpending alarm Alarm{421b383 type 3 when 1080000000 com.whatsapp}
11-11 16:07:27.478   675   756 I WindowManager: Waiting for drawn Window{c89c69a u0 StatusBar}: removed=false visible=true mHasSurface=true drawState=1
11-11 16:07:27.501   675  7262 V SettingsProvider: name : face_unlock_succeed appId : 10031
11-11 16:07:27.501   675  7262 V SettingsProvider: Package name : com.android.systemui privateFlags : 4200
11-11 16:07:27.528   675   675 D DeviceIdleController: updateInteractivityLocked: screenOn=true
11-11 16:07:27.528   675   675 I DeviceIdleController: becomeActiveLocked, reason = screen
11-11 16:07:27.586   675   756 I WindowManager: Waiting for drawn Window{c89c69a u0 StatusBar}: removed=false visible=true mHasSurface=true drawState=4
11-11 16:07:27.586   675   756 D WindowManager: Window drawn win=Window{c89c69a u0 StatusBar}
11-11 16:07:27.586   675   756 D WindowManager: All windows drawn!
11-11 16:07:27.595   675   701 D WindowOrientationListener: WindowOrientationListener enabled clearCurrentRotation=true
11-11 16:07:27.607   675   717 I DisplayPowerController: Unblocked screen on after 190 ms
11-11 16:07:27.611   675   717 W PowerManagerService: Screen on took 209 ms
11-11 16:07:27.676  5449  5449 W ContextImpl: Calling a method in the system process without a qualified user: android.app.ContextImpl.startForegroundService:1483 android.content.ContextWrapper.startForegroundService:655 com.transsion.powercenter.receiver.ScreenStatusReceiver.onReceive:93 android.app.LoadedApk$ReceiverDispatcher$Args.lambda$-android_app_LoadedApk$ReceiverDispatcher$Args_53034:1323 android.app.-$Lambda$aS31cHIhRx41653CMnd4gZqshIQ.$m$7:4 
11-11 16:07:27.705   675   773 D WindowManager: interceptPowerKeyUp interactive:true canceled:false handled:true
11-11 16:07:27.789   675   700 E NotificationService: Suppressing notification from package by user request.
11-11 16:07:27.808   675   700 E NotificationService: Suppressing notification from package by user request.
11-11 16:07:27.917   675   717 D PowerManagerService: disable screen on boost
11-11 16:07:28.026   675  7262 I ActivityManager: Start proc 9727:com.google.android.apps.youtube.mango/u0a85 for service com.google.android.apps.youtube.mango/com.firebase.jobdispatcher.GooglePlayReceiver
11-11 16:07:28.026   675  7262 D ActivityManager: AMS: *** Launch app com.google.android.apps.youtube.mango/10085 for service Intent { act=com.google.android.gms.gcm.ACTION_TASK_READY cmp=com.google.android.apps.youtube.mango/com.firebase.jobdispatcher.GooglePlayReceiver }, from com.google.android.gms/10013.
11-11 16:07:28.296 25895 25895 W ViewRootImpl[PicUI]: Cancelling event due to no window focus: MotionEvent { action=ACTION_CANCEL, actionButton=0, id[0]=0, x[0]=300.9652, y[0]=777.87366, toolType[0]=TOOL_TYPE_UNKNOWN, buttonState=0, metaState=0, flags=0x0, edgeFlags=0x0, pointerCount=1, historySize=0, eventTime=131876537, downTime=131245284, deviceId=0, source=0x1002 }
11-11 16:07:28.296 25895 25895 I chatty  : uid=10114(com.opera.olist) identical 1 line
11-11 16:07:28.296 25895 25895 W ViewRootImpl[PicUI]: Cancelling event due to no window focus: MotionEvent { action=ACTION_CANCEL, actionButton=0, id[0]=0, x[0]=300.9652, y[0]=777.87366, toolType[0]=TOOL_TYPE_UNKNOWN, buttonState=0, metaState=0, flags=0x0, edgeFlags=0x0, pointerCount=1, historySize=0, eventTime=131876537, downTime=131245284, deviceId=0, source=0x1002 }
11-11 16:07:28.325   675   701 W ContextImpl: Calling a method in the system process without a qualified user: android.app.ContextImpl.sendBroadcast:967 com.mediatek.server.stk.StkManagerImpl$2.run:110 android.os.Handler.handleCallback:790 android.os.Handler.dispatchMessage:99 android.os.Looper.loop:164 
11-11 16:07:28.327   675   700 W BroadcastQueue: Background execution not allowed: receiving Intent { act=mediatek.intent.action.stk.USER_ACTIVITY flg=0x10 } to com.android.stk/.EventReceiver
11-11 16:07:28.440   830   830 D KeyguardBouncer: show() - try to dismiss "Bouncer" directly.
11-11 16:07:28.784   675  4419 I WindowManager: Relayout Window{433afda u0 NavigationBar}: oldVis=8 newVis=0 focusMayChange = true
11-11 16:07:28.929   675   701 V WindowOrientationListener: Proposed rotation changed!  proposedRotation=0, oldProposedRotation=-1
11-11 16:07:29.138   675   701 W ContextImpl: Calling a method in the system process without a qualified user: android.app.ContextImpl.sendBroadcast:967 com.mediatek.server.stk.StkManagerImpl$2.run:110 android.os.Handler.handleCallback:790 android.os.Handler.dispatchMessage:99 android.os.Looper.loop:164 
11-11 16:07:29.139   675  7262 D VibratorService: enable vibrator
11-11 16:07:29.139   675   700 W BroadcastQueue: Background execution not allowed: receiving Intent { act=mediatek.intent.action.stk.USER_ACTIVITY flg=0x10 } to com.android.stk/.EventReceiver
11-11 16:07:29.336   675   701 W ContextImpl: Calling a method in the system process without a qualified user: android.app.ContextImpl.sendBroadcast:967 com.mediatek.server.stk.StkManagerImpl$2.run:110 android.os.Handler.handleCallback:790 android.os.Handler.dispatchMessage:99 android.os.Looper.loop:164 
11-11 16:07:29.338   675   700 W BroadcastQueue: Background execution not allowed: receiving Intent { act=mediatek.intent.action.stk.USER_ACTIVITY flg=0x10 } to com.android.stk/.EventReceiver
11-11 16:07:29.340   675   760 D VibratorService: enable vibrator
11-11 16:07:29.387   675   701 W ContextImpl: Calling a method in the system process without a qualified user: android.app.ContextImpl.sendBroadcast:967 com.mediatek.server.stk.StkManagerImpl$2.run:110 android.os.Handler.handleCallback:790 android.os.Handler.dispatchMessage:99 android.os.Looper.loop:164 
11-11 16:07:29.388   675  7262 D VibratorService: enable vibrator
11-11 16:07:29.390   675   700 W BroadcastQueue: Background execution not allowed: receiving Intent { act=mediatek.intent.action.stk.USER_ACTIVITY flg=0x10 } to com.android.stk/.EventReceiver
11-11 16:07:29.930   675   700 W BroadcastQueue: Background execution not allowed: receiving Intent { act=android.intent.action.DROPBOX_ENTRY_ADDED flg=0x10 (has extras) } to com.google.android.gms/.stats.service.DropBoxEntryAddedReceiver
11-11 16:07:29.930   675   700 W BroadcastQueue: Background execution not allowed: receiving Intent { act=android.intent.action.DROPBOX_ENTRY_ADDED flg=0x10 (has extras) } to com.google.android.gms/.chimera.GmsIntentOperationService$PersistentTrustedReceiver
11-11 16:07:29.936   675   700 W BroadcastQueue: Background execution not allowed: receiving Intent { act=android.intent.action.DROPBOX_ENTRY_ADDED flg=0x10 (has extras) } to com.google.android.gms/.stats.service.DropBoxEntryAddedReceiver
11-11 16:07:29.936   675   700 W BroadcastQueue: Background execution not allowed: receiving Intent { act=android.intent.action.DROPBOX_ENTRY_ADDED flg=0x10 (has extras) } to com.google.android.gms/.chimera.GmsIntentOperationService$PersistentTrustedReceiver
11-11 16:07:30.162   675   701 W ContextImpl: Calling a method in the system process without a qualified user: android.app.ContextImpl.sendBroadcast:967 com.mediatek.server.stk.StkManagerImpl$2.run:110 android.os.Handler.handleCallback:790 android.os.Handler.dispatchMessage:99 android.os.Looper.loop:164 
11-11 16:07:30.163   675  7775 D VibratorService: enable vibrator
11-11 16:07:30.163   675   700 W BroadcastQueue: Background execution not allowed: receiving Intent { act=mediatek.intent.action.stk.USER_ACTIVITY flg=0x10 } to com.android.stk/.EventReceiver
11-11 16:07:30.328   675   701 W ContextImpl: Calling a method in the system process without a qualified user: android.app.ContextImpl.sendBroadcast:967 com.mediatek.server.stk.StkManagerImpl$2.run:110 android.os.Handler.handleCallback:790 android.os.Handler.dispatchMessage:99 android.os.Looper.loop:164 
11-11 16:07:30.329   675  4419 D VibratorService: enable vibrator
11-11 16:07:30.330   675   700 W BroadcastQueue: Background execution not allowed: receiving Intent { act=mediatek.intent.action.stk.USER_ACTIVITY flg=0x10 } to com.android.stk/.EventReceiver
11-11 16:07:30.576   675   701 W ContextImpl: Calling a method in the system process without a qualified user: android.app.ContextImpl.sendBroadcast:967 com.mediatek.server.stk.StkManagerImpl$2.run:110 android.os.Handler.handleCallback:790 android.os.Handler.dispatchMessage:99 android.os.Looper.loop:164 
11-11 16:07:30.578   675  7775 D VibratorService: enable vibrator
11-11 16:07:30.579   675   700 W BroadcastQueue: Background execution not allowed: receiving Intent { act=mediatek.intent.action.stk.USER_ACTIVITY flg=0x10 } to com.android.stk/.EventReceiver
