11-11 16:08:34.765   675   701 W ContextImpl: Calling a method in the system process without a qualified user: android.app.ContextImpl.sendBroadcast:967 com.mediatek.server.stk.StkManagerImpl$2.run:110 android.os.Handler.handleCallback:790 android.os.Handler.dispatchMessage:99 android.os.Looper.loop:164 
11-11 16:08:34.766   675   700 W BroadcastQueue: Background execution not allowed: receiving Intent { act=mediatek.intent.action.stk.USER_ACTIVITY flg=0x10 } to com.android.stk/.EventReceiver
11-11 16:08:35.310   675   701 W ContextImpl: Calling a method in the system process without a qualified user: android.app.ContextImpl.sendBroadcast:967 com.mediatek.server.stk.StkManagerImpl$2.run:110 android.os.Handler.handleCallback:790 android.os.Handler.dispatchMessage:99 android.os.Looper.loop:164 
11-11 16:08:35.311   675   700 W BroadcastQueue: Background execution not allowed: receiving Intent { act=mediatek.intent.action.stk.USER_ACTIVITY flg=0x10 } to com.android.stk/.EventReceiver
11-11 16:08:35.325   675   675 I DeviceIdleController: updateChargingLocked: charging=true
11-11 16:08:35.325   675   675 I DeviceIdleController: becomeActiveLocked, reason = charging
11-11 16:08:35.338   675   687 I ActivityManager: START u0 {act=com.transsion.xlauncher.RecentlyUninstallActivity pkg=com.transsion.hilauncher cmp=com.transsion.hilauncher/com.transsion.xlauncher.recentlyuninstall.RecentlyUninstallActivity} from uid 10024
11-11 16:08:35.843   675   701 W ContextImpl: Calling a method in the system process without a qualified user: android.app.ContextImpl.sendBroadcast:967 com.mediatek.server.stk.StkManagerImpl$2.run:110 android.os.Handler.handleCallback:790 android.os.Handler.dispatchMessage:99 android.os.Looper.loop:164 
11-11 16:08:35.844   675   700 W BroadcastQueue: Background execution not allowed: receiving Intent { act=mediatek.intent.action.stk.USER_ACTIVITY flg=0x10 } to com.android.stk/.EventReceiver
11-11 16:08:36.345   675  1521 V SettingsProvider: name : battery_remaining_time appId : 1000
11-11 16:08:36.430   675   701 W ContextImpl: Calling a method in the system process without a qualified user: android.app.ContextImpl.sendBroadcast:967 com.mediatek.server.stk.StkManagerImpl$2.run:110 android.os.Handler.handleCallback:790 android.os.Handler.dispatchMessage:99 android.os.Looper.loop:164 
11-11 16:08:36.431   675   700 W BroadcastQueue: Background execution not allowed: receiving Intent { act=mediatek.intent.action.stk.USER_ACTIVITY flg=0x10 } to com.android.stk/.EventReceiver
11-11 16:08:36.940   675   701 W ContextImpl: Calling a method in the system process without a qualified user: android.app.ContextImpl.sendBroadcast:967 com.mediatek.server.stk.StkManagerImpl$2.run:110 android.os.Handler.handleCallback:790 android.os.Handler.dispatchMessage:99 android.os.Looper.loop:164 
11-11 16:08:36.942   675   700 W BroadcastQueue: Background execution not allowed: receiving Intent { act=mediatek.intent.action.stk.USER_ACTIVITY flg=0x10 } to com.android.stk/.EventReceiver
11-11 16:08:37.450   675   701 W ContextImpl: Calling a method in the system process without a qualified user: android.app.ContextImpl.sendBroadcast:967 com.mediatek.server.stk.StkManagerImpl$2.run:110 android.os.Handler.handleCallback:790 android.os.Handler.dispatchMessage:99 android.os.Looper.loop:164 
11-11 16:08:37.452   675   700 W BroadcastQueue: Background execution not allowed: receiving Intent { act=mediatek.intent.action.stk.USER_ACTIVITY flg=0x10 } to com.android.stk/.EventReceiver
11-11 16:08:37.972   675   701 W ContextImpl: Calling a method in the system process without a qualified user: android.app.ContextImpl.sendBroadcast:967 com.mediatek.server.stk.StkManagerImpl$2.run:110 android.os.Handler.handleCallback:790 android.os.Handler.dispatchMessage:99 android.os.Looper.loop:164 
11-11 16:08:37.973   675   700 W BroadcastQueue: Background execution not allowed: receiving Intent { act=mediatek.intent.action.stk.USER_ACTIVITY flg=0x10 } to com.android.stk/.EventReceiver
11-11 16:08:38.114   675   701 W ContextImpl: Calling a method in the system process without a qualified user: android.app.ContextImpl.sendBroadcast:967 com.mediatek.server.stk.StkManagerImpl$2.run:110 android.os.Handler.handleCallback:790 android.os.Handler.dispatchMessage:99 android.os.Looper.loop:164 
11-11 16:08:38.115   675   700 W BroadcastQueue: Background execution not allowed: receiving Intent { act=mediatek.intent.action.stk.USER_ACTIVITY flg=0x10 } to com.android.stk/.EventReceiver
11-11 16:08:38.126   675   701 W ContextImpl: Calling a method in the system process without a qualified user: android.app.ContextImpl.sendBroadcast:967 com.mediatek.server.stk.StkManagerImpl$2.run:110 android.os.Handler.handleCallback:790 android.os.Handler.dispatchMessage:99 android.os.Looper.loop:164 
11-11 16:08:38.127   675   700 W BroadcastQueue: Background execution not allowed: receiving Intent { act=mediatek.intent.action.stk.USER_ACTIVITY flg=0x10 } to com.android.stk/.EventReceiver
11-11 16:08:38.129   675   701 W ContextImpl: Calling a method in the system process without a qualified user: android.app.ContextImpl.sendBroadcast:967 com.mediatek.server.stk.StkManagerImpl$2.run:110 android.os.Handler.handleCallback:790 android.os.Handler.dispatchMessage:99 android.os.Looper.loop:164 
11-11 16:08:38.130   675   700 W BroadcastQueue: Background execution not allowed: receiving Intent { act=mediatek.intent.action.stk.USER_ACTIVITY flg=0x10 } to com.android.stk/.EventReceiver
11-11 16:08:38.623   675   701 W ContextImpl: Calling a method in the system process without a qualified user: android.app.ContextImpl.sendBroadcast:967 com.mediatek.server.stk.StkManagerImpl$2.run:110 android.os.Handler.handleCallback:790 android.os.Handler.dispatchMessage:99 android.os.Looper.loop:164 
11-11 16:08:38.625   675   700 W BroadcastQueue: Background execution not allowed: receiving Intent { act=mediatek.intent.action.stk.USER_ACTIVITY flg=0x10 } to com.android.stk/.EventReceiver
11-11 16:08:38.659   675   701 W ContextImpl: Calling a method in the system process without a qualified user: android.app.ContextImpl.sendBroadcast:967 com.mediatek.server.stk.StkManagerImpl$2.run:110 android.os.Handler.handleCallback:790 android.os.Handler.dispatchMessage:99 android.os.Looper.loop:164 
11-11 16:08:38.660   675   700 W BroadcastQueue: Background execution not allowed: receiving Intent { act=mediatek.intent.action.stk.USER_ACTIVITY flg=0x10 } to com.android.stk/.EventReceiver
11-11 16:08:38.662   675   701 W ContextImpl: Calling a method in the system process without a qualified user: android.app.ContextImpl.sendBroadcast:967 com.mediatek.server.stk.StkManagerImpl$2.run:110 android.os.Handler.handleCallback:790 android.os.Handler.dispatchMessage:99 android.os.Looper.loop:164 
11-11 16:08:38.663   675   700 W BroadcastQueue: Background execution not allowed: receiving Intent { act=mediatek.intent.action.stk.USER_ACTIVITY flg=0x10 } to com.android.stk/.EventReceiver
11-11 16:08:39.034   675   701 W ContextImpl: Calling a method in the system process without a qualified user: android.app.ContextImpl.sendBroadcast:967 com.mediatek.server.stk.StkManagerImpl$2.run:110 android.os.Handler.handleCallback:790 android.os.Handler.dispatchMessage:99 android.os.Looper.loop:164 
11-11 16:08:39.036   675   700 W BroadcastQueue: Background execution not allowed: receiving Intent { act=mediatek.intent.action.stk.USER_ACTIVITY flg=0x10 } to com.android.stk/.EventReceiver
11-11 16:08:39.163   675   701 W ContextImpl: Calling a method in the system process without a qualified user: android.app.ContextImpl.sendBroadcast:967 com.mediatek.server.stk.StkManagerImpl$2.run:110 android.os.Handler.handleCallback:790 android.os.Handler.dispatchMessage:99 android.os.Looper.loop:164 
11-11 16:08:39.167   675   700 W BroadcastQueue: Background execution not allowed: receiving Intent { act=mediatek.intent.action.stk.USER_ACTIVITY flg=0x10 } to com.android.stk/.EventReceiver
11-11 16:08:39.680   675   701 W ContextImpl: Calling a method in the system process without a qualified user: android.app.ContextImpl.sendBroadcast:967 com.mediatek.server.stk.StkManagerImpl$2.run:110 android.os.Handler.handleCallback:790 android.os.Handler.dispatchMessage:99 android.os.Looper.loop:164 
11-11 16:08:39.683   675   700 W BroadcastQueue: Background execution not allowed: receiving Intent { act=mediatek.intent.action.stk.USER_ACTIVITY flg=0x10 } to com.android.stk/.EventReceiver
11-11 16:08:40.260   675   701 W ContextImpl: Calling a method in the system process without a qualified user: android.app.ContextImpl.sendBroadcast:967 com.mediatek.server.stk.StkManagerImpl$2.run:110 android.os.Handler.handleCallback:790 android.os.Handler.dispatchMessage:99 android.os.Looper.loop:164 
11-11 16:08:40.261   675   700 W BroadcastQueue: Background execution not allowed: receiving Intent { act=mediatek.intent.action.stk.USER_ACTIVITY flg=0x10 } to com.android.stk/.EventReceiver
11-11 16:08:40.779   675   701 W ContextImpl: Calling a method in the system process without a qualified user: android.app.ContextImpl.sendBroadcast:967 com.mediatek.server.stk.StkManagerImpl$2.run:110 android.os.Handler.handleCallback:790 android.os.Handler.dispatchMessage:99 android.os.Looper.loop:164 
11-11 16:08:40.780   675   700 W BroadcastQueue: Background execution not allowed: receiving Intent { act=mediatek.intent.action.stk.USER_ACTIVITY flg=0x10 } to com.android.stk/.EventReceiver
11-11 16:08:40.798   675   701 W ContextImpl: Calling a method in the system process without a qualified user: android.app.ContextImpl.sendBroadcast:967 com.mediatek.server.stk.StkManagerImpl$2.run:110 android.os.Handler.handleCallback:790 android.os.Handler.dispatchMessage:99 android.os.Looper.loop:164 
11-11 16:08:40.799   675   700 W BroadcastQueue: Background execution not allowed: receiving Intent { act=mediatek.intent.action.stk.USER_ACTIVITY flg=0x10 } to com.android.stk/.EventReceiver
11-11 16:08:40.805   675   701 W ContextImpl: Calling a method in the system process without a qualified user: android.app.ContextImpl.sendBroadcast:967 com.mediatek.server.stk.StkManagerImpl$2.run:110 android.os.Handler.handleCallback:790 android.os.Handler.dispatchMessage:99 android.os.Looper.loop:164 
11-11 16:08:40.807   675   700 W BroadcastQueue: Background execution not allowed: receiving Intent { act=mediatek.intent.action.stk.USER_ACTIVITY flg=0x10 } to com.android.stk/.EventReceiver
11-11 16:08:41.301   675   701 W ContextImpl: Calling a method in the system process without a qualified user: android.app.ContextImpl.sendBroadcast:967 com.mediatek.server.stk.StkManagerImpl$2.run:110 android.os.Handler.handleCallback:790 android.os.Handler.dispatchMessage:99 android.os.Looper.loop:164 
11-11 16:08:41.305   675   701 W ContextImpl: Calling a method in the system process without a qualified user: android.app.ContextImpl.sendBroadcast:967 com.mediatek.server.stk.StkManagerImpl$2.run:110 android.os.Handler.handleCallback:790 android.os.Handler.dispatchMessage:99 android.os.Looper.loop:164 
11-11 16:08:41.305   675   700 W BroadcastQueue: Background execution not allowed: receiving Intent { act=mediatek.intent.action.stk.USER_ACTIVITY flg=0x10 } to com.android.stk/.EventReceiver
11-11 16:08:41.307   675   700 W BroadcastQueue: Background execution not allowed: receiving Intent { act=mediatek.intent.action.stk.USER_ACTIVITY flg=0x10 } to com.android.stk/.EventReceiver
11-11 16:08:41.640   675   701 W ContextImpl: Calling a method in the system process without a qualified user: android.app.ContextImpl.sendBroadcast:967 com.mediatek.server.stk.StkManagerImpl$2.run:110 android.os.Handler.handleCallback:790 android.os.Handler.dispatchMessage:99 android.os.Looper.loop:164 
11-11 16:08:41.641   675   700 W BroadcastQueue: Background execution not allowed: receiving Intent { act=mediatek.intent.action.stk.USER_ACTIVITY flg=0x10 } to com.android.stk/.EventReceiver
11-11 16:08:41.812   675   701 W ContextImpl: Calling a method in the system process without a qualified user: android.app.ContextImpl.sendBroadcast:967 com.mediatek.server.stk.StkManagerImpl$2.run:110 android.os.Handler.handleCallback:790 android.os.Handler.dispatchMessage:99 android.os.Looper.loop:164 
11-11 16:08:41.813   675   700 W BroadcastQueue: Background execution not allowed: receiving Intent { act=mediatek.intent.action.stk.USER_ACTIVITY flg=0x10 } to com.android.stk/.EventReceiver
11-11 16:08:42.319   675   701 W ContextImpl: Calling a method in the system process without a qualified user: android.app.ContextImpl.sendBroadcast:967 com.mediatek.server.stk.StkManagerImpl$2.run:110 android.os.Handler.handleCallback:790 android.os.Handler.dispatchMessage:99 android.os.Looper.loop:164 
11-11 16:08:42.320   675   700 W BroadcastQueue: Background execution not allowed: receiving Intent { act=mediatek.intent.action.stk.USER_ACTIVITY flg=0x10 } to com.android.stk/.EventReceiver
11-11 16:08:42.831   675   701 W ContextImpl: Calling a method in the system process without a qualified user: android.app.ContextImpl.sendBroadcast:967 com.mediatek.server.stk.StkManagerImpl$2.run:110 android.os.Handler.handleCallback:790 android.os.Handler.dispatchMessage:99 android.os.Looper.loop:164 
11-11 16:08:42.832   675   700 W BroadcastQueue: Background execution not allowed: receiving Intent { act=mediatek.intent.action.stk.USER_ACTIVITY flg=0x10 } to com.android.stk/.EventReceiver
11-11 16:08:42.852   675  1611 I ActivityManager: START u0 {act=android.intent.action.MAIN cat=[android.intent.category.LAUNCHER] flg=0x10200000 cmp=com.transsion.hilauncher/com.android.launcher3.searchbox.CustomSearchActivity (has extras)} from uid 10024
11-11 16:08:43.370   675   701 W ContextImpl: Calling a method in the system process without a qualified user: android.app.ContextImpl.sendBroadcast:967 com.mediatek.server.stk.StkManagerImpl$2.run:110 android.os.Handler.handleCallback:790 android.os.Handler.dispatchMessage:99 android.os.Looper.loop:164 
11-11 16:08:43.371   675   700 W BroadcastQueue: Background execution not allowed: receiving Intent { act=mediatek.intent.action.stk.USER_ACTIVITY flg=0x10 } to com.android.stk/.EventReceiver
11-11 16:08:43.881   675   701 W ContextImpl: Calling a method in the system process without a qualified user: android.app.ContextImpl.sendBroadcast:967 com.mediatek.server.stk.StkManagerImpl$2.run:110 android.os.Handler.handleCallback:790 android.os.Handler.dispatchMessage:99 android.os.Looper.loop:164 
11-11 16:08:43.885   675   700 W BroadcastQueue: Background execution not allowed: receiving Intent { act=mediatek.intent.action.stk.USER_ACTIVITY flg=0x10 } to com.android.stk/.EventReceiver
11-11 16:08:44.409   675   701 W ContextImpl: Calling a method in the system process without a qualified user: android.app.ContextImpl.sendBroadcast:967 com.mediatek.server.stk.StkManagerImpl$2.run:110 android.os.Handler.handleCallback:790 android.os.Handler.dispatchMessage:99 android.os.Looper.loop:164 
11-11 16:08:44.415   675   700 W BroadcastQueue: Background execution not allowed: receiving Intent { act=mediatek.intent.action.stk.USER_ACTIVITY flg=0x10 } to com.android.stk/.EventReceiver
11-11 16:08:45.043   675   701 W ContextImpl: Calling a method in the system process without a qualified user: android.app.ContextImpl.sendBroadcast:967 com.mediatek.server.stk.StkManagerImpl$2.run:110 android.os.Handler.handleCallback:790 android.os.Handler.dispatchMessage:99 android.os.Looper.loop:164 
11-11 16:08:45.046   675   700 W BroadcastQueue: Background execution not allowed: receiving Intent { act=mediatek.intent.action.stk.USER_ACTIVITY flg=0x10 } to com.android.stk/.EventReceiver
11-11 16:08:45.325   675   675 I DeviceIdleController: updateChargingLocked: charging=true
11-11 16:08:45.325   675   675 I DeviceIdleController: becomeActiveLocked, reason = charging
11-11 16:08:45.556   675   701 W ContextImpl: Calling a method in the system process without a qualified user: android.app.ContextImpl.sendBroadcast:967 com.mediatek.server.stk.StkManagerImpl$2.run:110 android.os.Handler.handleCallback:790 android.os.Handler.dispatchMessage:99 android.os.Looper.loop:164 
11-11 16:08:45.557   675   700 W BroadcastQueue: Background execution not allowed: receiving Intent { act=mediatek.intent.action.stk.USER_ACTIVITY flg=0x10 } to com.android.stk/.EventReceiver
11-11 16:08:45.611   675  1521 I ActivityManager: START u0 {act=android.intent.action.MAIN cat=[android.intent.category.LAUNCHER] flg=0x10200000 pkg=com.mediatek.camera cmp=com.mediatek.camera/.CameraLauncher bnds=[570,1220][710,1344] (has extras)} from uid 10024
11-11 16:08:45.622   675   700 W BroadcastQueue: Permission Denial: receiving Intent { act=com.android.launcher3.action.LAUNCH flg=0x10 (has extras) } to ProcessRecord{8a161e2 18016:com.google.android.gms.persistent/u0a13} (pid=18016, uid=10013) requires com.transsion.hilauncher.permission.RECEIVE_LAUNCH_BROADCASTS due to sender com.transsion.hilauncher (uid 10024)
11-11 16:08:45.646   675   687 W BroadcastQueue: Permission Denial: receiving Intent { act=com.android.launcher3.action.LAUNCH flg=0x10 (has extras) } to com.google.android.gms/.chimera.GmsIntentOperationService$GmsExternalReceiver requires com.transsion.hilauncher.permission.RECEIVE_LAUNCH_BROADCASTS due to sender com.transsion.hilauncher (uid 10024)
11-11 16:08:46.103   675   701 W ContextImpl: Calling a method in the system process without a qualified user: android.app.ContextImpl.sendBroadcast:967 com.mediatek.server.stk.StkManagerImpl$2.run:110 android.os.Handler.handleCallback:790 android.os.Handler.dispatchMessage:99 android.os.Looper.loop:164 
11-11 16:08:46.104   675   700 W BroadcastQueue: Background execution not allowed: receiving Intent { act=mediatek.intent.action.stk.USER_ACTIVITY flg=0x10 } to com.android.stk/.EventReceiver
11-11 16:08:46.123   675   687 I ActivityManager: START u0 {act=android.intent.action.MAIN flg=0x10000000 cmp=com.transsion.deskclock/.DeskClock} from uid 10024
11-11 16:08:46.336   675  1611 V SettingsProvider: name : battery_remaining_time appId : 1000
11-11 16:08:46.622   675   701 W ContextImpl: Calling a method in the system process without a qualified user: android.app.ContextImpl.sendBroadcast:967 com.mediatek.server.stk.StkManagerImpl$2.run:110 android.os.Handler.handleCallback:790 android.os.Handler.dispatchMessage:99 android.os.Looper.loop:164 
11-11 16:08:46.623   675   700 W BroadcastQueue: Background execution not allowed: receiving Intent { act=mediatek.intent.action.stk.USER_ACTIVITY flg=0x10 } to com.android.stk/.EventReceiver
11-11 16:08:47.131   675   701 W ContextImpl: Calling a method in the system process without a qualified user: android.app.ContextImpl.sendBroadcast:967 com.mediatek.server.stk.StkManagerImpl$2.run:110 android.os.Handler.handleCallback:790 android.os.Handler.dispatchMessage:99 android.os.Looper.loop:164 
11-11 16:08:47.132   675   700 W BroadcastQueue: Background execution not allowed: receiving Intent { act=mediatek.intent.action.stk.USER_ACTIVITY flg=0x10 } to com.android.stk/.EventReceiver
11-11 16:08:47.644   675   701 W ContextImpl: Calling a method in the system process without a qualified user: android.app.ContextImpl.sendBroadcast:967 com.mediatek.server.stk.StkManagerImpl$2.run:110 android.os.Handler.handleCallback:790 android.os.Handler.dispatchMessage:99 android.os.Looper.loop:164 
11-11 16:08:47.645   675   700 W BroadcastQueue: Background execution not allowed: receiving Intent { act=mediatek.intent.action.stk.USER_ACTIVITY flg=0x10 } to com.android.stk/.EventReceiver
11-11 16:08:48.158   675   701 W ContextImpl: Calling a method in the system process without a qualified user: android.app.ContextImpl.sendBroadcast:967 com.mediatek.server.stk.StkManagerImpl$2.run:110 android.os.Handler.handleCallback:790 android.os.Handler.dispatchMessage:99 android.os.Looper.loop:164 
11-11 16:08:48.160   675   700 W BroadcastQueue: Background execution not allowed: receiving Intent { act=mediatek.intent.action.stk.USER_ACTIVITY flg=0x10 } to com.android.stk/.EventReceiver
11-11 16:08:48.398   675   710 V WallpaperManagerService: bindWallpaperComponentLocked: componentName=ComponentInfo{com.android.systemui/com.android.systemui.ImageWallpaper}
11-11 16:08:48.425   675   710 I ProcessManager: new Wallpaper APP package: com.android.systemui
11-11 16:08:48.440   675  1521 I ActivityManager: START u0 {cmp=com.transsion.hilauncher/com.transsion.xlauncher.switchwallpaper.WallpaperActionActivity} from uid 10024
11-11 16:08:48.674   675   701 W ContextImpl: Calling a method in the system process without a qualified user: android.app.ContextImpl.sendBroadcast:967 com.mediatek.server.stk.StkManagerImpl$2.run:110 android.os.Handler.handleCallback:790 android.os.Handler.dispatchMessage:99 android.os.Looper.loop:164 
11-11 16:08:48.675   675   700 W BroadcastQueue: Background execution not allowed: receiving Intent { act=mediatek.intent.action.stk.USER_ACTIVITY flg=0x10 } to com.android.stk/.EventReceiver
11-11 16:08:49.051   675   699 D DeviceIdleController: handleMessage(6)
11-11 16:08:49.051   675   699 D DeviceIdleController: checkTempAppWhitelistTimeout: uid=10059, timeNow=1037378102
11-11 16:08:49.052   675   699 D DeviceIdleController: Removing UID 10059 from temp whitelist
11-11 16:08:49.063   675   699 D DeviceIdleController: Setting activity manager temp whitelist to []
11-11 16:08:49.065   675   699 D DeviceIdleController: Setting wakelock temp whitelist to []
11-11 16:08:49.229   675  7600 I ActivityManager: Process com.google.process.gservices (pid 10320) has died: cch  CEM 
11-11 16:08:49.231   675   701 W ContextImpl: Calling a method in the system process without a qualified user: android.app.ContextImpl.sendBroadcast:967 com.mediatek.server.stk.StkManagerImpl$2.run:110 android.os.Handler.handleCallback:790 android.os.Handler.dispatchMessage:99 android.os.Looper.loop:164 
11-11 16:08:49.242   675   705 D ProcessManager: killAllBackgroundProcesses
11-11 16:08:49.243   675   700 W BroadcastQueue: Background execution not allowed: receiving Intent { act=mediatek.intent.action.stk.USER_ACTIVITY flg=0x10 } to com.android.stk/.EventReceiver
11-11 16:08:49.247   675   705 I ActivityManager: Killing 10208:com.tencent.mm:push/u0a101 (adj 800): *kill all background
11-11 16:08:49.248   675   705 W ActivityManager: Scheduling restart of crashed service com.tencent.mm/.booter.CoreService in 64000ms
11-11 16:08:49.264   675  7600 I ActivityManager: START u0 {act=android.intent.action.MAIN cat=[android.intent.category.LAUNCHER] flg=0x10200000 cmp=com.transsion.hilauncher/com.android.launcher3.searchbox.CustomSearchActivity (has extras)} from uid 10024
11-11 16:08:49.777   675   701 W ContextImpl: Calling a method in the system process without a qualified user: android.app.ContextImpl.sendBroadcast:967 com.mediatek.server.stk.StkManagerImpl$2.run:110 android.os.Handler.handleCallback:790 android.os.Handler.dispatchMessage:99 android.os.Looper.loop:164 
11-11 16:08:49.779   675   700 W BroadcastQueue: Background execution not allowed: receiving Intent { act=mediatek.intent.action.stk.USER_ACTIVITY flg=0x10 } to com.android.stk/.EventReceiver
11-11 16:08:50.300   675   701 W ContextImpl: Calling a method in the system process without a qualified user: android.app.ContextImpl.sendBroadcast:967 com.mediatek.server.stk.StkManagerImpl$2.run:110 android.os.Handler.handleCallback:790 android.os.Handler.dispatchMessage:99 android.os.Looper.loop:164 
11-11 16:08:50.302   675   700 W BroadcastQueue: Background execution not allowed: receiving Intent { act=mediatek.intent.action.stk.USER_ACTIVITY flg=0x10 } to com.android.stk/.EventReceiver
11-11 16:08:50.817   675   701 W ContextImpl: Calling a method in the system process without a qualified user: android.app.ContextImpl.sendBroadcast:967 com.mediatek.server.stk.StkManagerImpl$2.run:110 android.os.Handler.handleCallback:790 android.os.Handler.dispatchMessage:99 android.os.Looper.loop:164 
11-11 16:08:50.819   675   700 W BroadcastQueue: Background execution not allowed: receiving Intent { act=mediatek.intent.action.stk.USER_ACTIVITY flg=0x10 } to com.android.stk/.EventReceiver
11-11 16:08:51.329   675   701 W ContextImpl: Calling a method in the system process without a qualified user: android.app.ContextImpl.sendBroadcast:967 com.mediatek.server.stk.StkManagerImpl$2.run:110 android.os.Handler.handleCallback:790 android.os.Handler.dispatchMessage:99 android.os.Looper.loop:164 
11-11 16:08:51.330   675   700 W BroadcastQueue: Background execution not allowed: receiving Intent { act=mediatek.intent.action.stk.USER_ACTIVITY flg=0x10 } to com.android.stk/.EventReceiver
11-11 16:08:51.381   675  3636 I ActivityManager: START u0 {act=android.intent.action.ASSIST flg=0x10000000 cmp=com.google.android.apps.assistant/.go.MainActivity (has extras)} from uid 10031
11-11 16:08:51.855   675   701 W ContextImpl: Calling a method in the system process without a qualified user: android.app.ContextImpl.sendBroadcast:967 com.mediatek.server.stk.StkManagerImpl$2.run:110 android.os.Handler.handleCallback:790 android.os.Handler.dispatchMessage:99 android.os.Looper.loop:164 
11-11 16:08:51.856   675   700 W BroadcastQueue: Background execution not allowed: receiving Intent { act=mediatek.intent.action.stk.USER_ACTIVITY flg=0x10 } to com.android.stk/.EventReceiver
11-11 16:08:51.967   675   701 W ContextImpl: Calling a method in the system process without a qualified user: android.app.ContextImpl.sendBroadcast:967 com.mediatek.server.stk.StkManagerImpl$2.run:110 android.os.Handler.handleCallback:790 android.os.Handler.dispatchMessage:99 android.os.Looper.loop:164 
11-11 16:08:51.968   675   700 W BroadcastQueue: Background execution not allowed: receiving Intent { act=mediatek.intent.action.stk.USER_ACTIVITY flg=0x10 } to com.android.stk/.EventReceiver
11-11 16:08:52.145   675   701 W ContextImpl: Calling a method in the system process without a qualified user: android.app.ContextImpl.sendBroadcast:967 com.mediatek.server.stk.StkManagerImpl$2.run:110 android.os.Handler.handleCallback:790 android.os.Handler.dispatchMessage:99 android.os.Looper.loop:164 
11-11 16:08:52.150   675   700 W BroadcastQueue: Background execution not allowed: receiving Intent { act=mediatek.intent.action.stk.USER_ACTIVITY flg=0x10 } to com.android.stk/.EventReceiver
11-11 16:08:52.366   675   688 V WindowManager: Changing focus from Window{412a6d8 u0 com.transsion.hilauncher/com.android.launcher3.Launcher} to Window{ab5dd4d u0 com.transsion.hilauncher/com.android.launcher3.Launcher} Callers=com.android.server.wm.WindowManagerService.addWindow:1594 com.android.server.wm.Session.addToDisplay:202 android.view.IWindowSession$Stub.onTransact:124 com.android.server.wm.Session.onTransact:163 
11-11 16:08:52.372   675   688 D WindowManager: Input focus has changed to Window{ab5dd4d u0 com.transsion.hilauncher/com.android.launcher3.Launcher}
11-11 16:08:52.374   675   713 I WindowManager: Focus moving from Window{412a6d8 u0 com.transsion.hilauncher/com.android.launcher3.Launcher} to Window{ab5dd4d u0 com.transsion.hilauncher/com.android.launcher3.Launcher}
11-11 16:08:52.589   675   701 W ContextImpl: Calling a method in the system process without a qualified user: android.app.ContextImpl.sendBroadcast:967 com.mediatek.server.stk.StkManagerImpl$2.run:110 android.os.Handler.handleCallback:790 android.os.Handler.dispatchMessage:99 android.os.Looper.loop:164 
11-11 16:08:52.591   675   700 W BroadcastQueue: Background execution not allowed: receiving Intent { act=mediatek.intent.action.stk.USER_ACTIVITY flg=0x10 } to com.android.stk/.EventReceiver
11-11 16:08:52.623   675   713 I WindowManager: Losing delayed focus: Window{412a6d8 u0 com.transsion.hilauncher/com.android.launcher3.Launcher}
11-11 16:08:52.645   675   688 I ActivityManager: START u0 {act=android.content.pm.action.REQUEST_PERMISSIONS pkg=com.google.android.packageinstaller cmp=com.google.android.packageinstaller/com.android.packageinstaller.permission.ui.GrantPermissionsActivity (has extras)} from uid 10024
11-11 16:08:52.674   675  3636 W ActivityManager: Permission Denial: opening provider com.android.providers.calendar.CalendarProvider2 from ProcessRecord{f4f6de2 2792:com.transsion.hilauncher/u0a24} (pid=2792, uid=10024) requires android.permission.READ_CALENDAR or android.permission.WRITE_CALENDAR
11-11 16:08:52.781   675   700 E NotificationService: Suppressing notification from package by user request.
11-11 16:08:53.103   675   701 W ContextImpl: Calling a method in the system process without a qualified user: android.app.ContextImpl.sendBroadcast:967 com.mediatek.server.stk.StkManagerImpl$2.run:110 android.os.Handler.handleCallback:790 android.os.Handler.dispatchMessage:99 android.os.Looper.loop:164 
11-11 16:08:53.104   675   700 W BroadcastQueue: Background execution not allowed: receiving Intent { act=mediatek.intent.action.stk.USER_ACTIVITY flg=0x10 } to com.android.stk/.EventReceiver
11-11 16:08:53.118   675  3636 V SettingsProvider: name : user_rotation appId : 1000
11-11 16:08:53.119   675  3636 V SettingsProvider: name : accelerometer_rotation appId : 1000
11-11 16:08:53.122   675   701 D WindowOrientationListener: WindowOrientationListener disabled
11-11 16:08:53.148   675  7600 V SettingsProvider: name : accelerometer_rotation appId : 1000
11-11 16:08:53.162   675   701 I AMS     : oldConf = zh_CN_#Hans newConf = null
11-11 16:08:53.183   675   701 E WindowManager: Ultra test updateSettings mIsUltraPowerOn:false
11-11 16:08:53.209   675   701 D WindowOrientationListener: WindowOrientationListener enabled clearCurrentRotation=true
11-11 16:08:53.230   675   701 I AMS     : oldConf = zh_CN_#Hans newConf = null
11-11 16:08:53.241   675   701 E WindowManager: Ultra test updateSettings mIsUltraPowerOn:false
11-11 16:08:55.350   675   675 I DeviceIdleController: updateChargingLocked: charging=true
11-11 16:08:55.351   675   675 I DeviceIdleController: becomeActiveLocked, reason = charging
11-11 16:08:55.601   675   701 W ContextImpl: Calling a method in the system process without a qualified user: android.app.ContextImpl.sendBroadcast:967 com.mediatek.server.stk.StkManagerImpl$2.run:110 android.os.Handler.handleCallback:790 android.os.Handler.dispatchMessage:99 android.os.Looper.loop:164 
11-11 16:08:55.602   675   700 W BroadcastQueue: Background execution not allowed: receiving Intent { act=mediatek.intent.action.stk.USER_ACTIVITY flg=0x10 } to com.android.stk/.EventReceiver
--------- beginning of main
11-11 16:08:55.616  2792  3067 I System.out: [OkHttp] sendRequest<<
11-11 16:08:55.628  2792  3073 I System.out: port:80
11-11 16:08:55.811   264   435 I BufferQueueProducer: [StatusBar#0](this:0xabc4a000,id:4,api:1,p:830,c:264) queueBuffer: fps=2.96 dur=1012.79 max=624.65 min=48.60
11-11 16:08:55.825   264   264 I BufferQueueProducer: [FrameBufferSurface_0](this:0xade58000,id:0,api:1,p:264,c:264) queueBuffer: fps=33.69 dur=1009.26 max=345.59 min=6.67
11-11 16:08:55.826   264   264 I DisplayDevice: [Built-in Screen (type:0)] fps:33.687035,dur:1009.29,max:345.34,min:7.52
11-11 16:08:55.907  2792  2797 I zygote  : Do full code cache collection, code=509KB, data=395KB
11-11 16:08:55.914  2792  2797 I zygote  : After code cache collection, code=352KB, data=233KB
11-11 16:08:55.938  2792  2792 I zygote  : Deoptimizing void android.support.v4.view.ViewPager.onMeasure(int, int) due to JIT inline cache
11-11 16:08:55.940  2792  3070 I System.out: [OkHttp] sendRequest>>
11-11 16:08:55.940  2792  3070 I System.out: [OkHttp] sendRequest<<
11-11 16:08:55.942  2792  2792 I zygote  : Deoptimizing int android.support.v4.view.ViewPager.getClientWidth() due to JIT inline cache
11-11 16:08:55.945  2792  2792 I zygote  : Deoptimizing void android.support.v4.view.ViewPager.onLayout(boolean, int, int, int, int) due to JIT inline cache
11-11 16:08:56.025  2792  3063 I System.out: [OkHttp] sendRequest>>
11-11 16:08:56.025  2792  3063 I System.out: [OkHttp] sendRequest<<
11-11 16:08:56.237   264   264 E libPowerStretch: LucidStats currentFPS = 29.38 [2986845348]
11-11 16:08:56.246 25895 25905 W zygote  : Suspending all threads took: 10.530ms
11-11 16:08:56.309  2792  3073 I System.out: [OkHttp] sendRequest>>
11-11 16:08:56.310  2792  3073 I System.out: [OkHttp] sendRequest<<
11-11 16:08:56.311  2792  2889 E libPowerStretch: LucidStats currentFPS = 22.93 [2399037808]
11-11 16:08:56.345 18016 18027 I zygote  : Background concurrent copying GC freed 122617(5MB) AllocSpace objects, 12(464KB) LOS objects, 49% free, 7MB/14MB, paused 804us total 311.865ms
11-11 16:08:56.352  5790  6047 D phonemaster_log: HiManager_ViewUtil: ViewUtilisShowNotification false
11-11 16:08:56.353  5790  6047 D phonemaster_log: HiManager_MasterCoreService: MESSAGE_SERVICE_WHAT_UPDATE_NOTIFICATION isShowNotificationfalse
11-11 16:08:56.378   675  7600 I WifiService: getVerboseLoggingLevel uid=1000
11-11 16:08:56.379   675  7600 I WifiService: getWifiApEnabledState uid=1000
11-11 16:08:56.381  5449  5449 D PowerSaveUtils: isUltraPowerOn(context) isOn=false
11-11 16:08:56.384  5449  5449 D PowerSaveUtils: getConfigCurrent isUltraModeOn:false
11-11 16:08:56.384  5449  5449 D PowerSaveUtils: config details is : bright->76wifiEnable-> falsewifiApEnable->falsebtEnable->falsedataEnable->truegpsEnable->truethreeGEnable->trueautoSyncEnable->trueisScreenModeOn->falseisUltraModeOn->falseisBatterySaverOn->false
11-11 16:08:56.385  5449  5449 D PowerSaveUtils: getConfigCurrent current:34.6
11-11 16:08:56.385   675  7600 V SettingsProvider: name : battery_remaining_time appId : 1000
11-11 16:08:56.387  5449  5449 D PowerSaveUtils: hours:9,min:6
11-11 16:08:56.424   264  1255 I BufferQueueProducer: [com.transsion.hilauncher/com.android.launcher3.Launcher#0](this:0xaa68d000,id:2156,api:1,p:2792,c:264) queueBuffer: fps=51.32 dur=1013.28 max=120.55 min=10.03
11-11 16:08:56.834   264   264 I BufferQueueProducer: [FrameBufferSurface_0](this:0xade58000,id:0,api:1,p:264,c:264) queueBuffer: fps=54.51 dur=1009.00 max=116.24 min=15.15
11-11 16:08:56.835   264   264 I DisplayDevice: [Built-in Screen (type:0)] fps:54.493874,dur:1009.29,max:116.23,min:15.18
11-11 16:08:57.436   264   435 I BufferQueueProducer: [com.transsion.hilauncher/com.android.launcher3.Launcher#0](this:0xaa68d000,id:2156,api:1,p:2792,c:264) queueBuffer: fps=60.32 dur=1011.35 max=20.91 min=12.93
11-11 16:08:57.792   264   435 I BufferQueueProducer: [StatusBar#0](this:0xabc4a000,id:4,api:1,p:830,c:264) queueBuffer: fps=1.01 dur=1981.74 max=1005.80 min=975.94
11-11 16:08:57.841   264   264 I BufferQueueProducer: [FrameBufferSurface_0](this:0xade58000,id:0,api:1,p:264,c:264) queueBuffer: fps=60.62 dur=1006.25 max=18.25 min=14.95
11-11 16:08:57.841   264   264 I DisplayDevice: [Built-in Screen (type:0)] fps:60.618286,dur:1006.30,max:18.40,min:14.46
11-11 16:08:57.939  2792  3012 I System.out: Check isMmsSendPdu
11-11 16:08:57.945  2792  3012 I System.out: [OkHttp] sendRequest>>
11-11 16:08:57.945  2792  3012 I System.out: [OkHttp] sendRequest<<
11-11 16:08:58.181 25895 25907 I zygote  : Explicit concurrent copying GC freed 4534(224KB) AllocSpace objects, 2(40KB) LOS objects, 26% free, 5MB/7MB, paused 304us total 406.965ms
11-11 16:08:58.221   264   264 E libPowerStretch: LucidStats currentFPS = 60.50 [2986845348]
11-11 16:08:58.295  2792  2889 E libPowerStretch: LucidStats currentFPS = 60.49 [2399037808]
11-11 16:08:58.370  2792  3015 I System.out: [OkHttp] sendRequest>>
11-11 16:08:58.371  2792  3015 I System.out: [OkHttp] sendRequest<<
11-11 16:08:58.399 27635 27649 I ChimeraSrvcProxy: NullBinder for com.google.android.mdd.service.START triggering remote TransactionTooLargeException due to Service without Chimera impl
11-11 16:08:58.401 18016 18098 E JavaBinder: !!! FAILED BINDER TRANSACTION !!!  (parcel size = 908)
11-11 16:08:58.402 18016 18098 W GmsClient: IGmsServiceBroker.getService failed
11-11 16:08:58.402 18016 18098 W GmsClient: android.os.DeadObjectException: Transaction failed on small parcel; remote process probably died
11-11 16:08:58.402 18016 18098 W GmsClient: 	at android.os.BinderProxy.transactNative(Native Method)
11-11 16:08:58.402 18016 18098 W GmsClient: 	at android.os.BinderProxy.transact(Binder.java:764)
11-11 16:08:58.402 18016 18098 W GmsClient: 	at qdh.a(:com.google.android.gms@19629045@19.6.29 (110306-278422107):4)
11-11 16:08:58.402 18016 18098 W GmsClient: 	at qbi.a(:com.google.android.gms@19629045@19.6.29 (110306-278422107):91)
11-11 16:08:58.402 18016 18098 W GmsClient: 	at poe.run(:com.google.android.gms@19629045@19.6.29 (110306-278422107):7)
11-11 16:08:58.402 18016 18098 W GmsClient: 	at android.os.Handler.handleCallback(Handler.java:790)
11-11 16:08:58.402 18016 18098 W GmsClient: 	at android.os.Handler.dispatchMessage(Handler.java:99)
11-11 16:08:58.402 18016 18098 W GmsClient: 	at aakt.a(:com.google.android.gms@19629045@19.6.29 (110306-278422107):2)
11-11 16:08:58.402 18016 18098 W GmsClient: 	at aakt.dispatchMessage(:com.google.android.gms@19629045@19.6.29 (110306-278422107):15)
11-11 16:08:58.402 18016 18098 W GmsClient: 	at android.os.Looper.loop(Looper.java:164)
11-11 16:08:58.402 18016 18098 W GmsClient: 	at android.os.HandlerThread.run(HandlerThread.java:65)
11-11 16:08:58.444   264   620 I BufferQueueProducer: [com.transsion.hilauncher/com.android.launcher3.Launcher#0](this:0xaa68d000,id:2156,api:1,p:2792,c:264) queueBuffer: fps=60.52 dur=1008.01 max=19.25 min=14.24
11-11 16:08:58.451  2792  3070 I System.out: isEmailSend:GET
11-11 16:08:58.453  2792  3070 I System.out: port:80
11-11 16:08:58.530  2792  3063 I System.out: isEmailSend:GET
11-11 16:08:58.532  2792  3063 I System.out: [OkHttp] sendRequest>>
11-11 16:08:58.533  2792  3063 I System.out: [OkHttp] sendRequest<<
11-11 16:08:58.796   264   620 I BufferQueueProducer: [StatusBar#0](this:0xabc4a000,id:4,api:1,p:830,c:264) queueBuffer: fps=1.00 dur=1003.80 max=1003.80 min=1003.80
11-11 16:08:58.849   264   264 I BufferQueueProducer: [FrameBufferSurface_0](this:0xade58000,id:0,api:1,p:264,c:264) queueBuffer: fps=60.48 dur=1008.55 max=17.37 min=15.52
11-11 16:08:58.849   264   264 I DisplayDevice: [Built-in Screen (type:0)] fps:60.505524,dur:1008.17,max:17.25,min:15.75
11-11 16:08:58.937  2792 10443 I System.out: [OkHttp] sendRequest>>
11-11 16:08:58.938  2792 10443 I System.out: [OkHttp] sendRequest<<
11-11 16:08:59.401  2792  3070 I System.out: [OkHttp] sendRequest>>
11-11 16:08:59.401  2792  3070 I System.out: [OkHttp] sendRequest<<
11-11 16:08:59.451   264   620 I BufferQueueProducer: [com.transsion.hilauncher/com.android.launcher3.Launcher#0](this:0xaa68d000,id:2156,api:1,p:2792,c:264) queueBuffer: fps=60.56 dur=1007.35 max=21.13 min=14.48
11-11 16:08:59.802   264   621 I BufferQueueProducer: [StatusBar#0](this:0xabc4a000,id:4,api:1,p:830,c:264) queueBuffer: fps=0.99 dur=1005.45 max=1005.45 min=1005.45
11-11 16:08:59.858   264   264 I BufferQueueProducer: [FrameBufferSurface_0](this:0xade58000,id:0,api:1,p:264,c:264) queueBuffer: fps=60.46 dur=1008.86 max=18.60 min=15.12
11-11 16:08:59.858   264   264 I DisplayDevice: [Built-in Screen (type:0)] fps:60.468288,dur:1008.79,max:18.75,min:15.29
11-11 16:09:00.001   830   830 D KeyguardUpdateMonitor: send updateTime msg
11-11 16:09:00.002   675   769 D MtkDataShapingUtils: openLteGateByDataShaping datashaping instance is null
11-11 16:09:00.017   830   830 D ClockUtil: onTimeChanged callback : com.transsion.mgzkeyguard.KeyguardTextClock$1@2bd28f0
11-11 16:09:00.018   830   830 D KeyguardTextClock: hourModeEnabled : false  hour + 4
11-11 16:09:00.022   675  1517 V SettingsProvider: name : radio.data.stall.recovery.action appId : 1001
11-11 16:09:00.028   675  1517 V SettingsProvider: Package name : com.android.phone privateFlags : 2152
11-11 16:09:00.114  5790  5790 E phonemaster_log: HiManager_SimUtils: findRecordBySubId
11-11 16:09:00.121  5790  5790 E phonemaster_log: HiManager_NetWorkPresenterGP: 
11-11 16:09:00.206   264   264 E libPowerStretch: LucidStats currentFPS = 60.45 [2986845348]
11-11 16:09:00.272   830   830 D StatusBar: onNotificationPosted: StatusBarNotification(pkg=com.transsion.phonemaster user=UserHandle{0} id=57 tag=null key=0|com.transsion.phonemaster|57|null|10079: Notification(channel=2 pri=2 contentView=com.transsion.phonemaster/0x7f0a015d vibrate=null sound=null defaults=0x0 flags=0xa color=0x00000000 vis=PRIVATE))
11-11 16:09:00.278  2792  2889 E libPowerStretch: LucidStats currentFPS = 60.52 [2399037808]
11-11 16:09:00.295   830   830 D StatusBar: No peeking: unimportant notification: 0|com.transsion.phonemaster|57|null|10079
11-11 16:09:00.465   264   620 I BufferQueueProducer: [com.transsion.hilauncher/com.android.launcher3.Launcher#0](this:0xaa68d000,id:2156,api:1,p:2792,c:264) queueBuffer: fps=60.16 dur=1014.00 max=29.91 min=11.17
11-11 16:09:00.740  2792  3015 I PostGetUtil: get
11-11 16:09:00.775  2792  3067 I System.out: isEmailSend:GET
11-11 16:09:00.776  2792  3067 I System.out: port:80
11-11 16:09:00.779  2792  3073 I System.out: isEmailSend:GET
11-11 16:09:00.782  2792  3073 I System.out: port:80
11-11 16:09:01.027   307   307 I thermal_repeater: [recvMdThermalInfo] ret=9, strLen=127,  1, 32767
11-11 16:09:01.799   264  1255 I BufferQueueProducer: [StatusBar#0](this:0xabc4a000,id:4,api:1,p:830,c:264) queueBuffer: fps=4.01 dur=1997.02 max=1014.64 min=12.31
11-11 16:09:01.812   264   264 I BufferQueueProducer: [FrameBufferSurface_0](this:0xade58000,id:0,api:1,p:264,c:264) queueBuffer: fps=30.20 dur=1953.83 max=978.44 min=14.39
11-11 16:09:01.812   264   264 I DisplayDevice: [Built-in Screen (type:0)] fps:30.197380,dur:1953.81,max:978.72,min:14.36
11-11 16:09:01.906  2792  3070 I System.out: isEmailSend:GET
11-11 16:09:01.907  2792  3070 I System.out: port:80
11-11 16:09:01.934   264  1255 I BufferQueueProducer: [com.transsion.hilauncher/com.android.launcher3.Launcher#0](this:0xaa68d000,id:2156,api:1,p:2792,c:264) queueBuffer: fps=13.61 dur=1469.07 max=1119.22 min=10.53
11-11 16:09:02.042  2792 10443 I PostGetUtil: get
11-11 16:09:02.864  2792  3070 I System.out: [OkHttp] sendRequest>>
11-11 16:09:02.865  2792  3070 I System.out: [OkHttp] sendRequest<<
11-11 16:09:03.151  2792  3449 I System.out: isEmailSend:POST
11-11 16:09:03.152  2792  3449 I System.out: port:80
11-11 16:09:03.185  2792  3063 I System.out: isEmailSend:GET
11-11 16:09:03.186  2792  3063 I System.out: port:80
11-11 16:09:03.215   264   435 I BufferQueueProducer: [com.transsion.hilauncher/com.android.launcher3.Launcher#0](this:0xaa68d000,id:2156,api:1,p:2792,c:264) queueBuffer: fps=2.34 dur=1280.57 max=1073.52 min=13.90
11-11 16:09:03.232   264   264 I BufferQueueProducer: [FrameBufferSurface_0](this:0xade58000,id:0,api:1,p:264,c:264) queueBuffer: fps=3.52 dur=1420.19 max=630.84 min=16.01
11-11 16:09:03.232   264   264 I DisplayDevice: [Built-in Screen (type:0)] fps:3.520762,dur:1420.15,max:630.76,min:15.99
11-11 16:09:03.461 27635 27649 I ChimeraSrvcProxy: NullBinder for com.google.android.mdd.service.START triggering remote TransactionTooLargeException due to Service without Chimera impl
11-11 16:09:03.461 18016 18098 E JavaBinder: !!! FAILED BINDER TRANSACTION !!!  (parcel size = 908)
11-11 16:09:03.462 18016 18098 W GmsClient: IGmsServiceBroker.getService failed
11-11 16:09:03.462 18016 18098 W GmsClient: android.os.DeadObjectException: Transaction failed on small parcel; remote process probably died
11-11 16:09:03.462 18016 18098 W GmsClient: 	at android.os.BinderProxy.transactNative(Native Method)
11-11 16:09:03.462 18016 18098 W GmsClient: 	at android.os.BinderProxy.transact(Binder.java:764)
11-11 16:09:03.462 18016 18098 W GmsClient: 	at qdh.a(:com.google.android.gms@19629045@19.6.29 (110306-278422107):4)
11-11 16:09:03.462 18016 18098 W GmsClient: 	at qbi.a(:com.google.android.gms@19629045@19.6.29 (110306-278422107):91)
11-11 16:09:03.462 18016 18098 W GmsClient: 	at poe.run(:com.google.android.gms@19629045@19.6.29 (110306-278422107):7)
11-11 16:09:03.462 18016 18098 W GmsClient: 	at android.os.Handler.handleCallback(Handler.java:790)
11-11 16:09:03.462 18016 18098 W GmsClient: 	at android.os.Handler.dispatchMessage(Handler.java:99)
11-11 16:09:03.462 18016 18098 W GmsClient: 	at aakt.a(:com.google.android.gms@19629045@19.6.29 (110306-278422107):2)
11-11 16:09:03.462 18016 18098 W GmsClient: 	at aakt.dispatchMessage(:com.google.android.gms@19629045@19.6.29 (110306-278422107):15)
11-11 16:09:03.462 18016 18098 W GmsClient: 	at android.os.Looper.loop(Looper.java:164)
11-11 16:09:03.462 18016 18098 W GmsClient: 	at android.os.HandlerThread.run(HandlerThread.java:65)
11-11 16:09:03.782  2792  3063 I System.out: [OkHttp] sendRequest>>
11-11 16:09:03.782  2792  3063 I System.out: [OkHttp] sendRequest<<
11-11 16:09:03.796   264   435 I BufferQueueProducer: [StatusBar#0](this:0xabc4a000,id:4,api:1,p:830,c:264) queueBuffer: fps=1.00 dur=1997.48 max=1015.77 min=981.71
11-11 16:09:04.059  2792  3067 I System.out: [OkHttp] sendRequest>>
11-11 16:09:04.060  2792  3067 I System.out: [OkHttp] sendRequest<<
11-11 16:09:04.311  2792  3073 I System.out: [OkHttp] sendRequest>>
11-11 16:09:04.311  2792  3073 I System.out: [OkHttp] sendRequest<<
11-11 16:09:04.699  2792  2792 W fifo-pool-threa: type=1400 audit(0.0:37916): avc: denied { search } for name="clients" dev="debugfs" ino=7433 scontext=u:r:priv_app:s0:c512,c768 tcontext=u:object_r:debugfs_ion:s0 tclass=dir permissive=0
11-11 16:09:04.699  2792  2792 W fifo-pool-threa: type=1400 audit(0.0:37917): avc: denied { search } for name="clients" dev="debugfs" ino=7433 scontext=u:r:priv_app:s0:c512,c768 tcontext=u:object_r:debugfs_ion:s0 tclass=dir permissive=0
11-11 16:09:04.704  2792  3070 D skia    : SkJpegCodec::onGetPixels + 
11-11 16:09:04.712  2792  3070 D skia    : SkJpegCodec::onGetPixels -
11-11 16:09:04.730  2792  3070 I System.out: isEmailSend:GET
11-11 16:09:04.730  2792  3070 I System.out: [OkHttp] sendRequest>>
11-11 16:09:04.730  2792  3070 I System.out: [OkHttp] sendRequest<<
11-11 16:09:04.786   264   264 I BufferQueueProducer: [FrameBufferSurface_0](this:0xade58000,id:0,api:1,p:264,c:264) queueBuffer: fps=1.29 dur=1554.68 max=973.48 min=581.21
11-11 16:09:04.787   264   264 I DisplayDevice: [Built-in Screen (type:0)] fps:1.286436,dur:1554.68,max:973.70,min:580.98
11-11 16:09:05.202   675   933 D AES     : AEEIOCTL_GET/SET_SF_STATE IOCTL,cmd= 1074294797, lParam=0. 
11-11 16:09:05.202   675   933 D AES     : AEEIOCTL_RT_MON_Kick IOCTL,cmd= 2147774474, lParam=300. 
11-11 16:09:05.337  5449  5449 I PC_BatteryChangedReceiver: level: 56, remindValue: 15, status: 2
11-11 16:09:05.338  5449  5449 D PC_BatteryChangedReceiver: isGameMode: false
11-11 16:09:05.338  5449  5449 D PC_BatteryChangedReceiver: onReceive: false
11-11 16:09:05.338  5449  5449 D PC_BatteryChangedReceiver: isGameMode: false
11-11 16:09:05.339   675   675 I DeviceIdleController: updateChargingLocked: charging=true
11-11 16:09:05.339   675   675 I DeviceIdleController: becomeActiveLocked, reason = charging
11-11 16:09:05.342  5449  5449 D PC_NotificationUtils: cancelNotification: 
11-11 16:09:05.343  5449  5449 D PC_BatteryChangedReceiver: onReceive: battary on charge
11-11 16:09:05.378   264   435 I BufferQueueProducer: [StatusBar#0](this:0xabc4a000,id:4,api:1,p:830,c:264) queueBuffer: fps=1.26 dur=1581.16 max=983.01 min=598.15
11-11 16:09:05.561   675   684 I zygote  : Background concurrent copying GC freed 97032(5MB) AllocSpace objects, 47(1572KB) LOS objects, 42% free, 23MB/41MB, paused 491us total 462.530ms
11-11 16:09:05.745  2792  3449 I System.out: Check isMmsSendPdu
11-11 16:09:05.749  2792  3449 I System.out: [OkHttp] sendRequest>>
11-11 16:09:05.750  2792  3449 I System.out: [OkHttp] sendRequest<<
11-11 16:09:05.812   264   264 I BufferQueueProducer: [FrameBufferSurface_0](this:0xade58000,id:0,api:1,p:264,c:264) queueBuffer: fps=2.92 dur=1025.84 max=612.58 min=16.17
11-11 16:09:05.812   264   264 I DisplayDevice: [Built-in Screen (type:0)] fps:2.924870,dur:1025.69,max:612.29,min:16.17
11-11 16:09:06.359  5790  6047 D phonemaster_log: HiManager_ViewUtil: ViewUtilisShowNotification false
11-11 16:09:06.363   675  1517 I WifiService: getVerboseLoggingLevel uid=1000
11-11 16:09:06.365   675  1517 I WifiService: getWifiApEnabledState uid=1000
11-11 16:09:06.367  5449  5449 D PowerSaveUtils: isUltraPowerOn(context) isOn=false
11-11 16:09:06.369  5449  5449 D PowerSaveUtils: getConfigCurrent isUltraModeOn:false
11-11 16:09:06.370  5449  5449 D PowerSaveUtils: config details is : bright->76wifiEnable-> falsewifiApEnable->falsebtEnable->falsedataEnable->truegpsEnable->truethreeGEnable->trueautoSyncEnable->trueisScreenModeOn->falseisUltraModeOn->falseisBatterySaverOn->false
11-11 16:09:06.370  5449  5449 D PowerSaveUtils: getConfigCurrent current:34.6
11-11 16:09:06.372   675  1521 V SettingsProvider: name : battery_remaining_time appId : 1000
11-11 16:09:06.372  5449  5449 D PowerSaveUtils: hours:9,min:6
11-11 16:09:06.375  5790  6047 D phonemaster_log: HiManager_MasterCoreService: MESSAGE_SERVICE_WHAT_UPDATE_NOTIFICATION isShowNotificationfalse
11-11 16:09:06.786   264   435 I BufferQueueProducer: [StatusBar#0](this:0xabc4a000,id:4,api:1,p:830,c:264) queueBuffer: fps=2.13 dur=1408.69 max=984.73 min=7.52
11-11 16:09:06.823  2792  3073 I System.out: isEmailSend:GET
11-11 16:09:06.825  2792  3073 I System.out: port:80
11-11 16:09:07.542  2792  2792 W fifo-pool-threa: type=1400 audit(0.0:37918): avc: denied { search } for name="clients" dev="debugfs" ino=7433 scontext=u:r:priv_app:s0:c512,c768 tcontext=u:object_r:debugfs_ion:s0 tclass=dir permissive=0
11-11 16:09:07.549  2792  2792 W fifo-pool-threa: type=1400 audit(0.0:37919): avc: denied { search } for name="clients" dev="debugfs" ino=7433 scontext=u:r:priv_app:s0:c512,c768 tcontext=u:object_r:debugfs_ion:s0 tclass=dir permissive=0
