11-11 16:10:34.455 10576 10576 W parallels-2: type=1400 audit(0.0:37959): avc: denied { execmod } for path="/system/lib/libopenjdkjvm.so" dev="mmcblk0p25" ino=1683 scontext=u:r:untrusted_app:s0:c512,c768 tcontext=u:object_r:system_file:s0 tclass=file permissive=0
11-11 16:10:34.460 10576 10611 I IOCanary.JNI: try to hook function in libjavacore.so.
11-11 16:10:34.465 10576 10576 W parallels-2: type=1400 audit(0.0:37960): avc: denied { execmod } for path="/system/lib/libjavacore.so" dev="mmcblk0p25" ino=1611 scontext=u:r:untrusted_app:s0:c512,c768 tcontext=u:object_r:system_file:s0 tclass=file permissive=0
11-11 16:10:34.465 10576 10576 W parallels-2: type=1400 audit(0.0:37961): avc: denied { execmod } for path="/system/lib/libjavacore.so" dev="mmcblk0p25" ino=1611 scontext=u:r:untrusted_app:s0:c512,c768 tcontext=u:object_r:system_file:s0 tclass=file permissive=0
11-11 16:10:34.465 10576 10576 I chatty  : uid=10101(com.tencent.mm) identical 1 line
11-11 16:10:34.465 10576 10576 W parallels-2: type=1400 audit(0.0:37963): avc: denied { execmod } for path="/system/lib/libjavacore.so" dev="mmcblk0p25" ino=1611 scontext=u:r:untrusted_app:s0:c512,c768 tcontext=u:object_r:system_file:s0 tclass=file permissive=0
11-11 16:10:34.469 10576 10611 I IOCanary.JNI: try to hook function in libopenjdk.so.
11-11 16:10:34.471 10576 10576 W parallels-2: type=1400 audit(0.0:37964): avc: denied { execmod } for path="/system/lib/libopenjdk.so" dev="mmcblk0p25" ino=1682 scontext=u:r:untrusted_app:s0:c512,c768 tcontext=u:object_r:system_file:s0 tclass=file permissive=0
11-11 16:10:34.471 10576 10576 I chatty  : uid=10101(com.tencent.mm) identical 1 line
11-11 16:10:34.471 10576 10576 W parallels-2: type=1400 audit(0.0:37966): avc: denied { execmod } for path="/system/lib/libopenjdk.so" dev="mmcblk0p25" ino=1682 scontext=u:r:untrusted_app:s0:c512,c768 tcontext=u:object_r:system_file:s0 tclass=file permissive=0
11-11 16:10:34.498   264  1255 I SurfaceFlinger: EventThread Client Pid (10576) created
11-11 16:10:34.499   264  1255 I SurfaceFlinger: EventThread Client Pid (10576) created
11-11 16:10:34.789   264  1255 I BufferQueueProducer: [StatusBar#0](this:0xabc4a000,id:4,api:1,p:830,c:264) queueBuffer: fps=0.99 dur=1013.15 max=1013.15 min=1013.15
11-11 16:10:34.796   264   264 I BufferQueueProducer: [FrameBufferSurface_0](this:0xade58000,id:0,api:1,p:264,c:264) queueBuffer: fps=0.99 dur=1009.36 max=1009.36 min=1009.36
11-11 16:10:34.796   264   264 I DisplayDevice: [Built-in Screen (type:0)] fps:0.990567,dur:1009.52,max:1009.52,min:1009.52
11-11 16:10:35.206   675   933 D AES     : AEEIOCTL_GET/SET_SF_STATE IOCTL,cmd= 1074294797, lParam=0. 
11-11 16:10:35.207   675   933 D AES     : AEEIOCTL_RT_MON_Kick IOCTL,cmd= 2147774474, lParam=300. 
11-11 16:10:35.329 10576 10628 I IOCanary.JNI: doUnHook
11-11 16:10:35.335   675   675 I DeviceIdleController: updateChargingLocked: charging=true
11-11 16:10:35.335   675   675 I DeviceIdleController: becomeActiveLocked, reason = charging
11-11 16:10:35.340  5449  5449 I PC_BatteryChangedReceiver: level: 56, remindValue: 15, status: 2
11-11 16:10:35.340  5449  5449 D PC_BatteryChangedReceiver: isGameMode: false
11-11 16:10:35.340  5449  5449 D PC_BatteryChangedReceiver: onReceive: false
11-11 16:10:35.340  5449  5449 D PC_BatteryChangedReceiver: isGameMode: false
11-11 16:10:35.345  5449  5449 D PC_NotificationUtils: cancelNotification: 
11-11 16:10:35.346  5449  5449 D PC_BatteryChangedReceiver: onReceive: battary on charge
11-11 16:10:35.355 10576 10576 W default : type=1400 audit(0.0:37967): avc: denied { execmod } for path="/system/lib/libopenjdkjvm.so" dev="mmcblk0p25" ino=1683 scontext=u:r:untrusted_app:s0:c512,c768 tcontext=u:object_r:system_file:s0 tclass=file permissive=0
11-11 16:10:35.358 10576 10576 W default : type=1400 audit(0.0:37968): avc: denied { execmod } for path="/system/lib/libopenjdkjvm.so" dev="mmcblk0p25" ino=1683 scontext=u:r:untrusted_app:s0:c512,c768 tcontext=u:object_r:system_file:s0 tclass=file permissive=0
11-11 16:10:35.365 10576 10576 W default : type=1400 audit(0.0:37969): avc: denied { execmod } for path="/system/lib/libjavacore.so" dev="mmcblk0p25" ino=1611 scontext=u:r:untrusted_app:s0:c512,c768 tcontext=u:object_r:system_file:s0 tclass=file permissive=0
11-11 16:10:35.371 10576 10576 I chatty  : uid=10101(com.tencent.mm) identical 3 lines
11-11 16:10:35.371 10576 10576 W default : type=1400 audit(0.0:37973): avc: denied { execmod } for path="/system/lib/libjavacore.so" dev="mmcblk0p25" ino=1611 scontext=u:r:untrusted_app:s0:c512,c768 tcontext=u:object_r:system_file:s0 tclass=file permissive=0
11-11 16:10:35.388 10576 10576 W default : type=1400 audit(0.0:37974): avc: denied { execmod } for path="/system/lib/libopenjdk.so" dev="mmcblk0p25" ino=1682 scontext=u:r:untrusted_app:s0:c512,c768 tcontext=u:object_r:system_file:s0 tclass=file permissive=0
11-11 16:10:35.401 10576 10576 I chatty  : uid=10101(com.tencent.mm) identical 3 lines
11-11 16:10:35.401 10576 10576 W default : type=1400 audit(0.0:37978): avc: denied { execmod } for path="/system/lib/libopenjdk.so" dev="mmcblk0p25" ino=1682 scontext=u:r:untrusted_app:s0:c512,c768 tcontext=u:object_r:system_file:s0 tclass=file permissive=0
11-11 16:10:35.450   675   684 I zygote  : Background concurrent copying GC freed 255549(8MB) AllocSpace objects, 12(496KB) LOS objects, 42% free, 23MB/41MB, paused 352us total 506.796ms
11-11 16:10:35.462 10482 10482 I IOCanary.JNI: doUnHook
11-11 16:10:35.465 10482 10482 W tencent.mm:push: type=1400 audit(0.0:37979): avc: denied { execmod } for path="/system/lib/libopenjdkjvm.so" dev="mmcblk0p25" ino=1683 scontext=u:r:untrusted_app:s0:c512,c768 tcontext=u:object_r:system_file:s0 tclass=file permissive=0
11-11 16:10:35.465 10482 10482 W tencent.mm:push: type=1400 audit(0.0:37980): avc: denied { execmod } for path="/system/lib/libopenjdkjvm.so" dev="mmcblk0p25" ino=1683 scontext=u:r:untrusted_app:s0:c512,c768 tcontext=u:object_r:system_file:s0 tclass=file permissive=0
11-11 16:10:35.471 10482 10482 W tencent.mm:push: type=1400 audit(0.0:37981): avc: denied { execmod } for path="/system/lib/libjavacore.so" dev="mmcblk0p25" ino=1611 scontext=u:r:untrusted_app:s0:c512,c768 tcontext=u:object_r:system_file:s0 tclass=file permissive=0
11-11 16:10:35.471 10482 10482 I chatty  : uid=10101 com.tencent.mm:push identical 3 lines
11-11 16:10:35.471 10482 10482 W tencent.mm:push: type=1400 audit(0.0:37985): avc: denied { execmod } for path="/system/lib/libjavacore.so" dev="mmcblk0p25" ino=1611 scontext=u:r:untrusted_app:s0:c512,c768 tcontext=u:object_r:system_file:s0 tclass=file permissive=0
11-11 16:10:35.478 10482 10482 W tencent.mm:push: type=1400 audit(0.0:37986): avc: denied { execmod } for path="/system/lib/libopenjdk.so" dev="mmcblk0p25" ino=1682 scontext=u:r:untrusted_app:s0:c512,c768 tcontext=u:object_r:system_file:s0 tclass=file permissive=0
11-11 16:10:35.478 10482 10482 I chatty  : uid=10101 com.tencent.mm:push identical 3 lines
11-11 16:10:35.478 10482 10482 W tencent.mm:push: type=1400 audit(0.0:37990): avc: denied { execmod } for path="/system/lib/libopenjdk.so" dev="mmcblk0p25" ino=1682 scontext=u:r:untrusted_app:s0:c512,c768 tcontext=u:object_r:system_file:s0 tclass=file permissive=0
11-11 16:10:35.929   675  5274 V SettingsProvider: packageValueForCallResult, name = time_12_24, value : Bundle[{_track_generation=android.util.MemoryIntArray@5e, value=12, _generation_index=2, _generation=345}]
11-11 16:10:36.277 10576 10610 D JniHelper: [KindaLib] jniInit
11-11 16:10:36.348   675  5274 I WifiService: getVerboseLoggingLevel uid=1000
11-11 16:10:36.349   675  5274 I WifiService: getWifiApEnabledState uid=1000
11-11 16:10:36.350  5449  5449 D PowerSaveUtils: isUltraPowerOn(context) isOn=false
11-11 16:10:36.351  5449  5449 D PowerSaveUtils: getConfigCurrent isUltraModeOn:false
11-11 16:10:36.351  5449  5449 D PowerSaveUtils: config details is : bright->76wifiEnable-> falsewifiApEnable->falsebtEnable->falsedataEnable->truegpsEnable->truethreeGEnable->trueautoSyncEnable->trueisScreenModeOn->falseisUltraModeOn->falseisBatterySaverOn->false
11-11 16:10:36.351  5449  5449 D PowerSaveUtils: getConfigCurrent current:34.6
11-11 16:10:36.352   675  5274 V SettingsProvider: name : battery_remaining_time appId : 1000
11-11 16:10:36.352  5449  5449 D PowerSaveUtils: hours:9,min:6
11-11 16:10:36.420  5790  6047 D phonemaster_log: HiManager_ViewUtil: ViewUtilisShowNotification false
11-11 16:10:36.420  5790  6047 D phonemaster_log: HiManager_MasterCoreService: MESSAGE_SERVICE_WHAT_UPDATE_NOTIFICATION isShowNotificationfalse
11-11 16:10:36.451 10576 10590 I zygote  : Waiting for a blocking GC ProfileSaver
11-11 16:10:36.492 10576 10590 I zygote  : WaitForGcToComplete blocked ProfileSaver on AddRemoveAppImageSpace for 41.466ms
11-11 16:10:36.642 10576 10586 W zygote  : Suspending all threads took: 7.037ms
11-11 16:10:36.657 10576 10610 D JniHelper: [KindaLib] register_constructor_proxy_method
11-11 16:10:36.778   264  1255 I BufferQueueProducer: [StatusBar#0](this:0xabc4a000,id:4,api:1,p:830,c:264) queueBuffer: fps=2.01 dur=1988.07 max=997.72 min=4.99
11-11 16:10:36.798   264   264 I BufferQueueProducer: [FrameBufferSurface_0](this:0xade58000,id:0,api:1,p:264,c:264) queueBuffer: fps=2.00 dur=2002.07 max=1009.59 min=16.24
11-11 16:10:36.798   264   264 I DisplayDevice: [Built-in Screen (type:0)] fps:1.998026,dur:2001.98,max:1009.83,min:16.25
11-11 16:10:37.083   977  1254 D PhoneInterfaceManager: [PhoneIntfMgr] SubscriptionManager.getPhoneId(1)=1
11-11 16:10:37.086   830   830 D SignalClusterView: setMDataInds-getState subId:1sts[com.android.systemui.statusbar.SignalClusterView$PhoneState@5ddf837]:com.android.systemui.statusbar.SignalClusterView{34a3f18 V.E...... ......ID 2,0-48,48 #7f0a02a1 app:id/signal_cluster}
11-11 16:10:37.093   977  1254 D PhoneInterfaceManager: [PhoneIntfMgr] SubscriptionManager.getPhoneId(1)=1
11-11 16:10:37.097   830   830 D SignalClusterView: setMDataInds-getState subId:1sts[com.android.systemui.statusbar.SignalClusterView$PhoneState@2ada1a4]:com.android.systemui.statusbar.SignalClusterView{bd0d7e4 V.E...... ........ 2,7-48,41 #7f0a02a1 app:id/signal_cluster}
11-11 16:10:37.778   264  1255 I BufferQueueProducer: [StatusBar#0](this:0xabc4a000,id:4,api:1,p:830,c:264) queueBuffer: fps=2.00 dur=1000.87 max=663.49 min=337.39
11-11 16:10:38.087   977  1254 D PhoneInterfaceManager: [PhoneIntfMgr] SubscriptionManager.getPhoneId(1)=1
11-11 16:10:38.090   830   830 D SignalClusterView: setMDataInds-getState subId:1sts[com.android.systemui.statusbar.SignalClusterView$PhoneState@5ddf837]:com.android.systemui.statusbar.SignalClusterView{34a3f18 V.E...... ......ID 2,0-48,48 #7f0a02a1 app:id/signal_cluster}
11-11 16:10:38.097   977  1254 D PhoneInterfaceManager: [PhoneIntfMgr] SubscriptionManager.getPhoneId(1)=1
11-11 16:10:38.100   830   830 D SignalClusterView: setMDataInds-getState subId:1sts[com.android.systemui.statusbar.SignalClusterView$PhoneState@2ada1a4]:com.android.systemui.statusbar.SignalClusterView{bd0d7e4 V.E...... ........ 2,7-48,41 #7f0a02a1 app:id/signal_cluster}
11-11 16:10:38.120   264   264 I BufferQueueProducer: [FrameBufferSurface_0](this:0xade58000,id:0,api:1,p:264,c:264) queueBuffer: fps=2.27 dur=1321.76 max=661.04 min=329.89
11-11 16:10:38.120   264   264 I DisplayDevice: [Built-in Screen (type:0)] fps:2.269794,dur:1321.71,max:661.03,min:329.63
11-11 16:10:38.621  5790  5802 I zygote  : Background concurrent copying GC freed 65648(5MB) AllocSpace objects, 0(0B) LOS objects, 50% free, 5MB/11MB, paused 232us total 111.281ms
11-11 16:10:39.655  5790 10567 D phonemaster_log: HiManager_TrashCacheDaoManager: cacheBean.filePath: /tencent/MicroMsg/b38c6e13df0addc134be12b47b927a80/video/13221913091997cd6aa95860.jpg.tmp filetype:1cacheBean.namenullnull
11-11 16:10:39.753  5790 10567 D phonemaster_log: HiManager_TrashCacheDaoManager: cacheBean.filePath: /tencent/MicroMsg/b38c6e13df0addc134be12b47b927a80/sns/temp filetype:1cacheBean.namenullnull
11-11 16:10:39.785   264  1255 I BufferQueueProducer: [StatusBar#0](this:0xabc4a000,id:4,api:1,p:830,c:264) queueBuffer: fps=1.49 dur=2006.91 max=1014.13 min=334.60
11-11 16:10:39.809   264   264 I BufferQueueProducer: [FrameBufferSurface_0](this:0xade58000,id:0,api:1,p:264,c:264) queueBuffer: fps=1.18 dur=1689.31 max=1027.65 min=661.65
11-11 16:10:39.810   264   264 I DisplayDevice: [Built-in Screen (type:0)] fps:1.183839,dur:1689.42,max:1027.97,min:661.45
11-11 16:10:40.103   977  1254 D PhoneInterfaceManager: [PhoneIntfMgr] SubscriptionManager.getPhoneId(1)=1
11-11 16:10:40.108   830   830 D SignalClusterView: setMDataInds-getState subId:1sts[com.android.systemui.statusbar.SignalClusterView$PhoneState@5ddf837]:com.android.systemui.statusbar.SignalClusterView{34a3f18 V.E...... ......ID 2,0-48,48 #7f0a02a1 app:id/signal_cluster}
11-11 16:10:40.118   977  1254 D PhoneInterfaceManager: [PhoneIntfMgr] SubscriptionManager.getPhoneId(1)=1
11-11 16:10:40.122   830   830 D SignalClusterView: setMDataInds-getState subId:1sts[com.android.systemui.statusbar.SignalClusterView$PhoneState@2ada1a4]:com.android.systemui.statusbar.SignalClusterView{bd0d7e4 V.E...... ........ 2,7-48,41 #7f0a02a1 app:id/signal_cluster}
11-11 16:10:41.112   977  1254 D PhoneInterfaceManager: [PhoneIntfMgr] SubscriptionManager.getPhoneId(1)=1
11-11 16:10:41.115   830   830 D SignalClusterView: setMDataInds-getState subId:1sts[com.android.systemui.statusbar.SignalClusterView$PhoneState@5ddf837]:com.android.systemui.statusbar.SignalClusterView{34a3f18 V.E...... ......ID 2,0-48,48 #7f0a02a1 app:id/signal_cluster}
11-11 16:10:41.123   977  1254 D PhoneInterfaceManager: [PhoneIntfMgr] SubscriptionManager.getPhoneId(1)=1
11-11 16:10:41.127   830   830 D SignalClusterView: setMDataInds-getState subId:1sts[com.android.systemui.statusbar.SignalClusterView$PhoneState@2ada1a4]:com.android.systemui.statusbar.SignalClusterView{bd0d7e4 V.E...... ........ 2,7-48,41 #7f0a02a1 app:id/signal_cluster}
11-11 16:10:41.135   307   307 I thermal_repeater: [recvMdThermalInfo] ret=9, strLen=127,  1, 32767
11-11 16:10:41.147   264  1255 I BufferQueueProducer: [StatusBar#0](this:0xabc4a000,id:4,api:1,p:830,c:264) queueBuffer: fps=2.20 dur=1361.88 max=635.00 min=359.81
11-11 16:10:41.163   264   264 I BufferQueueProducer: [FrameBufferSurface_0](this:0xade58000,id:0,api:1,p:264,c:264) queueBuffer: fps=2.22 dur=1353.95 max=643.02 min=347.19
11-11 16:10:41.163   264   264 I DisplayDevice: [Built-in Screen (type:0)] fps:2.216000,dur:1353.79,max:642.96,min:346.92
11-11 16:10:41.493   830   843 I zygote  : Background concurrent copying GC freed 49675(1678KB) AllocSpace objects, 0(0B) LOS objects, 40% free, 34MB/58MB, paused 726us total 807.682ms
11-11 16:10:42.780   264  1255 I BufferQueueProducer: [StatusBar#0](this:0xabc4a000,id:4,api:1,p:830,c:264) queueBuffer: fps=1.22 dur=1632.99 max=1004.21 min=628.78
11-11 16:10:42.803   264   264 I BufferQueueProducer: [FrameBufferSurface_0](this:0xade58000,id:0,api:1,p:264,c:264) queueBuffer: fps=1.22 dur=1639.61 max=1010.37 min=629.23
11-11 16:10:42.803   264   264 I DisplayDevice: [Built-in Screen (type:0)] fps:1.219708,dur:1639.74,max:1010.64,min:629.10
11-11 16:10:43.783   264  1255 I BufferQueueProducer: [StatusBar#0](this:0xabc4a000,id:4,api:1,p:830,c:264) queueBuffer: fps=1.00 dur=1002.36 max=1002.36 min=1002.36
11-11 16:10:44.785   264   264 I BufferQueueProducer: [FrameBufferSurface_0](this:0xade58000,id:0,api:1,p:264,c:264) queueBuffer: fps=1.01 dur=1982.41 max=992.44 min=989.97
11-11 16:10:44.785   264   264 I DisplayDevice: [Built-in Screen (type:0)] fps:1.008955,dur:1982.25,max:992.38,min:989.87
11-11 16:10:45.330   675   675 I DeviceIdleController: updateChargingLocked: charging=true
11-11 16:10:45.330   675   675 I DeviceIdleController: becomeActiveLocked, reason = charging
11-11 16:10:45.334  5449  5449 I PC_BatteryChangedReceiver: level: 56, remindValue: 15, status: 2
11-11 16:10:45.334  5449  5449 D PC_BatteryChangedReceiver: isGameMode: false
11-11 16:10:45.335  5449  5449 D PC_BatteryChangedReceiver: onReceive: false
11-11 16:10:45.335  5449  5449 D PC_BatteryChangedReceiver: isGameMode: false
11-11 16:10:45.337  5449  5449 D PC_NotificationUtils: cancelNotification: 
11-11 16:10:45.337  5449  5449 D PC_BatteryChangedReceiver: onReceive: battary on charge
11-11 16:10:45.396   264  1255 I BufferQueueProducer: [StatusBar#0](this:0xabc4a000,id:4,api:1,p:830,c:264) queueBuffer: fps=1.24 dur=1613.90 max=996.08 min=617.82
11-11 16:10:45.811   264   264 I BufferQueueProducer: [FrameBufferSurface_0](this:0xade58000,id:0,api:1,p:264,c:264) queueBuffer: fps=2.93 dur=1025.56 max=628.52 min=16.53
11-11 16:10:45.811   264   264 I DisplayDevice: [Built-in Screen (type:0)] fps:2.924749,dur:1025.73,max:628.41,min:16.50
11-11 16:10:46.341   675  5274 I WifiService: getVerboseLoggingLevel uid=1000
11-11 16:10:46.342   675   688 I WifiService: getWifiApEnabledState uid=1000
11-11 16:10:46.344  5449  5449 D PowerSaveUtils: isUltraPowerOn(context) isOn=false
11-11 16:10:46.345  5449  5449 D PowerSaveUtils: getConfigCurrent isUltraModeOn:false
11-11 16:10:46.346  5449  5449 D PowerSaveUtils: config details is : bright->76wifiEnable-> falsewifiApEnable->falsebtEnable->falsedataEnable->truegpsEnable->truethreeGEnable->trueautoSyncEnable->trueisScreenModeOn->falseisUltraModeOn->falseisBatterySaverOn->false
11-11 16:10:46.346  5449  5449 D PowerSaveUtils: getConfigCurrent current:34.6
11-11 16:10:46.347   675  5274 V SettingsProvider: name : battery_remaining_time appId : 1000
11-11 16:10:46.348  5449  5449 D PowerSaveUtils: hours:9,min:6
11-11 16:10:46.425  5790  6047 D phonemaster_log: HiManager_ViewUtil: ViewUtilisShowNotification false
11-11 16:10:46.426  5790  6047 D phonemaster_log: HiManager_MasterCoreService: MESSAGE_SERVICE_WHAT_UPDATE_NOTIFICATION isShowNotificationfalse
11-11 16:10:46.780   264  1255 I BufferQueueProducer: [StatusBar#0](this:0xabc4a000,id:4,api:1,p:830,c:264) queueBuffer: fps=2.17 dur=1384.00 max=990.22 min=7.16
11-11 16:10:47.151   977  1254 D PhoneInterfaceManager: [PhoneIntfMgr] SubscriptionManager.getPhoneId(1)=1
11-11 16:10:47.155   830   830 D SignalClusterView: setMDataInds-getState subId:1sts[com.android.systemui.statusbar.SignalClusterView$PhoneState@5ddf837]:com.android.systemui.statusbar.SignalClusterView{34a3f18 V.E...... ......ID 2,0-48,48 #7f0a02a1 app:id/signal_cluster}
11-11 16:10:47.167   977  1254 D PhoneInterfaceManager: [PhoneIntfMgr] SubscriptionManager.getPhoneId(1)=1
11-11 16:10:47.171   830   830 D SignalClusterView: setMDataInds-getState subId:1sts[com.android.systemui.statusbar.SignalClusterView$PhoneState@2ada1a4]:com.android.systemui.statusbar.SignalClusterView{bd0d7e4 V.E...... ........ 2,7-48,41 #7f0a02a1 app:id/signal_cluster}
11-11 16:10:47.200   264   264 I BufferQueueProducer: [FrameBufferSurface_0](this:0xade58000,id:0,api:1,p:264,c:264) queueBuffer: fps=1.44 dur=1389.85 max=978.21 min=411.64
11-11 16:10:47.201   264   264 I DisplayDevice: [Built-in Screen (type:0)] fps:1.439061,dur:1389.80,max:978.11,min:411.69
11-11 16:10:47.792   264  1255 I BufferQueueProducer: [StatusBar#0](this:0xabc4a000,id:4,api:1,p:830,c:264) queueBuffer: fps=1.98 dur=1011.80 max=602.81 min=408.99
11-11 16:10:48.159   977  1254 D PhoneInterfaceManager: [PhoneIntfMgr] SubscriptionManager.getPhoneId(1)=1
11-11 16:10:48.163   830   830 D SignalClusterView: setMDataInds-getState subId:1sts[com.android.systemui.statusbar.SignalClusterView$PhoneState@5ddf837]:com.android.systemui.statusbar.SignalClusterView{34a3f18 V.E...... ......ID 2,0-48,48 #7f0a02a1 app:id/signal_cluster}
11-11 16:10:48.173   977  1254 D PhoneInterfaceManager: [PhoneIntfMgr] SubscriptionManager.getPhoneId(1)=1
11-11 16:10:48.177   830   830 D SignalClusterView: setMDataInds-getState subId:1sts[com.android.systemui.statusbar.SignalClusterView$PhoneState@2ada1a4]:com.android.systemui.statusbar.SignalClusterView{bd0d7e4 V.E...... ........ 2,7-48,41 #7f0a02a1 app:id/signal_cluster}
11-11 16:10:48.209   264   264 I BufferQueueProducer: [FrameBufferSurface_0](this:0xade58000,id:0,api:1,p:264,c:264) queueBuffer: fps=1.98 dur=1008.26 max=611.36 min=396.89
11-11 16:10:48.209   264   264 I DisplayDevice: [Built-in Screen (type:0)] fps:1.983818,dur:1008.16,max:611.11,min:397.05
11-11 16:10:48.359   263   263 I lowmemorykiller: Killing 'com.tencent.mm:push' (10482), uid 10101, adj 800
11-11 16:10:48.359   263   263 I lowmemorykiller:    to free 77776kB because system is under medium memory pressure oom_adj 800
11-11 16:10:48.485   675   688 I ActivityManager: Process com.tencent.mm:push (pid 10482) has died: svcb SVC 
11-11 16:10:48.486   675   705 W zygote  : kill(-10482, 9) failed: No such process
11-11 16:10:48.486   675   688 W ActivityManager: Scheduling restart of crashed service com.tencent.mm/.booter.CoreService in 256000ms
11-11 16:10:48.531   675   705 W zygote  : kill(-10482, 9) failed: No such process
11-11 16:10:48.531   675   705 I zygote  : Successfully killed process cgroup uid 10101 pid 10482 in 45ms
11-11 16:10:48.532   675   705 D ProcessManager: killAllBackgroundProcesses
11-11 16:10:48.813   264  1255 I BufferQueueProducer: [StatusBar#0](this:0xabc4a000,id:4,api:1,p:830,c:264) queueBuffer: fps=2.94 dur=1020.51 max=595.02 min=24.59
11-11 16:10:48.891   830  1150 E libPowerStretch: LucidStats currentFPS = 3.43 [2392828272]
11-11 16:10:49.163   977  1254 D PhoneInterfaceManager: [PhoneIntfMgr] SubscriptionManager.getPhoneId(1)=1
11-11 16:10:49.166   830   830 D SignalClusterView: setMDataInds-getState subId:1sts[com.android.systemui.statusbar.SignalClusterView$PhoneState@5ddf837]:com.android.systemui.statusbar.SignalClusterView{34a3f18 V.E...... ......ID 2,0-48,48 #7f0a02a1 app:id/signal_cluster}
11-11 16:10:49.175   977  1254 D PhoneInterfaceManager: [PhoneIntfMgr] SubscriptionManager.getPhoneId(1)=1
11-11 16:10:49.178   830   830 D SignalClusterView: setMDataInds-getState subId:1sts[com.android.systemui.statusbar.SignalClusterView$PhoneState@2ada1a4]:com.android.systemui.statusbar.SignalClusterView{bd0d7e4 V.E...... ........ 2,7-48,41 #7f0a02a1 app:id/signal_cluster}
11-11 16:10:49.218   264   264 I BufferQueueProducer: [FrameBufferSurface_0](this:0xade58000,id:0,api:1,p:264,c:264) queueBuffer: fps=16.85 dur=1009.19 max=297.60 min=16.15
11-11 16:10:49.218   264   264 I DisplayDevice: [Built-in Screen (type:0)] fps:16.841803,dur:1009.39,max:297.45,min:16.21
11-11 16:10:49.821   264   435 I BufferQueueProducer: [StatusBar#0](this:0xabc4a000,id:4,api:1,p:830,c:264) queueBuffer: fps=14.87 dur=1008.60 max=603.31 min=14.22
11-11 16:10:50.172   977  1254 D PhoneInterfaceManager: [PhoneIntfMgr] SubscriptionManager.getPhoneId(1)=1
11-11 16:10:50.176   830   830 D SignalClusterView: setMDataInds-getState subId:1sts[com.android.systemui.statusbar.SignalClusterView$PhoneState@5ddf837]:com.android.systemui.statusbar.SignalClusterView{34a3f18 V.E...... ......ID 2,0-48,48 #7f0a02a1 app:id/signal_cluster}
11-11 16:10:50.185   977  1254 D PhoneInterfaceManager: [PhoneIntfMgr] SubscriptionManager.getPhoneId(1)=1
11-11 16:10:50.188   830   830 D SignalClusterView: setMDataInds-getState subId:1sts[com.android.systemui.statusbar.SignalClusterView$PhoneState@2ada1a4]:com.android.systemui.statusbar.SignalClusterView{bd0d7e4 V.E...... ........ 2,7-48,41 #7f0a02a1 app:id/signal_cluster}
11-11 16:10:50.227   264   264 I BufferQueueProducer: [FrameBufferSurface_0](this:0xade58000,id:0,api:1,p:264,c:264) queueBuffer: fps=14.86 dur=1009.19 max=596.73 min=15.48
11-11 16:10:50.227   264   264 I DisplayDevice: [Built-in Screen (type:0)] fps:14.866127,dur:1009.01,max:596.56,min:15.26
11-11 16:10:50.531  5790  5802 I zygote  : Background concurrent copying GC freed 84176(5MB) AllocSpace objects, 0(0B) LOS objects, 51% free, 5MB/11MB, paused 426us total 138.527ms
11-11 16:10:51.148   307   307 I thermal_repeater: [recvMdThermalInfo] ret=9, strLen=127,  1, 32767
11-11 16:10:51.780   264  1255 I BufferQueueProducer: [StatusBar#0](this:0xabc4a000,id:4,api:1,p:830,c:264) queueBuffer: fps=7.66 dur=1958.67 max=998.99 min=12.42
11-11 16:10:51.800   264   264 I BufferQueueProducer: [FrameBufferSurface_0](this:0xade58000,id:0,api:1,p:264,c:264) queueBuffer: fps=1.27 dur=1573.01 max=1010.15 min=562.86
11-11 16:10:51.801   264   264 I DisplayDevice: [Built-in Screen (type:0)] fps:1.271006,dur:1573.56,max:1010.86,min:562.70
11-11 16:10:52.788   264  1255 I BufferQueueProducer: [StatusBar#0](this:0xabc4a000,id:4,api:1,p:830,c:264) queueBuffer: fps=0.99 dur=1007.54 max=1007.54 min=1007.54
11-11 16:10:52.808   264   264 I BufferQueueProducer: [FrameBufferSurface_0](this:0xade58000,id:0,api:1,p:264,c:264) queueBuffer: fps=0.99 dur=1008.14 max=1008.14 min=1008.14
11-11 16:10:52.809   264   264 I DisplayDevice: [Built-in Screen (type:0)] fps:0.992419,dur:1007.64,max:1007.64,min:1007.64
11-11 16:10:53.192   977  1254 D PhoneInterfaceManager: [PhoneIntfMgr] SubscriptionManager.getPhoneId(1)=1
11-11 16:10:53.197   830   830 D SignalClusterView: setMDataInds-getState subId:1sts[com.android.systemui.statusbar.SignalClusterView$PhoneState@5ddf837]:com.android.systemui.statusbar.SignalClusterView{34a3f18 V.E...... ......ID 2,0-48,48 #7f0a02a1 app:id/signal_cluster}
11-11 16:10:53.207   977  1254 D PhoneInterfaceManager: [PhoneIntfMgr] SubscriptionManager.getPhoneId(1)=1
11-11 16:10:53.211   830   830 D SignalClusterView: setMDataInds-getState subId:1sts[com.android.systemui.statusbar.SignalClusterView$PhoneState@2ada1a4]:com.android.systemui.statusbar.SignalClusterView{bd0d7e4 V.E...... ........ 2,7-48,41 #7f0a02a1 app:id/signal_cluster}
11-11 16:10:54.196   977  1254 D PhoneInterfaceManager: [PhoneIntfMgr] SubscriptionManager.getPhoneId(1)=1
11-11 16:10:54.199   830   830 D SignalClusterView: setMDataInds-getState subId:1sts[com.android.systemui.statusbar.SignalClusterView$PhoneState@5ddf837]:com.android.systemui.statusbar.SignalClusterView{34a3f18 V.E...... ......ID 2,0-48,48 #7f0a02a1 app:id/signal_cluster}
11-11 16:10:54.205   977  1254 D PhoneInterfaceManager: [PhoneIntfMgr] SubscriptionManager.getPhoneId(1)=1
11-11 16:10:54.208   830   830 D SignalClusterView: setMDataInds-getState subId:1sts[com.android.systemui.statusbar.SignalClusterView$PhoneState@2ada1a4]:com.android.systemui.statusbar.SignalClusterView{bd0d7e4 V.E...... ........ 2,7-48,41 #7f0a02a1 app:id/signal_cluster}
11-11 16:10:54.224   264  1255 I BufferQueueProducer: [StatusBar#0](this:0xabc4a000,id:4,api:1,p:830,c:264) queueBuffer: fps=2.09 dur=1436.22 max=547.09 min=441.69
11-11 16:10:54.246   264   264 I BufferQueueProducer: [FrameBufferSurface_0](this:0xade58000,id:0,api:1,p:264,c:264) queueBuffer: fps=2.09 dur=1437.46 max=546.51 min=429.43
11-11 16:10:54.246   264   264 I DisplayDevice: [Built-in Screen (type:0)] fps:2.086997,dur:1437.47,max:546.54,min:429.31
11-11 16:10:55.322   675   675 I DeviceIdleController: updateChargingLocked: charging=true
11-11 16:10:55.322   675   675 I DeviceIdleController: becomeActiveLocked, reason = charging
11-11 16:10:55.328  5449  5449 I PC_BatteryChangedReceiver: level: 56, remindValue: 15, status: 2
11-11 16:10:55.329  5449  5449 D PC_BatteryChangedReceiver: isGameMode: false
11-11 16:10:55.329  5449  5449 D PC_BatteryChangedReceiver: onReceive: false
11-11 16:10:55.329  5449  5449 D PC_BatteryChangedReceiver: isGameMode: false
11-11 16:10:55.330  5449  5449 D PC_NotificationUtils: cancelNotification: 
11-11 16:10:55.330  5449  5449 D PC_BatteryChangedReceiver: onReceive: battary on charge
11-11 16:10:55.357   264  1255 I BufferQueueProducer: [StatusBar#0](this:0xabc4a000,id:4,api:1,p:830,c:264) queueBuffer: fps=1.77 dur=1132.90 max=568.75 min=564.15
11-11 16:10:55.371   264   264 I BufferQueueProducer: [FrameBufferSurface_0](this:0xade58000,id:0,api:1,p:264,c:264) queueBuffer: fps=1.78 dur=1124.81 max=562.49 min=562.32
11-11 16:10:55.371   264   264 I DisplayDevice: [Built-in Screen (type:0)] fps:1.778136,dur:1124.77,max:562.51,min:562.27
11-11 16:10:55.616   675   717 I PowerManagerService: Going to sleep due to screen timeout (uid 1000)...
11-11 16:10:55.620   675   717 D PowerManagerService: wqGMS gotosleep release wakeLock 
11-11 16:10:55.621   675   717 D PowerManagerService: wqGMS gotosleep release wakeLock 
11-11 16:10:55.625   675   717 I PowerManagerService: Sleeping (uid 1000)...
11-11 16:10:55.626   675   717 I DisplayPowerController: Blocking screen off
11-11 16:10:55.636   958   982 D KeyguardGestureService: onStartedGoingToSleep
11-11 16:10:55.638   675   717 I DisplayPowerController: Unblocked screen off after 13 ms
11-11 16:10:55.639   958   982 D KeyguardGestureService: onScreenTurnedOff
11-11 16:10:55.640   958   958 D KeyguardGestureManager: hideGestrueView
11-11 16:10:55.640   958   958 D KeyguardGestureManager: handle P_SENSOR_HIDE
11-11 16:10:55.640   958   958 D KeyguardGestureManager: checkHidePSensor
11-11 16:10:55.640   958   958 D KeyguardGestureManager: unregisterPSensor mIsRegister = false
11-11 16:10:55.696   675   717 D WindowOrientationListener: WindowOrientationListener disabled
11-11 16:10:55.696   304   304 I Accelerometer: enable: handle:0, en:0
11-11 16:10:55.701   675   713 I DisplayManagerService: Display device changed state: "", OFF
11-11 16:10:55.715   286   390 D AALLightSensor: AALLightSensor setEnabled 0-->0
11-11 16:10:55.717   830   830 D KeyguardViewMediator: handleMessage msg = 16 begin >>>>>>>>>>>>>>>>
11-11 16:10:55.720   264   264 D SurfaceFlinger: Set power mode=0, type=0 flinger=0xb0bb7000
11-11 16:10:55.721   258   514 I hwcomposer: [HWC] Display(0) SetPowerMode(0)  
11-11 16:10:55.723   675   688 D SingleHandMode: performTraversalInTransactionFromWindowManagerInternal false
11-11 16:10:55.728   675   688 D SingleHandMode: displayDeviceInfo.type:1
11-11 16:10:55.728   675   688 D SingleHandMode: the rect is normal
11-11 16:10:55.728   675   688 D SingleHandMode: the rect is changed null,displayDeviceInfo.type:1
11-11 16:10:55.733   675   773 I InputReader: Reconfiguring input devices.  changes=0x00000004
11-11 16:10:56.074  1302  1302 D GED DVFS Service: signo=49, event_notify=00000000
11-11 16:10:56.075   675   810 D SurfaceControl: Excessive delay in setPowerMode()
11-11 16:10:56.077   318   536 I   318   536 [sunwave-hal] : (825) 'screenOnOffMonitoringThread' enter.0
11-11 16:10:56.078   260   640 I vendor.mediatek.hardware.power@1.1-impl: setInteractive Disable All
11-11 16:10:56.082   260   275 I powerd  : [powerd_req] POWER_MSG_SCN_DISABLE_ALL
11-11 16:10:56.088   675   701 W Looper  : Dispatch took 434ms on android.ui, h=Handler (com.android.server.am.ActivityManagerService$UiHandler) {c53aabc} cb=null msg=53
11-11 16:10:56.092   318   537 I   318   537 [sunwave-hal] : (1998) got the device interrupt. 0
11-11 16:10:56.095   318   536 I   318   536 [sunwave-client] : (137) ---8<---- TA LOG BEGINS ---------
11-11 16:10:56.095   318   536 I   318   536 [sunwave-ic8271] : (2368) enter DEVICE_EXIT mode.
11-11 16:10:56.095   318   536 I   318   536 [sunwave-ic8271] : (2340) enter IDLE mode.
11-11 16:10:56.095   318   536 I   318   536 [sunwave-ta-core] : (1887) into sleep
11-11 16:10:56.095   318   536 I   318   536 [sunwave-client] : (154) --------- TA LOG FINISH ---->8---
11-11 16:10:56.095   318   536 I   318   536 [sunwave-hal] : (838) finger_count.0
11-11 16:10:56.103   318   537 I   318   537 [sunwave-client] : (137) ---8<---- TA LOG BEGINS ---------
11-11 16:10:56.103   318   537 I   318   537 [sunwave-ta-core] : (1705) 'sf_interrupt_query'
11-11 16:10:56.103   318   537 I   318   537 [sunwave-ta-core] : (1708) rst_cnt: 1
11-11 16:10:56.103   318   537 I   318   537 [sunwave-ic8271] : (2406) int: 0x00
11-11 16:10:56.103   318   537 I   318   537 [sunwave-ic8271] : (3754) fgr_cur.sum is 0(0x00), base is 123(0x7b)
11-11 16:10:56.103   318   537 I   318   537 [sunwave-ta-core] : (1727) SF_DEVICE_STAT_BUSY
11-11 16:10:56.104   318   537 I   318   537 [sunwave-ta-core] : (1887) into sleep
11-11 16:10:56.104   318   537 I   318   537 [sunwave-ta-core] : (1752) query int status: device SF_DEVICE_STAT_IDLE, irq SF_DEVICE_STAT_BUSY.
11-11 16:10:56.104   318   537 I   318   537 [sunwave-client] : (154) --------- TA LOG FINISH ---->8---
11-11 16:10:56.107   318   537 I   318   537 [sunwave-client] : (137) ---8<---- TA LOG BEGINS ---------
11-11 16:10:56.107   318   537 I   318   537 [sunwave-ta-core] : (1762) 'sf_interrupt_process'
11-11 16:10:56.107   318   537 I   318   537 [sunwave-ta-core] : (1763) int stat:SF_DEVICE_STAT_BUSY.
11-11 16:10:56.107   318   537 I   318   537 [sunwave-client] : (154) --------- TA LOG FINISH ---->8---
11-11 16:10:56.107   318   537 I   318   537 [sunwave-hal] : (2138) trans->respond.err: Unexpected interrupt
11-11 16:10:56.107   318   537 I   318   537 [sunwave-hal] : (1965) wait for device interrupt....state_hal is: SF_HAL_STATE_IDLE 
11-11 16:10:56.130   675   810 D PowerManagerService-JNI: Excessive delay in setInteractive(false) while turning screen off
11-11 16:10:56.152   830   830 D KeyguardViewMediator: handleMessage msg = 16 end <<<<<<<<<<<<<<<<<<<<
11-11 16:10:56.153   830   830 I MgzKeyguardManager: onScreenTurnedOff()  mSwitchToThird: false mMgzServiceConnected : false mMgzOn : true mBindMgzResult : false
11-11 16:10:56.185   830   830 I NotificationPanelView: onScreenTurnedOff
11-11 16:10:56.185   830   830 I NotificationPanelView: isSuccess is false
11-11 16:10:56.185   830   830 I NotificationPanelView: closeCameraAndRemoveMsg , close the camera !
11-11 16:10:56.189   830 10663 W TranssionKeyguardHomepageCamera: closeFlashLight 
11-11 16:10:56.190   830 10663 E TranssionKeyguardHomepageCamera: closeFlashLight state=0
11-11 16:10:56.190   830 10663 E TranssionKeyguardHomepageCamera: ,isLightON=false
11-11 16:10:56.191   830 10663 W TranssionKeyguardHomepageCamera: closeFlashLight state off
11-11 16:10:56.191   830 10663 I TranssionKeyguardHomepageCamera: closeCamera start cameraStatus = 0
11-11 16:10:56.191   830 10663 I TranssionKeyguardHomepageCamera: closeCamera end cameraStatus = 0
11-11 16:10:56.216   958   982 D KeyguardGestureService: onFinishedGoingToSleep
11-11 16:10:56.217   830 25588 D KeyguardViewMediator: onGoingToSleepShowingLocked updateActivityShown:false
11-11 16:10:56.218   830   830 E unlock_internal: call MGU_reset
11-11 16:10:56.218   830   830 I NotificationPanelView: closeCameraAndRemoveMsg , mSurface : false
11-11 16:10:56.226   830   830 D ChargingBouncer: updateChargingState,mChargingAnimaView : nullchargingState : 1
11-11 16:10:56.237   830  1114 W SystemServicesProxy: initCleanProtectList procectlist = [com.facebook.services, com.facebook.katana, com.facebook.orca, com.whatsapp, com.truecaller, com.viber.voip, com.instagram.android, jp.naver.line.android, com.boatmob.floating.touch, com.skype.raider, mobile.lab.PhoneCallDetect, com.tencent.mobileqqi, com.qq.wpc, com.parfield.prayers.lite, com.tencent.mobileqq, com.tencent.mm, com.mediatek.systemupdate, com.rlk.frameworkservice, com.afmobigroup.gphone, com.afmobi.carlcare, com.bbm, com.twitter.android, org.telegram.messenger, com.imo.android.imoim, com.jio.join, com.libra.notification, com.excelliance.dualaid.vend, com.android.dialer, com.android.contacts, com.android.mms, com.android.deskclock, com.transsion.deskclock, com.android.gallery3d, com.mediatek.camera, com.android.incallui, com.transsion.phonemaster, com.transsion.phonemanager, com.rlk.powersavemanagement, com.transsion.powercenter, com.oraimo.appjoywear, com.transsion.subtorch, com.android.documentsui, com.domobile.applock, com.transsion.applock, com.hanvon.xpen, com.jb.gosms, com.fooview.android.fooview.transsion, com.transsion.filemanager, com.mediatek.mtklogger.proxy, com.android.printspooler, com.google.android.marvin.talkback]
11-11 16:10:56.249   830  1114 D AppLockLoader: isAppLocked: packageName=com.google.android.apps.messaging, isLocked=false
11-11 16:10:56.251   830  1114 D AppLockLoader: isAppLocked: packageName=com.android.gallery3d, isLocked=false
11-11 16:10:56.251   830  1114 D AppLockLoader: isAppLocked: packageName=com.google.android.gm.lite, isLocked=false
11-11 16:10:56.252   830  1114 D AppLockLoader: isAppLocked: packageName=com.android.vending, isLocked=false
11-11 16:10:56.252   830  1114 D AppLockLoader: isAppLocked: packageName=com.transsion.phoenix, isLocked=false
11-11 16:10:56.253   830  1114 D AppLockLoader: isAppLocked: packageName=com.transsion.phonemaster, isLocked=false
11-11 16:10:56.256   830  1100 D Tile.WifiTile: handleUpdateState arg=null
11-11 16:10:56.257   830  1100 D Tile.MobileDataTile: handleUpdateState arg=null
11-11 16:10:56.279   830   830 D KeyguardUpdateMonitor: shouldListenForFingerprint: true. mKeyguardIsVisible = false, mBouncer = false, mKeyguardGoingAway = false, mGoingToSleep = true, mFingerprintAlreadyAuthenticated = false
11-11 16:10:56.288   830   830 D KeyguardViewMediator: handleMessage msg = 17 begin >>>>>>>>>>>>>>>>
11-11 16:10:56.288   830   830 D KeyguardViewMediator: handleMessage msg = 17 end <<<<<<<<<<<<<<<<<<<<
11-11 16:10:56.291   830   830 D KeyguardViewMediator: handleMessage msg = 5 begin >>>>>>>>>>>>>>>>
11-11 16:10:56.291   830   830 D KeyguardViewMediator: handleMessage msg = 5 end <<<<<<<<<<<<<<<<<<<<
11-11 16:10:56.293   830   830 D KeyguardUpdateMonitor: shouldListenForFingerprint: true. mKeyguardIsVisible = false, mBouncer = false, mKeyguardGoingAway = false, mGoingToSleep = false, mFingerprintAlreadyAuthenticated = false
11-11 16:10:56.298   830   830 D ChargingBouncer: updateChargingState,mChargingAnimaView : nullchargingState : 1
11-11 16:10:56.304   830  1114 D AppLockLoader: isAppLocked: packageName=com.google.android.apps.assistant, isLocked=false
11-11 16:10:56.305   830  1114 D AppLockLoader: isAppLocked: packageName=com.opera.mini.native, isLocked=false
11-11 16:10:56.306   830  1114 D AppLockLoader: isAppLocked: packageName=com.opera.olist, isLocked=false
11-11 16:10:56.310   830  1114 D AppLockLoader: isAppLocked: packageName=com.opera.mini.native, isLocked=false
11-11 16:10:56.310   830  1114 D AppLockLoader: isAppLocked: packageName=com.android.settings, isLocked=false
11-11 16:10:56.310   675   675 V AlarmManager: wmy: ACTION_SCREEN_OFF 1573459856310
11-11 16:10:56.312  5790  5790 D phonemaster_log: HiManager_MasterCoreService: do bg_scan:   true  true
11-11 16:10:56.313   830  1114 D AppLockLoader: isAppLocked: packageName=com.opera.olist, isLocked=false
11-11 16:10:56.335   675   687 I WifiService: getVerboseLoggingLevel uid=1000
11-11 16:10:56.336   675   687 I WifiService: getWifiApEnabledState uid=1000
11-11 16:10:56.338  5449  5449 D PowerSaveUtils: isUltraPowerOn(context) isOn=false
11-11 16:10:56.340  5449  5449 D PowerSaveUtils: getConfigCurrent isUltraModeOn:false
11-11 16:10:56.341  5449  5449 D PowerSaveUtils: config details is : bright->76wifiEnable-> falsewifiApEnable->falsebtEnable->falsedataEnable->truegpsEnable->truethreeGEnable->trueautoSyncEnable->trueisScreenModeOn->falseisUltraModeOn->falseisBatterySaverOn->false
11-11 16:10:56.341  5449  5449 D PowerSaveUtils: getConfigCurrent current:34.6
11-11 16:10:56.342   675  1521 V SettingsProvider: name : battery_remaining_time appId : 1000
11-11 16:10:56.343  5449  5449 D PowerSaveUtils: hours:9,min:6
11-11 16:10:56.345   675   675 D AudioSystem: +setParameters(): screen_state=off 
11-11 16:10:56.347   251   396 D AudioALSAHardware: +setParameters(): screen_state=off
11-11 16:10:56.347   251   396 D AudioALSAStreamOut: +setScreenState(), flag 6, mode 0
11-11 16:10:56.348   251   396 D AudioALSAStreamOut: +setScreenState(), flag 8, mode 0
11-11 16:10:56.348   251   396 D AudioALSAHardware: -setParameters(): screen_state=off 
11-11 16:10:56.352   260   640 D lights  : set_led_state colorRGB=FF0000FF, onMS=0, offMS=0
11-11 16:10:56.352   260   640 D lights  : blink_blue, level=255, onMS=0, offMS=0
11-11 16:10:56.361   675   675 D DeviceIdleController: updateInteractivityLocked: screenOn=false
11-11 16:10:56.362   675   675 D DeviceIdleController: becomeInactiveIfAppropriateLocked()
11-11 16:10:56.381   977  1254 D PhoneInterfaceManager: [PhoneIntfMgr] SubscriptionManager.getPhoneId(1)=1
11-11 16:10:56.383   830  1100 D Tile.MobileDataTile: isDefaultDataSimRadioOn subId=1, isRadioOn=true
11-11 16:10:56.389   830  1100 I DefaultQuickSettingsPlugin: customizeDataConnectionTile, icon = IconIdWrapper [mResources != null, mIconId=2131231212], orgLabelStr=
11-11 16:10:56.394   830   830 D StatusBar: onNotificationPosted: StatusBarNotification(pkg=android user=UserHandle{0} id=40 tag=null key=0|android|40|null|1000: Notification(channel=FOREGROUND_SERVICE pri=0 contentView=null vibrate=null sound=null defaults=0x0 flags=0x2 color=0xff607d8b vis=PRIVATE))
11-11 16:10:56.395   830   830 D StatusBar: updateNotifications now
11-11 16:10:56.396   830  1100 D Tile.MobileDataTile: handleUpdateState state=SignalState[,icon=com.mediatek.systemui.qs.tiles.ext.QsIconWrapper@63db3374,iconSupplier=null,label=,contentDescription=null,dualLabelContentDescription=null,expandedAccessibilityClassName=null,disabledByPolicy=false,dualTarget=false,isTransient=false,state=2,slash="isSlashed=false,rotation=0.0",value=false,activityIn=true,activityOut=true]
11-11 16:10:56.433  5790  6047 D phonemaster_log: HiManager_ViewUtil: ViewUtilisShowNotification false
11-11 16:10:56.434  5790  6047 D phonemaster_log: HiManager_MasterCoreService: MESSAGE_SERVICE_WHAT_UPDATE_NOTIFICATION isShowNotificationfalse
11-11 16:10:56.447   830  1100 D Tile.WifiTile: handleUpdateState arg=null
11-11 16:10:56.452   830  1100 D Tile.MobileDataTile: handleUpdateState arg=null
11-11 16:10:56.483   977  1254 D PhoneInterfaceManager: [PhoneIntfMgr] SubscriptionManager.getPhoneId(1)=1
11-11 16:10:56.486   830  1100 D Tile.MobileDataTile: isDefaultDataSimRadioOn subId=1, isRadioOn=true
11-11 16:10:56.500   830  1100 I DefaultQuickSettingsPlugin: customizeDataConnectionTile, icon = IconIdWrapper [mResources != null, mIconId=2131231212], orgLabelStr=
11-11 16:10:56.508   830  1100 D Tile.MobileDataTile: handleUpdateState state=SignalState[,icon=com.mediatek.systemui.qs.tiles.ext.QsIconWrapper@63db3374,iconSupplier=null,label=,contentDescription=null,dualLabelContentDescription=null,expandedAccessibilityClassName=null,disabledByPolicy=false,dualTarget=false,isTransient=false,state=2,slash="isSlashed=false,rotation=0.0",value=false,activityIn=true,activityOut=true]
11-11 16:10:56.512   830   830 D StatusBar: updateNotifications now
11-11 16:10:56.625   830   830 D StatusBar: addNotification key=0|android|40|null|1000
11-11 16:10:56.650   830   830 D StatusBar: No peeking: filtered notification: 0|android|40|null|1000
11-11 16:10:56.722   675   687 V AlarmManager: wqGMS Skip gms alarm
11-11 16:10:56.723   675   687 I chatty  : uid=1000(system) Binder:675_1 identical 1 line
11-11 16:10:56.727   675   687 V AlarmManager: wqGMS Skip gms alarm
11-11 16:10:56.751   675  1521 V AlarmManager: wqGMS Skip gms alarm
11-11 16:10:56.845   675   687 V AlarmManager: wqGMS Skip gms alarm
11-11 16:10:56.855   830   830 D StatusBar: No peeking: not in use: 0|android|40|null|1000
11-11 16:10:57.133  5449  5449 I PC_ScreenOffModelImp: screenOffClean isSupportSleepOffAceelerateFeature: 
11-11 16:10:57.133  5449  5449 D PowerSaveUtils: isUltraPowerOn(context) isOn=false
11-11 16:10:57.134  5449  5449 I PC_ScreenStatusReceiver: screenOffClean: true
11-11 16:10:57.137  5449  5449 V PC_ScreenStatusReceiver: alarmTime=300000
11-11 16:10:57.140  5449  5449 V PC_ScreenStatusReceiver: startAlarmTime=20191111 4:15:57
11-11 16:10:57.159  5743  5743 I DeviceStatusMonitor: onReceive() : Action = android.intent.action.SCREEN_OFF
11-11 16:10:57.185  5743  5743 I VoiceImeUtils: S3 recognizer enabled.
11-11 16:10:57.234  2792  3449 I System.out: isEmailSend:POST
11-11 16:10:57.235  2792  3449 I System.out: port:80
11-11 16:10:57.438  2792  2802 I zygote  : Background concurrent copying GC freed 143342(6MB) AllocSpace objects, 58(2MB) LOS objects, 49% free, 10MB/21MB, paused 308us total 211.620ms
11-11 16:10:58.921  2792  3449 I System.out: Check isMmsSendPdu
11-11 16:10:58.975  2792  3449 I System.out: [OkHttp] sendRequest>>
11-11 16:10:58.976  2792  3449 I System.out: [OkHttp] sendRequest<<
11-11 16:11:00.658   289   347 E CameraService: getClientTorchStatus, PPD SM. 01. Device 0 is closed, no client instance
11-11 16:11:00.659   289   347 E CameraService: getClientTorchStatus, PPD SM. 01. Device 1 is closed, no client instance
11-11 16:11:00.659   289   347 E CameraService: getClientTorchStatus, PPD SM. return 02. Torch=: 1
11-11 16:11:00.717   675   769 D MtkDataShapingUtils: openLteGateByDataShaping datashaping instance is null
11-11 16:11:00.760   830   830 D KeyguardViewMediator: lockedOrMissing is false, requireSim=false, antiTheftLocked=false
11-11 16:11:00.817   830   830 D KeyguardViewMediator: handleMessage msg = 1 begin >>>>>>>>>>>>>>>>
11-11 16:11:00.821   830   830 D StatusBarKeyguardViewManager: show() is called.
11-11 16:11:00.841   675  1521 V WindowManager: Changing focus from Window{ab5dd4d u0 com.transsion.hilauncher/com.android.launcher3.Launcher} to null Callers=com.android.server.wm.AppWindowToken.setVisibility:414 com.android.server.wm.AppWindowContainerController.setVisibility:468 com.android.server.am.ActivityRecord.setVisibility:1621 com.android.server.am.ActivityRecord.setVisible:1635 
11-11 16:11:00.842   675  1521 D WindowManager: Input focus has changed to null
11-11 16:11:00.845  2792  2889 E [EGL-ERROR]: __egl_platform_cancel_buffers:644: surface->num_buffers(4)
11-11 16:11:00.846  2792  2889 D Surface : Surface::disconnect(this=0x8a963800,api=1)
11-11 16:11:00.848  2792  2889 D GraphicBuffer: unregister, handle(0x8b5030c0) (w:744 h:398 s:752 f:0x1 u:f02)
11-11 16:11:00.850  2792  2889 D GraphicBuffer: unregister, handle(0x8ca61dc0) (w:744 h:398 s:752 f:0x1 u:f02)
11-11 16:11:00.851  2792  2889 D GraphicBuffer: unregister, handle(0x8ca61880) (w:744 h:398 s:752 f:0x1 u:f02)
11-11 16:11:00.852   264   435 I BufferQueueProducer: [com.transsion.hilauncher/com.android.launcher3.Launcher#1](this:0xabc50000,id:2163,api:1,p:2792,c:264) disconnect(P): api 1
11-11 16:11:00.852   264   435 I BufferQueueConsumer: [com.transsion.hilauncher/com.android.launcher3.Launcher#1](this:0xabc50000,id:2163,api:1,p:-1,c:264) getReleasedBuffers: returning mask 0xffffffffffffffff
11-11 16:11:00.862   675   713 I WindowManager: Focus moving from Window{ab5dd4d u0 com.transsion.hilauncher/com.android.launcher3.Launcher} to null
11-11 16:11:00.875   264   264 I BufferQueueConsumer: [com.transsion.hilauncher/com.android.launcher3.Launcher#1](this:0xabc50000,id:2163,api:1,p:-1,c:-1) disconnect(C)
11-11 16:11:00.876   258   514 D vndksupport: Loading /vendor/lib/hw/gralloc.mt6580.so from current namespace instead of sphal namespace.
11-11 16:11:00.877   258   514 D vndksupport: Loading /vendor/lib/hw/gralloc.mt6580.so from current namespace instead of sphal namespace.
11-11 16:11:00.887   264   620 I BufferQueue: [com.transsion.hilauncher/com.android.launcher3.Launcher#1](this:0xabc50000,id:2163,api:1,p:-1,c:-1) ~BufferQueueCore
11-11 16:11:00.888  2792  2792 V PhoneWindow: DecorView setVisiblity: visibility = 4, Parent = ViewRoot{9215ad4 com.transsion.hilauncher/com.a