11-11 15:56:36.959   675   701 W ContextImpl: Calling a method in the system process without a qualified user: android.app.ContextImpl.sendBroadcast:967 com.mediatek.server.stk.StkManagerImpl$2.run:110 android.os.Handler.handleCallback:790 android.os.Handler.dispatchMessage:99 android.os.Looper.loop:164 
11-11 15:56:36.960   675   700 W BroadcastQueue: Background execution not allowed: receiving Intent { act=mediatek.intent.action.stk.USER_ACTIVITY flg=0x10 } to com.android.stk/.EventReceiver
11-11 15:56:37.468   675   701 W ContextImpl: Calling a method in the system process without a qualified user: android.app.ContextImpl.sendBroadcast:967 com.mediatek.server.stk.StkManagerImpl$2.run:110 android.os.Handler.handleCallback:790 android.os.Handler.dispatchMessage:99 android.os.Looper.loop:164 
11-11 15:56:37.470   675   700 W BroadcastQueue: Background execution not allowed: receiving Intent { act=mediatek.intent.action.stk.USER_ACTIVITY flg=0x10 } to com.android.stk/.EventReceiver
11-11 15:56:37.980   675   701 W ContextImpl: Calling a method in the system process without a qualified user: android.app.ContextImpl.sendBroadcast:967 com.mediatek.server.stk.StkManagerImpl$2.run:110 android.os.Handler.handleCallback:790 android.os.Handler.dispatchMessage:99 android.os.Looper.loop:164 
11-11 15:56:37.981   675   700 W BroadcastQueue: Background execution not allowed: receiving Intent { act=mediatek.intent.action.stk.USER_ACTIVITY flg=0x10 } to com.android.stk/.EventReceiver
11-11 15:56:38.489   675  4419 I ActivityManager: START u0 {act=android.intent.action.MAIN cat=[android.intent.category.LAUNCHER] flg=0x10200000 cmp=com.opera.olist/com.olist.main.ui.SplashActivity} from uid 2000
11-11 15:56:39.008   675   701 W ContextImpl: Calling a method in the system process without a qualified user: android.app.ContextImpl.sendBroadcast:967 com.mediatek.server.stk.StkManagerImpl$2.run:110 android.os.Handler.handleCallback:790 android.os.Handler.dispatchMessage:99 android.os.Looper.loop:164 
11-11 15:56:39.012   675   700 W BroadcastQueue: Background execution not allowed: receiving Intent { act=mediatek.intent.action.stk.USER_ACTIVITY flg=0x10 } to com.android.stk/.EventReceiver
11-11 15:56:39.526   675   701 W ContextImpl: Calling a method in the system process without a qualified user: android.app.ContextImpl.sendBroadcast:967 com.mediatek.server.stk.StkManagerImpl$2.run:110 android.os.Handler.handleCallback:790 android.os.Handler.dispatchMessage:99 android.os.Looper.loop:164 
11-11 15:56:39.528   675   700 W BroadcastQueue: Background execution not allowed: receiving Intent { act=mediatek.intent.action.stk.USER_ACTIVITY flg=0x10 } to com.android.stk/.EventReceiver
11-11 15:56:40.041   675   701 W ContextImpl: Calling a method in the system process without a qualified user: android.app.ContextImpl.sendBroadcast:967 com.mediatek.server.stk.StkManagerImpl$2.run:110 android.os.Handler.handleCallback:790 android.os.Handler.dispatchMessage:99 android.os.Looper.loop:164 
11-11 15:56:40.042   675   700 W BroadcastQueue: Background execution not allowed: receiving Intent { act=mediatek.intent.action.stk.USER_ACTIVITY flg=0x10 } to com.android.stk/.EventReceiver
11-11 15:56:40.067   675   701 W ContextImpl: Calling a method in the system process without a qualified user: android.app.ContextImpl.sendBroadcast:967 com.mediatek.server.stk.StkManagerImpl$2.run:110 android.os.Handler.handleCallback:790 android.os.Handler.dispatchMessage:99 android.os.Looper.loop:164 
11-11 15:56:40.069   675   700 W BroadcastQueue: Background execution not allowed: receiving Intent { act=mediatek.intent.action.stk.USER_ACTIVITY flg=0x10 } to com.android.stk/.EventReceiver
11-11 15:56:40.241   675   701 W ContextImpl: Calling a method in the system process without a qualified user: android.app.ContextImpl.sendBroadcast:967 com.mediatek.server.stk.StkManagerImpl$2.run:110 android.os.Handler.handleCallback:790 android.os.Handler.dispatchMessage:99 android.os.Looper.loop:164 
11-11 15:56:40.243   675   700 W BroadcastQueue: Background execution not allowed: receiving Intent { act=mediatek.intent.action.stk.USER_ACTIVITY flg=0x10 } to com.android.stk/.EventReceiver
11-11 15:56:40.756   675   701 W ContextImpl: Calling a method in the system process without a qualified user: android.app.ContextImpl.sendBroadcast:967 com.mediatek.server.stk.StkManagerImpl$2.run:110 android.os.Handler.handleCallback:790 android.os.Handler.dispatchMessage:99 android.os.Looper.loop:164 
11-11 15:56:40.757   675   700 W BroadcastQueue: Background execution not allowed: receiving Intent { act=mediatek.intent.action.stk.USER_ACTIVITY flg=0x10 } to com.android.stk/.EventReceiver
11-11 15:56:41.266   675   701 W ContextImpl: Calling a method in the system process without a qualified user: android.app.ContextImpl.sendBroadcast:967 com.mediatek.server.stk.StkManagerImpl$2.run:110 android.os.Handler.handleCallback:790 android.os.Handler.dispatchMessage:99 android.os.Looper.loop:164 
11-11 15:56:41.267   675   700 W BroadcastQueue: Background execution not allowed: receiving Intent { act=mediatek.intent.action.stk.USER_ACTIVITY flg=0x10 } to com.android.stk/.EventReceiver
11-11 15:56:41.777   675   701 W ContextImpl: Calling a method in the system process without a qualified user: android.app.ContextImpl.sendBroadcast:967 com.mediatek.server.stk.StkManagerImpl$2.run:110 android.os.Handler.handleCallback:790 android.os.Handler.dispatchMessage:99 android.os.Looper.loop:164 
11-11 15:56:41.779   675   700 W BroadcastQueue: Background execution not allowed: receiving Intent { act=mediatek.intent.action.stk.USER_ACTIVITY flg=0x10 } to com.android.stk/.EventReceiver
11-11 15:56:42.292   675   701 W ContextImpl: Calling a method in the system process without a qualified user: android.app.ContextImpl.sendBroadcast:967 com.mediatek.server.stk.StkManagerImpl$2.run:110 android.os.Handler.handleCallback:790 android.os.Handler.dispatchMessage:99 android.os.Looper.loop:164 
11-11 15:56:42.293   675   700 W BroadcastQueue: Background execution not allowed: receiving Intent { act=mediatek.intent.action.stk.USER_ACTIVITY flg=0x10 } to com.android.stk/.EventReceiver
11-11 15:56:42.333   675   721 W PackageManager: Invalid verification token 48 received
11-11 15:56:42.801   675   701 W ContextImpl: Calling a method in the system process without a qualified user: android.app.ContextImpl.sendBroadcast:967 com.mediatek.server.stk.StkManagerImpl$2.run:110 android.os.Handler.handleCallback:790 android.os.Handler.dispatchMessage:99 android.os.Looper.loop:164 
11-11 15:56:42.803   675   700 W BroadcastQueue: Background execution not allowed: receiving Intent { act=mediatek.intent.action.stk.USER_ACTIVITY flg=0x10 } to com.android.stk/.EventReceiver
11-11 15:56:43.314   675   701 W ContextImpl: Calling a method in the system process without a qualified user: android.app.ContextImpl.sendBroadcast:967 com.mediatek.server.stk.StkManagerImpl$2.run:110 android.os.Handler.handleCallback:790 android.os.Handler.dispatchMessage:99 android.os.Looper.loop:164 
11-11 15:56:43.315   675   700 W BroadcastQueue: Background execution not allowed: receiving Intent { act=mediatek.intent.action.stk.USER_ACTIVITY flg=0x10 } to com.android.stk/.EventReceiver
11-11 15:56:43.836   675   701 W ContextImpl: Calling a method in the system process without a qualified user: android.app.ContextImpl.sendBroadcast:967 com.mediatek.server.stk.StkManagerImpl$2.run:110 android.os.Handler.handleCallback:790 android.os.Handler.dispatchMessage:99 android.os.Looper.loop:164 
11-11 15:56:43.839   675   700 W BroadcastQueue: Background execution not allowed: receiving Intent { act=mediatek.intent.action.stk.USER_ACTIVITY flg=0x10 } to com.android.stk/.EventReceiver
11-11 15:56:44.348   675   701 W ContextImpl: Calling a method in the system process without a qualified user: android.app.ContextImpl.sendBroadcast:967 com.mediatek.server.stk.StkManagerImpl$2.run:110 android.os.Handler.handleCallback:790 android.os.Handler.dispatchMessage:99 android.os.Looper.loop:164 
11-11 15:56:44.349   675   700 W BroadcastQueue: Background execution not allowed: receiving Intent { act=mediatek.intent.action.stk.USER_ACTIVITY flg=0x10 } to com.android.stk/.EventReceiver
11-11 15:56:44.865   675   701 W ContextImpl: Calling a method in the system process without a qualified user: android.app.ContextImpl.sendBroadcast:967 com.mediatek.server.stk.StkManagerImpl$2.run:110 android.os.Handler.handleCallback:790 android.os.Handler.dispatchMessage:99 android.os.Looper.loop:164 
11-11 15:56:44.867   675   700 W BroadcastQueue: Background execution not allowed: receiving Intent { act=mediatek.intent.action.stk.USER_ACTIVITY flg=0x10 } to com.android.stk/.EventReceiver
11-11 15:56:45.306   675   675 I DeviceIdleController: updateChargingLocked: charging=true
11-11 15:56:45.306   675   675 I DeviceIdleController: becomeActiveLocked, reason = charging
11-11 15:56:45.377   675   701 W ContextImpl: Calling a method in the system process without a qualified user: android.app.ContextImpl.sendBroadcast:967 com.mediatek.server.stk.StkManagerImpl$2.run:110 android.os.Handler.handleCallback:790 android.os.Handler.dispatchMessage:99 android.os.Looper.loop:164 
11-11 15:56:45.379   675   700 W BroadcastQueue: Background execution not allowed: receiving Intent { act=mediatek.intent.action.stk.USER_ACTIVITY flg=0x10 } to com.android.stk/.EventReceiver
11-11 15:56:45.937   675   701 W ContextImpl: Calling a method in the system process without a qualified user: android.app.ContextImpl.sendBroadcast:967 com.mediatek.server.stk.StkManagerImpl$2.run:110 android.os.Handler.handleCallback:790 android.os.Handler.dispatchMessage:99 android.os.Looper.loop:164 
11-11 15:56:45.939   675   700 W BroadcastQueue: Background execution not allowed: receiving Intent { act=mediatek.intent.action.stk.USER_ACTIVITY flg=0x10 } to com.android.stk/.EventReceiver
11-11 15:56:46.315   675  4806 V SettingsProvider: name : battery_remaining_time appId : 1000
11-11 15:56:46.445   675   701 W ContextImpl: Calling a method in the system process without a qualified user: android.app.ContextImpl.sendBroadcast:967 com.mediatek.server.stk.StkManagerImpl$2.run:110 android.os.Handler.handleCallback:790 android.os.Handler.dispatchMessage:99 android.os.Looper.loop:164 
11-11 15:56:46.446   675   700 W BroadcastQueue: Background execution not allowed: receiving Intent { act=mediatek.intent.action.stk.USER_ACTIVITY flg=0x10 } to com.android.stk/.EventReceiver
11-11 15:56:46.957   675   701 W ContextImpl: Calling a method in the system process without a qualified user: android.app.ContextImpl.sendBroadcast:967 com.mediatek.server.stk.StkManagerImpl$2.run:110 android.os.Handler.handleCallback:790 android.os.Handler.dispatchMessage:99 android.os.Looper.loop:164 
11-11 15:56:46.958   675   700 W BroadcastQueue: Background execution not allowed: receiving Intent { act=mediatek.intent.action.stk.USER_ACTIVITY flg=0x10 } to com.android.stk/.EventReceiver
11-11 15:56:46.969   675  7536 I ActivityManager: START u0 {flg=0x10000000 cmp=com.opera.olist/com.olist.home.ui.picturepreview.PicUI (has extras)} from uid 10114
11-11 15:56:47.009   675  7775 D AppLockDelegator: appLockCheck: 
11-11 15:56:47.009   675  7775 D ActivityManager: realStartActivityLocked: app lock service check
11-11 15:56:47.010   675  7775 D ActivityManager: setActivityResumedHook:com.opera.olist
11-11 15:56:47.010   675  7775 V WindowManager: Set focused app to: AppWindowToken{b643a4d token=Token{42c55e4 ActivityRecord{e91d577 u0 com.opera.olist/com.olist.home.ui.picturepreview.PicUI t2412}}} old focus=AppWindowToken{f10411c token=Token{ee20a8f ActivityRecord{eae15ee u0 com.opera.olist/com.olist.home.ui.detail.DetailUI t2412}}} moveFocusNow=true
11-11 15:56:47.012   675  7775 V WindowManager: Changing focus from Window{7fec0ab u0 com.opera.olist/com.olist.home.ui.detail.DetailUI} to null Callers=com.android.server.wm.WindowManagerService.setFocusedApp:2748 com.android.server.am.ActivityManagerService.setResumedActivityUncheckLocked:3413 com.android.server.am.ActivityStack.setResumedActivityLocked:2335 com.android.server.am.ActivityStack.minimalResumeActivityLocked:1111 
11-11 15:56:47.014   675  7775 D WindowManager: Input focus has changed to null
11-11 15:56:47.018   675   713 I WindowManager: Focus moving from Window{7fec0ab u0 com.opera.olist/com.olist.home.ui.detail.DetailUI} to null
11-11 15:56:47.023   675  7775 D ProcessManager: After resumed : com.opera.olist
11-11 15:56:47.144   675  4806 I WindowManager: Relayout Window{e5f234e u0 com.opera.olist/com.olist.home.ui.picturepreview.PicUI}: oldVis=4 newVis=0 focusMayChange = true
11-11 15:56:47.156   675  4806 V WindowManager: Changing focus from null to Window{e5f234e u0 com.opera.olist/com.olist.home.ui.picturepreview.PicUI} Callers=com.android.server.wm.WindowManagerService.relayoutWindow:2187 com.android.server.wm.Session.relayout:239 android.view.IWindowSession$Stub.onTransact:286 com.android.server.wm.Session.onTransact:163 
11-11 15:56:47.156   675  4806 D WindowManager: Input focus has changed to Window{e5f234e u0 com.opera.olist/com.olist.home.ui.picturepreview.PicUI}
11-11 15:56:47.173   675   713 I WindowManager: Focus moving from null to Window{e5f234e u0 com.opera.olist/com.olist.home.ui.picturepreview.PicUI}
11-11 15:56:47.366   675  4419 D IdleScreen: activityIdleScreen: android.app.ContextImpl@ab7f6f mNotifyNeeded: false idleIntent: Intent { flg=0x10000000 cmp=com.opera.olist/com.olist.home.ui.picturepreview.PicUI (has extras) }
11-11 15:56:47.467   675   701 W ContextImpl: Calling a method in the system process without a qualified user: android.app.ContextImpl.sendBroadcast:967 com.mediatek.server.stk.StkManagerImpl$2.run:110 android.os.Handler.handleCallback:790 android.os.Handler.dispatchMessage:99 android.os.Looper.loop:164 
11-11 15:56:47.468   675   700 W BroadcastQueue: Background execution not allowed: receiving Intent { act=mediatek.intent.action.stk.USER_ACTIVITY flg=0x10 } to com.android.stk/.EventReceiver
11-11 15:56:47.978   675   701 W ContextImpl: Calling a method in the system process without a qualified user: android.app.ContextImpl.sendBroadcast:967 com.mediatek.server.stk.StkManagerImpl$2.run:110 android.os.Handler.handleCallback:790 android.os.Handler.dispatchMessage:99 android.os.Looper.loop:164 
11-11 15:56:47.979   675   700 W BroadcastQueue: Background execution not allowed: receiving Intent { act=mediatek.intent.action.stk.USER_ACTIVITY flg=0x10 } to com.android.stk/.EventReceiver
11-11 15:56:48.484   675   701 W ContextImpl: Calling a method in the system process without a qualified user: android.app.ContextImpl.sendBroadcast:967 com.mediatek.server.stk.StkManagerImpl$2.run:110 android.os.Handler.handleCallback:790 android.os.Handler.dispatchMessage:99 android.os.Looper.loop:164 
11-11 15:56:48.485   675   700 W BroadcastQueue: Background execution not allowed: receiving Intent { act=mediatek.intent.action.stk.USER_ACTIVITY flg=0x10 } to com.android.stk/.EventReceiver
11-11 15:56:49.012   675   701 W ContextImpl: Calling a method in the system process without a qualified user: android.app.ContextImpl.sendBroadcast:967 com.mediatek.server.stk.StkManagerImpl$2.run:110 android.os.Handler.handleCallback:790 android.os.Handler.dispatchMessage:99 android.os.Looper.loop:164 
11-11 15:56:49.013   675   700 W BroadcastQueue: Background execution not allowed: receiving Intent { act=mediatek.intent.action.stk.USER_ACTIVITY flg=0x10 } to com.android.stk/.EventReceiver
11-11 15:56:49.522   675   701 W ContextImpl: Calling a method in the system process without a qualified user: android.app.ContextImpl.sendBroadcast:967 com.mediatek.server.stk.StkManagerImpl$2.run:110 android.os.Handler.handleCallback:790 android.os.Handler.dispatchMessage:99 android.os.Looper.loop:164 
11-11 15:56:49.523   675   700 W BroadcastQueue: Background execution not allowed: receiving Intent { act=mediatek.intent.action.stk.USER_ACTIVITY flg=0x10 } to com.android.stk/.EventReceiver
11-11 15:56:49.551   675   701 W ContextImpl: Calling a method in the system process without a qualified user: android.app.ContextImpl.sendBroadcast:967 com.mediatek.server.stk.StkManagerImpl$2.run:110 android.os.Handler.handleCallback:790 android.os.Handler.dispatchMessage:99 android.os.Looper.loop:164 
11-11 15:56:49.552   675   700 W BroadcastQueue: Background execution not allowed: receiving Intent { act=mediatek.intent.action.stk.USER_ACTIVITY flg=0x10 } to com.android.stk/.EventReceiver
11-11 15:56:50.089   675   701 W ContextImpl: Calling a method in the system process without a qualified user: android.app.ContextImpl.sendBroadcast:967 com.mediatek.server.stk.StkManagerImpl$2.run:110 android.os.Handler.handleCallback:790 android.os.Handler.dispatchMessage:99 android.os.Looper.loop:164 
11-11 15:56:50.090   675   700 W BroadcastQueue: Background execution not allowed: receiving Intent { act=mediatek.intent.action.stk.USER_ACTIVITY flg=0x10 } to com.android.stk/.EventReceiver
11-11 15:56:50.611   675   701 W ContextImpl: Calling a method in the system process without a qualified user: android.app.ContextImpl.sendBroadcast:967 com.mediatek.server.stk.StkManagerImpl$2.run:110 android.os.Handler.handleCallback:790 android.os.Handler.dispatchMessage:99 android.os.Looper.loop:164 
11-11 15:56:50.612   675   700 W BroadcastQueue: Background execution not allowed: receiving Intent { act=mediatek.intent.action.stk.USER_ACTIVITY flg=0x10 } to com.android.stk/.EventReceiver
11-11 15:56:50.638   675   701 W ContextImpl: Calling a method in the system process without a qualified user: android.app.ContextImpl.sendBroadcast:967 com.mediatek.server.stk.StkManagerImpl$2.run:110 android.os.Handler.handleCallback:790 android.os.Handler.dispatchMessage:99 android.os.Looper.loop:164 
11-11 15:56:50.639   675   700 W BroadcastQueue: Background execution not allowed: receiving Intent { act=mediatek.intent.action.stk.USER_ACTIVITY flg=0x10 } to com.android.stk/.EventReceiver
11-11 15:56:51.149   675   701 W ContextImpl: Calling a method in the system process without a qualified user: android.app.ContextImpl.sendBroadcast:967 com.mediatek.server.stk.StkManagerImpl$2.run:110 android.os.Handler.handleCallback:790 android.os.Handler.dispatchMessage:99 android.os.Looper.loop:164 
11-11 15:56:51.150   675   700 W BroadcastQueue: Background execution not allowed: receiving Intent { act=mediatek.intent.action.stk.USER_ACTIVITY flg=0x10 } to com.android.stk/.EventReceiver
11-11 15:56:51.172   675   701 W ContextImpl: Calling a method in the system process without a qualified user: android.app.ContextImpl.sendBroadcast:967 com.mediatek.server.stk.StkManagerImpl$2.run:110 android.os.Handler.handleCallback:790 android.os.Handler.dispatchMessage:99 android.os.Looper.loop:164 
11-11 15:56:51.173   675   700 W BroadcastQueue: Background execution not allowed: receiving Intent { act=mediatek.intent.action.stk.USER_ACTIVITY flg=0x10 } to com.android.stk/.EventReceiver
11-11 15:56:51.698   675   701 W ContextImpl: Calling a method in the system process without a qualified user: android.app.ContextImpl.sendBroadcast:967 com.mediatek.server.stk.StkManagerImpl$2.run:110 android.os.Handler.handleCallback:790 android.os.Handler.dispatchMessage:99 android.os.Looper.loop:164 
11-11 15:56:51.700   675   700 W BroadcastQueue: Background execution not allowed: receiving Intent { act=mediatek.intent.action.stk.USER_ACTIVITY flg=0x10 } to com.android.stk/.EventReceiver
11-11 15:56:52.211   675   701 W ContextImpl: Calling a method in the system process without a qualified user: android.app.ContextImpl.sendBroadcast:967 com.mediatek.server.stk.StkManagerImpl$2.run:110 android.os.Handler.handleCallback:790 android.os.Handler.dispatchMessage:99 android.os.Looper.loop:164 
11-11 15:56:52.212   675   700 W BroadcastQueue: Background execution not allowed: receiving Intent { act=mediatek.intent.action.stk.USER_ACTIVITY flg=0x10 } to com.android.stk/.EventReceiver
11-11 15:56:53.249   675   701 W ContextImpl: Calling a method in the system process without a qualified user: android.app.ContextImpl.sendBroadcast:967 com.mediatek.server.stk.StkManagerImpl$2.run:110 android.os.Handler.handleCallback:790 android.os.Handler.dispatchMessage:99 android.os.Looper.loop:164 
11-11 15:56:53.251   675   700 W BroadcastQueue: Background execution not allowed: receiving Intent { act=mediatek.intent.action.stk.USER_ACTIVITY flg=0x10 } to com.android.stk/.EventReceiver
11-11 15:56:53.765   675   701 W ContextImpl: Calling a method in the system process without a qualified user: android.app.ContextImpl.sendBroadcast:967 com.mediatek.server.stk.StkManagerImpl$2.run:110 android.os.Handler.handleCallback:790 android.os.Handler.dispatchMessage:99 android.os.Looper.loop:164 
11-11 15:56:53.766   675   700 W BroadcastQueue: Background execution not allowed: receiving Intent { act=mediatek.intent.action.stk.USER_ACTIVITY flg=0x10 } to com.android.stk/.EventReceiver
11-11 15:56:54.275   675   701 W ContextImpl: Calling a method in the system process without a qualified user: android.app.ContextImpl.sendBroadcast:967 com.mediatek.server.stk.StkManagerImpl$2.run:110 android.os.Handler.handleCallback:790 android.os.Handler.dispatchMessage:99 android.os.Looper.loop:164 
11-11 15:56:54.276   675   700 W BroadcastQueue: Background execution not allowed: receiving Intent { act=mediatek.intent.action.stk.USER_ACTIVITY flg=0x10 } to com.android.stk/.EventReceiver
11-11 15:56:54.790   675  4806 I ActivityManager: START u0 {act=android.intent.action.MAIN cat=[android.intent.category.LAUNCHER] flg=0x10200000 cmp=com.opera.olist/com.olist.main.ui.SplashActivity} from uid 2000
11-11 15:56:55.305   675   701 W ContextImpl: Calling a method in the system process without a qualified user: android.app.ContextImpl.sendBroadcast:967 com.mediatek.server.stk.StkManagerImpl$2.run:110 android.os.Handler.handleCallback:790 android.os.Handler.dispatchMessage:99 android.os.Looper.loop:164 
11-11 15:56:55.306   675   700 W BroadcastQueue: Background execution not allowed: receiving Intent { act=mediatek.intent.action.stk.USER_ACTIVITY flg=0x10 } to com.android.stk/.EventReceiver
11-11 15:56:55.322   675   675 I DeviceIdleController: updateChargingLocked: charging=true
11-11 15:56:55.323   675   675 I DeviceIdleController: becomeActiveLocked, reason = charging
11-11 15:56:55.359   675   701 W ContextImpl: Calling a method in the system process without a qualified user: android.app.ContextImpl.sendBroadcast:967 com.mediatek.server.stk.StkManagerImpl$2.run:110 android.os.Handler.handleCallback:790 android.os.Handler.dispatchMessage:99 android.os.Looper.loop:164 
11-11 15:56:55.360   675   700 W BroadcastQueue: Background execution not allowed: receiving Intent { act=mediatek.intent.action.stk.USER_ACTIVITY flg=0x10 } to com.android.stk/.EventReceiver
11-11 15:56:55.882   675   701 W ContextImpl: Calling a method in the system process without a qualified user: android.app.ContextImpl.sendBroadcast:967 com.mediatek.server.stk.StkManagerImpl$2.run:110 android.os.Handler.handleCallback:790 android.os.Handler.dispatchMessage:99 android.os.Looper.loop:164 
11-11 15:56:55.883   675   700 W BroadcastQueue: Background execution not allowed: receiving Intent { act=mediatek.intent.action.stk.USER_ACTIVITY flg=0x10 } to com.android.stk/.EventReceiver
11-11 15:56:56.336   675  4419 V SettingsProvider: name : battery_remaining_time appId : 1000
11-11 15:56:56.388   675   701 W ContextImpl: Calling a method in the system process without a qualified user: android.app.ContextImpl.sendBroadcast:967 com.mediatek.server.stk.StkManagerImpl$2.run:110 android.os.Handler.handleCallback:790 android.os.Handler.dispatchMessage:99 android.os.Looper.loop:164 
11-11 15:56:56.389   675   700 W BroadcastQueue: Background execution not allowed: receiving Intent { act=mediatek.intent.action.stk.USER_ACTIVITY flg=0x10 } to com.android.stk/.EventReceiver
11-11 15:56:57.050   675   701 W ContextImpl: Calling a method in the system process without a qualified user: android.app.ContextImpl.sendBroadcast:967 com.mediatek.server.stk.StkManagerImpl$2.run:110 android.os.Handler.handleCallback:790 android.os.Handler.dispatchMessage:99 android.os.Looper.loop:164 
11-11 15:56:57.052   675   700 W BroadcastQueue: Background execution not allowed: receiving Intent { act=mediatek.intent.action.stk.USER_ACTIVITY flg=0x10 } to com.android.stk/.EventReceiver
11-11 15:56:57.065   675  4806 V SettingsProvider: name : user_rotation appId : 1000
11-11 15:56:57.065   675  4806 V SettingsProvider: name : accelerometer_rotation appId : 1000
11-11 15:56:57.069   675   701 D WindowOrientationListener: WindowOrientationListener disabled
11-11 15:56:57.077   675  7775 V SettingsProvider: name : accelerometer_rotation appId : 1000
11-11 15:56:57.109   675   701 I AMS     : oldConf = zh_CN_#Hans newConf = null
11-11 15:56:57.115   675   701 E WindowManager: Ultra test updateSettings mIsUltraPowerOn:false
11-11 15:56:57.129   675   701 D WindowOrientationListener: WindowOrientationListener enabled clearCurrentRotation=true
11-11 15:56:57.158   675   701 I AMS     : oldConf = zh_CN_#Hans newConf = null
11-11 15:56:57.165   675   701 E WindowManager: Ultra test updateSettings mIsUltraPowerOn:false
11-11 15:57:05.321   675   675 I DeviceIdleController: updateChargingLocked: charging=true
11-11 15:57:05.321   675   675 I DeviceIdleController: becomeActiveLocked, reason = charging
11-11 15:57:06.331   675  7536 V SettingsProvider: name : battery_remaining_time appId : 1000
11-11 15:57:09.563   675   999 I ActivityManager: Process com.google.process.gservices (pid 8369) has died: cch  CEM 
11-11 15:57:09.577   675   705 D ProcessManager: killAllBackgroundProcesses
11-11 15:57:09.578   675   705 I ActivityManager: Killing 7458:com.tencent.mm/u0a101 (adj 900): *kill all background
11-11 15:57:09.579   675   705 W ActivityManager: Scheduling restart of crashed service com.tencent.mm/.service.ProcessService$MMProcessService in 1000ms
--------- beginning of main
11-11 15:57:10.096   830   840 D GraphicBuffer: unregister, handle(0x8c8b5380) (w:432 h:864 s:432 f:0x1 u:333)
11-11 15:57:10.099   830   830 D SignalClusterView: setMDataInds-getState subId:1sts[com.android.systemui.statusbar.SignalClusterView$PhoneState@2ada1a4]:com.android.systemui.statusbar.SignalClusterView{bd0d7e4 V.E...... ........ 2,7-48,41 #7f0a02a1 app:id/signal_cluster}
11-11 15:57:10.099   830   840 D GraphicBuffer: unregister, handle(0x8eb46480) (w:432 h:864 s:432 f:0x1 u:333)
11-11 15:57:10.118   264   434 I BufferQueueProducer: [StatusBar#0](this:0xabc4a000,id:4,api:1,p:830,c:264) queueBuffer: fps=2.27 dur=1319.56 max=668.13 min=322.98
11-11 15:57:10.127   830   840 D GraphicBuffer: unregister, handle(0x8eb46600) (w:432 h:864 s:432 f:0x1 u:333)
11-11 15:57:10.137   264   264 I DisplayDevice: [Built-in Screen (type:0)] fps:3.779888,dur:1322.79,max:462.86,min:16.43
11-11 15:57:10.205   307   307 I thermal_repeater: [recvMdThermalInfo] ret=9, strLen=127,  1, 32767
11-11 15:57:10.608   675   700 I ActivityManager: Start proc 8625:com.tencent.mm/u0a101 for service com.tencent.mm/.service.ProcessService$MMProcessService
11-11 15:57:10.608   675   700 D ActivityManager: AMS: *** Launch app com.tencent.mm/10101 for service Intent { cmp=com.tencent.mm/.service.ProcessService$MMProcessService }, from null/-1.
11-11 15:57:10.688  8625  8625 I zygote  : The ClassLoaderContext is a special shared library.
11-11 15:57:10.885   675   769 D MtkDataShapingUtils: openLteGateByDataShaping datashaping instance is null
11-11 15:57:10.900   675  7262 V SettingsProvider: name : radio.data.stall.recovery.action appId : 1001
11-11 15:57:10.901   675  7262 V SettingsProvider: Package name : com.android.phone privateFlags : 2152
11-11 15:57:11.054  8625  8625 E ActivityThread: Failed to find provider info for com.tencent.mm.coolassist.debugprovider
11-11 15:57:11.083   977  7548 D PhoneInterfaceManager: [PhoneIntfMgr] SubscriptionManager.getPhoneId(1)=1
11-11 15:57:11.086   830   830 D SignalClusterView: setMDataInds-getState subId:1sts[com.android.systemui.statusbar.SignalClusterView$PhoneState@5ddf837]:com.android.systemui.statusbar.SignalClusterView{34a3f18 V.E...... ......ID 2,0-48,48 #7f0a02a1 app:id/signal_cluster}
11-11 15:57:11.091   977  7548 D PhoneInterfaceManager: [PhoneIntfMgr] SubscriptionManager.getPhoneId(1)=1
11-11 15:57:11.095   830   830 D SignalClusterView: setMDataInds-getState subId:1sts[com.android.systemui.statusbar.SignalClusterView$PhoneState@2ada1a4]:com.android.systemui.statusbar.SignalClusterView{bd0d7e4 V.E...... ........ 2,7-48,41 #7f0a02a1 app:id/signal_cluster}
11-11 15:57:11.169  8625  8625 I MMKV    : <MMKV.cpp:192::initialize> page size:4096
11-11 15:57:11.169  8625  8625 I MMKV    : <MMKV.cpp:206::initializeMMKV> root dir: /data/user/0/com.tencent.mm/files/mmkv
11-11 15:57:11.213  8625  8625 I LoadedApk: No resource references to update in package com.transsion.theme.icon
11-11 15:57:11.605  8625  8655 I FA      : Collection disabled with firebase_analytics_collection_enabled=0
11-11 15:57:11.607  8625  8655 I FA      : App measurement is starting up, version: 12451
11-11 15:57:11.607  8625  8655 I FA      : To enable debug logging run: adb shell setprop log.tag.FA VERBOSE
11-11 15:57:11.608  8625  8655 I FA      : To enable faster debug mode event logging run:
11-11 15:57:11.608  8625  8655 I FA      :   adb shell setprop debug.firebase.analytics.app com.tencent.mm
11-11 15:57:11.699  8625  8625 W CrashMonitor: JNI_OnLoad
11-11 15:57:11.700  8625  8625 D CrashMonitor: crashInitForReport...
11-11 15:57:11.700  8625  8625 D CrashMonitor: setupMonitor...
11-11 15:57:11.711  8625  8665 D CrashMonitor: WaitForSignal...
11-11 15:57:11.777   264   434 I BufferQueueProducer: [StatusBar#0](this:0xabc4a000,id:4,api:1,p:830,c:264) queueBuffer: fps=9.64 dur=1658.94 max=668.68 min=14.39
11-11 15:57:11.791   264   264 I DisplayDevice: [Built-in Screen (type:0)] fps:9.670795,dur:1654.47,max:678.12,min:16.43
11-11 15:57:12.171  8625  8664 I WCDB    : Initialize JNI module (1/12) CursorWindow...
11-11 15:57:12.171  8625  8664 V WCDB.JNIHelp: Registering com/tencent/wcdb/CursorWindow natives
11-11 15:57:12.171  8625  8664 I WCDB    : Initialize JNI module (2/12) ChunkedCursorWindow...
11-11 15:57:12.172  8625  8664 V WCDB.JNIHelp: Registering com/tencent/wcdb/database/ChunkedCursorWindow natives
11-11 15:57:12.172  8625  8664 V WCDB.JNIHelp: Registering com/tencent/wcdb/database/SQLiteAsyncQuery natives
11-11 15:57:12.172  8625  8664 I WCDB    : Initialize JNI module (3/12) SQLiteConnection...
11-11 15:57:12.188  8625  8664 I WCDB    : Initialize JNI module (4/12) SQLiteDebug...
11-11 15:57:12.188  8625  8664 V WCDB.JNIHelp: Registering com/tencent/wcdb/database/SQLiteDebug natives
11-11 15:57:12.188  8625  8664 I WCDB    : Initialize JNI module (5/12) SQLiteDirectCursor...
11-11 15:57:12.188  8625  8664 V WCDB.JNIHelp: Registering com/tencent/wcdb/database/SQLiteDirectQuery natives
11-11 15:57:12.189  8625  8664 I WCDB    : Initialize JNI module (6/12) SQLiteGlobal...
11-11 15:57:12.197  8625  8664 V WCDB.JNIHelp: Registering com/tencent/wcdb/database/SQLiteGlobal natives
11-11 15:57:12.197  8625  8664 I WCDB    : Initialize JNI module (7/12) MMFtsTokenizer...
11-11 15:57:12.198  8625  8664 V WCDB.JNIHelp: Registering com/tencent/wcdb/extension/fts/MMFtsTokenizer natives
11-11 15:57:12.198  8625  8664 I WCDB    : Initialize JNI module (8/12) FileUtils...
11-11 15:57:12.198  8625  8664 V WCDB.JNIHelp: Registering com/tencent/wcdb/FileUtils natives
11-11 15:57:12.198  8625  8664 I WCDB    : Initialize JNI module (9/12) DBBackup...
11-11 15:57:12.198  8625  8664 V WCDB.JNIHelp: Registering com/tencent/wcdb/repair/BackupKit natives
11-11 15:57:12.198  8625  8664 V WCDB.JNIHelp: Registering com/tencent/wcdb/repair/RecoverKit natives
11-11 15:57:12.199  8625  8664 I WCDB    : Initialize JNI module (10/12) DBDumpUtil...
11-11 15:57:12.199  8625  8664 V WCDB.JNIHelp: Registering com/tencent/wcdb/repair/DBDumpUtil natives
11-11 15:57:12.199  8625  8664 I WCDB    : Initialize JNI module (11/12) DBRepair...
11-11 15:57:12.199  8625  8664 V WCDB.JNIHelp: Registering com/tencent/wcdb/repair/RepairKit$RepairCursor natives
11-11 15:57:12.199  8625  8664 I WCDB    : Initialize JNI module (12/12) Log...
11-11 15:57:12.199  8625  8664 V WCDB.JNIHelp: Registering com/tencent/wcdb/support/Log natives
11-11 15:57:12.282  8625  8664 E zygote  : No implementation found for java.util.ArrayList com.tencent.mars.smc.SmcLogic.getLoadLibraries() (tried Java_com_tencent_mars_smc_SmcLogic_getLoadLibraries and Java_com_tencent_mars_smc_SmcLogic_getLoadLibraries__)
11-11 15:57:12.336  8625  8661 D IOCanary.JNI: JNI_OnLoad
11-11 15:57:12.337  8625  8661 D IOCanary.JNI: JNI_OnLoad done
11-11 15:57:12.341  8625  8661 I IOCanary.JNI: doHook
11-11 15:57:12.341  8625  8661 I IOCanary.JNI: try to hook function in libopenjdkjvm.so.
11-11 15:57:12.344  8625  8625 W parallels-2: type=1400 audit(0.0:37544): avc: denied { execmod } for path="/system/lib/libopenjdkjvm.so" dev="mmcblk0p25" ino=1683 scontext=u:r:untrusted_app:s0:c512,c768 tcontext=u:object_r:system_file:s0 tclass=file permissive=0
11-11 15:57:12.344  8625  8625 W parallels-2: type=1400 audit(0.0:37545): avc: denied { execmod } for path="/system/lib/libopenjdkjvm.so" dev="mmcblk0p25" ino=1683 scontext=u:r:untrusted_app:s0:c512,c768 tcontext=u:object_r:system_file:s0 tclass=file permissive=0
11-11 15:57:12.350  8625  8661 I IOCanary.JNI: try to hook function in libjavacore.so.
11-11 15:57:12.357  8625  8625 W parallels-2: type=1400 audit(0.0:37546): avc: denied { execmod } for path="/system/lib/libjavacore.so" dev="mmcblk0p25" ino=1611 scontext=u:r:untrusted_app:s0:c512,c768 tcontext=u:object_r:system_file:s0 tclass=file permissive=0
11-11 15:57:12.357  8625  8625 I chatty  : uid=10101(com.tencent.mm) identical 1 line
11-11 15:57:12.357  8625  8625 W parallels-2: type=1400 audit(0.0:37548): avc: denied { execmod } for path="/system/lib/libjavacore.so" dev="mmcblk0p25" ino=1611 scontext=u:r:untrusted_app:s0:c512,c768 tcontext=u:object_r:system_file:s0 tclass=file permissive=0
11-11 15:57:12.357  8625  8625 W parallels-2: type=1400 audit(0.0:37549): avc: denied { execmod } for path="/system/lib/libjavacore.so" dev="mmcblk0p25" ino=1611 scontext=u:r:untrusted_app:s0:c512,c768 tcontext=u:object_r:system_file:s0 tclass=file permissive=0
11-11 15:57:12.363  8625  8661 I IOCanary.JNI: try to hook function in libopenjdk.so.
11-11 15:57:12.364  8625  8625 W parallels-2: type=1400 audit(0.0:37550): avc: denied { execmod } for path="/system/lib/libopenjdk.so" dev="mmcblk0p25" ino=1682 scontext=u:r:untrusted_app:s0:c512,c768 tcontext=u:object_r:system_file:s0 tclass=file permissive=0
11-11 15:57:12.364  8625  8625 I chatty  : uid=10101(com.tencent.mm) identical 1 line
11-11 15:57:12.364  8625  8625 W parallels-2: type=1400 audit(0.0:37552): avc: denied { execmod } for path="/system/lib/libopenjdk.so" dev="mmcblk0p25" ino=1682 scontext=u:r:untrusted_app:s0:c512,c768 tcontext=u:object_r:system_file:s0 tclass=file permissive=0
11-11 15:57:12.474   264   434 I SurfaceFlinger: EventThread Client Pid (8625) created
11-11 15:57:12.475   264   434 I SurfaceFlinger: EventThread Client Pid (8625) created
11-11 15:57:12.778   264   434 I BufferQueueProducer: [StatusBar#0](this:0xabc4a000,id:4,api:1,p:830,c:264) queueBuffer: fps=1.00 dur=1001.54 max=1001.54 min=1001.54
11-11 15:57:13.098   977  7548 D PhoneInterfaceManager: [PhoneIntfMgr] SubscriptionManager.getPhoneId(1)=1
11-11 15:57:13.102   830   830 D SignalClusterView: setMDataInds-getState subId:1sts[com.android.systemui.statusbar.SignalClusterView$PhoneState@5ddf837]:com.android.systemui.statusbar.SignalClusterView{34a3f18 V.E...... ......ID 2,0-48,48 #7f0a02a1 app:id/signal_cluster}
11-11 15:57:13.112   977  7548 D PhoneInterfaceManager: [PhoneIntfMgr] SubscriptionManager.getPhoneId(1)=1
11-11 15:57:13.116   830   830 D SignalClusterView: setMDataInds-getState subId:1sts[com.android.systemui.statusbar.SignalClusterView$PhoneState@2ada1a4]:com.android.systemui.statusbar.SignalClusterView{bd0d7e4 V.E...... ........ 2,7-48,41 #7f0a02a1 app:id/signal_cluster}
11-11 15:57:13.147   264   264 I DisplayDevice: [Built-in Screen (type:0)] fps:1.474527,dur:1356.37,max:992.37,min:363.99
11-11 15:57:13.186   675  7774 V SettingsProvider: packageValueForCallResult, name = time_12_24, value : Bundle[{_track_generation=android.util.MemoryIntArray@5e, value=12, _generation_index=2, _generation=341}]
11-11 15:57:13.284  8625  8674 I IOCanary.JNI: doUnHook
11-11 15:57:13.286  8625  8663 D JniHelper: [KindaLib] jniInit
11-11 15:57:13.287  8625  8625 W default : type=1400 audit(0.0:37553): avc: denied { execmod } for path="/system/lib/libopenjdkjvm.so" dev="mmcblk0p25" ino=1683 scontext=u:r:untrusted_app:s0:c512,c768 tcontext=u:object_r:system_file:s0 tclass=file permissive=0
11-11 15:57:13.287  8625  8625 W default : type=1400 audit(0.0:37554): avc: denied { execmod } for path="/system/lib/libopenjdkjvm.so" dev="mmcblk0p25" ino=1683 scontext=u:r:untrusted_app:s0:c512,c768 tcontext=u:object_r:system_file:s0 tclass=file permissive=0
11-11 15:57:13.294  8625  8625 W default : type=1400 audit(0.0:37555): avc: denied { execmod } for path="/system/lib/libjavacore.so" dev="mmcblk0p25" ino=1611 scontext=u:r:untrusted_app:s0:c512,c768 tcontext=u:object_r:system_file:s0 tclass=file permissive=0
11-11 15:57:13.294  8625  8625 I chatty  : uid=10101(com.tencent.mm) identical 3 lines
11-11 15:57:13.294  8625  8625 W default : type=1400 audit(0.0:37559): avc: denied { execmod } for path="/system/lib/libjavacore.so" dev="mmcblk0p25" ino=1611 scontext=u:r:untrusted_app:s0:c512,c768 tcontext=u:object_r:system_file:s0 tclass=file permissive=0
11-11 15:57:13.301  8625  8625 W default : type=1400 audit(0.0:37560): avc: denied { execmod } for path="/system/lib/libopenjdk.so" dev="mmcblk0p25" ino=1682 scontext=u:r:untrusted_app:s0:c512,c768 tcontext=u:object_r:system_file:s0 tclass=file permissive=0
11-11 15:57:13.301  8625  8625 I chatty  : uid=10101(com.tencent.mm) identical 3 lines
11-11 15:57:13.301  8625  8625 W default : type=1400 audit(0.0:37564): avc: denied { execmod } for path="/system/lib/libopenjdk.so" dev="mmcblk0p25" ino=1682 scontext=u:r:untrusted_app:s0:c512,c768 tcontext=u:object_r:system_file:s0 tclass=file permissive=0
11-11 15:57:13.339  8625  8663 D JniHelper: [KindaLib] register_constructor_proxy_method
11-11 15:57:13.779   264   434 I BufferQueueProducer: [StatusBar#0](this:0xabc4a000,id:4,api:1,p:830,c:264) queueBuffer: fps=2.00 dur=1000.58 max=643.51 min=357.06
11-11 15:57:14.107   977  7548 D PhoneInterfaceManager: [PhoneIntfMgr] SubscriptionManager.getPhoneId(1)=1
11-11 15:57:14.111   830   830 D SignalClusterView: setMDataInds-getState subId:1sts[com.android.systemui.statusbar.SignalClusterView$PhoneState@5ddf837]:com.android.systemui.statusbar.SignalClusterView{34a3f18 V.E...... ......ID 2,0-48,48 #7f0a02a1 app:id/signal_cluster}
11-11 15:57:14.119   977  7548 D PhoneInterfaceManager: [PhoneIntfMgr] SubscriptionManager.getPhoneId(1)=1
11-11 15:57:14.123   830   830 D SignalClusterView: setMDataInds-getState subId:1sts[com.android.systemui.statusbar.SignalClusterView$PhoneState@2ada1a4]:com.android.systemui.statusbar.SignalClusterView{bd0d7e4 V.E...... ........ 2,7-48,41 #7f0a02a1 app:id/signal_cluster}
11-11 15:57:14.157   264   264 I DisplayDevice: [Built-in Screen (type:0)] fps:1.980695,dur:1009.75,max:644.93,min:364.82
11-11 15:57:14.783   264   434 I BufferQueueProducer: [StatusBar#0](this:0xabc4a000,id:4,api:1,p:830,c:264) queueBuffer: fps=1.99 dur=1004.14 max=638.41 min=365.72
11-11 15:57:15.331   675   675 I DeviceIdleController: updateChargingLocked: charging=true
11-11 15:57:15.331   675   675 I DeviceIdleController: becomeActiveLocked, reason = charging
11-11 15:57:15.343  5449  5449 I PC_BatteryChangedReceiver: level: 54, remindValue: 15, status: 2
11-11 15:57:15.344  5449  5449 D PC_BatteryChangedReceiver: isGameMode: false
11-11 15:57:15.344  5449  5449 D PC_BatteryChangedReceiver: onReceive: false
11-11 15:57:15.345  5449  5449 D PC_BatteryChangedReceiver: isGameMode: false
11-11 15:57:15.346  5449  5449 D PC_NotificationUtils: cancelNotification: 
11-11 15:57:15.346  5449  5449 D PC_BatteryChangedReceiver: onReceive: battary on charge
11-11 15:57:15.381   264   264 I DisplayDevice: [Built-in Screen (type:0)] fps:1.633779,dur:1224.16,max:645.09,min:579.06
11-11 15:57:15.777  5790  6047 D phonemaster_log: HiManager_ViewUtil: ViewUtilisShowNotification false
11-11 15:57:15.777  5790  6047 D phonemaster_log: HiManager_MasterCoreService: MESSAGE_SERVICE_WHAT_UPDATE_NOTIFICATION isShowNotificationfalse
11-11 15:57:15.786   264   434 I BufferQueueProducer: [StatusBar#0](this:0xabc4a000,id:4,api:1,p:830,c:264) queueBuffer: fps=2.99 dur=1002.48 max=590.59 min=10.77
11-11 15:57:16.343   675  7262 I WifiService: getVerboseLoggingLevel uid=1000
11-11 15:57:16.344   675  7262 I WifiService: getWifiApEnabledState uid=1000
11-11 15:57:16.346  5449  5449 D PowerSaveUtils: isUltraPowerOn(context) isOn=false
11-11 15:57:16.346  5449  5449 D PowerSaveUtils: getConfigCurrent isUltraModeOn:false
11-11 15:57:16.347  5449  5449 D PowerSaveUtils: config details is : bright->76wifiEnable-> falsewifiApEnable->falsebtEnable->falsedataEnable->truegpsEnable->truethreeGEnable->trueautoSyncEnable->trueisScreenModeOn->falseisUltraModeOn->falseisBatterySaverOn->false
11-11 15:57:16.347  5449  5449 D PowerSaveUtils: getConfigCurrent current:34.6
11-11 15:57:16.348   675  7262 V SettingsProvider: name : battery_remaining_time appId : 1000
11-11 15:57:16.348  5449  5449 D PowerSaveUtils: hours:8,min:46
11-11 15:57:16.787   264   264 I DisplayDevice: [Built-in Screen (type:0)] fps:2.133942,dur:1405.85,max:993.57,min:16.34
11-11 15:57:17.791   264   434 I BufferQueueProducer: [StatusBar#0](this:0xabc4a000,id:4,api:1,p:830,c:264) queueBuffer: fps=1.00 dur=2005.40 max=1009.71 min=995.69
11-11 15:57:17.813   264   264 I DisplayDevice: [Built-in Screen (type:0)] fps:0.975276,dur:1025.35,max:1025.35,min:1025.35
11-11 15:57:18.132   977  7548 D PhoneInterfaceManager: [PhoneIntfMgr] SubscriptionManager.getPhoneId(1)=1
11-11 15:57:18.136   830   830 D SignalClusterView: setMDataInds-getState subId:1sts[com.android.systemui.statusbar.SignalClusterView$PhoneState@5ddf837]:com.android.systemui.statusbar.SignalClusterView{34a3f18 V.E...... ......ID 2,0-48,48 #7f0a02a1 app:id/signal_cluster}
11-11 15:57:18.145   977  7548 D PhoneInterfaceManager: [PhoneIntfMgr] SubscriptionManager.getPhoneId(1)=1
11-11 15:57:18.150   830   830 D SignalClusterView: setMDataInds-getState subId:1sts[com.android.systemui.statusbar.SignalClusterView$PhoneState@2ada1a4]:com.android.systemui.statusbar.SignalClusterView{bd0d7e4 V.E...... ........ 2,7-48,41 #7f0a02a1 app:id/signal_cluster}
11-11 15:57:19.142   977  7548 D PhoneInterfaceManager: [PhoneIntfMgr] SubscriptionManager.getPhoneId(1)=1
11-11 15:57:19.146   830   830 D SignalClusterView: setMDataInds-getState subId:1sts[com.android.systemui.statusbar.SignalClusterView$PhoneState@5ddf837]:com.android.systemui.statusbar.SignalClusterView{34a3f18 V.E...... ......ID 2,0-48,48 #7f0a02a1 app:id/signal_cluster}
11-11 15:57:19.154   977  7548 D PhoneInterfaceManager: [PhoneIntfMgr] SubscriptionManager.getPhoneId(1)=1
11-11 15:57:19.158   830   830 D SignalClusterView: setMDataInds-getState subId:1sts[com.android.systemui.statusbar.SignalClusterView$PhoneState@2ada1a4]:com.android.systemui.statusbar.SignalClusterView{bd0d7e4 V.E...... ........ 2,7-48,41 #7f0a02a1 app:id/signal_cluster}
11-11 15:57:19.180   264   434 I BufferQueueProducer: [StatusBar#0](this:0xabc4a000,id:4,api:1,p:830,c:264) queueBuffer: fps=2.16 dur=1388.38 max=612.49 min=380.86
11-11 15:57:19.185   264   264 I DisplayDevice: [Built-in Screen (type:0)] fps:2.185431,dur:1372.73,max:612.55,min:379.89
11-11 15:57:20.215   307   307 I thermal_repeater: [recvMdThermalInfo] ret=9, strLen=127,  1, 32767
11-11 15:57:20.698   675   684 I zygote  : Background concurrent copying GC freed 25353(1234KB) AllocSpace objects, 4(208KB) LOS objects, 42% free, 23MB/41MB, paused 453us total 358.614ms
11-11 15:57:20.781   264   434 I BufferQueueProducer: [StatusBar#0](this:0xabc4a000,id:4,api:1,p:830,c:264) queueBuffer: fps=1.25 dur=1601.68 max=983.24 min=618.45
11-11 15:57:20.789   264   264 I DisplayDevice: [Built-in Screen (type:0)] fps:1.246971,dur:1603.89,max:976.45,min:627.44
11-11 15:57:21.160   977  7548 D PhoneInterfaceManager: [PhoneIntfMgr] SubscriptionManager.getPhoneId(1)=1
11-11 15:57:21.164   830   830 D SignalClusterView: setMDataInds-getState subId:1sts[com.android.systemui.statusbar.SignalClusterView$PhoneState@5ddf837]:com.android.systemui.statusbar.SignalClusterView{34a3f18 V.E...... ......ID 2,0-48,48 #7f0a02a1 app:id/signal_cluster}
11-11 15:57:21.173   977  7548 D PhoneInterfaceManager: [PhoneIntfMgr] SubscriptionManager.getPhoneId(1)=1
11-11 15:57:21.177   830   830 D SignalClusterView: setMDataInds-getState subId:1sts[com.android.systemui.statusbar.SignalClusterView$PhoneState@2ada1a4]:com.android.systemui.statusbar.SignalClusterView{bd0d7e4 V.E...... ........ 2,7-48,41 #7f0a02a1 app:id/signal_cluster}
11-11 15:57:21.489   675   675 I MWN     : onSignalStrengthsChanged...
11-11 15:57:21.494   675   675 I MWN     : network type = 0
11-11 15:57:21.496   675   675 I MWN     : mobile type = 2
11-11 15:57:21.498   675   675 I MWN     : Write 3 to node. type=2G mSimExist=true mFlightMode=false
11-11 15:57:21.501   675   675 I MWN     : write the value:3 to node successfully.
11-11 15:57:21.523   675   700 W BroadcastQueue: Background execution not allowed: receiving Intent { act=android.intent.action.SIG_STR flg=0x10 (has extras) } to com.xingin.xhs/org.daemon.receiver.ConnectivityReceiver
11-11 15:57:21.790   264   434 I BufferQueueProducer: [StatusBar#0](this:0xabc4a000,id:4,api:1,p:830,c:264) queueBuffer: fps=1.99 dur=1007.48 max=595.70 min=411.78
11-11 15:57:21.798   264   264 I DisplayDevice: [Built-in Screen (type:0)] fps:1.982777,dur:1008.69,max:595.86,min:412.83
11-11 15:57:22.197   977  7548 D PhoneInterfaceManager: [PhoneIntfMgr] SubscriptionManager.getPhoneId(1)=1
11-11 15:57:22.201   830   830 D SignalClusterView: setMDataInds-getState subId:1sts[com.android.systemui.statusbar.SignalClusterView$PhoneState@5ddf837]:com.android.systemui.statusbar.SignalClusterView{34a3f18 V.E...... ......ID 2,0-48,48 #7f0a02a1 app:id/signal_cluster}
11-11 15:57:22.210   977  7548 D PhoneInterfaceManager: [PhoneIntfMgr] SubscriptionManager.getPhoneId(1)=1
11-11 15:57:22.213   830   830 D SignalClusterView: setMDataInds-getState subId:1sts[com.android.systemui.statusbar.SignalClusterView$PhoneState@2ada1a4]:com.android.systemui.statusbar.SignalClusterView{bd0d7e4 V.E...... ........ 2,7-48,41 #7f0a02a1 app:id/signal_cluster}
11-11 15:57:22.797   264   621 I BufferQueueProducer: [StatusBar#0](this:0xabc4a000,id:4,api:1,p:830,c:264) queueBuffer: fps=14.87 dur=1008.73 max=570.98 min=15.95
11-11 15:57:22.807   264   264 I DisplayDevice: [Built-in Screen (type:0)] fps:14.868697,dur:1008.83,max:562.51,min:16.12
11-11 15:57:24.524   675   769 D MtkDataShapingUtils: openLteGateByDataShaping datashaping instance is null
11-11 15:57:24.793   264   621 I BufferQueueProducer: [StatusBar#0](this:0xabc4a000,id:4,api:1,p:830,c:264) queueBuffer: fps=7.52 dur=1995.22 max=1010.46 min=16.01
11-11 15:57:24.808   264   264 I DisplayDevice: [Built-in Screen (type:0)] fps:7.495076,dur:2001.31,max:1008.02,min:16.24
11-11 15:57:25.346   675   675 I DeviceIdleController: updateChargingLocked: charging=true
11-11 15:57:25.346   675   675 I DeviceIdleController: becomeActiveLocked, reason = charging
11-11 15:57:25.368  5449  5449 I PC_BatteryChangedReceiver: level: 54, remindValue: 15, status: 2
11-11 15:57:25.369  5449  5449 D PC_BatteryChangedReceiver: isGameMode: false
11-11 15:57:25.369  5449  5449 D PC_BatteryChangedReceiver: onReceive: false
11-11 15:57:25.369  5449  5449 D PC_BatteryChangedReceiver: isGameMode: false
11-11 15:57:25.370  5449  5449 D PC_NotificationUtils: cancelNotification: 
11-11 15:57:25.370  5449  5449 D PC_BatteryChangedReceiver: onReceive: battary on charge
11-11 15:57:25.783  5790  6047 D phonemaster_log: HiManager_ViewUtil: ViewUtilisShowNotification false
11-11 15:57:25.783  5790  6047 D phonemaster_log: HiManager_MasterCoreService: MESSAGE_SERVICE_WHAT_UPDATE_NOTIFICATION isShowNotificationfalse
11-11 15:57:26.379   675  7774 I WifiService: getVerboseLoggingLevel uid=1000
11-11 15:57:26.380   675  7774 I WifiService: getWifiApEnabledState uid=1000
11-11 15:57:26.382  5449  5449 D PowerSaveUtils: isUltraPowerOn(context) isOn=false
11-11 15:57:26.383  5449  5449 D PowerSaveUtils: getConfigCurrent isUltraModeOn:false
11-11 15:57:26.383  5449  5449 D PowerSaveUtils: config details is : bright->76wifiEnable-> falsewifiApEnable->falsebtEnable->falsedataEnable->truegpsEnable->truethreeGEnable->trueautoSyncEnable->trueisScreenModeOn->falseisUltraModeOn->falseisBatterySaverOn->false
11-11 15:57:26.384  5449  5449 D PowerSaveUtils: getConfigCurrent current:34.6
11-11 15:57:26.385   675  7774 V SettingsProvider: name : battery_remaining_time appId : 1000
11-11 15:57:26.385  5449  5449 D PowerSaveUtils: hours:8,min:46
11-11 15:57:26.782   264   621 I BufferQueueProducer: [StatusBar#0](this:0xabc4a000,id:4,api:1,p:830,c:264) queueBuffer: fps=2.01 dur=1989.63 max=993.68 min=6.54
11-11 15:57:26.794   264   264 I DisplayDevice: [Built-in Screen (type:0)] fps:2.014327,dur:1985.77,max:992.44,min:16.38
11-11 15:57:27.785   830  1150 E libPowerStretch: LucidStats currentFPS = 2.11 [2392828272]
