11-11 15:59:02.476   830   830 I EmergencyButton: show = true
11-11 15:59:02.479   830   830 D AntiTheftManager: getCurrentAntiTheftMode() is called.
11-11 15:59:02.481   830   830 D StatusBarKeyguardViewManager: needsFullscreenBouncer() is false,show "Notification Keyguard" view.
11-11 15:59:02.482   830   830 D StatusBar: showKeyguard mScreenOn is false
11-11 15:59:02.511   830   830 D AntiTheftManager: getCurrentAntiTheftMode() is called.
11-11 15:59:02.538   830   830 I chatty  : uid=10031(com.transsion.faceid) com.android.systemui identical 1 line
11-11 15:59:02.543   830   830 D AntiTheftManager: getCurrentAntiTheftMode() is called.
11-11 15:59:02.692   830   830 D StatusBar: disable<e i a s b h r c s q >
11-11 15:59:02.700   830   830 D StatusBar: disable<e i a s b h r c s q >
11-11 15:59:02.703   830   830 D AntiTheftManager: getCurrentAntiTheftMode() is called.
11-11 15:59:02.706   830   830 V KeyguardSecurityView: showPrimarySecurityScreen(securityMode=Pattern)
11-11 15:59:02.709   830   830 D StatusBarKeyguardViewManager: updateStates() - showing = true, mLastShowing = false
11-11 15:59:02.709   830   830 D StatusBarKeyguardViewManager: updateStates() - occluded = falsemLastOccluded = false
11-11 15:59:02.709   830   830 D StatusBarKeyguardViewManager: updateStates() - bouncerShowing = false, mLastBouncerShowing = false
11-11 15:59:02.709   830   830 D StatusBarKeyguardViewManager: updateStates() - mFirstUpdate = false
11-11 15:59:02.709   830   830 D StatusBarKeyguardViewManager: updateStates() - set nav bar GONE for showing notification keyguard.
11-11 15:59:02.710   830   830 I MgzKeyguardManager: onKeyguardVisibilityChanged : true
11-11 15:59:02.717   830   830 D KeyguardUpdateMonitor: shouldListenForFingerprint: true. mKeyguardIsVisible = true, mBouncer = false, mKeyguardGoingAway = false, mGoingToSleep = false, mFingerprintAlreadyAuthenticated = false
11-11 15:59:02.724   830   830 D KeyguardUpdateMonitor: setKeyguardGone()----mKeyguardIsGone=false
11-11 15:59:02.729   830   830 D KeyguardViewMediator: handle show call mKeyguardDisplayManager.show()
11-11 15:59:02.729   830   830 D KeyguardViewMediator: handleMessage msg = 1 end <<<<<<<<<<<<<<<<<<<<
11-11 15:59:02.733   675   701 W ContextImpl: Calling a method in the system process without a qualified user: android.app.ContextImpl.sendBroadcast:967 com.mediatek.server.stk.StkManagerImpl$2.run:110 android.os.Handler.handleCallback:790 android.os.Handler.dispatchMessage:99 android.os.Looper.loop:164 
11-11 15:59:02.736   675   700 W BroadcastQueue: Background execution not allowed: receiving Intent { act=mediatek.intent.action.stk.USER_ACTIVITY flg=0x10 } to com.android.stk/.EventReceiver
11-11 15:59:02.771   675  5080 V WindowManager: Changing focus from null to Window{c89c69a u0 StatusBar} Callers=com.android.server.wm.WindowManagerService.relayoutWindow:2187 com.android.server.wm.Session.relayout:239 android.view.IWindowSession$Stub.onTransact:286 com.android.server.wm.Session.onTransact:163 
11-11 15:59:02.771   675  5080 D WindowManager: Input focus has changed to Window{c89c69a u0 StatusBar}
11-11 15:59:02.787   264   264 I BufferQueueConsumer: [StatusBar#0](this:0xabc4a000,id:4,api:1,p:830,c:264) setDefaultBufferSize: width=720 height=1440
11-11 15:59:02.797   675   713 I WindowManager: Focus moving from null to Window{c89c69a u0 StatusBar}
11-11 15:59:02.799   830  1150 E [EGL-ERROR]: __egl_platform_cancel_buffers:644: surface->num_buffers(4)
11-11 15:59:02.800   830  1150 D Surface : Surface::disconnect(this=0x8d7e4800,api=1)
11-11 15:59:02.802   830  1150 D GraphicBuffer: unregister, handle(0x9c3fd5c0) (w:720 h:48 s:720 f:0x1 u:f02)
11-11 15:59:02.804   830  1150 D GraphicBuffer: unregister, handle(0x8eb48e80) (w:720 h:48 s:720 f:0x1 u:f02)
11-11 15:59:02.805   830  1150 D GraphicBuffer: unregister, handle(0x8c8b4d80) (w:720 h:48 s:720 f:0x1 u:f02)
11-11 15:59:02.807   830  1150 D GraphicBuffer: unregister, handle(0x8b6a2b40) (w:720 h:48 s:720 f:0x1 u:f02)
11-11 15:59:02.807   264   435 I BufferQueueProducer: [StatusBar#0](this:0xabc4a000,id:4,api:1,p:830,c:264) disconnect(P): api 1
11-11 15:59:02.807   264   435 I BufferQueueConsumer: [StatusBar#0](this:0xabc4a000,id:4,api:1,p:-1,c:264) getReleasedBuffers: returning mask 0xffffffffffffffff
11-11 15:59:02.808   830  1150 E libPowerStretch: com.android.systemui in hard-coded bl
11-11 15:59:02.809   830  1150 D Surface : Surface::connect(this=0x8d7e4800,api=1)
11-11 15:59:02.809   264   434 I BufferQueueProducer: [StatusBar#0](this:0xabc4a000,id:4,api:1,p:830,c:264) connect(P): api=1 producer=(830:com.android.systemui) producerControlledByApp=true
11-11 15:59:02.811   830  1150 D Surface : Surface::setBufferCount(this=0x8d7e4800,bufferCount=4)
11-11 15:59:02.812   264   435 I BufferQueueProducer: [StatusBar#0](this:0xabc4a000,id:4,api:1,p:830,c:264) setMaxDequeuedBufferCount: maxDequeuedBuffers = 3
11-11 15:59:02.823   830   830 D StatusBar: disable<e i a s b H!R!c s q >
11-11 15:59:02.827   830  1150 E [EGL-ERROR]: __egl_platform_cancel_buffers:644: surface->num_buffers(4)
11-11 15:59:02.827   830  1150 D Surface : Surface::disconnect(this=0x8b7bf000,api=1)
11-11 15:59:02.829   830  1150 D GraphicBuffer: unregister, handle(0x8c8b4cc0) (w:720 h:96 s:720 f:0x1 u:f02)
11-11 15:59:02.830   830  1150 D GraphicBuffer: unregister, handle(0x9c3fdc80) (w:720 h:96 s:720 f:0x1 u:f02)
11-11 15:59:02.831   830  1150 D GraphicBuffer: unregister, handle(0x8eb469c0) (w:720 h:96 s:720 f:0x1 u:f02)
11-11 15:59:02.832   830  1150 D GraphicBuffer: unregister, handle(0x8eb466c0) (w:720 h:96 s:720 f:0x1 u:f02)
11-11 15:59:02.832   264   620 I BufferQueueProducer: [NavigationBar#0](this:0xabc65000,id:1086,api:1,p:830,c:264) disconnect(P): api 1
11-11 15:59:02.832   264   620 I BufferQueueConsumer: [NavigationBar#0](this:0xabc65000,id:1086,api:1,p:-1,c:264) getReleasedBuffers: returning mask 0xffffffffffffffff
11-11 15:59:02.849   830   830 D KeyguardUpdateMonitor: shouldListenForFingerprint: true. mKeyguardIsVisible = true, mBouncer = false, mKeyguardGoingAway = false, mGoingToSleep = false, mFingerprintAlreadyAuthenticated = false
11-11 15:59:02.873   264   435 W GrallocMapperPassthrough: buffer descriptor with invalid usage bits 0x400
11-11 15:59:02.873   260   640 I [Gralloc]: usage1: 0xf02, format: 1 stride: 720 vertical_stride: 1440 size: 4147200
11-11 15:59:02.878   830  1150 D GraphicBuffer: register, handle(0x9c3fd5c0) (w:720 h:1440 s:720 f:0x1 u:f02)
11-11 15:59:02.897   264   435 I BufferQueueProducer: [StatusBar#0](this:0xabc4a000,id:4,api:1,p:830,c:264) queueBuffer: fps=0.16 dur=6114.19 max=6114.19 min=6114.19
11-11 15:59:02.906   675   769 D MtkDataShapingUtils: openLteGateByDataShaping datashaping instance is null
11-11 15:59:03.069   830   830 D ScrimController: onAnimationEnd ANIM_TARGET 0.5333333 END_ALPHA = 0.5333333
11-11 15:59:03.866   675   699 I UsageStatsService: User[0] Flushing usage stats to disk
11-11 15:59:05.179   675   933 D AES     : AEEIOCTL_GET/SET_SF_STATE IOCTL,cmd= 1074294797, lParam=0. 
11-11 15:59:05.179   675   933 D AES     : AEEIOCTL_RT_MON_Kick IOCTL,cmd= 2147774474, lParam=300. 
11-11 15:59:05.860  5790  6047 D phonemaster_log: HiManager_ViewUtil: ViewUtilisShowNotification false
11-11 15:59:05.860  5790  6047 D phonemaster_log: HiManager_MasterCoreService: MESSAGE_SERVICE_WHAT_UPDATE_NOTIFICATION isShowNotificationfalse
11-11 15:59:06.534   675   769 D MtkDataShapingUtils: openLteGateByDataShaping datashaping instance is null
11-11 15:59:09.298   675   769 D MtkDataShapingUtils: openLteGateByDataShaping datashaping instance is null
11-11 15:59:10.378   307   307 I thermal_repeater: [recvMdThermalInfo] ret=9, strLen=127,  1, 32767
11-11 15:59:12.062   675   699 D PPD     : PPD SM. PMS dumpAndDisconnectAudioClient. uidFocusAudio=0
11-11 15:59:12.065   675   699 W ActivityManager: Invalid packageName: com.touchtao.ws2014google
11-11 15:59:12.065   675   699 W ActivityManager: Invalid packageName: com.tencent.tmgp.pvz2hdtxyyb
11-11 15:59:14.173   675   700 I ActivityManager: Start proc 8971:com.tencent.mm/u0a101 for service com.tencent.mm/.service.ProcessService$MMProcessService
11-11 15:59:14.173   675   700 D ActivityManager: AMS: *** Launch app com.tencent.mm/10101 for service Intent { cmp=com.tencent.mm/.service.ProcessService$MMProcessService }, from null/-1.
11-11 15:59:14.277  8971  8971 I zygote  : The ClassLoaderContext is a special shared library.
11-11 15:59:14.623  8971  8971 E ActivityThread: Failed to find provider info for com.tencent.mm.coolassist.debugprovider
11-11 15:59:14.799  8971  8971 I MMKV    : <MMKV.cpp:192::initialize> page size:4096
11-11 15:59:14.800  8971  8971 I MMKV    : <MMKV.cpp:206::initializeMMKV> root dir: /data/user/0/com.tencent.mm/files/mmkv
11-11 15:59:14.846  8971  8971 I LoadedApk: No resource references to update in package com.transsion.theme.icon
11-11 15:59:15.092  8971  9000 I FA      : Collection disabled with firebase_analytics_collection_enabled=0
11-11 15:59:15.093  8971  9000 I FA      : App measurement is starting up, version: 12451
11-11 15:59:15.093  8971  9000 I FA      : To enable debug logging run: adb shell setprop log.tag.FA VERBOSE
11-11 15:59:15.094  8971  9000 I FA      : To enable faster debug mode event logging run:
11-11 15:59:15.094  8971  9000 I FA      :   adb shell setprop debug.firebase.analytics.app com.tencent.mm
11-11 15:59:15.215  8971  8971 W CrashMonitor: JNI_OnLoad
11-11 15:59:15.217  8971  8971 D CrashMonitor: crashInitForReport...
11-11 15:59:15.217  8971  8971 D CrashMonitor: setupMonitor...
11-11 15:59:15.217  8971  9010 D CrashMonitor: WaitForSignal...
11-11 15:59:15.330   675   675 I DeviceIdleController: updateChargingLocked: charging=true
11-11 15:59:15.330   675   675 I DeviceIdleController: becomeActiveLocked, reason = charging
11-11 15:59:15.367  5449  5449 I PC_BatteryChangedReceiver: level: 55, remindValue: 15, status: 2
11-11 15:59:15.368  5449  5449 D PC_BatteryChangedReceiver: isGameMode: false
11-11 15:59:15.368  5449  5449 D PC_BatteryChangedReceiver: onReceive: false
11-11 15:59:15.368  5449  5449 D PC_BatteryChangedReceiver: isGameMode: false
11-11 15:59:15.369  5449  5449 D PC_NotificationUtils: cancelNotification: 
11-11 15:59:15.369  5449  5449 D PC_BatteryChangedReceiver: onReceive: battary on charge
11-11 15:59:15.760  8971  9009 I WCDB    : Initialize JNI module (1/12) CursorWindow...
11-11 15:59:15.760  8971  9009 V WCDB.JNIHelp: Registering com/tencent/wcdb/CursorWindow natives
11-11 15:59:15.760  8971  9009 I WCDB    : Initialize JNI module (2/12) ChunkedCursorWindow...
11-11 15:59:15.760  8971  9009 V WCDB.JNIHelp: Registering com/tencent/wcdb/database/ChunkedCursorWindow natives
11-11 15:59:15.760  8971  9009 V WCDB.JNIHelp: Registering com/tencent/wcdb/database/SQLiteAsyncQuery natives
11-11 15:59:15.760  8971  9009 I WCDB    : Initialize JNI module (3/12) SQLiteConnection...
11-11 15:59:15.762  8971  9009 I WCDB    : Initialize JNI module (4/12) SQLiteDebug...
11-11 15:59:15.762  8971  9009 V WCDB.JNIHelp: Registering com/tencent/wcdb/database/SQLiteDebug natives
11-11 15:59:15.762  8971  9009 I WCDB    : Initialize JNI module (5/12) SQLiteDirectCursor...
11-11 15:59:15.762  8971  9009 V WCDB.JNIHelp: Registering com/tencent/wcdb/database/SQLiteDirectQuery natives
11-11 15:59:15.762  8971  9009 I WCDB    : Initialize JNI module (6/12) SQLiteGlobal...
11-11 15:59:15.763  8971  9009 V WCDB.JNIHelp: Registering com/tencent/wcdb/database/SQLiteGlobal natives
11-11 15:59:15.763  8971  9009 I WCDB    : Initialize JNI module (7/12) MMFtsTokenizer...
11-11 15:59:15.763  8971  9009 V WCDB.JNIHelp: Registering com/tencent/wcdb/extension/fts/MMFtsTokenizer natives
11-11 15:59:15.763  8971  9009 I WCDB    : Initialize JNI module (8/12) FileUtils...
11-11 15:59:15.763  8971  9009 V WCDB.JNIHelp: Registering com/tencent/wcdb/FileUtils natives
11-11 15:59:15.763  8971  9009 I WCDB    : Initialize JNI module (9/12) DBBackup...
11-11 15:59:15.763  8971  9009 V WCDB.JNIHelp: Registering com/tencent/wcdb/repair/BackupKit natives
11-11 15:59:15.763  8971  9009 V WCDB.JNIHelp: Registering com/tencent/wcdb/repair/RecoverKit natives
11-11 15:59:15.763  8971  9009 I WCDB    : Initialize JNI module (10/12) DBDumpUtil...
11-11 15:59:15.763  8971  9009 V WCDB.JNIHelp: Registering com/tencent/wcdb/repair/DBDumpUtil natives
11-11 15:59:15.763  8971  9009 I WCDB    : Initialize JNI module (11/12) DBRepair...
11-11 15:59:15.764  8971  9009 V WCDB.JNIHelp: Registering com/tencent/wcdb/repair/RepairKit$RepairCursor natives
11-11 15:59:15.764  8971  9009 I WCDB    : Initialize JNI module (12/12) Log...
11-11 15:59:15.764  8971  9009 V WCDB.JNIHelp: Registering com/tencent/wcdb/support/Log natives
11-11 15:59:15.819  8971  9009 E zygote  : No implementation found for java.util.ArrayList com.tencent.mars.smc.SmcLogic.getLoadLibraries() (tried Java_com_tencent_mars_smc_SmcLogic_getLoadLibraries and Java_com_tencent_mars_smc_SmcLogic_getLoadLibraries__)
11-11 15:59:15.873  5790  6047 D phonemaster_log: HiManager_ViewUtil: ViewUtilisShowNotification false
11-11 15:59:15.873  5790  6047 D phonemaster_log: HiManager_MasterCoreService: MESSAGE_SERVICE_WHAT_UPDATE_NOTIFICATION isShowNotificationfalse
11-11 15:59:15.990  8971  9007 D IOCanary.JNI: JNI_OnLoad
11-11 15:59:15.998  8971  9007 D IOCanary.JNI: JNI_OnLoad done
11-11 15:59:16.001  8971  9007 I IOCanary.JNI: doHook
11-11 15:59:16.002  8971  9007 I IOCanary.JNI: try to hook function in libopenjdkjvm.so.
11-11 15:59:16.010  8971  8971 W parallels-3: type=1400 audit(0.0:37617): avc: denied { execmod } for path="/system/lib/libopenjdkjvm.so" dev="mmcblk0p25" ino=1683 scontext=u:r:untrusted_app:s0:c512,c768 tcontext=u:object_r:system_file:s0 tclass=file permissive=0
11-11 15:59:16.010  8971  8971 W parallels-3: type=1400 audit(0.0:37618): avc: denied { execmod } for path="/system/lib/libopenjdkjvm.so" dev="mmcblk0p25" ino=1683 scontext=u:r:untrusted_app:s0:c512,c768 tcontext=u:object_r:system_file:s0 tclass=file permissive=0
11-11 15:59:16.011  8971  9007 I IOCanary.JNI: try to hook function in libjavacore.so.
11-11 15:59:16.017  8971  8971 W parallels-3: type=1400 audit(0.0:37619): avc: denied { execmod } for path="/system/lib/libjavacore.so" dev="mmcblk0p25" ino=1611 scontext=u:r:untrusted_app:s0:c512,c768 tcontext=u:object_r:system_file:s0 tclass=file permissive=0
11-11 15:59:16.017  8971  8971 W parallels-3: type=1400 audit(0.0:37620): avc: denied { execmod } for path="/system/lib/libjavacore.so" dev="mmcblk0p25" ino=1611 scontext=u:r:untrusted_app:s0:c512,c768 tcontext=u:object_r:system_file:s0 tclass=file permissive=0
11-11 15:59:16.017  8971  8971 I chatty  : uid=10101(com.tencent.mm) identical 1 line
11-11 15:59:16.017  8971  8971 W parallels-3: type=1400 audit(0.0:37622): avc: denied { execmod } for path="/system/lib/libjavacore.so" dev="mmcblk0p25" ino=1611 scontext=u:r:untrusted_app:s0:c512,c768 tcontext=u:object_r:system_file:s0 tclass=file permissive=0
11-11 15:59:16.019  8971  9007 I IOCanary.JNI: try to hook function in libopenjdk.so.
11-11 15:59:16.027  8971  8971 W parallels-3: type=1400 audit(0.0:37623): avc: denied { execmod } for path="/system/lib/libopenjdk.so" dev="mmcblk0p25" ino=1682 scontext=u:r:untrusted_app:s0:c512,c768 tcontext=u:object_r:system_file:s0 tclass=file permissive=0
11-11 15:59:16.027  8971  8971 I chatty  : uid=10101(com.tencent.mm) identical 1 line
11-11 15:59:16.027  8971  8971 W parallels-3: type=1400 audit(0.0:37625): avc: denied { execmod } for path="/system/lib/libopenjdk.so" dev="mmcblk0p25" ino=1682 scontext=u:r:untrusted_app:s0:c512,c768 tcontext=u:object_r:system_file:s0 tclass=file permissive=0
11-11 15:59:16.059   264   435 I SurfaceFlinger: EventThread Client Pid (8971) created
11-11 15:59:16.060   264   435 I SurfaceFlinger: EventThread Client Pid (8971) created
11-11 15:59:16.371   675  5274 I WifiService: getVerboseLoggingLevel uid=1000
11-11 15:59:16.371   675  5274 I WifiService: getWifiApEnabledState uid=1000
11-11 15:59:16.373  5449  5449 D PowerSaveUtils: isUltraPowerOn(context) isOn=false
11-11 15:59:16.374  5449  5449 D PowerSaveUtils: getConfigCurrent isUltraModeOn:false
11-11 15:59:16.374  5449  5449 D PowerSaveUtils: config details is : bright->76wifiEnable-> falsewifiApEnable->falsebtEnable->falsedataEnable->truegpsEnable->truethreeGEnable->trueautoSyncEnable->trueisScreenModeOn->falseisUltraModeOn->falseisBatterySaverOn->false
11-11 15:59:16.374  5449  5449 D PowerSaveUtils: getConfigCurrent current:34.6
11-11 15:59:16.375   675  5274 V SettingsProvider: name : battery_remaining_time appId : 1000
11-11 15:59:16.376  5449  5449 D PowerSaveUtils: hours:8,min:56
11-11 15:59:16.864  8971  9005 D JniHelper: [KindaLib] jniInit
11-11 15:59:16.879   675  5274 V SettingsProvider: packageValueForCallResult, name = time_12_24, value : Bundle[{_track_generation=android.util.MemoryIntArray@5e, value=12, _generation_index=2, _generation=342}]
11-11 15:59:16.887  8971  9005 D JniHelper: [KindaLib] register_constructor_proxy_method
11-11 15:59:16.896  8971  9022 I IOCanary.JNI: doUnHook
11-11 15:59:16.903  8971  8971 W default : type=1400 audit(0.0:37626): avc: denied { execmod } for path="/system/lib/libopenjdkjvm.so" dev="mmcblk0p25" ino=1683 scontext=u:r:untrusted_app:s0:c512,c768 tcontext=u:object_r:system_file:s0 tclass=file permissive=0
11-11 15:59:16.903  8971  8971 W default : type=1400 audit(0.0:37627): avc: denied { execmod } for path="/system/lib/libopenjdkjvm.so" dev="mmcblk0p25" ino=1683 scontext=u:r:untrusted_app:s0:c512,c768 tcontext=u:object_r:system_file:s0 tclass=file permissive=0
11-11 15:59:16.910  8971  8971 W default : type=1400 audit(0.0:37628): avc: denied { execmod } for path="/system/lib/libjavacore.so" dev="mmcblk0p25" ino=1611 scontext=u:r:untrusted_app:s0:c512,c768 tcontext=u:object_r:system_file:s0 tclass=file permissive=0
11-11 15:59:16.910  8971  8971 I chatty  : uid=10101(com.tencent.mm) identical 3 lines
11-11 15:59:16.913  8971  8971 W default : type=1400 audit(0.0:37632): avc: denied { execmod } for path="/system/lib/libjavacore.so" dev="mmcblk0p25" ino=1611 scontext=u:r:untrusted_app:s0:c512,c768 tcontext=u:object_r:system_file:s0 tclass=file permissive=0
11-11 15:59:16.920  8971  8971 W default : type=1400 audit(0.0:37633): avc: denied { execmod } for path="/system/lib/libopenjdk.so" dev="mmcblk0p25" ino=1682 scontext=u:r:untrusted_app:s0:c512,c768 tcontext=u:object_r:system_file:s0 tclass=file permissive=0
11-11 15:59:16.920  8971  8971 I chatty  : uid=10101(com.tencent.mm) identical 3 lines
11-11 15:59:16.920  8971  8971 W default : type=1400 audit(0.0:37637): avc: denied { execmod } for path="/system/lib/libopenjdk.so" dev="mmcblk0p25" ino=1682 scontext=u:r:untrusted_app:s0:c512,c768 tcontext=u:object_r:system_file:s0 tclass=file permissive=0
11-11 15:59:20.389   307   307 I thermal_repeater: [recvMdThermalInfo] ret=9, strLen=127,  1, 32767
11-11 15:59:25.884  5790  6047 D phonemaster_log: HiManager_ViewUtil: ViewUtilisShowNotification false
11-11 15:59:25.884  5790  6047 D phonemaster_log: HiManager_MasterCoreService: MESSAGE_SERVICE_WHAT_UPDATE_NOTIFICATION isShowNotificationfalse
11-11 15:59:29.386   675   769 D MtkDataShapingUtils: openLteGateByDataShaping datashaping instance is null
11-11 15:59:30.400   307   307 I thermal_repeater: [recvMdThermalInfo] ret=9, strLen=127,  1, 32767
11-11 15:59:32.627   675   706 I WifiService: requestActivityInfo uid=1000
11-11 15:59:32.628   675   706 I WifiService: reportActivityInfo uid=1000
11-11 15:59:32.628   675   706 I WifiService: getSupportedFeatures uid=1000
11-11 15:59:32.629   259   259 I WifiHAL : [WIFI HAL]wifi_get_supported_feature_set: handle=0xaea89320, feature_set=0x801018
11-11 15:59:32.630   259   259 I WifiHAL : [WIFI HAL]wifi_get_supported_feature_set: handle=0xaea89320, feature_set=0x801018
11-11 15:59:32.639   675   706 E BatteryExternalStatsWorker: no controller energy info supplied for wifi
11-11 15:59:32.639   675   706 E BatteryExternalStatsWorker: no controller energy info supplied for bluetooth
11-11 15:59:35.180   675   933 D AES     : AEEIOCTL_GET/SET_SF_STATE IOCTL,cmd= 1074294797, lParam=0. 
11-11 15:59:35.180   675   933 D AES     : AEEIOCTL_RT_MON_Kick IOCTL,cmd= 2147774474, lParam=300. 
11-11 15:59:35.888  5790  6047 D phonemaster_log: HiManager_ViewUtil: ViewUtilisShowNotification false
11-11 15:59:35.889  5790  6047 D phonemaster_log: HiManager_MasterCoreService: MESSAGE_SERVICE_WHAT_UPDATE_NOTIFICATION isShowNotificationfalse
11-11 15:59:40.415   307   307 I thermal_repeater: [recvMdThermalInfo] ret=9, strLen=127,  1, 32767
11-11 15:59:40.657 25895 25975 I System.out: isEmailSend:POST
11-11 15:59:40.657 25895 25975 I System.out: port:80
11-11 15:59:45.325   675   675 I DeviceIdleController: updateChargingLocked: charging=true
11-11 15:59:45.325   675   675 I DeviceIdleController: becomeActiveLocked, reason = charging
11-11 15:59:45.370  5449  5449 I PC_BatteryChangedReceiver: level: 55, remindValue: 15, status: 2
11-11 15:59:45.379  5449  5449 D PC_BatteryChangedReceiver: isGameMode: false
11-11 15:59:45.379  5449  5449 D PC_BatteryChangedReceiver: onReceive: false
11-11 15:59:45.379  5449  5449 D PC_BatteryChangedReceiver: isGameMode: false
11-11 15:59:45.380  5449  5449 D PC_NotificationUtils: cancelNotification: 
11-11 15:59:45.380  5449  5449 D PC_BatteryChangedReceiver: onReceive: battary on charge
11-11 15:59:45.900  5790  6047 D phonemaster_log: HiManager_ViewUtil: ViewUtilisShowNotification false
11-11 15:59:45.901  5790  6047 D phonemaster_log: HiManager_MasterCoreService: MESSAGE_SERVICE_WHAT_UPDATE_NOTIFICATION isShowNotificationfalse
11-11 15:59:46.381   675  5080 I WifiService: getVerboseLoggingLevel uid=1000
11-11 15:59:46.381   675  5080 I WifiService: getWifiApEnabledState uid=1000
11-11 15:59:46.383  5449  5449 D PowerSaveUtils: isUltraPowerOn(context) isOn=false
11-11 15:59:46.383  5449  5449 D PowerSaveUtils: getConfigCurrent isUltraModeOn:false
11-11 15:59:46.384  5449  5449 D PowerSaveUtils: config details is : bright->76wifiEnable-> falsewifiApEnable->falsebtEnable->falsedataEnable->truegpsEnable->truethreeGEnable->trueautoSyncEnable->trueisScreenModeOn->falseisUltraModeOn->falseisBatterySaverOn->false
11-11 15:59:46.384  5449  5449 D PowerSaveUtils: getConfigCurrent current:34.6
11-11 15:59:46.385   675  5080 V SettingsProvider: name : battery_remaining_time appId : 1000
11-11 15:59:46.385  5449  5449 D PowerSaveUtils: hours:8,min:56
11-11 15:59:50.421   307   307 I thermal_repeater: [recvMdThermalInfo] ret=9, strLen=127,  1, 32767
11-11 15:59:50.573 18016 18027 I zygote  : Background concurrent copying GC freed 116224(5MB) AllocSpace objects, 20(560KB) LOS objects, 49% free, 7MB/14MB, paused 422us total 242.417ms
11-11 15:59:53.086   675   769 D MtkDataShapingUtils: openLteGateByDataShaping datashaping instance is null
11-11 15:59:55.311  5449  5449 I PC_BatteryChangedReceiver: level: 55, remindValue: 15, status: 2
11-11 15:59:55.311  5449  5449 D PC_BatteryChangedReceiver: isGameMode: false
11-11 15:59:55.311  5449  5449 D PC_BatteryChangedReceiver: onReceive: false
11-11 15:59:55.311  5449  5449 D PC_BatteryChangedReceiver: isGameMode: false
11-11 15:59:55.315   675   675 I DeviceIdleController: updateChargingLocked: charging=true
11-11 15:59:55.315   675   675 I DeviceIdleController: becomeActiveLocked, reason = charging
11-11 15:59:55.322  5449  5449 D PC_NotificationUtils: cancelNotification: 
11-11 15:59:55.322  5449  5449 D PC_BatteryChangedReceiver: onReceive: battary on charge
11-11 15:59:55.641   675   769 D MtkDataShapingUtils: openLteGateByDataShaping datashaping instance is null
11-11 15:59:55.907  5790  6047 D phonemaster_log: HiManager_ViewUtil: ViewUtilisShowNotification false
11-11 15:59:55.907  5790  6047 D phonemaster_log: HiManager_MasterCoreService: MESSAGE_SERVICE_WHAT_UPDATE_NOTIFICATION isShowNotificationfalse
11-11 15:59:56.327   675  1522 I WifiService: getVerboseLoggingLevel uid=1000
11-11 15:59:56.328   675  1522 I WifiService: getWifiApEnabledState uid=1000
11-11 15:59:56.329  5449  5449 D PowerSaveUtils: isUltraPowerOn(context) isOn=false
11-11 15:59:56.330  5449  5449 D PowerSaveUtils: getConfigCurrent isUltraModeOn:false
11-11 15:59:56.330  5449  5449 D PowerSaveUtils: config details is : bright->76wifiEnable-> falsewifiApEnable->falsebtEnable->falsedataEnable->truegpsEnable->truethreeGEnable->trueautoSyncEnable->trueisScreenModeOn->falseisUltraModeOn->falseisBatterySaverOn->false
11-11 15:59:56.330  5449  5449 D PowerSaveUtils: getConfigCurrent current:34.6
11-11 15:59:56.331   675  1522 V SettingsProvider: name : battery_remaining_time appId : 1000
11-11 15:59:56.331  5449  5449 D PowerSaveUtils: hours:8,min:56
11-11 15:59:57.230 25895  9056 I System.out: isEmailSend:GET
11-11 15:59:57.722 25895  9056 I System.out: port:443
11-11 15:59:57.862 25895  9056 I System.out: isEmailSend:GET
11-11 15:59:57.862 25895  9056 I System.out: port:80
11-11 16:00:00.426   307   307 I thermal_repeater: [recvMdThermalInfo] ret=9, strLen=127,  1, 32767
11-11 16:00:01.664   675   769 D MtkDataShapingUtils: openLteGateByDataShaping datashaping instance is null
11-11 16:00:05.181   675   933 D AES     : AEEIOCTL_GET/SET_SF_STATE IOCTL,cmd= 1074294797, lParam=0. 
11-11 16:00:05.181   675   933 D AES     : AEEIOCTL_RT_MON_Kick IOCTL,cmd= 2147774474, lParam=300. 
11-11 16:00:05.322   675   675 I DeviceIdleController: updateChargingLocked: charging=true
11-11 16:00:05.322   675   675 I DeviceIdleController: becomeActiveLocked, reason = charging
11-11 16:00:05.352  5449  5449 I PC_BatteryChangedReceiver: level: 55, remindValue: 15, status: 2
11-11 16:00:05.353  5449  5449 D PC_BatteryChangedReceiver: isGameMode: false
11-11 16:00:05.353  5449  5449 D PC_BatteryChangedReceiver: onReceive: false
11-11 16:00:05.353  5449  5449 D PC_BatteryChangedReceiver: isGameMode: false
11-11 16:00:05.354  5449  5449 D PC_NotificationUtils: cancelNotification: 
11-11 16:00:05.354  5449  5449 D PC_BatteryChangedReceiver: onReceive: battary on charge
11-11 16:00:05.912  5790  6047 D phonemaster_log: HiManager_ViewUtil: ViewUtilisShowNotification false
11-11 16:00:05.912  5790  6047 D phonemaster_log: HiManager_MasterCoreService: MESSAGE_SERVICE_WHAT_UPDATE_NOTIFICATION isShowNotificationfalse
11-11 16:00:06.361   675  5080 I WifiService: getVerboseLoggingLevel uid=1000
11-11 16:00:06.362   675  5080 I WifiService: getWifiApEnabledState uid=1000
11-11 16:00:06.363  5449  5449 D PowerSaveUtils: isUltraPowerOn(context) isOn=false
11-11 16:00:06.364  5449  5449 D PowerSaveUtils: getConfigCurrent isUltraModeOn:false
11-11 16:00:06.364  5449  5449 D PowerSaveUtils: config details is : bright->76wifiEnable-> falsewifiApEnable->falsebtEnable->falsedataEnable->truegpsEnable->truethreeGEnable->trueautoSyncEnable->trueisScreenModeOn->falseisUltraModeOn->falseisBatterySaverOn->false
11-11 16:00:06.364  5449  5449 D PowerSaveUtils: getConfigCurrent current:34.6
11-11 16:00:06.365   675  5080 V SettingsProvider: name : battery_remaining_time appId : 1000
11-11 16:00:06.366  5449  5449 D PowerSaveUtils: hours:8,min:56
11-11 16:00:10.435   307   307 I thermal_repeater: [recvMdThermalInfo] ret=9, strLen=127,  1, 32767
11-11 16:00:15.310  5449  5449 I PC_BatteryChangedReceiver: level: 55, remindValue: 15, status: 2
11-11 16:00:15.310  5449  5449 D PC_BatteryChangedReceiver: isGameMode: false
11-11 16:00:15.310  5449  5449 D PC_BatteryChangedReceiver: onReceive: false
11-11 16:00:15.310  5449  5449 D PC_BatteryChangedReceiver: isGameMode: false
11-11 16:00:15.312   675   675 I DeviceIdleController: updateChargingLocked: charging=true
11-11 16:00:15.313   675   675 I DeviceIdleController: becomeActiveLocked, reason = charging
11-11 16:00:15.319  5449  5449 D PC_NotificationUtils: cancelNotification: 
11-11 16:00:15.319  5449  5449 D PC_BatteryChangedReceiver: onReceive: battary on charge
11-11 16:00:15.916  5790  6047 D phonemaster_log: HiManager_ViewUtil: ViewUtilisShowNotification false
11-11 16:00:15.917  5790  6047 D phonemaster_log: HiManager_MasterCoreService: MESSAGE_SERVICE_WHAT_UPDATE_NOTIFICATION isShowNotificationfalse
11-11 16:00:16.145   675  7774 I ActivityManager: Start proc 9060:com.tencent.mm:push/u0a101 for service com.tencent.mm/.booter.CoreService
11-11 16:00:16.145   675  7774 D ActivityManager: AMS: *** Launch app com.tencent.mm/10101 for service Intent { cmp=com.tencent.mm/.booter.CoreService }, from com.tencent.mm/10101.
11-11 16:00:16.285  9060  9060 I zygote  : The ClassLoaderContext is a special shared library.
11-11 16:00:16.328   675  7774 I WifiService: getVerboseLoggingLevel uid=1000
11-11 16:00:16.328   675  7774 I WifiService: getWifiApEnabledState uid=1000
11-11 16:00:16.330  5449  5449 D PowerSaveUtils: isUltraPowerOn(context) isOn=false
11-11 16:00:16.331  5449  5449 D PowerSaveUtils: getConfigCurrent isUltraModeOn:false
11-11 16:00:16.331  5449  5449 D PowerSaveUtils: config details is : bright->76wifiEnable-> falsewifiApEnable->falsebtEnable->falsedataEnable->truegpsEnable->truethreeGEnable->trueautoSyncEnable->trueisScreenModeOn->falseisUltraModeOn->falseisBatterySaverOn->false
11-11 16:00:16.331  5449  5449 D PowerSaveUtils: getConfigCurrent current:34.6
11-11 16:00:16.332   675  7774 V SettingsProvider: name : battery_remaining_time appId : 1000
11-11 16:00:16.332  5449  5449 D PowerSaveUtils: hours:8,min:56
11-11 16:00:16.528  9060  9060 E ActivityThread: Failed to find provider info for com.tencent.mm.coolassist.debugprovider
11-11 16:00:16.633  9060  9060 I MMKV    : <MMKV.cpp:192::initialize> page size:4096
11-11 16:00:16.633  9060  9060 I MMKV    : <MMKV.cpp:206::initializeMMKV> root dir: /data/user/0/com.tencent.mm/files/mmkv
11-11 16:00:16.685  9060  9060 I LoadedApk: No resource references to update in package com.transsion.theme.icon
11-11 16:00:16.746  9060  9060 W tencent.mm:push: type=1400 audit(0.0:37638): avc: denied { read } for name="anr" dev="mmcblk0p27" ino=64 scontext=u:r:untrusted_app:s0:c512,c768 tcontext=u:object_r:anr_data_file:s0 tclass=dir permissive=0
11-11 16:00:16.755  9060  9060 W CrashMonitor: JNI_OnLoad
11-11 16:00:16.756  9060  9060 D CrashMonitor: crashInitForReport...
11-11 16:00:16.756  9060  9060 D CrashMonitor: setupMonitor...
11-11 16:00:16.757  9060  9091 D CrashMonitor: WaitForSignal...
11-11 16:00:17.188  9060  9088 D IOCanary.JNI: JNI_OnLoad
11-11 16:00:17.188  9060  9088 D IOCanary.JNI: JNI_OnLoad done
11-11 16:00:17.190  9060  9088 I IOCanary.JNI: doHook
11-11 16:00:17.190  9060  9088 I IOCanary.JNI: try to hook function in libopenjdkjvm.so.
11-11 16:00:17.193  9060  9060 W parallels-2: type=1400 audit(0.0:37639): avc: denied { execmod } for path="/system/lib/libopenjdkjvm.so" dev="mmcblk0p25" ino=1683 scontext=u:r:untrusted_app:s0:c512,c768 tcontext=u:object_r:system_file:s0 tclass=file permissive=0
11-11 16:00:17.193  9060  9060 W parallels-2: type=1400 audit(0.0:37640): avc: denied { execmod } for path="/system/lib/libopenjdkjvm.so" dev="mmcblk0p25" ino=1683 scontext=u:r:untrusted_app:s0:c512,c768 tcontext=u:object_r:system_file:s0 tclass=file permissive=0
11-11 16:00:17.197  9060  9088 I IOCanary.JNI: try to hook function in libjavacore.so.
11-11 16:00:17.199  9060  9060 W parallels-2: type=1400 audit(0.0:37641): avc: denied { execmod } for path="/system/lib/libjavacore.so" dev="mmcblk0p25" ino=1611 scontext=u:r:untrusted_app:s0:c512,c768 tcontext=u:object_r:system_file:s0 tclass=file permissive=0
11-11 16:00:17.199  9060  9060 W parallels-2: type=1400 audit(0.0:37642): avc: denied { execmod } for path="/system/lib/libjavacore.so" dev="mmcblk0p25" ino=1611 scontext=u:r:untrusted_app:s0:c512,c768 tcontext=u:object_r:system_file:s0 tclass=file permissive=0
11-11 16:00:17.199  9060  9060 I chatty  : uid=10101 com.tencent.mm:push identical 1 line
11-11 16:00:17.199  9060  9060 W parallels-2: type=1400 audit(0.0:37644): avc: denied { execmod } for path="/system/lib/libjavacore.so" dev="mmcblk0p25" ino=1611 scontext=u:r:untrusted_app:s0:c512,c768 tcontext=u:object_r:system_file:s0 tclass=file permissive=0
11-11 16:00:17.203  9060  9088 I IOCanary.JNI: try to hook function in libopenjdk.so.
11-11 16:00:17.206  9060  9060 W parallels-2: type=1400 audit(0.0:37645): avc: denied { execmod } for path="/system/lib/libopenjdk.so" dev="mmcblk0p25" ino=1682 scontext=u:r:untrusted_app:s0:c512,c768 tcontext=u:object_r:system_file:s0 tclass=file permissive=0
11-11 16:00:17.206  9060  9060 I chatty  : uid=10101 com.tencent.mm:push identical 1 line
11-11 16:00:17.206  9060  9060 W parallels-2: type=1400 audit(0.0:37647): avc: denied { execmod } for path="/system/lib/libopenjdk.so" dev="mmcblk0p25" ino=1682 scontext=u:r:untrusted_app:s0:c512,c768 tcontext=u:object_r:system_file:s0 tclass=file permissive=0
11-11 16:00:17.761   675  7774 V SettingsProvider: packageValueForCallResult, name = time_12_24, value : Bundle[{_track_generation=android.util.MemoryIntArray@5e, value=12, _generation_index=2, _generation=342}]
11-11 16:00:18.073  9060  9060 W mars::9114: type=1400 audit(0.0:37648): avc: denied { read } for name="u:object_r:net_dns_prop:s0" dev="tmpfs" ino=261 scontext=u:r:untrusted_app:s0:c512,c768 tcontext=u:object_r:net_dns_prop:s0 tclass=file permissive=0
11-11 16:00:18.073  9060  9060 W mars::9114: type=1400 audit(0.0:37649): avc: denied { read } for name="u:object_r:net_dns_prop:s0" dev="tmpfs" ino=261 scontext=u:r:untrusted_app:s0:c512,c768 tcontext=u:object_r:net_dns_prop:s0 tclass=file permissive=0
11-11 16:00:18.076  9060  9114 E libc    : Access denied finding property "net.dns1"
11-11 16:00:18.076  9060  9114 E libc    : Access denied finding property "net.dns2"
11-11 16:00:18.239  9060  9060 W mars::9114: type=1400 audit(0.0:37650): avc: denied { read } for name="u:object_r:net_dns_prop:s0" dev="tmpfs" ino=261 scontext=u:r:untrusted_app:s0:c512,c768 tcontext=u:object_r:net_dns_prop:s0 tclass=file permissive=0
11-11 16:00:18.239  9060  9060 W mars::9114: type=1400 audit(0.0:37651): avc: denied { read } for name="u:object_r:net_dns_prop:s0" dev="tmpfs" ino=261 scontext=u:r:untrusted_app:s0:c512,c768 tcontext=u:object_r:net_dns_prop:s0 tclass=file permissive=0
11-11 16:00:18.243  9060  9114 E libc    : Access denied finding property "net.dns1"
11-11 16:00:18.244  9060  9114 E libc    : Access denied finding property "net.dns2"
11-11 16:00:18.269  9060  9060 W mars::9120: type=1400 audit(0.0:37652): avc: denied { read } for name="u:object_r:net_dns_prop:s0" dev="tmpfs" ino=261 scontext=u:r:untrusted_app:s0:c512,c768 tcontext=u:object_r:net_dns_prop:s0 tclass=file permissive=0
11-11 16:00:18.269  9060  9060 W mars::9120: type=1400 audit(0.0:37653): avc: denied { read } for name="u:object_r:net_dns_prop:s0" dev="tmpfs" ino=261 scontext=u:r:untrusted_app:s0:c512,c768 tcontext=u:object_r:net_dns_prop:s0 tclass=file permissive=0
11-11 16:00:18.273  9060  9120 E libc    : Access denied finding property "net.dns1"
11-11 16:00:18.273  9060  9120 E libc    : Access denied finding property "net.dns2"
11-11 16:00:18.366  9060  9060 W mars::9124: type=1400 audit(0.0:37654): avc: denied { read } for name="u:object_r:net_dns_prop:s0" dev="tmpfs" ino=261 scontext=u:r:untrusted_app:s0:c512,c768 tcontext=u:object_r:net_dns_prop:s0 tclass=file permissive=0
11-11 16:00:18.366  9060  9060 W mars::9124: type=1400 audit(0.0:37655): avc: denied { read } for name="u:object_r:net_dns_prop:s0" dev="tmpfs" ino=261 scontext=u:r:untrusted_app:s0:c512,c768 tcontext=u:object_r:net_dns_prop:s0 tclass=file permissive=0
11-11 16:00:18.369  9060  9060 W mars::9114: type=1400 audit(0.0:37656): avc: denied { read } for name="u:object_r:net_dns_prop:s0" dev="tmpfs" ino=261 scontext=u:r:untrusted_app:s0:c512,c768 tcontext=u:object_r:net_dns_prop:s0 tclass=file permissive=0
11-11 16:00:18.369  9060  9126 E libc    : Access denied finding property "net.dns1"
11-11 16:00:18.369  9060  9126 E libc    : Access denied finding property "net.dns2"
11-11 16:00:18.373  9060  9060 W mars::9114: type=1400 audit(0.0:37657): avc: denied { read } for name="u:object_r:net_dns_prop:s0" dev="tmpfs" ino=261 scontext=u:r:untrusted_app:s0:c512,c768 tcontext=u:object_r:net_dns_prop:s0 tclass=file permissive=0
11-11 16:00:18.375  9060  9114 E libc    : Access denied finding property "net.dns1"
11-11 16:00:18.375  9060  9114 E libc    : Access denied finding property "net.dns2"
11-11 16:00:18.386  9060  9060 W mars::9124: type=1400 audit(0.0:37658): avc: denied { read } for name="u:object_r:net_dns_prop:s0" dev="tmpfs" ino=261 scontext=u:r:untrusted_app:s0:c512,c768 tcontext=u:object_r:net_dns_prop:s0 tclass=file permissive=0
11-11 16:00:18.386  9060  9060 W mars::9124: type=1400 audit(0.0:37659): avc: denied { read } for name="u:object_r:net_dns_prop:s0" dev="tmpfs" ino=261 scontext=u:r:untrusted_app:s0:c512,c768 tcontext=u:object_r:net_dns_prop:s0 tclass=file permissive=0
11-11 16:00:18.388  9060  9124 E libc    : Access denied finding property "net.dns1"
11-11 16:00:18.389  9060  9124 E libc    : Access denied finding property "net.dns2"
11-11 16:00:18.583  9060  9060 W mars::9130: type=1400 audit(0.0:37660): avc: denied { read } for name="u:object_r:net_dns_prop:s0" dev="tmpfs" ino=261 scontext=u:r:untrusted_app:s0:c512,c768 tcontext=u:object_r:net_dns_prop:s0 tclass=file permissive=0
11-11 16:00:18.583  9060  9060 W mars::9130: type=1400 audit(0.0:37661): avc: denied { read } for name="u:object_r:net_dns_prop:s0" dev="tmpfs" ino=261 scontext=u:r:untrusted_app:s0:c512,c768 tcontext=u:object_r:net_dns_prop:s0 tclass=file permissive=0
11-11 16:00:18.586  9060  9132 E libc    : Access denied finding property "net.dns1"
11-11 16:00:18.586  9060  9132 E libc    : Access denied finding property "net.dns2"
11-11 16:00:18.589  9060  9060 W mars::9130: type=1400 audit(0.0:37662): avc: denied { read } for name="u:object_r:net_dns_prop:s0" dev="tmpfs" ino=261 scontext=u:r:untrusted_app:s0:c512,c768 tcontext=u:object_r:net_dns_prop:s0 tclass=file permissive=0
11-11 16:00:18.589  9060  9060 W mars::9130: type=1400 audit(0.0:37663): avc: denied { read } for name="u:object_r:net_dns_prop:s0" dev="tmpfs" ino=261 scontext=u:r:untrusted_app:s0:c512,c768 tcontext=u:object_r:net_dns_prop:s0 tclass=file permissive=0
11-11 16:00:18.591  9060  9130 E libc    : Access denied finding property "net.dns1"
11-11 16:00:18.592  9060  9130 E libc    : Access denied finding property "net.dns2"
11-11 16:00:18.709  9060  9060 W mars::9136: type=1400 audit(0.0:37664): avc: denied { read } for name="u:object_r:net_dns_prop:s0" dev="tmpfs" ino=261 scontext=u:r:untrusted_app:s0:c512,c768 tcontext=u:object_r:net_dns_prop:s0 tclass=file permissive=0
11-11 16:00:18.709  9060  9060 W mars::9136: type=1400 audit(0.0:37665): avc: denied { read } for name="u:object_r:net_dns_prop:s0" dev="tmpfs" ino=261 scontext=u:r:untrusted_app:s0:c512,c768 tcontext=u:object_r:net_dns_prop:s0 tclass=file permissive=0
11-11 16:00:18.711  9060  9136 E libc    : Access denied finding property "net.dns1"
11-11 16:00:18.712  9060  9136 E libc    : Access denied finding property "net.dns2"
11-11 16:00:18.816  9060  9060 W mars::9141: type=1400 audit(0.0:37666): avc: denied { read } for name="u:object_r:net_dns_prop:s0" dev="tmpfs" ino=261 scontext=u:r:untrusted_app:s0:c512,c768 tcontext=u:object_r:net_dns_prop:s0 tclass=file permissive=0
11-11 16:00:18.816  9060  9060 W mars::9141: type=1400 audit(0.0:37667): avc: denied { read } for name="u:object_r:net_dns_prop:s0" dev="tmpfs" ino=261 scontext=u:r:untrusted_app:s0:c512,c768 tcontext=u:object_r:net_dns_prop:s0 tclass=file permissive=0
11-11 16:00:18.820  9060  9141 E libc    : Access denied finding property "net.dns1"
11-11 16:00:18.820  9060  9141 E libc    : Access denied finding property "net.dns2"
11-11 16:00:18.956  9060  9060 W mars::9145: type=1400 audit(0.0:37668): avc: denied { read } for name="u:object_r:net_dns_prop:s0" dev="tmpfs" ino=261 scontext=u:r:untrusted_app:s0:c512,c768 tcontext=u:object_r:net_dns_prop:s0 tclass=file permissive=0
11-11 16:00:18.956  9060  9060 W mars::9145: type=1400 audit(0.0:37669): avc: denied { read } for name="u:object_r:net_dns_prop:s0" dev="tmpfs" ino=261 scontext=u:r:untrusted_app:s0:c512,c768 tcontext=u:object_r:net_dns_prop:s0 tclass=file permissive=0
11-11 16:00:18.959  9060  9145 E libc    : Access denied finding property "net.dns1"
11-11 16:00:18.959  9060  9145 E libc    : Access denied finding property "net.dns2"
11-11 16:00:19.056  9060  9060 W mars::9149: type=1400 audit(0.0:37670): avc: denied { read } for name="u:object_r:net_dns_prop:s0" dev="tmpfs" ino=261 scontext=u:r:untrusted_app:s0:c512,c768 tcontext=u:object_r:net_dns_prop:s0 tclass=file permissive=0
11-11 16:00:19.056  9060  9060 W mars::9149: type=1400 audit(0.0:37671): avc: denied { read } for name="u:object_r:net_dns_prop:s0" dev="tmpfs" ino=261 scontext=u:r:untrusted_app:s0:c512,c768 tcontext=u:object_r:net_dns_prop:s0 tclass=file permissive=0
11-11 16:00:19.060  9060  9149 E libc    : Access denied finding property "net.dns1"
11-11 16:00:19.060  9060  9149 E libc    : Access denied finding property "net.dns2"
11-11 16:00:20.442   307   307 I thermal_repeater: [recvMdThermalInfo] ret=9, strLen=127,  1, 32767
11-11 16:00:22.064   675   769 D MtkDataShapingUtils: openLteGateByDataShaping datashaping instance is null
11-11 16:00:25.308  5449  5449 I PC_BatteryChangedReceiver: level: 55, remindValue: 15, status: 2
11-11 16:00:25.308  5449  5449 D PC_BatteryChangedReceiver: isGameMode: false
11-11 16:00:25.308  5449  5449 D PC_BatteryChangedReceiver: onReceive: false
11-11 16:00:25.309  5449  5449 D PC_BatteryChangedReceiver: isGameMode: false
11-11 16:00:25.310   675   675 I DeviceIdleController: updateChargingLocked: charging=true
11-11 16:00:25.310   675   675 I DeviceIdleController: becomeActiveLocked, reason = charging
11-11 16:00:25.318  5449  5449 D PC_NotificationUtils: cancelNotification: 
11-11 16:00:25.318  5449  5449 D PC_BatteryChangedReceiver: onReceive: battary on charge
11-11 16:00:25.923  5790  6047 D phonemaster_log: HiManager_ViewUtil: ViewUtilisShowNotification false
11-11 16:00:25.924  5790  6047 D phonemaster_log: HiManager_MasterCoreService: MESSAGE_SERVICE_WHAT_UPDATE_NOTIFICATION isShowNotificationfalse
11-11 16:00:26.335   675  7774 I WifiService: getVerboseLoggingLevel uid=1000
11-11 16:00:26.335   675  7774 I WifiService: getWifiApEnabledState uid=1000
11-11 16:00:26.337  5449  5449 D PowerSaveUtils: isUltraPowerOn(context) isOn=false
11-11 16:00:26.338  5449  5449 D PowerSaveUtils: getConfigCurrent isUltraModeOn:false
11-11 16:00:26.338  5449  5449 D PowerSaveUtils: config details is : bright->76wifiEnable-> falsewifiApEnable->falsebtEnable->falsedataEnable->truegpsEnable->truethreeGEnable->trueautoSyncEnable->trueisScreenModeOn->falseisUltraModeOn->falseisBatterySaverOn->false
11-11 16:00:26.338  5449  5449 D PowerSaveUtils: getConfigCurrent current:34.6
11-11 16:00:26.339   675  7774 V SettingsProvider: name : battery_remaining_time appId : 1000
11-11 16:00:26.339  5449  5449 D PowerSaveUtils: hours:8,min:56
11-11 16:00:26.545 25895 25975 I System.out: isEmailSend:POST
11-11 16:00:26.550 25895 25975 I System.out: port:80
11-11 16:00:29.465   675   700 I ActivityManager: Start proc 9158:android.process.media/u0a28 for service com.android.providers.media/.MtpService
11-11 16:00:29.465   675   700 D ActivityManager: AMS: *** Launch app com.android.providers.media/10028 for service Intent { cmp=com.android.providers.media/.MtpService }, from null/-1.
11-11 16:00:29.567  9158  9158 I zygote  : The ClassLoaderContext is a special shared library.
11-11 16:00:29.595  9158  9158 I LoadedApk: No resource references to update in package com.transsion.theme.icon
11-11 16:00:29.634  9158  9158 I zygote  : The ClassLoaderContext is a special shared library.
11-11 16:00:29.653  9158  9158 D FileSystemProvider: onCreate mFSPHelper : com.mediatek.internal.content.MtkFileSystemProviderHelper@4946fe6
11-11 16:00:29.799  9158  9158 D MtpService: Adding MTP storage 0x10001 at /storage/emulated/0
11-11 16:00:29.804  9158  9158 D MtpService: starting MTP server in PTP mode with storage /storage/emulated/0
11-11 16:00:29.810  9158  9158 I MediaFactory: [static] sMediaFactory = com.mediatek.media.MediaFactoryImpl@9e34fca
11-11 16:00:29.854  9158  9158 D MtpService: Adding MTP storage 0x10001 at /storage/emulated/0
11-11 16:00:29.859  9158  9177 E MtpServer: MtpServer was never configured!
11-11 16:00:30.451   307   307 I thermal_repeater: [recvMdThermalInfo] ret=9, strLen=127,  1, 32767
11-11 16:00:32.398   675   721 W PackageManager: Invalid verification token 49 received
11-11 16:00:35.126  5790  5802 I zygote  : Background concurrent copying GC freed 26321(1051KB) AllocSpace objects, 0(0B) LOS objects, 52% free, 5MB/11MB, paused 451us total 243.400ms
11-11 16:00:35.182   675   933 D AES     : AEEIOCTL_GET/SET_SF_STATE IOCTL,cmd= 1074294797, lParam=0. 
11-11 16:00:35.182   675   933 D AES     : AEEIOCTL_RT_MON_Kick IOCTL,cmd= 2147774474, lParam=300. 
11-11 16:00:35.312   675   675 I DeviceIdleController: updateChargingLocked: charging=true
11-11 16:00:35.313   675   675 I DeviceIdleController: becomeActiveLocked, reason = charging
11-11 16:00:35.346  5449  5449 I PC_BatteryChangedReceiver: level: 55, remindValue: 15, status: 2
11-11 16:00:35.349  5449  5449 D PC_BatteryChangedReceiver: isGameMode: false
11-11 16:00:35.351  5449  5449 D PC_BatteryChangedReceiver: onReceive: false
11-11 16:00:35.351  5449  5449 D PC_BatteryChangedReceiver: isGameMode: false
11-11 16:00:35.352  5449  5449 D PC_NotificationUtils: cancelNotification: 
11-11 16:00:35.353  5449  5449 D PC_BatteryChangedReceiver: onReceive: battary on charge
11-11 16:00:35.926  5790  6047 D phonemaster_log: HiManager_ViewUtil: ViewUtilisShowNotification false
11-11 16:00:35.926  5790  6047 D phonemaster_log: HiManager_MasterCoreService: MESSAGE_SERVICE_WHAT_UPDATE_NOTIFICATION isShowNotificationfalse
11-11 16:00:36.358   675  5080 I WifiService: getVerboseLoggingLevel uid=1000
11-11 16:00:36.359   675  5080 I WifiService: getWifiApEnabledState uid=1000
11-11 16:00:36.361  5449  5449 D PowerSaveUtils: isUltraPowerOn(context) isOn=false
11-11 16:00:36.361  5449  5449 D PowerSaveUtils: getConfigCurrent isUltraModeOn:false
11-11 16:00:36.361  5449  5449 D PowerSaveUtils: config details is : bright->76wifiEnable-> falsewifiApEnable->falsebtEnable->falsedataEnable->truegpsEnable->truethreeGEnable->trueautoSyncEnable->trueisScreenModeOn->falseisUltraModeOn->falseisBatterySaverOn->false
11-11 16:00:36.362  5449  5449 D PowerSaveUtils: getConfigCurrent current:34.6
11-11 16:00:36.362   675  5080 V SettingsProvider: name : battery_remaining_time appId : 1000
11-11 16:00:36.363  5449  5449 D PowerSaveUtils: hours:8,min:56
11-11 16:00:40.466   307   307 I thermal_repeater: [recvMdThermalInfo] ret=9, strLen=127,  1, 32767
11-11 16:00:40.493 27635 27648 I zygote  : Background concurrent copying GC freed 35296(1906KB) AllocSpace objects, 0(0B) LOS objects, 49% free, 6MB/13MB, paused 267us total 177.249ms
11-11 16:00:45.319  5449  5449 I PC_BatteryChangedReceiver: level: 55, remindValue: 15, status: 2
11-11 16:00:45.320  5449  5449 D PC_BatteryChangedReceiver: isGameMode: false
11-11 16:00:45.320  5449  5449 D PC_BatteryChangedReceiver: onReceive: false
11-11 16:00:45.320  5449  5449 D PC_BatteryChangedReceiver: isGameMode: false
11-11 16:00:45.322   675   675 I DeviceIdleController: updateChargingLocked: charging=true
11-11 16:00:45.323   675   675 I DeviceIdleController: becomeActiveLocked, reason = charging
11-11 16:00:45.330  5449  5449 D PC_NotificationUtils: cancelNotification: 
11-11 16:00:45.330  5449  5449 D PC_BatteryChangedReceiver: onReceive: battary on charge
11-11 16:00:45.555 25895 25905 I zygote  : Background concurrent copying GC freed 37716(1776KB) AllocSpace objects, 16(784KB) LOS objects, 49% free, 6MB/13MB, paused 272us total 212.842ms
11-11 16:00:45.931  5790  6047 D phonemaster_log: HiManager_ViewUtil: ViewUtilisShowNotification false
11-11 16:00:45.931  5790  6047 D phonemaster_log: HiManager_MasterCoreService: MESSAGE_SERVICE_WHAT_UPDATE_NOTIFICATION isShowNotificationfalse
11-11 16:00:46.357   675  1522 I WifiService: getVerboseLoggingLevel uid=1000
11-11 16:00:46.358   675  1522 I WifiService: getWifiApEnabledState uid=1000
11-11 16:00:46.360  5449  5449 D PowerSaveUtils: isUltraPowerOn(context) isOn=false
11-11 16:00:46.360  5449  5449 D PowerSaveUtils: getConfigCurrent isUltraModeOn:false
11-11 16:00:46.360  5449  5449 D PowerSaveUtils: config details is : bright->76wifiEnable-> falsewifiApEnable->falsebtEnable->falsedataEnable->truegpsEnable->truethreeGEnable->trueautoSyncEnable->trueisScreenModeOn->falseisUltraModeOn->falseisBatterySaverOn->false
11-11 16:00:46.360  5449  5449 D PowerSaveUtils: getConfigCurrent current:34.6
11-11 16:00:46.361   675  1522 V SettingsProvider: name : battery_remaining_time appId : 1000
11-11 16:00:46.362  5449  5449 D PowerSaveUtils: hours:8,min:56
11-11 16:00:50.480   307   307 I thermal_repeater: [recvMdThermalInfo] ret=9, strLen=127,  1, 32767
11-11 16:00:51.196   675  1522 V AlarmManager: wqGMS Skip gms alarm
11-11 16:00:51.416   675  1522 I ActivityManager: Start proc 9181:com.google.android.apps.youtube.mango/u0a85 for service com.google.android.apps.youtube.mango/com.firebase.jobdispatcher.GooglePlayReceiver
11-11 16:00:51.416   675  1522 D ActivityManager: AMS: *** Launch app com.google.android.apps.youtube.mango/10085 for service Intent { act=com.google.android.gms.gcm.ACTION_TASK_READY cmp=com.google.android.apps.youtube.mango/com.firebase.jobdispatcher.GooglePlayReceiver }, from com.google.android.gms/10013.
11-11 16:00:51.520   675  1522 I ActivityManager: Start proc 9194:com.google.process.gservices/u0a13 for content provider com.google.android.gsf/.gservices.GservicesProvider
