11-11 16:00:51.520   675  1522 W ActivityManager: Slow operation: 90ms so far, now at getContentProviderImpl: after start process
11-11 16:00:51.520   675  1522 W ActivityManager: Slow operation: 90ms so far, now at getContentProviderImpl: updating data structures
11-11 16:00:51.520   675  1522 W ActivityManager: Slow operation: 90ms so far, now at getContentProviderImpl: done!
11-11 16:00:51.538   675  5274 V AlarmManager: wqGMS Skip gms alarm
11-11 16:00:51.597   675  5080 V AlarmManager: wqGMS Skip gms alarm
11-11 16:00:51.714  9194  9194 I LoadedApk: No resource references to update in package com.transsion.theme.icon
11-11 16:00:51.721  9194  9194 I GservicesProvider: Gservices pushing to system: true; secure/global: true
11-11 16:00:51.752  9181  9181 I LoadedApk: No resource references to update in package com.transsion.theme.icon
11-11 16:00:52.093  9181  9244 E GEL_DELAYED_EVENT_DEBUG: Failed delayed event dispatch, no dispatchers.
11-11 16:00:52.121  9181  9240 W DynamiteModule: Local module descriptor class for providerinstaller not found.
11-11 16:00:52.138  9181  9240 W ProviderInstaller: Failed to load providerinstaller module: No acceptable module found. Local version is 0 and remote version is 0.
11-11 16:00:52.181  9181  9240 I zygote  : The ClassLoaderContext is a special shared library.
11-11 16:00:52.187  9181  9240 I zygote  : The ClassLoaderContext is a special shared library.
11-11 16:00:52.231  9181  9243 W PrimesInit: Primes instant initialization
11-11 16:00:52.268  9181  9258 W Primes  : background initialization
11-11 16:00:52.370  9181  9258 I PrimesTesting: GserviceFlagsSupplier.get()
11-11 16:00:52.485  9181  9258 I CrashMetricService: Startup metric for 'PRIMES_CRASH_MONITORING_INITIALIZED' dropped.
11-11 16:00:52.576   675  5080 V AlarmManager: wqGMS Skip gms alarm
11-11 16:00:52.621   675   684 I zygote  : Background concurrent copying GC freed 81139(3MB) AllocSpace objects, 26(1512KB) LOS objects, 42% free, 25MB/43MB, paused 410us total 575.392ms
11-11 16:00:52.644   675  5274 V AlarmManager: wqGMS Skip gms alarm
11-11 16:00:52.677   675  1241 V AlarmManager: wqGMS Skip gms alarm
11-11 16:00:52.766  9181  9240 V NativeCrypto: Registering com/google/android/gms/org/conscrypt/NativeCrypto's 286 native methods...
11-11 16:00:52.782  9279  9279 W mount   : type=1400 audit(0.0:37672): avc: denied { getattr } for path="/vendor/protect_f" dev="mmcblk0p3" ino=2 scontext=u:r:untrusted_app:s0:c512,c768 tcontext=u:object_r:protect_f_data_file:s0 tclass=dir permissive=0
11-11 16:00:52.786  9279  9279 W mount   : type=1400 audit(0.0:37673): avc: denied { getattr } for path="/vendor/protect_s" dev="mmcblk0p4" ino=2 scontext=u:r:untrusted_app:s0:c512,c768 tcontext=u:object_r:protect_s_data_file:s0 tclass=dir permissive=0
11-11 16:00:52.786  9279  9279 W mount   : type=1400 audit(0.0:37674): avc: denied { getattr } for path="/vendor/nvdata" dev="mmcblk0p20" ino=2 scontext=u:r:untrusted_app:s0:c512,c768 tcontext=u:object_r:nvdata_file:s0 tclass=dir permissive=0
11-11 16:00:52.786  9279  9279 W mount   : type=1400 audit(0.0:37675): avc: denied { getattr } for path="/vendor/persist" dev="mmcblk0p5" ino=2 scontext=u:r:untrusted_app:s0:c512,c768 tcontext=u:object_r:persist_data_file:s0 tclass=dir permissive=0
11-11 16:00:52.786  9279  9279 W mount   : type=1400 audit(0.0:37676): avc: denied { read } for name="/" dev="rootfs" ino=1 scontext=u:r:untrusted_app:s0:c512,c768 tcontext=u:object_r:rootfs:s0 tclass=dir permissive=0
11-11 16:00:52.789  9279  9279 I chatty  : uid=10085(com.google.android.apps.youtube.mango) mount identical 10 lines
11-11 16:00:52.789  9279  9279 W mount   : type=1400 audit(0.0:37687): avc: denied { read } for name="/" dev="rootfs" ino=1 scontext=u:r:untrusted_app:s0:c512,c768 tcontext=u:object_r:rootfs:s0 tclass=dir permissive=0
11-11 16:00:53.023  9181  9240 D NetworkSecurityConfig: Using Network Security Config from resource network_security_config debugBuild: false
11-11 16:00:53.045  9181  9240 I ProviderInstaller: Installed default security provider GmsCore_OpenSSL
11-11 16:00:54.616   675   684 I zygote  : Background concurrent copying GC freed 45676(1731KB) AllocSpace objects, 8(416KB) LOS objects, 42% free, 23MB/41MB, paused 313us total 409.413ms
11-11 16:00:55.325   675   675 I DeviceIdleController: updateChargingLocked: charging=true
11-11 16:00:55.325   675   675 I DeviceIdleController: becomeActiveLocked, reason = charging
11-11 16:00:55.329  5449  5449 I PC_BatteryChangedReceiver: level: 55, remindValue: 15, status: 2
11-11 16:00:55.334  5449  5449 D PC_BatteryChangedReceiver: isGameMode: false
11-11 16:00:55.334  5449  5449 D PC_BatteryChangedReceiver: onReceive: false
11-11 16:00:55.335  5449  5449 D PC_BatteryChangedReceiver: isGameMode: false
11-11 16:00:55.336  5449  5449 D PC_NotificationUtils: cancelNotification: 
11-11 16:00:55.336  5449  5449 D PC_BatteryChangedReceiver: onReceive: battary on charge
11-11 16:00:55.414 27635 27648 I zygote  : Background concurrent copying GC freed 32679(1264KB) AllocSpace objects, 0(0B) LOS objects, 50% free, 7MB/14MB, paused 284us total 153.384ms
11-11 16:00:55.946  5790  6047 D phonemaster_log: HiManager_ViewUtil: ViewUtilisShowNotification false
11-11 16:00:55.947  5790  6047 D phonemaster_log: HiManager_MasterCoreService: MESSAGE_SERVICE_WHAT_UPDATE_NOTIFICATION isShowNotificationfalse
11-11 16:00:56.336   675  5274 I WifiService: getVerboseLoggingLevel uid=1000
11-11 16:00:56.336   675  5274 I WifiService: getWifiApEnabledState uid=1000
11-11 16:00:56.338  5449  5449 D PowerSaveUtils: isUltraPowerOn(context) isOn=false
11-11 16:00:56.339  5449  5449 D PowerSaveUtils: getConfigCurrent isUltraModeOn:false
11-11 16:00:56.339  5449  5449 D PowerSaveUtils: config details is : bright->76wifiEnable-> falsewifiApEnable->falsebtEnable->falsedataEnable->truegpsEnable->truethreeGEnable->trueautoSyncEnable->trueisScreenModeOn->falseisUltraModeOn->falseisBatterySaverOn->false
11-11 16:00:56.339  5449  5449 D PowerSaveUtils: getConfigCurrent current:34.6
11-11 16:00:56.340   675  5274 V SettingsProvider: name : battery_remaining_time appId : 1000
11-11 16:00:56.340  5449  5449 D PowerSaveUtils: hours:8,min:56
11-11 16:00:56.559   675   684 I zygote  : Background concurrent copying GC freed 14282(771KB) AllocSpace objects, 0(0B) LOS objects, 42% free, 23MB/40MB, paused 360us total 412.697ms
11-11 16:00:56.665  9181  9209 I zygote  : Waiting for a blocking GC ProfileSaver
11-11 16:00:56.683  9181  9209 I zygote  : WaitForGcToComplete blocked ProfileSaver on AddRemoveAppImageSpace for 17.124ms
11-11 16:00:57.536   675   684 I zygote  : Background concurrent copying GC freed 9345(420KB) AllocSpace objects, 0(0B) LOS objects, 42% free, 23MB/40MB, paused 307us total 406.817ms
11-11 16:01:00.493   307   307 I thermal_repeater: [recvMdThermalInfo] ret=9, strLen=127,  1, 32767
11-11 16:01:05.183   675   933 D AES     : AEEIOCTL_GET/SET_SF_STATE IOCTL,cmd= 1074294797, lParam=0. 
11-11 16:01:05.183   675   933 D AES     : AEEIOCTL_RT_MON_Kick IOCTL,cmd= 2147774474, lParam=300. 
11-11 16:01:05.315  5449  5449 I PC_BatteryChangedReceiver: level: 55, remindValue: 15, status: 2
11-11 16:01:05.315  5449  5449 D PC_BatteryChangedReceiver: isGameMode: false
11-11 16:01:05.315  5449  5449 D PC_BatteryChangedReceiver: onReceive: false
11-11 16:01:05.315  5449  5449 D PC_BatteryChangedReceiver: isGameMode: false
11-11 16:01:05.317   675   675 I DeviceIdleController: updateChargingLocked: charging=true
11-11 16:01:05.317   675   675 I DeviceIdleController: becomeActiveLocked, reason = charging
11-11 16:01:05.323  5449  5449 D PC_NotificationUtils: cancelNotification: 
11-11 16:01:05.324  5449  5449 D PC_BatteryChangedReceiver: onReceive: battary on charge
11-11 16:01:05.956  5790  6047 D phonemaster_log: HiManager_ViewUtil: ViewUtilisShowNotification false
11-11 16:01:05.957  5790  6047 D phonemaster_log: HiManager_MasterCoreService: MESSAGE_SERVICE_WHAT_UPDATE_NOTIFICATION isShowNotificationfalse
11-11 16:01:06.328   675  1241 I WifiService: getVerboseLoggingLevel uid=1000
11-11 16:01:06.329   675  1241 I WifiService: getWifiApEnabledState uid=1000
11-11 16:01:06.330  5449  5449 D PowerSaveUtils: isUltraPowerOn(context) isOn=false
11-11 16:01:06.331  5449  5449 D PowerSaveUtils: getConfigCurrent isUltraModeOn:false
11-11 16:01:06.331  5449  5449 D PowerSaveUtils: config details is : bright->76wifiEnable-> falsewifiApEnable->falsebtEnable->falsedataEnable->truegpsEnable->truethreeGEnable->trueautoSyncEnable->trueisScreenModeOn->falseisUltraModeOn->falseisBatterySaverOn->false
11-11 16:01:06.331  5449  5449 D PowerSaveUtils: getConfigCurrent current:34.6
11-11 16:01:06.332   675  1241 V SettingsProvider: name : battery_remaining_time appId : 1000
11-11 16:01:06.332  5449  5449 D PowerSaveUtils: hours:8,min:56
11-11 16:01:10.503   307   307 I thermal_repeater: [recvMdThermalInfo] ret=9, strLen=127,  1, 32767
11-11 16:01:11.720 25895  3424 W OkHttpClient: A connection to https://static-uc.olist.ng/ was leaked. Did you forget to close a response body?
11-11 16:01:12.663 25895 25975 I System.out: isEmailSend:POST
11-11 16:01:12.663 25895 25975 I System.out: port:443
11-11 16:01:13.142 25895 25975 I System.out: isEmailSend:POST
11-11 16:01:13.262 25895 25975 I System.out: port:443
11-11 16:01:13.280 27635 27648 I zygote  : Background concurrent copying GC freed 41066(1737KB) AllocSpace objects, 0(0B) LOS objects, 49% free, 6MB/13MB, paused 241us total 215.328ms
11-11 16:01:15.321  5449  5449 I PC_BatteryChangedReceiver: level: 55, remindValue: 15, status: 2
11-11 16:01:15.321  5449  5449 D PC_BatteryChangedReceiver: isGameMode: false
11-11 16:01:15.321  5449  5449 D PC_BatteryChangedReceiver: onReceive: false
11-11 16:01:15.321  5449  5449 D PC_BatteryChangedReceiver: isGameMode: false
11-11 16:01:15.323   675   675 I DeviceIdleController: updateChargingLocked: charging=true
11-11 16:01:15.323   675   675 I DeviceIdleController: becomeActiveLocked, reason = charging
11-11 16:01:15.329  5449  5449 D PC_NotificationUtils: cancelNotification: 
11-11 16:01:15.330  5449  5449 D PC_BatteryChangedReceiver: onReceive: battary on charge
11-11 16:01:15.961  5790  6047 D phonemaster_log: HiManager_ViewUtil: ViewUtilisShowNotification false
11-11 16:01:15.962  5790  6047 D phonemaster_log: HiManager_MasterCoreService: MESSAGE_SERVICE_WHAT_UPDATE_NOTIFICATION isShowNotificationfalse
11-11 16:01:16.334   675  1522 I WifiService: getVerboseLoggingLevel uid=1000
11-11 16:01:16.335   675  1522 I WifiService: getWifiApEnabledState uid=1000
11-11 16:01:16.336  5449  5449 D PowerSaveUtils: isUltraPowerOn(context) isOn=false
11-11 16:01:16.337  5449  5449 D PowerSaveUtils: getConfigCurrent isUltraModeOn:false
11-11 16:01:16.337  5449  5449 D PowerSaveUtils: config details is : bright->76wifiEnable-> falsewifiApEnable->falsebtEnable->falsedataEnable->truegpsEnable->truethreeGEnable->trueautoSyncEnable->trueisScreenModeOn->falseisUltraModeOn->falseisBatterySaverOn->false
11-11 16:01:16.337  5449  5449 D PowerSaveUtils: getConfigCurrent current:34.6
11-11 16:01:16.338   675  1522 V SettingsProvider: name : battery_remaining_time appId : 1000
11-11 16:01:16.339  5449  5449 D PowerSaveUtils: hours:8,min:56
11-11 16:01:20.511   307   307 I thermal_repeater: [recvMdThermalInfo] ret=9, strLen=127,  1, 32767
11-11 16:01:25.312   675   675 I DeviceIdleController: updateChargingLocked: charging=true
11-11 16:01:25.312   675   675 I DeviceIdleController: becomeActiveLocked, reason = charging
11-11 16:01:25.318  5449  5449 I PC_BatteryChangedReceiver: level: 55, remindValue: 15, status: 2
11-11 16:01:25.318  5449  5449 D PC_BatteryChangedReceiver: isGameMode: false
11-11 16:01:25.318  5449  5449 D PC_BatteryChangedReceiver: onReceive: false
11-11 16:01:25.318  5449  5449 D PC_BatteryChangedReceiver: isGameMode: false
11-11 16:01:25.319  5449  5449 D PC_NotificationUtils: cancelNotification: 
11-11 16:01:25.320  5449  5449 D PC_BatteryChangedReceiver: onReceive: battary on charge
11-11 16:01:25.966  5790  6047 D phonemaster_log: HiManager_ViewUtil: ViewUtilisShowNotification false
11-11 16:01:25.967  5790  6047 D phonemaster_log: HiManager_MasterCoreService: MESSAGE_SERVICE_WHAT_UPDATE_NOTIFICATION isShowNotificationfalse
11-11 16:01:26.324   675  7774 I WifiService: getVerboseLoggingLevel uid=1000
11-11 16:01:26.325   675  7774 I WifiService: getWifiApEnabledState uid=1000
11-11 16:01:26.326  5449  5449 D PowerSaveUtils: isUltraPowerOn(context) isOn=false
11-11 16:01:26.326  5449  5449 D PowerSaveUtils: getConfigCurrent isUltraModeOn:false
11-11 16:01:26.327  5449  5449 D PowerSaveUtils: config details is : bright->76wifiEnable-> falsewifiApEnable->falsebtEnable->falsedataEnable->truegpsEnable->truethreeGEnable->trueautoSyncEnable->trueisScreenModeOn->falseisUltraModeOn->falseisBatterySaverOn->false
11-11 16:01:26.327  5449  5449 D PowerSaveUtils: getConfigCurrent current:34.6
11-11 16:01:26.328   675  7774 V SettingsProvider: name : battery_remaining_time appId : 1000
11-11 16:01:26.328  5449  5449 D PowerSaveUtils: hours:8,min:56
11-11 16:01:29.861   675   769 D MtkDataShapingUtils: openLteGateByDataShaping datashaping instance is null
11-11 16:01:30.519   307   307 I thermal_repeater: [recvMdThermalInfo] ret=9, strLen=127,  1, 32767
11-11 16:01:35.184   675   933 D AES     : AEEIOCTL_GET/SET_SF_STATE IOCTL,cmd= 1074294797, lParam=0. 
11-11 16:01:35.184   675   933 D AES     : AEEIOCTL_RT_MON_Kick IOCTL,cmd= 2147774474, lParam=300. 
11-11 16:01:35.318  5449  5449 I PC_BatteryChangedReceiver: level: 55, remindValue: 15, status: 2
11-11 16:01:35.318  5449  5449 D PC_BatteryChangedReceiver: isGameMode: false
11-11 16:01:35.318  5449  5449 D PC_BatteryChangedReceiver: onReceive: false
11-11 16:01:35.318  5449  5449 D PC_BatteryChangedReceiver: isGameMode: false
11-11 16:01:35.320   675   675 I DeviceIdleController: updateChargingLocked: charging=true
11-11 16:01:35.320   675   675 I DeviceIdleController: becomeActiveLocked, reason = charging
11-11 16:01:35.326  5449  5449 D PC_NotificationUtils: cancelNotification: 
11-11 16:01:35.326  5449  5449 D PC_BatteryChangedReceiver: onReceive: battary on charge
11-11 16:01:35.970  5790  6047 D phonemaster_log: HiManager_ViewUtil: ViewUtilisShowNotification false
11-11 16:01:35.971  5790  6047 D phonemaster_log: HiManager_MasterCoreService: MESSAGE_SERVICE_WHAT_UPDATE_NOTIFICATION isShowNotificationfalse
11-11 16:01:36.330   675  5274 I WifiService: getVerboseLoggingLevel uid=1000
11-11 16:01:36.330   675  5274 I WifiService: getWifiApEnabledState uid=1000
11-11 16:01:36.332  5449  5449 D PowerSaveUtils: isUltraPowerOn(context) isOn=false
11-11 16:01:36.332  5449  5449 D PowerSaveUtils: getConfigCurrent isUltraModeOn:false
11-11 16:01:36.333  5449  5449 D PowerSaveUtils: config details is : bright->76wifiEnable-> falsewifiApEnable->falsebtEnable->falsedataEnable->truegpsEnable->truethreeGEnable->trueautoSyncEnable->trueisScreenModeOn->falseisUltraModeOn->falseisBatterySaverOn->false
11-11 16:01:36.333  5449  5449 D PowerSaveUtils: getConfigCurrent current:34.6
11-11 16:01:36.334   675  5274 V SettingsProvider: name : battery_remaining_time appId : 1000
11-11 16:01:36.334  5449  5449 D PowerSaveUtils: hours:8,min:56
11-11 16:01:40.533   307   307 I thermal_repeater: [recvMdThermalInfo] ret=9, strLen=127,  1, 32767
11-11 16:01:45.325  5449  5449 I PC_BatteryChangedReceiver: level: 55, remindValue: 15, status: 2
11-11 16:01:45.325  5449  5449 D PC_BatteryChangedReceiver: isGameMode: false
11-11 16:01:45.325  5449  5449 D PC_BatteryChangedReceiver: onReceive: false
11-11 16:01:45.325  5449  5449 D PC_BatteryChangedReceiver: isGameMode: false
11-11 16:01:45.329   675   675 I DeviceIdleController: updateChargingLocked: charging=true
11-11 16:01:45.329   675   675 I DeviceIdleController: becomeActiveLocked, reason = charging
11-11 16:01:45.335  5449  5449 D PC_NotificationUtils: cancelNotification: 
11-11 16:01:45.335  5449  5449 D PC_BatteryChangedReceiver: onReceive: battary on charge
11-11 16:01:45.984  5790  6047 D phonemaster_log: HiManager_ViewUtil: ViewUtilisShowNotification false
11-11 16:01:45.984  5790  6047 D phonemaster_log: HiManager_MasterCoreService: MESSAGE_SERVICE_WHAT_UPDATE_NOTIFICATION isShowNotificationfalse
11-11 16:01:46.343   675  1522 I WifiService: getVerboseLoggingLevel uid=1000
11-11 16:01:46.344   675  1522 I WifiService: getWifiApEnabledState uid=1000
11-11 16:01:46.346  5449  5449 D PowerSaveUtils: isUltraPowerOn(context) isOn=false
11-11 16:01:46.346  5449  5449 D PowerSaveUtils: getConfigCurrent isUltraModeOn:false
11-11 16:01:46.346  5449  5449 D PowerSaveUtils: config details is : bright->76wifiEnable-> falsewifiApEnable->falsebtEnable->falsedataEnable->truegpsEnable->truethreeGEnable->trueautoSyncEnable->trueisScreenModeOn->falseisUltraModeOn->falseisBatterySaverOn->false
11-11 16:01:46.347  5449  5449 D PowerSaveUtils: getConfigCurrent current:34.6
11-11 16:01:46.347   675  1522 V SettingsProvider: name : battery_remaining_time appId : 1000
11-11 16:01:46.349  5449  5449 D PowerSaveUtils: hours:8,min:56
11-11 16:01:50.546   307   307 I thermal_repeater: [recvMdThermalInfo] ret=9, strLen=127,  1, 32767
11-11 16:01:55.313   675   675 I DeviceIdleController: updateChargingLocked: charging=true
11-11 16:01:55.314   675   675 I DeviceIdleController: becomeActiveLocked, reason = charging
11-11 16:01:55.371  5449  5449 I PC_BatteryChangedReceiver: level: 55, remindValue: 15, status: 2
11-11 16:01:55.373  5449  5449 D PC_BatteryChangedReceiver: isGameMode: false
11-11 16:01:55.373  5449  5449 D PC_BatteryChangedReceiver: onReceive: false
11-11 16:01:55.373  5449  5449 D PC_BatteryChangedReceiver: isGameMode: false
11-11 16:01:55.374  5449  5449 D PC_NotificationUtils: cancelNotification: 
11-11 16:01:55.374  5449  5449 D PC_BatteryChangedReceiver: onReceive: battary on charge
11-11 16:01:55.997  5790  6047 D phonemaster_log: HiManager_ViewUtil: ViewUtilisShowNotification false
11-11 16:01:55.997  5790  6047 D phonemaster_log: HiManager_MasterCoreService: MESSAGE_SERVICE_WHAT_UPDATE_NOTIFICATION isShowNotificationfalse
11-11 16:01:56.380   675  1522 I WifiService: getVerboseLoggingLevel uid=1000
11-11 16:01:56.381   675  1522 I WifiService: getWifiApEnabledState uid=1000
11-11 16:01:56.383  5449  5449 D PowerSaveUtils: isUltraPowerOn(context) isOn=false
11-11 16:01:56.383  5449  5449 D PowerSaveUtils: getConfigCurrent isUltraModeOn:false
11-11 16:01:56.383  5449  5449 D PowerSaveUtils: config details is : bright->76wifiEnable-> falsewifiApEnable->falsebtEnable->falsedataEnable->truegpsEnable->truethreeGEnable->trueautoSyncEnable->trueisScreenModeOn->falseisUltraModeOn->falseisBatterySaverOn->false
11-11 16:01:56.383  5449  5449 D PowerSaveUtils: getConfigCurrent current:34.6
11-11 16:01:56.384   675  1522 V SettingsProvider: name : battery_remaining_time appId : 1000
11-11 16:01:56.385  5449  5449 D PowerSaveUtils: hours:8,min:56
11-11 16:02:00.560   307   307 I thermal_repeater: [recvMdThermalInfo] ret=9, strLen=127,  1, 32767
11-11 16:02:05.185   675   933 D AES     : AEEIOCTL_GET/SET_SF_STATE IOCTL,cmd= 1074294797, lParam=0. 
11-11 16:02:05.185   675   933 D AES     : AEEIOCTL_RT_MON_Kick IOCTL,cmd= 2147774474, lParam=300. 
11-11 16:02:05.321  5449  5449 I PC_BatteryChangedReceiver: level: 55, remindValue: 15, status: 2
11-11 16:02:05.321  5449  5449 D PC_BatteryChangedReceiver: isGameMode: false
11-11 16:02:05.322  5449  5449 D PC_BatteryChangedReceiver: onReceive: false
11-11 16:02:05.322  5449  5449 D PC_BatteryChangedReceiver: isGameMode: false
11-11 16:02:05.324   675   675 I DeviceIdleController: updateChargingLocked: charging=true
11-11 16:02:05.324   675   675 I DeviceIdleController: becomeActiveLocked, reason = charging
11-11 16:02:05.329  5449  5449 D PC_NotificationUtils: cancelNotification: 
11-11 16:02:05.330  5449  5449 D PC_BatteryChangedReceiver: onReceive: battary on charge
11-11 16:02:06.002  5790  6047 D phonemaster_log: HiManager_ViewUtil: ViewUtilisShowNotification false
11-11 16:02:06.003  5790  6047 D phonemaster_log: HiManager_MasterCoreService: MESSAGE_SERVICE_WHAT_UPDATE_NOTIFICATION isShowNotificationfalse
11-11 16:02:06.338   675  1241 I WifiService: getVerboseLoggingLevel uid=1000
11-11 16:02:06.338   675  1241 I WifiService: getWifiApEnabledState uid=1000
11-11 16:02:06.340  5449  5449 D PowerSaveUtils: isUltraPowerOn(context) isOn=false
11-11 16:02:06.340  5449  5449 D PowerSaveUtils: getConfigCurrent isUltraModeOn:false
11-11 16:02:06.341  5449  5449 D PowerSaveUtils: config details is : bright->76wifiEnable-> falsewifiApEnable->falsebtEnable->falsedataEnable->truegpsEnable->truethreeGEnable->trueautoSyncEnable->trueisScreenModeOn->falseisUltraModeOn->falseisBatterySaverOn->false
11-11 16:02:06.341  5449  5449 D PowerSaveUtils: getConfigCurrent current:34.6
11-11 16:02:06.342   675  1241 V SettingsProvider: name : battery_remaining_time appId : 1000
11-11 16:02:06.342  5449  5449 D PowerSaveUtils: hours:8,min:56
11-11 16:02:10.571   307   307 I thermal_repeater: [recvMdThermalInfo] ret=9, strLen=127,  1, 32767
11-11 16:02:15.325  5449  5449 I PC_BatteryChangedReceiver: level: 55, remindValue: 15, status: 2
11-11 16:02:15.325  5449  5449 D PC_BatteryChangedReceiver: isGameMode: false
11-11 16:02:15.325  5449  5449 D PC_BatteryChangedReceiver: onReceive: false
11-11 16:02:15.325  5449  5449 D PC_BatteryChangedReceiver: isGameMode: false
11-11 16:02:15.332   675   675 I DeviceIdleController: updateChargingLocked: charging=true
11-11 16:02:15.333   675   675 I DeviceIdleController: becomeActiveLocked, reason = charging
11-11 16:02:15.338  5449  5449 D PC_NotificationUtils: cancelNotification: 
11-11 16:02:15.339  5449  5449 D PC_BatteryChangedReceiver: onReceive: battary on charge
11-11 16:02:16.014  5790  6047 D phonemaster_log: HiManager_ViewUtil: ViewUtilisShowNotification false
11-11 16:02:16.014  5790  6047 D phonemaster_log: HiManager_MasterCoreService: MESSAGE_SERVICE_WHAT_UPDATE_NOTIFICATION isShowNotificationfalse
11-11 16:02:16.344   675  7774 I WifiService: getVerboseLoggingLevel uid=1000
11-11 16:02:16.345   675  7774 I WifiService: getWifiApEnabledState uid=1000
11-11 16:02:16.347  5449  5449 D PowerSaveUtils: isUltraPowerOn(context) isOn=false
11-11 16:02:16.347  5449  5449 D PowerSaveUtils: getConfigCurrent isUltraModeOn:false
11-11 16:02:16.347  5449  5449 D PowerSaveUtils: config details is : bright->76wifiEnable-> falsewifiApEnable->falsebtEnable->falsedataEnable->truegpsEnable->truethreeGEnable->trueautoSyncEnable->trueisScreenModeOn->falseisUltraModeOn->falseisBatterySaverOn->false
11-11 16:02:16.348  5449  5449 D PowerSaveUtils: getConfigCurrent current:34.6
11-11 16:02:16.349   675  7774 V SettingsProvider: name : battery_remaining_time appId : 1000
11-11 16:02:16.349  5449  5449 D PowerSaveUtils: hours:8,min:56
11-11 16:02:20.580   307   307 I thermal_repeater: [recvMdThermalInfo] ret=9, strLen=127,  1, 32767
11-11 16:02:23.588   675   769 D MtkDataShapingUtils: openLteGateByDataShaping datashaping instance is null
11-11 16:02:24.640   675   769 D MtkDataShapingUtils: openLteGateByDataShaping datashaping instance is null
11-11 16:02:25.318  5449  5449 I PC_BatteryChangedReceiver: level: 55, remindValue: 15, status: 2
11-11 16:02:25.318  5449  5449 D PC_BatteryChangedReceiver: isGameMode: false
11-11 16:02:25.318  5449  5449 D PC_BatteryChangedReceiver: onReceive: false
11-11 16:02:25.318  5449  5449 D PC_BatteryChangedReceiver: isGameMode: false
11-11 16:02:25.320   675   675 I DeviceIdleController: updateChargingLocked: charging=true
11-11 16:02:25.320   675   675 I DeviceIdleController: becomeActiveLocked, reason = charging
11-11 16:02:25.326  5449  5449 D PC_NotificationUtils: cancelNotification: 
11-11 16:02:25.326  5449  5449 D PC_BatteryChangedReceiver: onReceive: battary on charge
11-11 16:02:26.018  5790  6047 D phonemaster_log: HiManager_ViewUtil: ViewUtilisShowNotification false
11-11 16:02:26.018  5790  6047 D phonemaster_log: HiManager_MasterCoreService: MESSAGE_SERVICE_WHAT_UPDATE_NOTIFICATION isShowNotificationfalse
11-11 16:02:26.329   675  5274 I WifiService: getVerboseLoggingLevel uid=1000
11-11 16:02:26.330   675  5274 I WifiService: getWifiApEnabledState uid=1000
11-11 16:02:26.332  5449  5449 D PowerSaveUtils: isUltraPowerOn(context) isOn=false
11-11 16:02:26.332  5449  5449 D PowerSaveUtils: getConfigCurrent isUltraModeOn:false
11-11 16:02:26.332  5449  5449 D PowerSaveUtils: config details is : bright->76wifiEnable-> falsewifiApEnable->falsebtEnable->falsedataEnable->truegpsEnable->truethreeGEnable->trueautoSyncEnable->trueisScreenModeOn->falseisUltraModeOn->falseisBatterySaverOn->false
11-11 16:02:26.332  5449  5449 D PowerSaveUtils: getConfigCurrent current:34.6
11-11 16:02:26.333   675  5274 V SettingsProvider: name : battery_remaining_time appId : 1000
11-11 16:02:26.334  5449  5449 D PowerSaveUtils: hours:8,min:56
11-11 16:02:29.927   675   769 D MtkDataShapingUtils: openLteGateByDataShaping datashaping instance is null
11-11 16:02:29.965   675   778 I NetworkStatsRecorder: recordSnapshotLocked: ident[[{type=MOBILE, subType=COMBINED, subscriberId=460000..., metered=true}]]
11-11 16:02:29.971   675   778 I chatty  : uid=1000(system) NetworkStats identical 13 lines
11-11 16:02:29.971   675   778 I NetworkStatsRecorder: recordSnapshotLocked: ident[[{type=MOBILE, subType=COMBINED, subscriberId=460000..., metered=true}]]
11-11 16:02:29.975   675   778 D NetworkStatsRecorder: forcePersistLocked() writing for uid
11-11 16:02:30.040   675   779 D RecurrenceRule: Resolving using anchor 2019-11-11T16:02:30.039+08:00[Asia/Shanghai]
11-11 16:02:30.059   675   779 D RecurrenceRule: Resolving using anchor 2019-11-11T16:02:30.059+08:00[Asia/Shanghai]
11-11 16:02:30.066   675   778 I ActivityManager: Start proc 9301:com.whatsapp/u0a98 for broadcast com.whatsapp/.AlarmBroadcastReceiver
11-11 16:02:30.066   675   778 D BroadcastQueue: AMS: *** Launch app com.whatsapp/10098 for broadcast Intent { act=com.whatsapp.action.UPDATE_NTP flg=0x14 cmp=com.whatsapp/.AlarmBroadcastReceiver (has extras) } from com.whatsapp/10098
11-11 16:02:30.081   675   779 D RecurrenceRule: Cycle 22 from 2019-11-11T00:00+08:00[Asia/Shanghai] to 2019-12-11T00:00+08:00[Asia/Shanghai]
11-11 16:02:30.514  9301  9301 I MultiDex: VM with version 2.1.0 has multidex support
11-11 16:02:30.514  9301  9301 I MultiDex: Installing application
11-11 16:02:30.514  9301  9301 I MultiDex: VM has multidex support, MultiDex support library is disabled.
11-11 16:02:30.595   307   307 I thermal_repeater: [recvMdThermalInfo] ret=9, strLen=127,  1, 32767
11-11 16:02:30.596  9301  9301 D SigquitBasedANRDetector: Registered
11-11 16:02:30.755  9301  9301 D ActivityThread: Loading provider com.whatsapp.provider.contact: com.whatsapp.contact.ContactProvider
11-11 16:02:30.816  9301  9301 I LoadedApk: No resource references to update in package com.transsion.theme.icon
11-11 16:02:30.850  9301  9301 D FirebaseApp: com.google.firebase.auth.FirebaseAuth is not linked. Skipping initialization.
11-11 16:02:30.851  9301  9301 D FirebaseApp: com.google.firebase.crash.FirebaseCrash is not linked. Skipping initialization.
11-11 16:02:30.852  9301  9301 D FirebaseApp: com.google.android.gms.measurement.AppMeasurement is not linked. Skipping initialization.
11-11 16:02:30.852  9301  9301 I FirebaseInitProvider: FirebaseApp initialization successful
11-11 16:02:30.933  9301  9301 D Event   : No subscribers registered for event class X.1Fi
11-11 16:02:30.933  9301  9301 D Event   : No subscribers registered for event class X.2qS
11-11 16:02:31.063  9301  9301 D Event   : No subscribers registered for event class X.1Fi
11-11 16:02:31.064  9301  9301 D Event   : No subscribers registered for event class X.2qS
11-11 16:02:31.070   675  5274 V SettingsProvider: packageValueForCallResult, name = time_12_24, value : Bundle[{_track_generation=android.util.MemoryIntArray@5e, value=12, _generation_index=2, _generation=342}]
11-11 16:02:31.573  9301  9370 D NetworkSecurityConfig: Using Network Security Config from resource network_security_config debugBuild: false
11-11 16:02:31.583  9301  9370 I System.out: isEmailSend:GET
11-11 16:02:31.600  9301  9370 I System.out: port:80
11-11 16:02:35.186   675   933 D AES     : AEEIOCTL_GET/SET_SF_STATE IOCTL,cmd= 1074294797, lParam=0. 
11-11 16:02:35.186   675   933 D AES     : AEEIOCTL_RT_MON_Kick IOCTL,cmd= 2147774474, lParam=300. 
11-11 16:02:35.326  5449  5449 I PC_BatteryChangedReceiver: level: 55, remindValue: 15, status: 2
11-11 16:02:35.327  5449  5449 D PC_BatteryChangedReceiver: isGameMode: false
11-11 16:02:35.327  5449  5449 D PC_BatteryChangedReceiver: onReceive: false
11-11 16:02:35.327  5449  5449 D PC_BatteryChangedReceiver: isGameMode: false
11-11 16:02:35.329   675   675 I DeviceIdleController: updateChargingLocked: charging=true
11-11 16:02:35.329   675   675 I DeviceIdleController: becomeActiveLocked, reason = charging
11-11 16:02:35.330  5449  5449 D PC_NotificationUtils: cancelNotification: 
11-11 16:02:35.330  5449  5449 D PC_BatteryChangedReceiver: onReceive: battary on charge
11-11 16:02:36.024  5790  6047 D phonemaster_log: HiManager_ViewUtil: ViewUtilisShowNotification false
11-11 16:02:36.025  5790  6047 D phonemaster_log: HiManager_MasterCoreService: MESSAGE_SERVICE_WHAT_UPDATE_NOTIFICATION isShowNotificationfalse
11-11 16:02:36.332   675  1522 I WifiService: getVerboseLoggingLevel uid=1000
11-11 16:02:36.333   675  1522 I WifiService: getWifiApEnabledState uid=1000
11-11 16:02:36.334  5449  5449 D PowerSaveUtils: isUltraPowerOn(context) isOn=false
11-11 16:02:36.335  5449  5449 D PowerSaveUtils: getConfigCurrent isUltraModeOn:false
11-11 16:02:36.335  5449  5449 D PowerSaveUtils: config details is : bright->76wifiEnable-> falsewifiApEnable->falsebtEnable->falsedataEnable->truegpsEnable->truethreeGEnable->trueautoSyncEnable->trueisScreenModeOn->falseisUltraModeOn->falseisBatterySaverOn->false
11-11 16:02:36.335  5449  5449 D PowerSaveUtils: getConfigCurrent current:34.6
11-11 16:02:36.336   675  1522 V SettingsProvider: name : battery_remaining_time appId : 1000
11-11 16:02:36.336  5449  5449 D PowerSaveUtils: hours:8,min:56
11-11 16:02:40.610   307   307 I thermal_repeater: [recvMdThermalInfo] ret=9, strLen=127,  1, 32767
11-11 16:02:45.307  5449  5449 I PC_BatteryChangedReceiver: level: 55, remindValue: 15, status: 2
11-11 16:02:45.308  5449  5449 D PC_BatteryChangedReceiver: isGameMode: false
11-11 16:02:45.308  5449  5449 D PC_BatteryChangedReceiver: onReceive: false
11-11 16:02:45.308  5449  5449 D PC_BatteryChangedReceiver: isGameMode: false
11-11 16:02:45.310   675   675 I DeviceIdleController: updateChargingLocked: charging=true
11-11 16:02:45.310   675   675 I DeviceIdleController: becomeActiveLocked, reason = charging
11-11 16:02:45.316  5449  5449 D PC_NotificationUtils: cancelNotification: 
11-11 16:02:45.316  5449  5449 D PC_BatteryChangedReceiver: onReceive: battary on charge
11-11 16:02:46.032  5790  6047 D phonemaster_log: HiManager_ViewUtil: ViewUtilisShowNotification false
11-11 16:02:46.032  5790  6047 D phonemaster_log: HiManager_MasterCoreService: MESSAGE_SERVICE_WHAT_UPDATE_NOTIFICATION isShowNotificationfalse
11-11 16:02:46.330   675  5274 I WifiService: getVerboseLoggingLevel uid=1000
11-11 16:02:46.331   675  5274 I WifiService: getWifiApEnabledState uid=1000
11-11 16:02:46.332  5449  5449 D PowerSaveUtils: isUltraPowerOn(context) isOn=false
11-11 16:02:46.333  5449  5449 D PowerSaveUtils: getConfigCurrent isUltraModeOn:false
11-11 16:02:46.333  5449  5449 D PowerSaveUtils: config details is : bright->76wifiEnable-> falsewifiApEnable->falsebtEnable->falsedataEnable->truegpsEnable->truethreeGEnable->trueautoSyncEnable->trueisScreenModeOn->falseisUltraModeOn->falseisBatterySaverOn->false
11-11 16:02:46.333  5449  5449 D PowerSaveUtils: getConfigCurrent current:34.6
11-11 16:02:46.334   675  5274 V SettingsProvider: name : battery_remaining_time appId : 1000
11-11 16:02:46.334  5449  5449 D PowerSaveUtils: hours:8,min:56
11-11 16:02:50.624   307   307 I thermal_repeater: [recvMdThermalInfo] ret=9, strLen=127,  1, 32767
11-11 16:02:55.301  5449  5449 I PC_BatteryChangedReceiver: level: 55, remindValue: 15, status: 2
11-11 16:02:55.302  5449  5449 D PC_BatteryChangedReceiver: isGameMode: false
11-11 16:02:55.302  5449  5449 D PC_BatteryChangedReceiver: onReceive: false
11-11 16:02:55.302  5449  5449 D PC_BatteryChangedReceiver: isGameMode: false
11-11 16:02:55.309   675   675 I DeviceIdleController: updateChargingLocked: charging=true
11-11 16:02:55.309   675   675 I DeviceIdleController: becomeActiveLocked, reason = charging
11-11 16:02:55.315  5449  5449 D PC_NotificationUtils: cancelNotification: 
11-11 16:02:55.316  5449  5449 D PC_BatteryChangedReceiver: onReceive: battary on charge
11-11 16:02:56.038  5790  6047 D phonemaster_log: HiManager_ViewUtil: ViewUtilisShowNotification false
11-11 16:02:56.038  5790  6047 D phonemaster_log: HiManager_MasterCoreService: MESSAGE_SERVICE_WHAT_UPDATE_NOTIFICATION isShowNotificationfalse
11-11 16:02:56.324   675  1241 I WifiService: getVerboseLoggingLevel uid=1000
11-11 16:02:56.325   675  1241 I WifiService: getWifiApEnabledState uid=1000
11-11 16:02:56.326  5449  5449 D PowerSaveUtils: isUltraPowerOn(context) isOn=false
11-11 16:02:56.327  5449  5449 D PowerSaveUtils: getConfigCurrent isUltraModeOn:false
11-11 16:02:56.327  5449  5449 D PowerSaveUtils: config details is : bright->76wifiEnable-> falsewifiApEnable->falsebtEnable->falsedataEnable->truegpsEnable->truethreeGEnable->trueautoSyncEnable->trueisScreenModeOn->falseisUltraModeOn->falseisBatterySaverOn->false
11-11 16:02:56.327  5449  5449 D PowerSaveUtils: getConfigCurrent current:34.6
11-11 16:02:56.328   675  1241 V SettingsProvider: name : battery_remaining_time appId : 1000
11-11 16:02:56.328  5449  5449 D PowerSaveUtils: hours:8,min:56
11-11 16:03:00.634   307   307 I thermal_repeater: [recvMdThermalInfo] ret=9, strLen=127,  1, 32767
11-11 16:03:02.213  9301  9370 I System.out: isEmailSend:GET
11-11 16:03:02.823  9301  9370 I System.out: port:443
11-11 16:03:05.187   675   933 D AES     : AEEIOCTL_GET/SET_SF_STATE IOCTL,cmd= 1074294797, lParam=0. 
11-11 16:03:05.188   675   933 D AES     : AEEIOCTL_RT_MON_Kick IOCTL,cmd= 2147774474, lParam=300. 
11-11 16:03:05.301  5449  5449 I PC_BatteryChangedReceiver: level: 55, remindValue: 15, status: 2
11-11 16:03:05.301  5449  5449 D PC_BatteryChangedReceiver: isGameMode: false
11-11 16:03:05.301  5449  5449 D PC_BatteryChangedReceiver: onReceive: false
11-11 16:03:05.301  5449  5449 D PC_BatteryChangedReceiver: isGameMode: false
11-11 16:03:05.306   675   675 I DeviceIdleController: updateChargingLocked: charging=true
11-11 16:03:05.306   675   675 I DeviceIdleController: becomeActiveLocked, reason = charging
11-11 16:03:05.312  5449  5449 D PC_NotificationUtils: cancelNotification: 
11-11 16:03:05.312  5449  5449 D PC_BatteryChangedReceiver: onReceive: battary on charge
11-11 16:03:06.041  5790  6047 D phonemaster_log: HiManager_ViewUtil: ViewUtilisShowNotification false
11-11 16:03:06.041  5790  6047 D phonemaster_log: HiManager_MasterCoreService: MESSAGE_SERVICE_WHAT_UPDATE_NOTIFICATION isShowNotificationfalse
11-11 16:03:06.316   675  7774 I WifiService: getVerboseLoggingLevel uid=1000
11-11 16:03:06.317   675  7774 I WifiService: getWifiApEnabledState uid=1000
11-11 16:03:06.318  5449  5449 D PowerSaveUtils: isUltraPowerOn(context) isOn=false
11-11 16:03:06.319  5449  5449 D PowerSaveUtils: getConfigCurrent isUltraModeOn:false
11-11 16:03:06.319  5449  5449 D PowerSaveUtils: config details is : bright->76wifiEnable-> falsewifiApEnable->falsebtEnable->falsedataEnable->truegpsEnable->truethreeGEnable->trueautoSyncEnable->trueisScreenModeOn->falseisUltraModeOn->falseisBatterySaverOn->false
11-11 16:03:06.319  5449  5449 D PowerSaveUtils: getConfigCurrent current:34.6
11-11 16:03:06.320   675  7774 V SettingsProvider: name : battery_remaining_time appId : 1000
11-11 16:03:06.321  5449  5449 D PowerSaveUtils: hours:8,min:56
11-11 16:03:10.643   307   307 I thermal_repeater: [recvMdThermalInfo] ret=9, strLen=127,  1, 32767
11-11 16:03:15.331   675   675 I DeviceIdleController: updateChargingLocked: charging=true
11-11 16:03:15.331   675   675 I DeviceIdleController: becomeActiveLocked, reason = charging
11-11 16:03:15.345  5449  5449 I PC_BatteryChangedReceiver: level: 55, remindValue: 15, status: 2
11-11 16:03:15.345  5449  5449 D PC_BatteryChangedReceiver: isGameMode: false
11-11 16:03:15.345  5449  5449 D PC_BatteryChangedReceiver: onReceive: false
11-11 16:03:15.346  5449  5449 D PC_BatteryChangedReceiver: isGameMode: false
11-11 16:03:15.347  5449  5449 D PC_NotificationUtils: cancelNotification: 
11-11 16:03:15.347  5449  5449 D PC_BatteryChangedReceiver: onReceive: battary on charge
11-11 16:03:16.048  5790  6047 D phonemaster_log: HiManager_ViewUtil: ViewUtilisShowNotification false
11-11 16:03:16.049  5790  6047 D phonemaster_log: HiManager_MasterCoreService: MESSAGE_SERVICE_WHAT_UPDATE_NOTIFICATION isShowNotificationfalse
11-11 16:03:16.352   675  1522 I WifiService: getVerboseLoggingLevel uid=1000
11-11 16:03:16.352   675  1522 I WifiService: getWifiApEnabledState uid=1000
11-11 16:03:16.354  5449  5449 D PowerSaveUtils: isUltraPowerOn(context) isOn=false
11-11 16:03:16.354  5449  5449 D PowerSaveUtils: getConfigCurrent isUltraModeOn:false
11-11 16:03:16.354  5449  5449 D PowerSaveUtils: config details is : bright->76wifiEnable-> falsewifiApEnable->falsebtEnable->falsedataEnable->truegpsEnable->truethreeGEnable->trueautoSyncEnable->trueisScreenModeOn->falseisUltraModeOn->falseisBatterySaverOn->false
11-11 16:03:16.355  5449  5449 D PowerSaveUtils: getConfigCurrent current:34.6
11-11 16:03:16.355   675  1522 V SettingsProvider: name : battery_remaining_time appId : 1000
11-11 16:03:16.356  5449  5449 D PowerSaveUtils: hours:8,min:56
11-11 16:03:16.547 25895 25975 I System.out: isEmailSend:POST
11-11 16:03:16.548 25895 25975 I System.out: port:80
11-11 16:03:20.651   307   307 I thermal_repeater: [recvMdThermalInfo] ret=9, strLen=127,  1, 32767
11-11 16:03:25.319   675   675 I DeviceIdleController: updateChargingLocked: charging=true
11-11 16:03:25.319   675   675 I DeviceIdleController: becomeActiveLocked, reason = charging
11-11 16:03:25.389  5449  5449 I PC_BatteryChangedReceiver: level: 55, remindValue: 15, status: 2
11-11 16:03:25.402  5449  5449 D PC_BatteryChangedReceiver: isGameMode: false
11-11 16:03:25.403  5449  5449 D PC_BatteryChangedReceiver: onReceive: false
11-11 16:03:25.403  5449  5449 D PC_BatteryChangedReceiver: isGameMode: false
11-11 16:03:25.404  5449  5449 D PC_NotificationUtils: cancelNotification: 
11-11 16:03:25.404  5449  5449 D PC_BatteryChangedReceiver: onReceive: battary on charge
11-11 16:03:26.052  5790  6047 D phonemaster_log: HiManager_ViewUtil: ViewUtilisShowNotification false
11-11 16:03:26.052  5790  6047 D phonemaster_log: HiManager_MasterCoreService: MESSAGE_SERVICE_WHAT_UPDATE_NOTIFICATION isShowNotificationfalse
11-11 16:03:26.405   675  5274 I WifiService: getVerboseLoggingLevel uid=1000
11-11 16:03:26.405   675  5274 I WifiService: getWifiApEnabledState uid=1000
11-11 16:03:26.407  5449  5449 D PowerSaveUtils: isUltraPowerOn(context) isOn=false
11-11 16:03:26.407  5449  5449 D PowerSaveUtils: getConfigCurrent isUltraModeOn:false
11-11 16:03:26.407  5449  5449 D PowerSaveUtils: config details is : bright->76wifiEnable-> falsewifiApEnable->falsebtEnable->falsedataEnable->truegpsEnable->truethreeGEnable->trueautoSyncEnable->trueisScreenModeOn->falseisUltraModeOn->falseisBatterySaverOn->false
11-11 16:03:26.408  5449  5449 D PowerSaveUtils: getConfigCurrent current:34.6
11-11 16:03:26.408   675  5274 V SettingsProvider: name : battery_remaining_time appId : 1000
11-11 16:03:26.409  5449  5449 D PowerSaveUtils: hours:8,min:56
11-11 16:03:30.661   307   307 I thermal_repeater: [recvMdThermalInfo] ret=9, strLen=127,  1, 32767
11-11 16:03:35.189   675   933 D AES     : AEEIOCTL_GET/SET_SF_STATE IOCTL,cmd= 1074294797, lParam=0. 
11-11 16:03:35.189   675   933 D AES     : AEEIOCTL_RT_MON_Kick IOCTL,cmd= 2147774474, lParam=300. 
11-11 16:03:35.329   675   675 I DeviceIdleController: updateChargingLocked: charging=true
11-11 16:03:35.329   675   675 I DeviceIdleController: becomeActiveLocked, reason = charging
11-11 16:03:35.335  5449  5449 I PC_BatteryChangedReceiver: level: 55, remindValue: 15, status: 2
11-11 16:03:35.335  5449  5449 D PC_BatteryChangedReceiver: isGameMode: false
11-11 16:03:35.335  5449  5449 D PC_BatteryChangedReceiver: onReceive: false
11-11 16:03:35.335  5449  5449 D PC_BatteryChangedReceiver: isGameMode: false
11-11 16:03:35.336  5449  5449 D PC_NotificationUtils: cancelNotification: 
11-11 16:03:35.336  5449  5449 D PC_BatteryChangedReceiver: onReceive: battary on charge
11-11 16:03:36.054  5790  6047 D phonemaster_log: HiManager_ViewUtil: ViewUtilisShowNotification false
11-11 16:03:36.055  5790  6047 D phonemaster_log: HiManager_MasterCoreService: MESSAGE_SERVICE_WHAT_UPDATE_NOTIFICATION isShowNotificationfalse
11-11 16:03:36.341   675  1241 I WifiService: getVerboseLoggingLevel uid=1000
11-11 16:03:36.342   675  1241 I WifiService: getWifiApEnabledState uid=1000
11-11 16:03:36.343  5449  5449 D PowerSaveUtils: isUltraPowerOn(context) isOn=false
11-11 16:03:36.344  5449  5449 D PowerSaveUtils: getConfigCurrent isUltraModeOn:false
11-11 16:03:36.344  5449  5449 D PowerSaveUtils: config details is : bright->76wifiEnable-> falsewifiApEnable->falsebtEnable->falsedataEnable->truegpsEnable->truethreeGEnable->trueautoSyncEnable->trueisScreenModeOn->falseisUltraModeOn->falseisBatterySaverOn->false
11-11 16:03:36.344  5449  5449 D PowerSaveUtils: getConfigCurrent current:34.6
11-11 16:03:36.345   675  1241 V SettingsProvider: name : battery_remaining_time appId : 1000
11-11 16:03:36.346  5449  5449 D PowerSaveUtils: hours:8,min:56
11-11 16:03:40.672   307   307 I thermal_repeater: [recvMdThermalInfo] ret=9, strLen=127,  1, 32767
11-11 16:03:45.330  5449  5449 I PC_BatteryChangedReceiver: level: 55, remindValue: 15, status: 2
11-11 16:03:45.330  5449  5449 D PC_BatteryChangedReceiver: isGameMode: false
11-11 16:03:45.330  5449  5449 D PC_BatteryChangedReceiver: onReceive: false
11-11 16:03:45.330  5449  5449 D PC_BatteryChangedReceiver: isGameMode: false
11-11 16:03:45.332   675   675 I DeviceIdleController: updateChargingLocked: charging=true
11-11 16:03:45.333   675   675 I DeviceIdleController: becomeActiveLocked, reason = charging
11-11 16:03:45.338  5449  5449 D PC_NotificationUtils: cancelNotification: 
11-11 16:03:45.339  5449  5449 D PC_BatteryChangedReceiver: onReceive: battary on charge
11-11 16:03:46.062  5790  6047 D phonemaster_log: HiManager_ViewUtil: ViewUtilisShowNotification false
11-11 16:03:46.063  5790  6047 D phonemaster_log: HiManager_MasterCoreService: MESSAGE_SERVICE_WHAT_UPDATE_NOTIFICATION isShowNotificationfalse
11-11 16:03:46.346   675  7774 I WifiService: getVerboseLoggingLevel uid=1000
11-11 16:03:46.347   675  7774 I WifiService: getWifiApEnabledState uid=1000
11-11 16:03:46.349  5449  5449 D PowerSaveUtils: isUltraPowerOn(context) isOn=false
11-11 16:03:46.350  5449  5449 D PowerSaveUtils: getConfigCurrent isUltraModeOn:false
11-11 16:03:46.350  5449  5449 D PowerSaveUtils: config details is : bright->76wifiEnable-> falsewifiApEnable->falsebtEnable->falsedataEnable->truegpsEnable->truethreeGEnable->trueautoSyncEnable->trueisScreenModeOn->falseisUltraModeOn->falseisBatterySaverOn->false
11-11 16:03:46.350  5449  5449 D PowerSaveUtils: getConfigCurrent current:34.6
11-11 16:03:46.351   675  7774 V SettingsProvider: name : battery_remaining_time appId : 1000
11-11 16:03:46.351  5449  5449 D PowerSaveUtils: hours:8,min:56
11-11 16:03:47.630   675   769 D MtkDataShapingUtils: openLteGateByDataShaping datashaping instance is null
11-11 16:03:49.636   675   769 D MtkDataShapingUtils: openLteGateByDataShaping datashaping instance is null
11-11 16:03:50.681   307   307 I thermal_repeater: [recvMdThermalInfo] ret=9, strLen=127,  1, 32767
11-11 16:03:53.281   675   769 D MtkDataShapingUtils: openLteGateByDataShaping datashaping instance is null
11-11 16:03:55.325  5449  5449 I PC_BatteryChangedReceiver: level: 55, remindValue: 15, status: 2
11-11 16:03:55.325  5449  5449 D PC_BatteryChangedReceiver: isGameMode: false
11-11 16:03:55.325  5449  5449 D PC_BatteryChangedReceiver: onReceive: false
11-11 16:03:55.325  5449  5449 D PC_BatteryChangedReceiver: isGameMode: false
11-11 16:03:55.327   675   675 I DeviceIdleController: updateChargingLocked: charging=true
11-11 16:03:55.327   675   675 I DeviceIdleController: becomeActiveLocked, reason = charging
11-11 16:03:55.333  5449  5449 D PC_NotificationUtils: cancelNotification: 
11-11 16:03:55.333  5449  5449 D PC_BatteryChangedReceiver: onReceive: battary on charge
11-11 16:03:56.070  5790  6047 D phonemaster_log: HiManager_ViewUtil: ViewUtilisShowNotification false
11-11 16:03:56.070  5790  6047 D phonemaster_log: HiManager_MasterCoreService: MESSAGE_SERVICE_WHAT_UPDATE_NOTIFICATION isShowNotificationfalse
11-11 16:03:56.337   675  7774 I WifiService: getVerboseLoggingLevel uid=1000
11-11 16:03:56.338   675  7774 I WifiService: getWifiApEnabledState uid=1000
11-11 16:03:56.339  5449  5449 D PowerSaveUtils: isUltraPowerOn(context) isOn=false
11-11 16:03:56.340  5449  5449 D PowerSaveUtils: getConfigCurrent isUltraModeOn:false
11-11 16:03:56.340  5449  5449 D PowerSaveUtils: config details is : bright->76wifiEnable-> falsewifiApEnable->falsebtEnable->falsedataEnable->truegpsEnable->truethreeGEnable->trueautoSyncEnable->trueisScreenModeOn->falseisUltraModeOn->falseisBatterySaverOn->false
11-11 16:03:56.340  5449  5449 D PowerSaveUtils: getConfigCurrent current:34.6
11-11 16:03:56.341   675  7774 V SettingsProvider: name : battery_remaining_time appId : 1000
11-11 16:03:56.341  5449  5449 D PowerSaveUtils: hours:8,min:56
11-11 16:03:58.409   675   769 D MtkDataShapingUtils: openLteGateByDataShaping datashaping instance is null
11-11 16:03:58.445  5449  5449 I PC_ScreenOffCleanService: onCreate
11-11 16:03:58.449  5449  9383 V PC_ScreenOffCleanService: onHandleIntent clean SystemProcess
11-11 16:03:58.746   263   263 I lowmemorykiller: Killing 'com.tencent.mm' (8971), uid 10101, adj 906
11-11 16:03:58.746   263   263 I lowmemorykiller:    to free 126824kB because system is under medium memory pressure oom_adj 800
11-11 16:03:58.822   263   263 I lowmemorykiller: Killing 'android.process.media' (9158), uid 10028, adj 906
11-11 16:03:58.822   263   263 I lowmemorykiller:    to free 47744kB because system is under medium memory pressure oom_adj 800
11-11 16:03:58.900   675  7774 I ActivityManager: Process android.process.media (pid 9158) has died: cch+6SVC 
11-11 16:03:58.900   675  7774 W ActivityManager: Scheduling restart of crashed service com.android.providers.media/.MtpService in 4270848ms
11-11 16:03:58.902   675   705 W zygote  : kill(-9158, 9) failed: No such process
11-11 16:03:58.902   675   705 I zygote  : Successfully killed process cgroup uid 10028 pid 9158 in 0ms
11-11 16:03:59.226   264   435 I SurfaceFlinger: EventThread Client Pid (8971) disconnected by (264)
11-11 16:03:59.226   264   435 I SurfaceFlinger: EventThread Client Pid (8971) disconnected by (264)
11-11 16:03:59.226   675  5080 I ActivityManager: Process com.tencent.mm (pid 8971) has died: cch+6SVC 
11-11 16:03:59.227   