11-11 15:54:56.340  5449  5449 D PowerSaveUtils: config details is : bright->76wifiEnable-> falsewifiApEnable->falsebtEnable->falsedataEnable->truegpsEnable->truethreeGEnable->trueautoSyncEnable->trueisScreenModeOn->falseisUltraModeOn->falseisBatterySaverOn->false
11-11 15:54:56.340  5449  5449 D PowerSaveUtils: getConfigCurrent current:34.6
11-11 15:54:56.341   675  7262 V SettingsProvider: name : battery_remaining_time appId : 1000
11-11 15:54:56.341  5449  5449 D PowerSaveUtils: hours:8,min:46
11-11 15:54:56.403  7529  7555 D HWUIExtension: MTKProgramCache.generateProgram: 103079215104
11-11 15:54:56.404  7529  7555 D HWUIExtension: createProgram 0x0000001800000000, binary 0xa9682da4, length 2688, format 36705 within 411ns
11-11 15:54:56.414   264   264 I DisplayDevice: [Built-in Screen (type:0)] fps:19.197796,dur:1041.79,max:414.58,min:15.90
11-11 15:54:56.431   675   701 W ContextImpl: Calling a method in the system process without a qualified user: android.app.ContextImpl.sendBroadcast:967 com.mediatek.server.stk.StkManagerImpl$2.run:110 android.os.Handler.handleCallback:790 android.os.Handler.dispatchMessage:99 android.os.Looper.loop:164 
11-11 15:54:56.433   675   700 W BroadcastQueue: Background execution not allowed: receiving Intent { act=mediatek.intent.action.stk.USER_ACTIVITY flg=0x10 } to com.android.stk/.EventReceiver
11-11 15:54:56.500  7529  7531 I zygote  : Do partial code cache collection, code=31KB, data=28KB
11-11 15:54:56.501  7529  7531 I zygote  : After code cache collection, code=31KB, data=28KB
11-11 15:54:56.501  7529  7531 I zygote  : Increasing code cache capacity to 128KB
11-11 15:54:56.540   675   701 W ContextImpl: Calling a method in the system process without a qualified user: android.app.ContextImpl.sendBroadcast:967 com.mediatek.server.stk.StkManagerImpl$2.run:110 android.os.Handler.handleCallback:790 android.os.Handler.dispatchMessage:99 android.os.Looper.loop:164 
11-11 15:54:56.542   675   700 W BroadcastQueue: Background execution not allowed: receiving Intent { act=mediatek.intent.action.stk.USER_ACTIVITY flg=0x10 } to com.android.stk/.EventReceiver
11-11 15:54:56.648   675   701 W ContextImpl: Calling a method in the system process without a qualified user: android.app.ContextImpl.sendBroadcast:967 com.mediatek.server.stk.StkManagerImpl$2.run:110 android.os.Handler.handleCallback:790 android.os.Handler.dispatchMessage:99 android.os.Looper.loop:164 
11-11 15:54:56.649   675   700 W BroadcastQueue: Background execution not allowed: receiving Intent { act=mediatek.intent.action.stk.USER_ACTIVITY flg=0x10 } to com.android.stk/.EventReceiver
11-11 15:54:56.737   675   773 I PowerWrap: PowerHal_TouchBoost
11-11 15:54:56.737   260   640 I vendor.mediatek.hardware.power@1.1-impl: mtkPowerHint hint:15, data:100
11-11 15:54:56.740  7529  7529 I greenpower: the fling duration 79
11-11 15:54:56.782   264   620 I BufferQueueProducer: [StatusBar#0](this:0xabc4a000,id:4,api:1,p:830,c:264) queueBuffer: fps=9.37 dur=1920.57 max=996.91 min=4.97
11-11 15:54:56.839   260   275 I libPerfService: 15: legacy set: -1 -1
11-11 15:54:56.839   260   275 I libPerfService: 15: legacy set freq: -1 -1
11-11 15:54:56.848   264   620 I BufferQueueProducer: [com.android.settings/com.android.settings.Settings#0](this:0xaa6ac000,id:2130,api:1,p:7529,c:264) queueBuffer: fps=43.91 dur=1002.01 max=300.30 min=13.21
11-11 15:54:57.424   264   264 I DisplayDevice: [Built-in Screen (type:0)] fps:60.431351,dur:1009.41,max:17.19,min:16.20
11-11 15:54:57.442  7529  7531 I zygote  : Do partial code cache collection, code=62KB, data=49KB
11-11 15:54:57.444  7529  7531 I zygote  : After code cache collection, code=59KB, data=48KB
11-11 15:54:57.444  7529  7531 I zygote  : Increasing code cache capacity to 256KB
11-11 15:54:57.704   675   773 I PowerWrap: PowerHal_TouchBoost
11-11 15:54:57.704   260   640 I vendor.mediatek.hardware.power@1.1-impl: mtkPowerHint hint:15, data:10000
11-11 15:54:57.705   260   275 I libPerfService: 15: legacy set freq: 1300000 -1
11-11 15:54:57.705   260   275 I libPerfService: 15: legacy set: 4 -1
11-11 15:54:57.706   675   701 W ContextImpl: Calling a method in the system process without a qualified user: android.app.ContextImpl.sendBroadcast:967 com.mediatek.server.stk.StkManagerImpl$2.run:110 android.os.Handler.handleCallback:790 android.os.Handler.dispatchMessage:99 android.os.Looper.loop:164 
11-11 15:54:57.706   675   700 W BroadcastQueue: Background execution not allowed: receiving Intent { act=mediatek.intent.action.stk.USER_ACTIVITY flg=0x10 } to com.android.stk/.EventReceiver
11-11 15:54:57.791   264   620 I BufferQueueProducer: [StatusBar#0](this:0xabc4a000,id:4,api:1,p:830,c:264) queueBuffer: fps=0.99 dur=1009.04 max=1009.04 min=1009.04
11-11 15:54:57.813   675   701 W ContextImpl: Calling a method in the system process without a qualified user: android.app.ContextImpl.sendBroadcast:967 com.mediatek.server.stk.StkManagerImpl$2.run:110 android.os.Handler.handleCallback:790 android.os.Handler.dispatchMessage:99 android.os.Looper.loop:164 
11-11 15:54:57.814   675   700 W BroadcastQueue: Background execution not allowed: receiving Intent { act=mediatek.intent.action.stk.USER_ACTIVITY flg=0x10 } to com.android.stk/.EventReceiver
11-11 15:54:57.850  2792  3449 I System.out: Check isMmsSendPdu
11-11 15:54:57.856  2792  3449 I System.out: [OkHttp] sendRequest>>
11-11 15:54:57.856  2792  3449 I System.out: [OkHttp] sendRequest<<
11-11 15:54:57.860   264   434 I BufferQueueProducer: [com.android.settings/com.android.settings.Settings#0](this:0xaa6ac000,id:2130,api:1,p:7529,c:264) queueBuffer: fps=45.47 dur=1011.58 max=266.58 min=14.04
11-11 15:54:57.878   263   263 I lowmemorykiller: Killing 'com.tencent.mm:push' (7258), uid 10101, adj 800
11-11 15:54:57.878   263   263 I lowmemorykiller:    to free 96512kB because system is under medium memory pressure oom_adj 800
11-11 15:54:57.965   675  7262 I ActivityManager: Process com.tencent.mm:push (pid 7258) has died: svcb SVC 
11-11 15:54:57.966   675   705 W zygote  : kill(-7258, 9) failed: No such process
11-11 15:54:57.966   675   705 I zygote  : Successfully killed process cgroup uid 10101 pid 7258 in 0ms
11-11 15:54:57.966   675  7262 W ActivityManager: Scheduling restart of crashed service com.tencent.mm/.booter.CoreService in 1000ms
11-11 15:54:57.975   675   705 D ProcessManager: killAllBackgroundProcesses
11-11 15:54:58.011   675   701 W ContextImpl: Calling a method in the system process without a qualified user: android.app.ContextImpl.sendBroadcast:967 com.mediatek.server.stk.StkManagerImpl$2.run:110 android.os.Handler.handleCallback:790 android.os.Handler.dispatchMessage:99 android.os.Looper.loop:164 
11-11 15:54:58.012   675   700 W BroadcastQueue: Background execution not allowed: receiving Intent { act=mediatek.intent.action.stk.USER_ACTIVITY flg=0x10 } to com.android.stk/.EventReceiver
11-11 15:54:58.042   675   773 I PowerWrap: PowerHal_TouchBoost
11-11 15:54:58.043   260   640 I vendor.mediatek.hardware.power@1.1-impl: mtkPowerHint hint:15, data:100
11-11 15:54:58.043   675   701 I greenpower: the fling duration 69
11-11 15:54:58.043   675   701 I greenpower: the fling duration 35
11-11 15:54:58.144   260   275 I libPerfService: 15: legacy set: -1 -1
11-11 15:54:58.144   260   275 I libPerfService: 15: legacy set freq: -1 -1
11-11 15:54:58.287  7529  7555 E libPowerStretch: LucidStats currentFPS = 27.46 [2392484208]
11-11 15:54:58.315   675   773 I PowerWrap: PowerHal_TouchBoost
11-11 15:54:58.316   260   640 I vendor.mediatek.hardware.power@1.1-impl: mtkPowerHint hint:15, data:10000
11-11 15:54:58.318   675   701 W ContextImpl: Calling a method in the system process without a qualified user: android.app.ContextImpl.sendBroadcast:967 com.mediatek.server.stk.StkManagerImpl$2.run:110 android.os.Handler.handleCallback:790 android.os.Handler.dispatchMessage:99 android.os.Looper.loop:164 
11-11 15:54:58.319   675   700 W BroadcastQueue: Background execution not allowed: receiving Intent { act=mediatek.intent.action.stk.USER_ACTIVITY flg=0x10 } to com.android.stk/.EventReceiver
11-11 15:54:58.320   260   275 I libPerfService: 15: legacy set freq: 1300000 -1
11-11 15:54:58.320   260   275 I libPerfService: 15: legacy set: 4 -1
11-11 15:54:58.423   675   773 I PowerWrap: PowerHal_TouchBoost
11-11 15:54:58.423   260   640 I vendor.mediatek.hardware.power@1.1-impl: mtkPowerHint hint:15, data:100
11-11 15:54:58.426   675   701 W ContextImpl: Calling a method in the system process without a qualified user: android.app.ContextImpl.sendBroadcast:967 com.mediatek.server.stk.StkManagerImpl$2.run:110 android.os.Handler.handleCallback:790 android.os.Handler.dispatchMessage:99 android.os.Looper.loop:164 
11-11 15:54:58.426   675   700 W BroadcastQueue: Background execution not allowed: receiving Intent { act=mediatek.intent.action.stk.USER_ACTIVITY flg=0x10 } to com.android.stk/.EventReceiver
11-11 15:54:58.432   264   264 I DisplayDevice: [Built-in Screen (type:0)] fps:45.609417,dur:1008.56,max:264.80,min:15.82
11-11 15:54:58.434   675  7262 V SettingsProvider: packageValueForCallResult, name = sound_effects_enabled, value : Bundle[{_track_generation=android.util.MemoryIntArray@5e, value=0, _generation_index=2, _generation=339}]
11-11 15:54:58.438   675  7262 I ActivityManager: START u0 {flg=0x8000 cmp=com.android.settings/.Settings$SystemDashboardActivity (has extras)} from uid 1000
11-11 15:54:58.443   260 14793 I vendor.mediatek.hardware.power@1.1-impl: PowerHint hint:8, data:1
11-11 15:54:58.447   260 14793 I vendor.mediatek.hardware.power@1.1-impl: mtkPowerHint hint:12, data:2000
11-11 15:54:58.459   260 14793 I vendor.mediatek.hardware.power@1.1-impl: mtkPowerHint hint:12, data:2000
11-11 15:54:58.465   675  7262 D AppLockDelegator: appLockCheck: 
11-11 15:54:58.465   675  7262 D ActivityManager: realStartActivityLocked: app lock service check
11-11 15:54:58.465   675  7262 D ActivityManager: setActivityResumedHook:com.android.settings
11-11 15:54:58.466   675  7262 V WindowManager: Set focused app to: AppWindowToken{d820860 token=Token{bd51463 ActivityRecord{6ca9292 u0 com.android.settings/.Settings$SystemDashboardActivity t2414}}} old focus=AppWindowToken{2b86d19 token=Token{491a063 ActivityRecord{9b1ce92 u0 com.android.settings/.Settings t2414}}} moveFocusNow=true
11-11 15:54:58.472   675  7262 V WindowManager: Changing focus from Window{5dab9df u0 com.android.settings/com.android.settings.Settings} to null Callers=com.android.server.wm.WindowManagerService.setFocusedApp:2748 com.android.server.am.ActivityManagerService.setResumedActivityUncheckLocked:3413 com.android.server.am.ActivityStack.setResumedActivityLocked:2335 com.android.server.am.ActivityStack.minimalResumeActivityLocked:1111 
11-11 15:54:58.472   675  7262 D WindowManager: Input focus has changed to null
11-11 15:54:58.475   675   713 I WindowManager: Focus moving from Window{5dab9df u0 com.android.settings/com.android.settings.Settings} to null
11-11 15:54:58.478   260 14793 I vendor.mediatek.hardware.power@1.1-impl: notifyAppState pack:com.android.settings, act:com.android.settings.Settings$SystemDashboardActivity, pid:7529, state:1
11-11 15:54:58.478   675  7262 D ProcessManager: After resumed : com.android.settings
11-11 15:54:58.478   260   275 D powerd  : [powerd_req] POWER_MSG_NOTIFY_STATE
11-11 15:54:58.478   260   275 I libPerfService: perfUserGetCapability - cmd:7, id:0, val:-1
11-11 15:54:58.520  7529  7555 D HWUIExtension: MTKProgramCache.generateProgram: 563053037879364
11-11 15:54:58.520  7529  7555 D HWUIExtension: createProgram 0x0002001800500044, binary 0xa9683824, length 3188, format 36705 within 455ns
11-11 15:54:58.587   830 25588 W SystemServicesProxy: initCleanProtectList procectlist = [com.facebook.services, com.facebook.katana, com.facebook.orca, com.whatsapp, com.truecaller, com.viber.voip, com.instagram.android, jp.naver.line.android, com.boatmob.floating.touch, com.skype.raider, mobile.lab.PhoneCallDetect, com.tencent.mobileqqi, com.qq.wpc, com.parfield.prayers.lite, com.tencent.mobileqq, com.tencent.mm, com.mediatek.systemupdate, com.rlk.frameworkservice, com.afmobigroup.gphone, com.afmobi.carlcare, com.bbm, com.twitter.android, org.telegram.messenger, com.imo.android.imoim, com.jio.join, com.libra.notification, com.excelliance.dualaid.vend, com.android.dialer, com.android.contacts, com.android.mms, com.android.deskclock, com.transsion.deskclock, com.android.gallery3d, com.mediatek.camera, com.android.incallui, com.transsion.phonemaster, com.transsion.phonemanager, com.rlk.powersavemanagement, com.transsion.powercenter, com.oraimo.appjoywear, com.transsion.subtorch, com.android.documentsui, com.domobile.applock, com.transsion.applock, com.hanvon.xpen, com.jb.gosms, com.fooview.android.fooview.transsion, com.transsion.filemanager, com.mediatek.mtklogger.proxy, com.android.printspooler, com.google.android.marvin.talkback]
11-11 15:54:58.602   830 25588 D AppLockLoader: isAppLocked: packageName=com.google.android.apps.messaging, isLocked=false
11-11 15:54:58.602   830 25588 D AppLockLoader: isAppLocked: packageName=com.android.gallery3d, isLocked=false
11-11 15:54:58.603   830 25588 D AppLockLoader: isAppLocked: packageName=com.google.android.gm.lite, isLocked=false
11-11 15:54:58.603   830 25588 D AppLockLoader: isAppLocked: packageName=com.android.vending, isLocked=false
11-11 15:54:58.604   830 25588 D AppLockLoader: isAppLocked: packageName=com.transsion.phoenix, isLocked=false
11-11 15:54:58.605   830 25588 D AppLockLoader: isAppLocked: packageName=com.xingin.xhs, isLocked=false
11-11 15:54:58.605   830 25588 D AppLockLoader: isAppLocked: packageName=com.transsion.phonemaster, isLocked=false
11-11 15:54:58.606   830 25588 D AppLockLoader: isAppLocked: packageName=com.google.android.apps.assistant, isLocked=false
11-11 15:54:58.607   830 25588 D AppLockLoader: isAppLocked: packageName=com.opera.mini.native, isLocked=false
11-11 15:54:58.607   830 25588 D AppLockLoader: isAppLocked: packageName=com.opera.olist, isLocked=false
11-11 15:54:58.609   830 25588 D AppLockLoader: isAppLocked: packageName=com.android.settings, isLocked=false
11-11 15:54:58.612   830 25588 D AppLockLoader: isAppLocked: packageName=com.opera.mini.native, isLocked=false
11-11 15:54:58.612   830 25588 D AppLockLoader: isAppLocked: packageName=com.opera.olist, isLocked=false
11-11 15:54:58.734  7529  7529 W ContextImpl: Calling a method in the system process without a qualified user: android.app.ContextImpl.sendBroadcast:967 android.content.ContextWrapper.sendBroadcast:437 com.transsion.aboutphone.ApkUpdatePreferenceController.updateState:75 com.android.settings.dashboard.DashboardFragment.updatePreferenceStates:305 com.android.settings.dashboard.DashboardFragment.onCreate:101 
11-11 15:54:58.735   675   760 W ActivityManager: Sending non-protected broadcast transsion.action.START_BOOT from system 7529:com.android.settings/1000 pkg com.android.settings
11-11 15:54:58.738  7529  7529 D ProgressiveDisclosure: Cannot find preference with key system_update_settings
11-11 15:54:58.739  7529  7529 D DashboardFragment: Cannot find preference with key system_update_settings in Controller SystemUpdatePreferenceController
11-11 15:54:58.792  7529  7529 I zygote  : Deoptimizing int android.support.v7.widget.RecyclerView$5.getChildCount() due to JIT inline cache
11-11 15:54:58.793   264   434 I BufferQueueProducer: [StatusBar#0](this:0xabc4a000,id:4,api:1,p:830,c:264) queueBuffer: fps=1.00 dur=1001.32 max=1001.32 min=1001.32
11-11 15:54:58.802  7529  7554 D ApkUpdatePreference: hasUpdate() took 65
11-11 15:54:58.802  7529  7529 I zygote  : Deoptimizing int android.support.v7.widget.RecyclerView$LayoutManager.getChildCount() due to JIT inline cache
11-11 15:54:58.853  7529  7529 V PhoneWindow: DecorView setVisiblity: visibility = 4, Parent = null, this = DecorView@4b4970[]
11-11 15:54:58.854  7529  7529 D WindowClient: Add to mViews: DecorView@4b4970[Settings$SystemDashboardActivity], this = android.view.WindowManagerGlobal@28f71cc
11-11 15:54:58.855  7529  7558 W TileUtils: Found com.android.settings.backup.BackupSettingsActivity for intent Intent { act=com.android.settings.action.SETTINGS pkg=com.android.settings } missing metadata com.android.settings.category
11-11 15:54:58.856  7529  7529 D ViewRootImpl[Settings$SystemDashboardActivity]: hardware acceleration = true , fakeHwAccelerated = false, sRendererDisabled = false, forceHwAccelerated = false, sSystemRendererDisabled = false
11-11 15:54:58.856  7529  7558 W TileUtils: Found com.android.settings.Settings$SimSettingsActivity for intent Intent { act=com.android.settings.action.SETTINGS pkg=com.android.settings } missing metadata com.android.settings.category
11-11 15:54:58.856  7529  7558 I TileUtils: Vodafone ZM simlock is not supported
11-11 15:54:58.856  7529  7558 I TileUtils: Vodafone ZM simlock is not supported
11-11 15:54:58.861  7529  7529 V PhoneWindow: DecorView setVisiblity: visibility = 0, Parent = ViewRoot{1dd540f com.android.settings/com.android.settings.Settings$SystemDashboardActivity,ident = 1}, this = DecorView@4b4970[Settings$SystemDashboardActivity]
11-11 15:54:58.863   675   700 E libPowerStretch: LucidSystemServerLogic::onSetLucidFgApp send resetFromSystemServer appName = com.android.settings
11-11 15:54:58.863   675   700 E libPowerStretch: LucidConfig::getIrisOverride m_irisOverride = 0
11-11 15:54:58.864   675   700 I libPowerStretch: LucidIrisAppLogic::resetIris Not irisOverride , gpCurveId = %s, fsCurveId= %s
11-11 15:54:58.871   264   620 I BufferQueueProducer: [com.android.settings/com.android.settings.Settings#0](this:0xaa6ac000,id:2130,api:1,p:7529,c:264) queueBuffer: fps=57.40 dur=1010.50 max=61.07 min=13.81
11-11 15:54:58.875  7529  7558 W Settings: Setting airplane_mode_on has moved from android.provider.Settings.System to android.provider.Settings.Global, returning read-only value.
11-11 15:54:58.884  7529  7558 D MobileDataSwitchUtil: isMobileDataSupported() = true
11-11 15:54:58.887   675  7262 V SettingsProvider: packageValueForCallResult, name = default_input_method, value : Bundle[{_track_generation=android.util.MemoryIntArray@5e, value=com.google.android.inputmethod.latin/com.android.inputmethod.latin.LatinIME, _generation_index=1, _generation=21}]
11-11 15:54:58.899  7529  7558 D MobileDataSwitchUtil: getPrioritySimId:getSubscriptionId() = 1SubscriptionInfo.getNumber() = 
11-11 15:54:58.902   977  9745 D PhoneInterfaceManager: [PhoneIntfMgr] SubscriptionManager.getPhoneId(1)=1
11-11 15:54:58.903  7529  7558 D MobileDataSwitchUtil: isRadioOn = true, subId: 1
11-11 15:54:58.905  7529  7558 D MobileDataSwitchUtil: isMobileDataEnabled: isEnable=true
11-11 15:54:58.906   675  7262 I WindowManager: Relayout Window{9013bb7 u0 com.android.settings/com.android.settings.Settings$SystemDashboardActivity}: oldVis=4 newVis=0 focusMayChange = true
11-11 15:54:58.916   264   264 I BufferQueue: [unnamed-264-2131](this:0xabc44000,id:2131,api:0,p:-1,c:-1) BufferQueue core=(264:/system/bin/surfaceflinger)
11-11 15:54:58.917   264   264 E DumpTunnel: finding regDump() failed
11-11 15:54:58.917   264   264 I BufferQueueConsumer: [unnamed-264-2131](this:0xabc44000,id:2131,api:0,p:-1,c:264) connect(C): consumer=(264:/system/bin/surfaceflinger) controlledByApp=false
11-11 15:54:58.917   264   264 I BufferQueueConsumer: [unnamed-264-2131](this:0xabc44000,id:2131,api:0,p:-1,c:264) setConsumerName: unnamed-264-2131
11-11 15:54:58.917   264   264 I BufferQueueConsumer: [com.android.settings/com.android.settings.Settings$SystemDashboardActivity#0](this:0xabc44000,id:2131,api:0,p:-1,c:264) setConsumerName: com.android.settings/com.android.settings.Settings$SystemDashboardActivity#0
11-11 15:54:58.917   264   264 I BufferQueueProducer: [](this:0xabc44000,id:2131,api:0,p:-1,c:264) setMaxDequeuedBufferCount: maxDequeuedBuffers = 2
11-11 15:54:58.917   264   264 I BufferQueueConsumer: [com.android.settings/com.android.settings.Settings$SystemDashboardActivity#0](this:0xabc44000,id:2131,api:0,p:-1,c:264) setDefaultBufferSize: width=720 height=1440
11-11 15:54:58.920   675  7262 V WindowManager: Changing focus from null to Window{9013bb7 u0 com.android.settings/com.android.settings.Settings$SystemDashboardActivity} Callers=com.android.server.wm.WindowManagerService.relayoutWindow:2187 com.android.server.wm.Session.relayout:239 android.view.IWindowSession$Stub.onTransact:286 com.android.server.wm.Session.onTransact:163 
11-11 15:54:58.920   675  7262 D WindowManager: Input focus has changed to Window{9013bb7 u0 com.android.settings/com.android.settings.Settings$SystemDashboardActivity}
11-11 15:54:58.933  7529  7529 D Surface : Surface::allocateBuffers(this=0x8d299800)
11-11 15:54:58.933   260 14793 I [Gralloc]: usage1: 0x900, format: 1 stride: 720 vertical_stride: 1440 size: 4147200
11-11 15:54:58.935  7529  7558 D Settings: No enabled state changed, skipping updateCategory call
11-11 15:54:58.937   675   713 I WindowManager: Focus moving from null to Window{9013bb7 u0 com.android.settings/com.android.settings.Settings$SystemDashboardActivity}
11-11 15:54:58.937   260 14793 I [Gralloc]: usage1: 0x900, format: 1 stride: 720 vertical_stride: 1440 size: 4147200
11-11 15:54:58.938  7529  7555 E libPowerStretch: TimeStamps from Cache: lucid = 20090101000000, customer = 20090101000000
11-11 15:54:58.938  7529  7555 E libPowerStretch: Cache valid RC: lucid = 2, customer = 2
11-11 15:54:58.941  7529  7555 E libPowerStretch: Priority black list: 0
11-11 15:54:58.941  7529  7555 E libPowerStretch: Mode = WVS
11-11 15:54:58.944  7529  7555 E libPowerStretch: Ice is working with black list method
11-11 15:54:58.946  7529  7555 E libPowerStretch: EglCreateWindowSurfaceImp pid 7529 != tid 7555  mResized = 1 [720 1440] 1.000000 mIsIceDelayed_wl 1  mIsIceMainThread 0 m_HardCodedBlackListed 1 _X_
11-11 15:54:58.946  7529  7555 D Surface : Surface::connect(this=0x8d299800,api=1)
11-11 15:54:58.947   264   434 I BufferQueueProducer: [com.android.settings/com.android.settings.Settings$SystemDashboardActivity#0](this:0xabc44000,id:2131,api:1,p:7529,c:264) connect(P): api=1 producer=(7529:com.android.settings) producerControlledByApp=true
11-11 15:54:58.954   260 14793 I [Gralloc]: usage1: 0x900, format: 1 stride: 720 vertical_stride: 1440 size: 4147200
11-11 15:54:58.965  7529  7555 D Surface : Surface::setBufferCount(this=0x8d299800,bufferCount=4)
11-11 15:54:58.965  7529  7529 I zygote  : Deoptimizing int android.support.v7.widget.ChildHelper.getChildCount() due to JIT inline cache
11-11 15:54:58.965   264  1255 I BufferQueueProducer: [com.android.settings/com.android.settings.Settings$SystemDashboardActivity#0](this:0xabc44000,id:2131,api:1,p:7529,c:264) setMaxDequeuedBufferCount: maxDequeuedBuffers = 3
11-11 15:54:58.966  7529  7529 I zygote  : Deoptimizing int android.support.v7.widget.RecyclerView$LayoutManager.getPaddingTop() due to JIT inline cache
11-11 15:54:58.966  7529  7529 I zygote  : Deoptimizing int android.support.v7.widget.RecyclerView$LayoutManager.getPaddingBottom() due to JIT inline cache
11-11 15:54:59.105  7529  7529 I zygote  : Deoptimizing int android.support.v7.widget.ChildHelper.getOffset(int) due to JIT inline cache
11-11 15:54:59.106  7529  7529 I zygote  : Deoptimizing void android.support.v7.widget.LinearLayoutManager.updateLayoutState(int, int, boolean, android.support.v7.widget.RecyclerView$State) due to JIT inline cache
11-11 15:54:59.106  7529  7529 I zygote  : Deoptimizing android.view.View android.support.v7.widget.ChildHelper.getChildAt(int) due to JIT inline cache
11-11 15:54:59.107  7529  7529 I zygote  : Deoptimizing void android.support.v7.widget.RecyclerView.offsetChildrenVertical(int) due to JIT inline cache
11-11 15:54:59.107  7529  7529 I zygote  : Deoptimizing android.view.View android.support.v7.widget.RecyclerView$5.getChildAt(int) due to JIT inline cache
11-11 15:54:59.323   675   700 I ActivityManager: Start proc 7588:com.tencent.mm:push/u0a101 for service com.tencent.mm/.booter.CoreService
11-11 15:54:59.323   675   700 D ActivityManager: AMS: *** Launch app com.tencent.mm/10101 for service Intent { cmp=com.tencent.mm/.booter.CoreService }, from null/-1.
11-11 15:54:59.329  7529  7529 D ApkUpdatePreference: hasUpdate = true
11-11 15:54:59.376  7529  7529 I zygote  : Deoptimizing int android.support.v7.widget.LinearLayoutManager.computeScrollRange(android.support.v7.widget.RecyclerView$State) due to JIT inline cache
11-11 15:54:59.377  7529  7529 I zygote  : Deoptimizing android.view.View android.support.v7.widget.LinearLayoutManager.findFirstVisibleChildClosestToStart(boolean, boolean) due to JIT inline cache
11-11 15:54:59.377  7529  7529 I zygote  : Deoptimizing android.view.View android.support.v7.widget.ViewBoundsCheck.findOneViewWithinBoundFlags(int, int, int, int) due to JIT inline cache
11-11 15:54:59.378  7529  7529 I zygote  : Deoptimizing android.view.View android.support.v7.widget.LinearLayoutManager.findFirstVisibleChildClosestToEnd(boolean, boolean) due to JIT inline cache
11-11 15:54:59.379  7529  7529 I zygote  : Deoptimizing int android.support.v7.widget.ScrollbarHelper.computeScrollRange(android.support.v7.widget.RecyclerView$State, android.support.v7.widget.OrientationHelper, android.view.View, android.view.View, android.support.v7.widget.RecyclerView$LayoutManager, boolean) due to JIT inline cache
11-11 15:54:59.379  7529  7529 I zygote  : Deoptimizing int android.support.v7.widget.LinearLayoutManager.computeScrollOffset(android.support.v7.widget.RecyclerView$State) due to JIT inline cache
11-11 15:54:59.380  7529  7529 I zygote  : Deoptimizing int android.support.v7.widget.ScrollbarHelper.computeScrollOffset(android.support.v7.widget.RecyclerView$State, android.support.v7.widget.OrientationHelper, android.view.View, android.view.View, android.support.v7.widget.RecyclerView$LayoutManager, boolean, boolean) due to JIT inline cache
11-11 15:54:59.381  7529  7529 I zygote  : Deoptimizing int android.support.v7.widget.LinearLayoutManager.computeScrollExtent(android.support.v7.widget.RecyclerView$State) due to JIT inline cache
11-11 15:54:59.381  7529  7529 I zygote  : Deoptimizing int android.support.v7.widget.ScrollbarHelper.computeScrollExtent(android.support.v7.widget.RecyclerView$State, android.support.v7.widget.OrientationHelper, android.view.View, android.view.View, android.support.v7.widget.RecyclerView$LayoutManager, boolean) due to JIT inline cache
11-11 15:54:59.386   264   620 W GrallocMapperPassthrough: buffer descriptor with invalid usage bits 0x400
11-11 15:54:59.386   260 14793 I [Gralloc]: usage1: 0xf02, format: 1 stride: 720 vertical_stride: 1440 size: 4147200
11-11 15:54:59.402  7529  7555 D GraphicBuffer: register, handle(0x8d284080) (w:720 h:1440 s:720 f:0x1 u:f02)
11-11 15:54:59.435  7529  7555 D HWUIExtension: MTKProgramCache.generateProgram: 68719476736
11-11 15:54:59.436  7529  7555 D HWUIExtension: createProgram 0x0000001000000000, binary 0xa9680054, length 2688, format 36705 within 423ns
11-11 15:54:59.436  7529  7555 D HWUIExtension: MTKProgramCache.generateProgram: 1
11-11 15:54:59.437  7529  7555 D HWUIExtension: createProgram 0x0000000000000001, binary 0xa968ae38, length 2736, format 36705 within 374ns
11-11 15:54:59.441  7529  7555 D HWUIExtension: MTKProgramCache.generateProgram: 5242945
11-11 15:54:59.442   264   264 I DisplayDevice: [Built-in Screen (type:0)] fps:59.452431,dur:1009.21,max:32.75,min:15.11
11-11 15:54:59.521   675   713 I ActivityManager: Displayed com.android.settings/.Settings$SystemDashboardActivity: +1s11ms
11-11 15:54:59.525   258   258 D vndksupport: Loading /vendor/lib/hw/gralloc.mt6580.so from current namespace instead of sphal namespace.
11-11 15:54:59.525  7588  7588 I zygote  : The ClassLoaderContext is a special shared library.
11-11 15:54:59.529   264   264 I BufferQueueProducer: [FrameBufferSurface_0](this:0xade58000,id:0,api:1,p:264,c:264) queueBuffer: fps=1.69 dur=5310.23 max=5180.18 min=8.63
11-11 15:54:59.539  7529  7529 I zygote  : Deoptimizing void android.support.v4.view.ViewCompat$ViewCompatApi16Impl.postInvalidateOnAnimation(android.view.View) due to JIT inline cache
11-11 15:54:59.545   264   434 W GrallocMapperPassthrough: buffer descriptor with invalid usage bits 0x400
11-11 15:54:59.546   260 14793 I [Gralloc]: usage1: 0xf02, format: 1 stride: 720 vertical_stride: 1440 size: 4147200
11-11 15:54:59.555  7529  7555 D GraphicBuffer: register, handle(0x8d284800) (w:720 h:1440 s:720 f:0x1 u:f02)
11-11 15:54:59.559   264   264 E libPowerStretch: LucidStats currentFPS = 0.22 [2986845348]
11-11 15:54:59.576   258   258 D vndksupport: Loading /vendor/lib/hw/gralloc.mt6580.so from current namespace instead of sphal namespace.
11-11 15:54:59.594   264   434 W GrallocMapperPassthrough: buffer descriptor with invalid usage bits 0x400
11-11 15:54:59.595   260 14793 I [Gralloc]: usage1: 0xf02, format: 1 stride: 720 vertical_stride: 1440 size: 4147200
11-11 15:54:59.609  7529  7555 D GraphicBuffer: register, handle(0x8d284980) (w:720 h:1440 s:720 f:0x1 u:f02)
11-11 15:54:59.624  7529  7555 E [EGL-ERROR]: __egl_platform_cancel_buffers:644: surface->num_buffers(4)
11-11 15:54:59.624  7529  7555 D Surface : Surface::disconnect(this=0x8ee7e000,api=1)
11-11 15:54:59.626  7529  7555 D GraphicBuffer: unregister, handle(0x9c3ff940) (w:720 h:1440 s:720 f:0x1 u:f02)
11-11 15:54:59.627   258   258 D vndksupport: Loading /vendor/lib/hw/gralloc.mt6580.so from current namespace instead of sphal namespace.
11-11 15:54:59.628  7529  7555 D GraphicBuffer: unregister, handle(0x9c3ff7c0) (w:720 h:1440 s:720 f:0x1 u:f02)
11-11 15:54:59.629  7529  7555 D GraphicBuffer: unregister, handle(0x9c3ff100) (w:720 h:1440 s:720 f:0x1 u:f02)
11-11 15:54:59.630   264   435 I BufferQueueProducer: [com.android.settings/com.android.settings.Settings#0](this:0xaa6ac000,id:2130,api:1,p:7529,c:264) disconnect(P): api 1
11-11 15:54:59.630   264   435 I BufferQueueConsumer: [com.android.settings/com.android.settings.Settings#0](this:0xaa6ac000,id:2130,api:1,p:-1,c:264) getReleasedBuffers: returning mask 0xffffffffffffffff
11-11 15:54:59.652   260 14793 I vendor.mediatek.hardware.power@1.1-impl: PowerHint hint:8, data:0
11-11 15:54:59.673   675   760 D IdleScreen: activityIdleScreen: android.app.ContextImpl@ab7f6f mNotifyNeeded: false idleIntent: Intent { flg=0x8000 cmp=com.android.settings/.Settings$SystemDashboardActivity (has extras) }
11-11 15:54:59.674   260 14793 I vendor.mediatek.hardware.power@1.1-impl: mtkPowerHint hint:12, data:500
11-11 15:54:59.724   258   258 D vndksupport: Loading /vendor/lib/hw/gralloc.mt6580.so from current namespace instead of sphal namespace.
11-11 15:54:59.725   258   258 I chatty  : uid=1000(system) composer@2.1-se identical 1 line
11-11 15:54:59.726   258   258 D vndksupport: Loading /vendor/lib/hw/gralloc.mt6580.so from current namespace instead of sphal namespace.
11-11 15:54:59.816   264   435 I BufferQueueProducer: [StatusBar#0](this:0xabc4a000,id:4,api:1,p:830,c:264) queueBuffer: fps=9.77 dur=1023.71 max=802.95 min=8.42
11-11 15:54:59.841   264  1255 W GrallocMapperPassthrough: buffer descriptor with invalid usage bits 0x400
11-11 15:54:59.843   260 14793 I [Gralloc]: usage1: 0xf02, format: 1 stride: 720 vertical_stride: 1440 size: 4147200
11-11 15:54:59.848  7529  7555 D GraphicBuffer: register, handle(0x9c3ff400) (w:720 h:1440 s:720 f:0x1 u:f02)
11-11 15:54:59.875   258   258 D vndksupport: Loading /vendor/lib/hw/gralloc.mt6580.so from current namespace instead of sphal namespace.
11-11 15:54:59.893  7529  7529 V PhoneWindow: DecorView setVisiblity: visibility = 4, Parent = ViewRoot{63e7b2a com.android.settings/com.android.settings.Settings,ident = 0}, this = DecorView@f1cfff[Settings]
11-11 15:54:59.936   264   264 I BufferQueueConsumer: [com.android.settings/com.android.settings.Settings#0](this:0xaa6ac000,id:2130,api:1,p:-1,c:-1) disconnect(C)
11-11 15:54:59.939   264   264 I BufferQueue: [com.android.settings/com.android.settings.Settings#0](this:0xaa6ac000,id:2130,api:1,p:-1,c:-1) ~BufferQueueCore
11-11 15:55:00.001   830   830 D KeyguardUpdateMonitor: send updateTime msg
11-11 15:55:00.006   675   769 D MtkDataShapingUtils: openLteGateByDataShaping datashaping instance is null
11-11 15:55:00.012   830   830 D ClockUtil: onTimeChanged callback : com.transsion.mgzkeyguard.KeyguardTextClock$1@2bd28f0
11-11 15:55:00.013   830   830 D KeyguardTextClock: hourModeEnabled : false  hour + 3
11-11 15:55:00.042   307   307 I thermal_repeater: [recvMdThermalInfo] ret=9, strLen=127,  1, 32767
11-11 15:55:00.176   260   275 I libPerfService: 12: legacy set: -1 -1
11-11 15:55:00.176   260   275 I libPerfService: 12: legacy set freq: -1 -1
11-11 15:55:00.245   675   684 I zygote  : Background concurrent copying GC freed 146373(6MB) AllocSpace objects, 27(1816KB) LOS objects, 42% free, 23MB/41MB, paused 807us total 839.793ms
11-11 15:55:00.323   977  9745 D PhoneInterfaceManager: [PhoneIntfMgr] SubscriptionManager.getPhoneId(1)=1
11-11 15:55:00.326   830   830 D SignalClusterView: setMDataInds-getState subId:1sts[com.android.systemui.statusbar.SignalClusterView$PhoneState@5ddf837]:com.android.systemui.statusbar.SignalClusterView{34a3f18 V.E...... ......ID 2,0-48,48 #7f0a02a1 app:id/signal_cluster}
11-11 15:55:00.332   977  9745 D PhoneInterfaceManager: [PhoneIntfMgr] SubscriptionManager.getPhoneId(1)=1
11-11 15:55:00.335   830   830 D SignalClusterView: setMDataInds-getState subId:1sts[com.android.systemui.statusbar.SignalClusterView$PhoneState@2ada1a4]:com.android.systemui.statusbar.SignalClusterView{bd0d7e4 V.E...... ........ 2,7-48,41 #7f0a02a1 app:id/signal_cluster}
11-11 15:55:00.386  7588  7588 E ActivityThread: Failed to find provider info for com.tencent.mm.coolassist.debugprovider
11-11 15:55:00.416   675   773 I PowerWrap: PowerHal_TouchBoost
11-11 15:55:00.416   260 14793 I vendor.mediatek.hardware.power@1.1-impl: mtkPowerHint hint:15, data:10000
11-11 15:55:00.418   260   275 I libPerfService: 15: legacy set freq: 1300000 -1
11-11 15:55:00.418   260   275 I libPerfService: 15: legacy set: 4 -1
11-11 15:55:00.419   675   701 W ContextImpl: Calling a method in the system process without a qualified user: android.app.ContextImpl.sendBroadcast:967 com.mediatek.server.stk.StkManagerImpl$2.run:110 android.os.Handler.handleCallback:790 android.os.Handler.dispatchMessage:99 android.os.Looper.loop:164 
11-11 15:55:00.420   675   700 W BroadcastQueue: Background execution not allowed: receiving Intent { act=mediatek.intent.action.stk.USER_ACTIVITY flg=0x10 } to com.android.stk/.EventReceiver
11-11 15:55:00.470   264   434 I BufferQueueProducer: [com.android.settings/com.android.settings.Settings$SystemDashboardActivity#0](this:0xabc44000,id:2131,api:1,p:7529,c:264) queueBuffer: fps=18.58 dur=1022.39 max=537.61 min=6.20
11-11 15:55:00.483   264   264 I DisplayDevice: [Built-in Screen (type:0)] fps:31.675472,dur:1041.82,max:182.28,min:9.46
11-11 15:55:00.507   675   773 I PowerWrap: PowerHal_TouchBoost
11-11 15:55:00.508   260 14793 I vendor.mediatek.hardware.power@1.1-impl: mtkPowerHint hint:15, data:100
11-11 15:55:00.512  7588  7588 I MMKV    : <MMKV.cpp:192::initialize> page size:4096
11-11 15:55:00.513  7588  7588 I MMKV    : <MMKV.cpp:206::initializeMMKV> root dir: /data/user/0/com.tencent.mm/files/mmkv
11-11 15:55:00.520   675  7262 I ActivityManager: START u0 {act=android.intent.action.MAIN cmp=com.android.settings/.SubSettings (has extras)} from uid 1000
11-11 15:55:00.524   260 14793 I vendor.mediatek.hardware.power@1.1-impl: PowerHint hint:8, data:1
11-11 15:55:00.530   260 14793 I vendor.mediatek.hardware.power@1.1-impl: mtkPowerHint hint:12, data:2000
11-11 15:55:00.543   260 14793 I vendor.mediatek.hardware.power@1.1-impl: mtkPowerHint hint:12, data:2000
11-11 15:55:00.553   675  7600 D AppLockDelegator: appLockCheck: 
11-11 15:55:00.554   675  7600 D ActivityManager: realStartActivityLocked: app lock service check
11-11 15:55:00.554   675  7600 D ActivityManager: setActivityResumedHook:com.android.settings
11-11 15:55:00.554   675  7600 V WindowManager: Set focused app to: AppWindowToken{b45d9c1 token=Token{863baa8 ActivityRecord{b9082cb u0 com.android.settings/.SubSettings t2414}}} old focus=AppWindowToken{d820860 token=Token{bd51463 ActivityRecord{6ca9292 u0 com.android.settings/.Settings$SystemDashboardActivity t2414}}} moveFocusNow=true
11-11 15:55:00.555   675  7600 V WindowManager: Changing focus from Window{9013bb7 u0 com.android.settings/com.android.settings.Settings$SystemDashboardActivity} to null Callers=com.android.server.wm.WindowManagerService.setFocusedApp:2748 com.android.server.am.ActivityManagerService.setResumedActivityUncheckLocked:3413 com.android.server.am.ActivityStack.setResumedActivityLocked:2335 com.android.server.am.ActivityStack.minimalResumeActivityLocked:1111 
11-11 15:55:00.556   675  7600 D WindowManager: Input focus has changed to null
11-11 15:55:00.558   675   713 I WindowManager: Focus moving from Window{9013bb7 u0 com.android.settings/com.android.settings.Settings$SystemDashboardActivity} to null
11-11 15:55:00.562   260 14793 I vendor.mediatek.hardware.power@1.1-impl: notifyAppState pack:com.android.settings, act:com.android.settings.SubSettings, pid:7529, state:1
11-11 15:55:00.562   675  7600 D ProcessManager: After resumed : com.android.settings
11-11 15:55:00.562   260   275 D powerd  : [powerd_req] POWER_MSG_NOTIFY_STATE
11-11 15:55:00.562   260   275 I libPerfService: perfUserGetCapability - cmd:7, id:0, val:-1
11-11 15:55:00.605  7588  7588 I LoadedApk: No resource references to update in package com.transsion.theme.icon
11-11 15:55:00.672   830 10914 W SystemServicesProxy: initCleanProtectList procectlist = [com.facebook.services, com.facebook.katana, com.facebook.orca, com.whatsapp, com.truecaller, com.viber.voip, com.instagram.android, jp.naver.line.android, com.boatmob.floating.touch, com.skype.raider, mobile.lab.PhoneCallDetect, com.tencent.mobileqqi, com.qq.wpc, com.parfield.prayers.lite, com.tencent.mobileqq, com.tencent.mm, com.mediatek.systemupdate, com.rlk.frameworkservice, com.afmobigroup.gphone, com.afmobi.carlcare, com.bbm, com.twitter.android, org.telegram.messenger, com.imo.android.imoim, com.jio.join, com.libra.notification, com.excelliance.dualaid.vend, com.android.dialer, com.android.contacts, com.android.mms, com.android.deskclock, com.transsion.deskclock, com.android.gallery3d, com.mediatek.camera, com.android.incallui, com.transsion.phonemaster, com.transsion.phonemanager, com.rlk.powersavemanagement, com.transsion.powercenter, com.oraimo.appjoywear, com.transsion.subtorch, com.android.documentsui, com.domobile.applock, com.transsion.applock, com.hanvon.xpen, com.jb.gosms, com.fooview.android.fooview.transsion, com.transsion.filemanager, com.mediatek.mtklogger.proxy, com.android.printspooler, com.google.android.marvin.talkback]
11-11 15:55:00.673  7529  7529 D SubSettings: Launching fragment com.android.settings.development.DevelopmentSettings
11-11 15:55:00.685   830 10914 D AppLockLoader: isAppLocked: packageName=com.google.android.apps.messaging, isLocked=false
11-11 15:55:00.685   830 10914 D AppLockLoader: isAppLocked: packageName=com.android.gallery3d, isLocked=false
11-11 15:55:00.685   830 10914 D AppLockLoader: isAppLocked: packageName=com.google.android.gm.lite, isLocked=false
11-11 15:55:00.686   830 10914 D AppLockLoader: isAppLocked: packageName=com.android.vending, isLocked=false
11-11 15:55:00.687   830 10914 D AppLockLoader: isAppLocked: packageName=com.transsion.phoenix, isLocked=false
11-11 15:55:00.688   830 10914 D AppLockLoader: isAppLocked: packageName=com.xingin.xhs, isLocked=false
11-11 15:55:00.688   830 10914 D AppLockLoader: isAppLocked: packageName=com.transsion.phonemaster, isLocked=false
11-11 15:55:00.689   830 10914 D AppLockLoader: isAppLocked: packageName=com.google.android.apps.assistant, isLocked=false
11-11 15:55:00.690   830 10914 D AppLockLoader: isAppLocked: packageName=com.opera.mini.native, isLocked=false
11-11 15:55:00.690   830 10914 D AppLockLoader: isAppLocked: packageName=com.opera.olist, isLocked=false
11-11 15:55:00.692   830 10914 D AppLockLoader: isAppLocked: packageName=com.android.settings, isLocked=false
11-11 15:55:00.695   830 10914 D AppLockLoader: isAppLocked: packageName=com.opera.mini.native, isLocked=false
11-11 15:55:00.695   830 10914 D AppLockLoader: isAppLocked: packageName=com.opera.olist, isLocked=false
11-11 15:55:00.705  7529  7529 I zygote  : Deoptimizing int android.support.v4.util.SimpleArrayMap.indexOfKey(java.lang.Object) due to JIT inline cache
11-11 15:55:00.711   675  7262 E UserRestrictionsUtils: Unknown restriction: null
11-11 15:55:00.722   675  7262 I chatty  : uid=1000(system) Binder:675_1B identical 1 line
11-11 15:55:00.745   675  7262 E UserRestrictionsUtils: Unknown restriction: null
11-11 15:55:00.819   264   435 I BufferQueueProducer: [StatusBar#0](this:0xabc4a000,id:4,api:1,p:830,c:264) queueBuffer: fps=6.98 dur=1002.35 max=437.86 min=4.42
11-11 15:55:00.858  7529  7531 I zygote  : Do full code cache collection, code=126KB, data=95KB
11-11 15:55:00.860  7529  7531 I zygote  : After code cache collection, code=86KB, data=59KB
11-11 15:55:00.871   675  4419 D CryptdConnector: SND -> {11 cryptfs isConvertibleToFBE}
11-11 15:55:00.872   235   243 D VoldCryptCmdListener: cryptfs isConvertibleToFBE
11-11 15:55:00.874   675   776 D CryptdConnector: RCV <- {200 11 0}
11-11 15:55:00.879  7529  7558 D SharedPreferencesLogger: Tried to log string preference development.DevelopmentSettings/bluetooth_select_a2dp_sample_rate = 0
11-11 15:55:00.882  7529  7565 D SharedPreferencesLogger: Tried to log string preference development.DevelopmentSettings/bluetooth_select_a2dp_codec = 1000000
11-11 15:55:00.883  7529  7554 D SharedPreferencesLogger: Tried to log string preference development.DevelopmentSettings/bluetooth_select_avrcp_version = avrcp14
11-11 15:55:00.887  7529  7554 D SharedPreferencesLogger: Tried to log string preference development.DevelopmentSettings/bluetooth_select_a2dp_channel_mode = 0
11-11 15:55:00.888  7588  7588 W tencent.mm:push: type=1400 audit(0.0:37322): avc: denied { read } for name="anr" dev="mmcblk0p27" ino=64 scontext=u:r:untrusted_app:s0:c512,c768 tcontext=u:object_r:anr_data_file:s0 tclass=dir permissive=0
11-11 15:55:00.889  7529  7565 D SharedPreferencesLogger: Tried to log string preference development.DevelopmentSettings/bluetooth_select_a2dp_ldac_playback_quality = 1003
11-11 15:55:00.890  7529  7558 D SharedPreferencesLogger: Tried to log string preference development.DevelopmentSettings/bluetooth_select_a2dp_bits_per_sample = 0
11-11 15:55:00.902  7588  7588 W CrashMonitor: JNI_OnLoad
11-11 15:55:00.903  7588  7588 D CrashMonitor: crashInitForReport...
11-11 15:55:00.903  7588  7588 D CrashMonitor: setupMonitor...
11-11 15:55:00.907  7529  7541 I zygote  : Background concurrent copying GC freed 54508(3MB) AllocSpace objects, 3(616KB) LOS objects, 66% free, 3MB/9MB, paused 213us total 145.258ms
11-11 15:55:00.909  7588  7625 D CrashMonitor: WaitForSignal...
11-11 15:55:01.019  7529  7554 W TileUtils: Found com.android.settings.backup.BackupSettingsActivity for intent Intent { act=com.android.settings.action.SETTINGS pkg=com.android.settings } missing metadata com.android.settings.category
11-11 15:55:01.019  7529  7529 W Settings: Setting bugreport_in_power_menu has moved from android.provider.Settings.Secure to android.provider.Settings.Global.
11-11 15:55:01.020  7529  7554 W TileUtils: Found com.android.settings.Settings$SimSettingsActivity for intent Intent { act=com.android.settings.action.SETTINGS pkg=com.android.settings } missing metadata com.android.settings.category
11-11 15:55:01.020  7529  7554 I TileUtils: Vodafone ZM simlock is not supported
11-11 15:55:01.020  7529  7554 I TileUtils: Vodafone ZM simlock is not supported
11-11 15:55:01.038  7529  7554 W Settings: Setting airplane_mode_on has moved from android.provider.Settings.System to android.provider.Settings.Global, returning read-only value.
11-11 15:55:01.047  7529  7554 D MobileDataSwitchUtil: isMobileDataSupported() = true
11-11 15:55:01.052  7529  7558 D SharedPreferencesLogger: Tried to log string preference development.DevelopmentSettings/show_non_rect_clip = hide
11-11 15:55:01.053  7529  7565 D SharedPreferencesLogger: Tried to log string preference development.DevelopmentSettings/track_frame_time = false
11-11 15:55:01.056  7529  7558 D SharedPreferencesLogger: Tried to log string preference development.DevelopmentSettings/debug_hw_overdraw = false
11-11 15:55:01.058  7529  7565 D SharedPreferencesLogger: Tried to log string preference development.DevelopmentSettings/debug_hw_renderer = opengl
11-11 15:55:01.060  7529  7554 D MobileDataSwitchUtil: getPrioritySimId:getSubscriptionId() = 1SubscriptionInfo.getNumber() = 
11-11 15:55:01.061  7529  7558 D SharedPreferencesLogger: Tried to log string preference development.DevelopmentSettings/window_animation_scale = 1
11-11 15:55:01.067  7529  7565 D SharedPreferencesLogger: Tried to log string preference development.DevelopmentSettings/transition_animation_scale = 1
11-11 15:55:01.068   977  9745 D PhoneInterfaceManager: [PhoneIntfMgr] SubscriptionManager.getPhoneId(1)=1
11-11 15:55:01.069  7529  7554 D MobileDataSwitchUtil: isRadioOn = true, subId: 1
11-11 15:55:01.071  7529  7558 D SharedPreferencesLogger: Tried to log string preference development.DevelopmentSettings/overlay_display_devices = 
11-11 15:55:01.073  7529  7565 D SharedPreferencesLogger: Tried to log string preference development.DevelopmentSettings/animator_duration_scale = 1
11-11 15:55:01.073  7529  7554 D MobileDataSwitchUtil: isMobileDataEnabled: isEnable=true
11-11 15:55:01.082  7529  7565 D SharedPreferencesLogger: Tried to log string preference development.DevelopmentSettings/app_process_limit = -1
11-11 15:55:01.087   675  1001 I WifiService: getVerboseLoggingLevel uid=1000
11-11 15:55:01.089  7529  7558 D SharedPreferencesLogger: Tried to log string preference development.DevelopmentSettings/select_logd_size = 262144
11-11 15:55:01.092  7529  7554 D Settings: No enabled state changed, skipping updateCategory call
11-11 15:55:01.139   675  1001 I WifiService: getAggressiveHandover uid=1000
11-11 15:55:01.140   675  1001 I WifiService: getAllowScansWithTraffic uid=1000
11-11 15:55:01.149  7529  7565 D SharedPreferencesLogger: Tried to log string preference development.DevelopmentSettings/simulate_color_space = -1
11-11 15:55:01.164   675   769 D MtkDataShapingUtils: openLteGateByDataShaping datashaping instance is null
11-11 15:55:01.260   977   977 E PhoneInterfaceManager: [PhoneIntfMgr] getAllowedCarriers: CommandException: com.android.internal.telephony.CommandException: REQUEST_NOT_SUPPORTED
11-11 15:55:01.269   977   977 E PhoneInterfaceManager: [PhoneIntfMgr] getAllowedCarriers: CommandException: com.android.internal.telephony.CommandException: REQUEST_NOT_SUPPORTED
11-11 15:55:01.285  7529  7529 V PhoneWindow: DecorView setVisiblity: visibility = 4, Parent = null, this = DecorView@eae04b8[]
11-11 15:55:01.287  7529  7529 D WindowClient: Add to mViews: DecorView@eae04b8[SubSettings], this = android.view.WindowManagerGlobal@28f71cc
11-11 15:55:01.289  7529  7529 D ViewRootImpl[SubSettings]: hardware acceleration = true , fakeHwAccelerated = false, sRendererDisabled = false, forceHwAccelerated = false, sSystemRendererDisabled = false
11-11 15:55:01.291 27635  7628 I Authzen : [DeviceStateSyncManager] The server is in sync with current state. Nothing to do
11-11 15:55:01.294  7529  7529 V PhoneWindow: DecorView setVisiblity: visibility = 0, Parent = ViewRoot{15c9df7 com.android.settings/com.android.settings.SubSettings,ident = 2}, this = DecorView@eae04b8[SubSettings]
11-11 15:55:01.295   675   700 E libPowerStretch: LucidSystemServerLogic::onSetLucidFgApp send resetFromSystemServer appName = com.android.settings
11-11 15:55:01.296   675   700 E libPowerStretch: LucidConfig::getIrisOverride m_irisOverride = 0
11-11 15:55:01.296   675   700 I libPowerStretch: LucidIrisAppLogic::resetIris Not irisOverride , gpCurveId = %s, fsCurveId= %s
11-11 15:55:01.300  7529  7529 I Choreographer: Skipped 43 frames!  The application may be doing too much work on its main thread.
11-11 15:55:01.319   675  1001 I WindowManager: Relayout Window{5843f84 u0 com.android.settings/com.android.settings.SubSettings}: oldVis=4 newVis=0 focusMayChange = true
11-11 15:55:01.329   264   264 I BufferQueue: [unnamed-264-2132](this:0xaa6b9000,id:2132,api:0,p:-1,c:-1) BufferQueue core=(264:/system/bin/surfaceflinger)
11-11 15:55:01.330   264   264 E DumpTunnel: finding regDump() failed
11-11 15:55:01.330   264   264 I BufferQueueConsumer: [unnamed-264-2132](this:0xaa6b9000,id:2132,api:0,p:-1,c:264) connect(C): consumer=(264:/system/bin/surfaceflinger) controlledByApp=false
11-11 15:55:01.330   264   264 I BufferQueueConsumer: [unnamed-264-2132](this:0xaa6b9000,id:2132,api:0,p:-1,c:264) setConsumerName: unnamed-264-2132
11-11 15:55:01.331   264   264 I BufferQueueConsumer: [com.android.settings/com.android.settings.SubSettings#0](this:0xaa6b9000,id:2132,api:0,p:-1,c:264) setConsumerName: com.android.settings/com.android.settings.SubSettings#0
11-11 15:55:01.331   264   264 I BufferQueueProducer: [](this:0xaa6b9000,id:2132,api:0,p:-1,c:264) setMaxDequeuedBufferCount: maxDequeuedBuffers = 2
11-11 15:55:01.331   264   264 I BufferQueueConsumer: [com.android.settings/com.android.settings.SubSettings#0](this:0xaa6b9000,id:2132,api:0,p:-1,c:264) setDefaultBufferSize: width=720 height=1440
