11-11 15:53:45.270   675  5008 D ProcessManager.CC: Dumplicated add package: com.twitter.android to whitelist: 0
11-11 15:53:45.271   675  5008 D ProcessManager.CC: Dumplicated add package: com.jio.join to whitelist: 0
11-11 15:53:45.272   675  5008 D ProcessManager.CC: Dumplicated add package: com.android.gallery3d to whitelist: 0
11-11 15:53:45.273   675  5008 D ProcessManager.CC: Dumplicated add package: com.imo.android.imoim to whitelist: 0
11-11 15:53:45.274   675  5008 D ProcessManager.CC: Dumplicated add package: com.hanvon.xpen to whitelist: 0
11-11 15:53:45.275   675  5008 D ProcessManager.CC: Dumplicated add package: com.android.documentsui to whitelist: 0
11-11 15:53:45.276   675  5008 D ProcessManager.CC: Dumplicated add package: com.facebook.services to whitelist: 0
11-11 15:53:45.277   675  5008 D ProcessManager.CC: Dumplicated add package: com.transsion.powercenter to whitelist: 0
11-11 15:53:45.278   675  5008 D ProcessManager.CC: Dumplicated add package: com.bbm to whitelist: 0
11-11 15:53:45.279   675  5008 D ProcessManager.CC: Dumplicated add package: com.skype.raider to whitelist: 0
11-11 15:53:45.280   675  5008 D ProcessManager.CC: Dumplicated add package: com.libra.notification to whitelist: 0
11-11 15:53:45.281   675  5008 D ProcessManager.CC: Dumplicated add package: com.transsion.subtorch to whitelist: 0
11-11 15:53:45.282   675  5008 D ProcessManager.CC: Dumplicated add package: com.viber.voip to whitelist: 0
11-11 15:53:45.283   675  5008 D ProcessManager.CC: Dumplicated add package: com.rlk.powersavemanagement to whitelist: 0
11-11 15:53:45.284   675  5008 D ProcessManager.CC: Dumplicated add package: com.google.android.marvin.talkback to whitelist: 0
11-11 15:53:45.285   675  5008 D ProcessManager.CC: Dumplicated add package: com.transsion.applock to whitelist: 0
11-11 15:53:45.286   675  5008 D ProcessManager.CC: Dumplicated add package: com.oraimo.appjoywear to whitelist: 0
11-11 15:53:45.287   675  5008 D ProcessManager.CC: Dumplicated add package: org.telegram.messenger to whitelist: 0
11-11 15:53:45.288   675  5008 D ProcessManager.CC: Dumplicated add package: com.facebook.orca to whitelist: 0
11-11 15:53:45.289   675  5008 D ProcessManager.CC: Dumplicated add package: com.parfield.prayers.lite to whitelist: 0
11-11 15:53:45.290   675  5008 D ProcessManager.CC: Dumplicated add package: com.whatsapp to whitelist: 0
11-11 15:53:45.291   675  5008 D ProcessManager.CC: Dumplicated add package: com.transsion.filemanager to whitelist: 0
11-11 15:53:45.292   675  5008 D ProcessManager.CC: Dumplicated add package: com.excelliance.dualaid.vend to whitelist: 0
11-11 15:53:45.293   675  5008 D ProcessManager.CC: Dumplicated add package: com.tencent.mobileqqi to whitelist: 0
11-11 15:53:45.294   675  5008 D ProcessManager.CC: Dumplicated add package: com.facebook.katana to whitelist: 0
11-11 15:53:45.295   675  5008 D ProcessManager.CC: Dumplicated add package: com.transsion.deskclock to whitelist: 0
11-11 15:53:45.296   675  5008 D ProcessManager.CC: Dumplicated add package: com.afmobi.carlcare to whitelist: 0
11-11 15:53:45.297   675  5008 D ProcessManager.CC: Dumplicated add package: jp.naver.line.android to whitelist: 0
11-11 15:53:45.298   675  5008 D ProcessManager.CC: Dumplicated add package: com.android.mms to whitelist: 0
11-11 15:53:45.299   675  5008 D ProcessManager.CC: Dumplicated add package: com.truecaller to whitelist: 0
11-11 15:53:45.305   675   675 I DeviceIdleController: updateChargingLocked: charging=true
11-11 15:53:45.305   675   675 I DeviceIdleController: becomeActiveLocked, reason = charging
11-11 15:53:45.309   675  5008 D ProcessManager.CC: Dumplicated add package: com.domobile.applock to whitelist: 0
11-11 15:53:45.318   675  5008 D ProcessManager.CC: Dumplicated add package: com.android.incallui to whitelist: 0
11-11 15:53:45.319   675  5008 D ProcessManager.CC: Dumplicated add package: com.mediatek.camera to whitelist: 0
11-11 15:53:45.411  5449  7168 W ContextImpl: Calling a method in the system process without a qualified user: android.app.ContextImpl.startForegroundService:1483 android.content.ContextWrapper.startForegroundService:655 com.transsion.powercenter.model.ScreenOffCleanModelImp$1.run:331 java.lang.Thread.run:764 <bottom of call stack> 
11-11 15:53:45.425   675  5008 I ActivityManager: Process com.google.process.gservices (pid 6878) has died: cch  CEM 
11-11 15:53:45.432   675   705 D ProcessManager: killAllBackgroundProcesses
11-11 15:53:45.434   675   705 I ActivityManager: Killing 6997:com.tencent.mm/u0a101 (adj 800): *kill all background
11-11 15:53:45.436   675   705 W ActivityManager: Scheduling restart of crashed service com.tencent.mm/.service.ProcessService$MMProcessService in 1000ms
11-11 15:53:45.502   675   700 E NotificationService: Suppressing notification from package by user request.
11-11 15:53:45.522   675   700 E NotificationService: Suppressing notification from package by user request.
11-11 15:53:46.322   675  5274 V SettingsProvider: name : battery_remaining_time appId : 1000
11-11 15:53:46.455   675   700 I ActivityManager: Start proc 7174:com.tencent.mm/u0a101 for service com.tencent.mm/.service.ProcessService$MMProcessService
11-11 15:53:46.455   675   700 D ActivityManager: AMS: *** Launch app com.tencent.mm/10101 for service Intent { cmp=com.tencent.mm/.service.ProcessService$MMProcessService }, from null/-1.
11-11 15:53:46.770  7174  7174 E ActivityThread: Failed to find provider info for com.tencent.mm.coolassist.debugprovider
11-11 15:53:48.442   675  7262 V SettingsProvider: packageValueForCallResult, name = time_12_24, value : Bundle[{_track_generation=android.util.MemoryIntArray@5e, value=12, _generation_index=2, _generation=339}]
11-11 15:53:50.602   675  5274 I ActivityManager: Process com.tencent.mm:push (pid 6973) has died: svcb SVC 
11-11 15:53:50.603   675  5274 W ActivityManager: Scheduling restart of crashed service com.tencent.mm/.booter.CoreService in 1000ms
11-11 15:53:50.612   675   705 D ProcessManager: killAllBackgroundProcesses
11-11 15:53:50.653   675   700 E NotificationService: Suppressing notification from package by user request.
11-11 15:53:50.675   675   700 E NotificationService: Suppressing notification from package by user request.
11-11 15:53:51.623   675   700 I ActivityManager: Start proc 7258:com.tencent.mm:push/u0a101 for service com.tencent.mm/.booter.CoreService
11-11 15:53:51.623   675   700 D ActivityManager: AMS: *** Launch app com.tencent.mm/10101 for service Intent { cmp=com.tencent.mm/.booter.CoreService }, from null/-1.
11-11 15:53:51.939  7258  7258 E ActivityThread: Failed to find provider info for com.tencent.mm.coolassist.debugprovider
11-11 15:53:53.043   675  5008 V SettingsProvider: packageValueForCallResult, name = time_12_24, value : Bundle[{_track_generation=android.util.MemoryIntArray@5e, value=12, _generation_index=2, _generation=339}]
11-11 15:54:05.316   675   675 I DeviceIdleController: updateChargingLocked: charging=true
11-11 15:54:05.316   675   675 I DeviceIdleController: becomeActiveLocked, reason = charging
11-11 15:54:06.338   675  7262 V SettingsProvider: name : battery_remaining_time appId : 1000
11-11 15:54:15.315   675   675 I DeviceIdleController: updateChargingLocked: charging=true
11-11 15:54:15.316   675   675 I DeviceIdleController: becomeActiveLocked, reason = charging
11-11 15:54:16.332   675  1517 V SettingsProvider: name : battery_remaining_time appId : 1000
11-11 15:54:42.946   675   773 D WindowManager: interceptPowerKeyDown interactive:false hungUp:false mScreenshotChordVolumeDownKeyTriggered:false mA11yShortcutChordVolumeUpKeyTriggered:false gesturedServiceIntercepted:false
11-11 15:54:42.947   675   773 D PowerManagerService: boost when screen on
11-11 15:54:42.948   675   773 I PowerManagerService: Waking up from sleep (uid=1000 reason=android.policy:POWER)...
11-11 15:54:42.950   675   717 I DisplayPowerController: Blocking screen on until initial contents have been drawn.
11-11 15:54:42.958   675   701 I WindowManager: Waiting for drawn Window{c89c69a u0 StatusBar}: removed=false visible=true mHasSurface=true drawState=1
11-11 15:54:42.963   675   713 I DisplayManagerService: Display device changed state: "", ON
11-11 15:54:42.964   675   675 V AlarmManager: wmy: ACTION_SCREEN_ON
11-11 15:54:42.964   675   701 W ContextImpl: Calling a method in the system process without a qualified user: android.app.ContextImpl.sendBroadcast:967 com.mediatek.server.stk.StkManagerImpl$2.run:110 android.os.Handler.handleCallback:790 android.os.Handler.dispatchMessage:99 android.os.Looper.loop:164 
11-11 15:54:42.967   675   756 I WindowManager: Waiting for drawn Window{c89c69a u0 StatusBar}: removed=false visible=true mHasSurface=true drawState=1
11-11 15:54:42.976   675   675 V AlarmManager: wmy: readdpending alarm size()
11-11 15:54:42.977   675   700 W BroadcastQueue: Background execution not allowed: receiving Intent { act=mediatek.intent.action.stk.USER_ACTIVITY flg=0x10 } to com.android.stk/.EventReceiver
11-11 15:54:42.981   675   756 I WindowManager: Waiting for drawn Window{c89c69a u0 StatusBar}: removed=false visible=true mHasSurface=true drawState=1
11-11 15:54:42.982   675  5008 V SettingsProvider: name : face_unlock_succeed appId : 10031
11-11 15:54:42.982   675   675 V AlarmManager: wmy: readdpending alarm Alarm{88548f9 type 2 when 1036693574 com.tencent.mm}
11-11 15:54:42.983   675   675 V AlarmManager: wmy: readdpending alarm Alarm{692203e type 3 when 1036482417 com.tencent.mm}
11-11 15:54:42.983   675  5008 V SettingsProvider: Package name : com.android.systemui privateFlags : 4200
11-11 15:54:42.983   675   675 V AlarmManager: wmy: readdpending alarm Alarm{ffece9f type 0 when 1573459733356 com.tencent.mm}
11-11 15:54:42.984   675   675 V AlarmManager: wmy: readdpending alarm Alarm{6c9bec type 2 when 1037082331 com.tencent.mm}
11-11 15:54:42.985   675   675 V AlarmManager: wmy: readdpending alarm Alarm{a487bb5 type 2 when 1037076680 com.tencent.mm}
11-11 15:54:42.986   675   675 V AlarmManager: wmy: readdpending alarm Alarm{98c024a type 2 when 1036664540 com.tencent.mm}
11-11 15:54:42.986   675   675 V AlarmManager: wmy: readdpending alarm Alarm{88bb5bb type 3 when 1036393830 com.tencent.mm}
11-11 15:54:42.986   675   675 V AlarmManager: wmy: readdpending alarm Alarm{e7d8ad8 type 2 when 1036993690 com.tencent.mm}
11-11 15:54:42.986   675   675 V AlarmManager: wmy: readdpending alarm Alarm{6d21e31 type 2 when 1036992635 com.tencent.mm}
11-11 15:54:42.987   675   675 V AlarmManager: wmy: readdpending alarm Alarm{ffdceb1 type 0 when 1888798511424 com.opera.mini.native}
11-11 15:54:42.987   675   675 V AlarmManager: wmy: readdpending alarm Alarm{fbfeac2 type 2 when 3547088581 com.whatsapp}
11-11 15:54:42.987   675   675 V AlarmManager: wmy: readdpending alarm Alarm{bbbfc4e type 2 when 1377300051 com.tencent.mm}
11-11 15:54:42.988   675   675 V AlarmManager: wmy: readdpending alarm Alarm{83e616f type 2 when 1302368500 com.tencent.mm}
11-11 15:54:42.988   675   675 V AlarmManager: wmy: readdpending alarm Alarm{f197e7c type 2 when 1220882501 com.tencent.mm}
11-11 15:54:42.988   675   675 V AlarmManager: wmy: readdpending alarm Alarm{24a40d3 type 0 when 1573495200000 com.whatsapp}
11-11 15:54:42.988   675   675 V AlarmManager: wmy: readdpending alarm Alarm{f901410 type 2 when 1071093641 com.whatsapp}
11-11 15:54:42.989   675   675 V AlarmManager: wmy: readdpending alarm Alarm{f4e2e09 type 2 when 1070768309 com.tencent.mm}
11-11 15:54:42.989   675   675 V AlarmManager: wmy: readdpending alarm Alarm{a46880e type 2 when 1067079924 com.tencent.mm}
11-11 15:54:42.989   675   675 V AlarmManager: wmy: readdpending alarm Alarm{ad59b09 type 0 when 1573488000000 com.whatsapp}
11-11 15:54:42.989   675   675 V AlarmManager: wmy: readdpending alarm Alarm{650622f type 2 when 1062874741 com.tencent.mm}
11-11 15:54:42.990   675   675 V AlarmManager: wmy: readdpending alarm Alarm{1fd3581 type 3 when 1037007791 com.whatsapp}
11-11 15:54:42.990   675   675 V AlarmManager: wmy: readdpending alarm Alarm{425f10e type 3 when 1036800000 com.whatsapp}
11-11 15:54:42.990   675   675 V AlarmManager: wmy: readdpending alarm Alarm{5ac7c84 type 2 when 1036795584 com.tencent.mm}
11-11 15:54:42.990   675   675 V AlarmManager: wmy: readdpending alarm Alarm{a796c6d type 2 when 1036734694 com.tencent.mm}
11-11 15:54:42.991   675   675 V AlarmManager: wmy: readdpending alarm Alarm{e0a90a2 type 2 when 1036733652 com.tencent.mm}
11-11 15:54:42.991   675   675 V AlarmManager: wmy: readdpending alarm Alarm{1dd2133 type 2 when 1036702846 com.tencent.mm}
11-11 15:54:42.996   675   675 V AlarmManager: wmy: readdpending alarm Alarm{bb6dcf0 type 2 when 1036667765 com.tencent.mm}
11-11 15:54:42.997   675   675 V AlarmManager: wmy: readdpending alarm Alarm{5cd6269 type 2 when 1036650077 com.tencent.mm}
11-11 15:54:42.997   675   675 V AlarmManager: wmy: readdpending alarm Alarm{2a514ee type 2 when 1036643195 com.tencent.mm}
11-11 15:54:42.998   675   675 V AlarmManager: wmy: readdpending alarm Alarm{abe9d8f type 2 when 1036637719 com.tencent.mm}
11-11 15:54:42.998   675   675 V AlarmManager: wmy: readdpending alarm Alarm{2c4d81c type 2 when 1036574003 com.tencent.mm}
11-11 15:54:42.998   675   675 V AlarmManager: wmy: readdpending alarm Alarm{950bc25 type 2 when 1036540113 com.tencent.mm}
11-11 15:54:42.999   675   675 V AlarmManager: wmy: readdpending alarm Alarm{a5191fa type 2 when 1036440459 com.tencent.mm}
11-11 15:54:42.999   675   675 V AlarmManager: wmy: readdpending alarm Alarm{9183ab type 3 when 1036434909 com.tencent.mm}
11-11 15:54:42.999   675   675 V AlarmManager: wmy: readdpending alarm Alarm{5555a08 type 2 when 1036407075 com.tencent.mm}
11-11 15:54:43.000   675   675 V AlarmManager: wmy: readdpending alarm Alarm{f5f5a1 type 2 when 1036379616 com.tencent.mm}
11-11 15:54:43.000   675   675 V AlarmManager: wmy: readdpending alarm Alarm{516d3c6 type 2 when 1036374728 com.tencent.mm}
11-11 15:54:43.000   675   675 V AlarmManager: wmy: readdpending alarm Alarm{62af87 type 3 when 1036367869 com.tencent.mm}
11-11 15:54:43.001   675   675 V AlarmManager: wmy: readdpending alarm Alarm{4ea0eb4 type 3 when 1036650226 com.tencent.mm}
11-11 15:54:43.001   675   675 V AlarmManager: wmy: readdpending alarm Alarm{b5b4add type 3 when 1036495695 com.tencent.mm}
11-11 15:54:43.027   675   756 I WindowManager: Waiting for drawn Window{c89c69a u0 StatusBar}: removed=false visible=true mHasSurface=true drawState=1
11-11 15:54:43.053   675   675 I MWN     : onSignalStrengthsChanged...
11-11 15:54:43.060   675   675 I MWN     : network type = 0
11-11 15:54:43.062   675   675 I MWN     : mobile type = 2
11-11 15:54:43.062   675   675 I MWN     : Write 3 to node. type=2G mSimExist=true mFlightMode=false
11-11 15:54:43.065   675   675 I MWN     : write the value:3 to node successfully.
11-11 15:54:43.142   675   756 I WindowManager: Waiting for drawn Window{c89c69a u0 StatusBar}: removed=false visible=true mHasSurface=true drawState=4
11-11 15:54:43.142   675   756 D WindowManager: Window drawn win=Window{c89c69a u0 StatusBar}
11-11 15:54:43.142   675   756 D WindowManager: All windows drawn!
11-11 15:54:43.157   675   700 W BroadcastQueue: Background execution not allowed: receiving Intent { act=android.intent.action.SIG_STR flg=0x10 (has extras) } to com.xingin.xhs/org.daemon.receiver.ConnectivityReceiver
11-11 15:54:43.163   675   701 D WindowOrientationListener: WindowOrientationListener enabled clearCurrentRotation=true
11-11 15:54:43.178   675   717 I DisplayPowerController: Unblocked screen on after 229 ms
11-11 15:54:43.184   675   717 W PowerManagerService: Screen on took 248 ms
11-11 15:54:43.205   675   675 D DeviceIdleController: updateInteractivityLocked: screenOn=true
11-11 15:54:43.205   675   675 I DeviceIdleController: becomeActiveLocked, reason = screen
11-11 15:54:43.240   675   773 D WindowManager: interceptPowerKeyUp interactive:true canceled:false handled:true
11-11 15:54:43.449   675   717 D PowerManagerService: disable screen on boost
11-11 15:54:43.528   675  7262 I ActivityManager: Start proc 7338:com.google.process.gservices/u0a13 for content provider com.google.android.gsf/.gservices.GservicesProvider
11-11 15:54:43.648 25895 25895 W ViewRootImpl[DetailUI]: Cancelling event due to no window focus: MotionEvent { action=ACTION_CANCEL, actionButton=0, id[0]=0, x[0]=466.1872, y[0]=710.6745, toolType[0]=TOOL_TYPE_UNKNOWN, buttonState=0, metaState=0, flags=0x0, edgeFlags=0x0, pointerCount=1, historySize=0, eventTime=131111888, downTime=130630909, deviceId=0, source=0x1002 }
11-11 15:54:43.648 25895 25895 I chatty  : uid=10114(com.opera.olist) identical 1 line
11-11 15:54:43.649 25895 25895 W ViewRootImpl[DetailUI]: Cancelling event due to no window focus: MotionEvent { action=ACTION_CANCEL, actionButton=0, id[0]=0, x[0]=466.1872, y[0]=710.6745, toolType[0]=TOOL_TYPE_UNKNOWN, buttonState=0, metaState=0, flags=0x0, edgeFlags=0x0, pointerCount=1, historySize=0, eventTime=131111888, downTime=130630909, deviceId=0, source=0x1002 }
11-11 15:54:43.682   675   701 W ContextImpl: Calling a method in the system process without a qualified user: android.app.ContextImpl.sendBroadcast:967 com.mediatek.server.stk.StkManagerImpl$2.run:110 android.os.Handler.handleCallback:790 android.os.Handler.dispatchMessage:99 android.os.Looper.loop:164 
11-11 15:54:43.683   675   700 W BroadcastQueue: Background execution not allowed: receiving Intent { act=mediatek.intent.action.stk.USER_ACTIVITY flg=0x10 } to com.android.stk/.EventReceiver
11-11 15:54:43.806   830   830 D KeyguardBouncer: show() - try to dismiss "Bouncer" directly.
11-11 15:54:43.975   675  7262 I ActivityManager: Start proc 7354:com.google.android.apps.youtube.mango/u0a85 for service com.google.android.apps.youtube.mango/com.firebase.jobdispatcher.GooglePlayReceiver
11-11 15:54:43.976   675  7262 D ActivityManager: AMS: *** Launch app com.google.android.apps.youtube.mango/10085 for service Intent { act=com.google.android.gms.gcm.ACTION_TASK_READY cmp=com.google.android.apps.youtube.mango/com.firebase.jobdispatcher.GooglePlayReceiver }, from com.google.android.gms/10013.
11-11 15:54:44.143   675  1517 I WindowManager: Relayout Window{433afda u0 NavigationBar}: oldVis=8 newVis=0 focusMayChange = true
11-11 15:54:44.394   675   701 W ContextImpl: Calling a method in the system process without a qualified user: android.app.ContextImpl.sendBroadcast:967 com.mediatek.server.stk.StkManagerImpl$2.run:110 android.os.Handler.handleCallback:790 android.os.Handler.dispatchMessage:99 android.os.Looper.loop:164 
11-11 15:54:44.394   675  1517 D VibratorService: enable vibrator
11-11 15:54:44.395   675   700 W BroadcastQueue: Background execution not allowed: receiving Intent { act=mediatek.intent.action.stk.USER_ACTIVITY flg=0x10 } to com.android.stk/.EventReceiver
11-11 15:54:44.425   675   701 W ContextImpl: Calling a method in the system process without a qualified user: android.app.ContextImpl.sendBroadcast:967 com.mediatek.server.stk.StkManagerImpl$2.run:110 android.os.Handler.handleCallback:790 android.os.Handler.dispatchMessage:99 android.os.Looper.loop:164 
11-11 15:54:44.426   675   700 W BroadcastQueue: Background execution not allowed: receiving Intent { act=mediatek.intent.action.stk.USER_ACTIVITY flg=0x10 } to com.android.stk/.EventReceiver
11-11 15:54:44.428   675  1517 D VibratorService: enable vibrator
11-11 15:54:44.435  5449  5449 W ContextImpl: Calling a method in the system process without a qualified user: android.app.ContextImpl.startForegroundService:1483 android.content.ContextWrapper.startForegroundService:655 com.transsion.powercenter.receiver.ScreenStatusReceiver.onReceive:93 android.app.LoadedApk$ReceiverDispatcher$Args.lambda$-android_app_LoadedApk$ReceiverDispatcher$Args_53034:1323 android.app.-$Lambda$aS31cHIhRx41653CMnd4gZqshIQ.$m$7:4 
11-11 15:54:44.544   675   700 E NotificationService: Suppressing notification from package by user request.
11-11 15:54:44.595   675  5008 D VibratorService: enable vibrator
11-11 15:54:44.642   675   760 D VibratorService: enable vibrator
11-11 15:54:44.650   675   700 E NotificationService: Suppressing notification from package by user request.
11-11 15:54:44.658   675   701 W ContextImpl: Calling a method in the system process without a qualified user: android.app.ContextImpl.sendBroadcast:967 com.mediatek.server.stk.StkManagerImpl$2.run:110 android.os.Handler.handleCallback:790 android.os.Handler.dispatchMessage:99 android.os.Looper.loop:164 
11-11 15:54:44.666   675   700 W BroadcastQueue: Background execution not allowed: receiving Intent { act=mediatek.intent.action.stk.USER_ACTIVITY flg=0x10 } to com.android.stk/.EventReceiver
11-11 15:54:44.791   675   701 W ContextImpl: Calling a method in the system process without a qualified user: android.app.ContextImpl.sendBroadcast:967 com.mediatek.server.stk.StkManagerImpl$2.run:110 android.os.Handler.handleCallback:790 android.os.Handler.dispatchMessage:99 android.os.Looper.loop:164 
11-11 15:54:44.792   675   700 W BroadcastQueue: Background execution not allowed: receiving Intent { act=mediatek.intent.action.stk.USER_ACTIVITY flg=0x10 } to com.android.stk/.EventReceiver
11-11 15:54:45.094   675  5008 I ActivityManager: Process com.tencent.mm (pid 7174) has died: fore SVC 
11-11 15:54:45.095   675  5008 W ActivityManager: Scheduling restart of crashed service com.tencent.mm/.service.ProcessService$MMProcessService in 4000ms
11-11 15:54:45.105   675   700 W BroadcastQueue: Skipping deliver [foreground] BroadcastRecord{cfb03c0 u-1 android.intent.action.SCREEN_ON} to ReceiverList{6583d 7174 com.tencent.mm/10101/u0 remote:c0d7594}: process gone or crashing
11-11 15:54:45.139   675   705 D ProcessManager: killAllBackgroundProcesses
11-11 15:54:45.195   675   760 I LockSettingsService: spBasedDoVerifyCredential result : 0
11-11 15:54:45.202   675   760 I LockSettingsService: Unlocking user 0 with secret only, length 64
11-11 15:54:45.206   675   760 W ActivityManager: Expected user 0 in state RUNNING_LOCKED but was in state RUNNING_UNLOCKED
11-11 15:54:45.207   675   760 I LockSettingsService: Disabling escrow token on user 0
11-11 15:54:45.293   675   701 V WindowOrientationListener: Proposed rotation changed!  proposedRotation=0, oldProposedRotation=-1
11-11 15:54:45.362   675   675 I DeviceIdleController: updateChargingLocked: charging=true
11-11 15:54:45.363   675   675 I DeviceIdleController: becomeActiveLocked, reason = charging
11-11 15:54:45.459   675  5008 V WindowManager: Set focused app to: AppWindowToken{d9ef9d5 token=Token{c73be8c ActivityRecord{13857bf u0 com.opera.olist/com.olist.home.ui.detail.DetailUI t2412}}} old focus=AppWindowToken{d9ef9d5 token=Token{c73be8c ActivityRecord{13857bf u0 com.opera.olist/com.olist.home.ui.detail.DetailUI t2412}}} moveFocusNow=true
11-11 15:54:45.461   675  5008 D ActivityManager: setActivityResumedHook:com.opera.olist
11-11 15:54:45.462   675  5008 D ProcessManager: After resumed : com.opera.olist
11-11 15:54:45.471   675  5008 D AppLockDelegator: appLockCheck: 
11-11 15:54:45.552   675  1522 I WindowManager: Relayout Window{4e43778 u0 com.opera.olist/com.olist.home.ui.detail.DetailUI}: oldVis=4 newVis=0 focusMayChange = true
--------- beginning of main
11-11 15:54:45.777   830   830 I MgzKeyguardManager: onKeyguardVisibilityChanged : false
11-11 15:54:45.777 25895 25978 D GraphicBuffer: register, handle(0x9c3fe280) (w:720 h:1440 s:720 f:0x1 u:f02)
11-11 15:54:45.784   830   830 D KeyguardUpdateMonitor: shouldListenForFingerprint: false. mKeyguardIsVisible = false, mBouncer = true, mKeyguardGoingAway = true, mGoingToSleep = false, mFingerprintAlreadyAuthenticated = false
11-11 15:54:45.786   830  1100 D Tile.WifiTile: handleUpdateState arg=null
11-11 15:54:45.791   830   830 D KeyguardViewMediator: set mKeyguardDoneOnGoing = false
11-11 15:54:45.791   830   830 D KeyguardViewMediator: handleMessage msg = 12 end <<<<<<<<<<<<<<<<<<<<
11-11 15:54:45.802   830  1100 D Tile.MobileDataTile: handleUpdateState arg=null
11-11 15:54:45.805   264  1255 W GrallocMapperPassthrough: buffer descriptor with invalid usage bits 0x400
11-11 15:54:45.807   260   640 I [Gralloc]: usage1: 0xf02, format: 1 stride: 720 vertical_stride: 1440 size: 4147200
11-11 15:54:45.820   675  1522 V WindowManager: Changing focus from Window{c89c69a u0 StatusBar} to Window{4e43778 u0 com.opera.olist/com.olist.home.ui.detail.DetailUI} Callers=com.android.server.wm.WindowManagerService.relayoutWindow:2187 com.android.server.wm.Session.relayout:239 android.view.IWindowSession$Stub.onTransact:286 com.android.server.wm.Session.onTransact:163 
11-11 15:54:45.820   675  1522 D WindowManager: Input focus has changed to Window{4e43778 u0 com.opera.olist/com.olist.home.ui.detail.DetailUI}
11-11 15:54:45.829   258   258 D vndksupport: Loading /vendor/lib/hw/gralloc.mt6580.so from current namespace instead of sphal namespace.
11-11 15:54:45.832   258   258 D vndksupport: Loading /vendor/lib/hw/gralloc.mt6580.so from current namespace instead of sphal namespace.
11-11 15:54:45.848 25895 25978 D GraphicBuffer: register, handle(0x9c3fe400) (w:720 h:1440 s:720 f:0x1 u:f02)
11-11 15:54:45.852   675   713 I WindowManager: Focus moving from Window{c89c69a u0 StatusBar} to Window{4e43778 u0 com.opera.olist/com.olist.home.ui.detail.DetailUI}
11-11 15:54:45.865   258   258 D vndksupport: Loading /vendor/lib/hw/gralloc.mt6580.so from current namespace instead of sphal namespace.
11-11 15:54:45.869   830   830 I MgzKeyguardManager: onKeyguardBouncerChanged  : false---- state : 0
11-11 15:54:45.869   830   830 D KeyguardUpdateMonitor: shouldListenForFingerprint: false. mKeyguardIsVisible = false, mBouncer = false, mKeyguardGoingAway = false, mGoingToSleep = false, mFingerprintAlreadyAuthenticated = false
11-11 15:54:45.869   830   830 D StatusBar: disable<e i a s b h!r!c s q >
11-11 15:54:45.876   830   830 D StatusBar: updateNotifications now
11-11 15:54:45.878   258   258 D vndksupport: Loading /vendor/lib/hw/gralloc.mt6580.so from current namespace instead of sphal namespace.
11-11 15:54:45.882   264   620 W GrallocMapperPassthrough: buffer descriptor with invalid usage bits 0x400
11-11 15:54:45.885   260   640 I [Gralloc]: usage1: 0xf02, format: 1 stride: 720 vertical_stride: 1440 size: 4147200
11-11 15:54:45.896   675  5008 D IdleScreen: activityIdleScreen: android.app.ContextImpl@ab7f6f mNotifyNeeded: false idleIntent: Intent { flg=0x10000000 cmp=com.opera.olist/com.olist.home.ui.detail.DetailUI (has extras) }
11-11 15:54:45.912   977  9745 D PhoneInterfaceManager: [PhoneIntfMgr] SubscriptionManager.getPhoneId(1)=1
11-11 15:54:45.913   830  1100 D Tile.MobileDataTile: isDefaultDataSimRadioOn subId=1, isRadioOn=true
11-11 15:54:45.913   675   700 W BroadcastQueue: Background execution not allowed: receiving Intent { act=android.intent.action.USER_PRESENT flg=0x24200010 } to com.android.chrome/org.chromium.chrome.browser.sharing.click_to_call.ClickToCallMessageHandler$PhoneUnlockedReceiver
11-11 15:54:45.914   675   700 W BroadcastQueue: Background execution not allowed: receiving Intent { act=android.intent.action.USER_PRESENT flg=0x24200010 } to com.google.android.gms/.auth.setup.devicesignals.LockScreenReceiver
11-11 15:54:45.914   675   700 W BroadcastQueue: Background execution not allowed: receiving Intent { act=android.intent.action.USER_PRESENT flg=0x24200010 } to com.google.android.gms/.trustagent.UserPresentBroadcastReceiver
11-11 15:54:45.914   675   700 W BroadcastQueue: Background execution not allowed: receiving Intent { act=android.intent.action.USER_PRESENT flg=0x24200010 } to com.google.android.gms/.chimera.GmsIntentOperationService$PersistentTrustedReceiver
11-11 15:54:45.915   675   700 W BroadcastQueue: Background execution not allowed: receiving Intent { act=android.intent.action.USER_PRESENT flg=0x24200010 } to com.transsion.phoenix/com.proj.sun.alive.AliveReceiver
11-11 15:54:45.915   675   700 W BroadcastQueue: Background execution not allowed: receiving Intent { act=android.intent.action.USER_PRESENT flg=0x24200010 } to com.opera.mini.native/com.opera.android.gcm.PushNotificationSystemReceiver
11-11 15:54:45.915   675   700 W BroadcastQueue: Permission Denial: broadcasting Intent { act=android.intent.action.USER_PRESENT flg=0x24200010 } from com.android.systemui (pid=830, uid=10031) is not exported from uid 10115 due to receiver com.xingin.xhs/cn.jpush.android.service.PushReceiver
11-11 15:54:45.916  5790  5790 D phonemaster_log: HiManager_MasterCoreService: ACTION_USER_PRESENT show 
11-11 15:54:45.916  5790  5790 D MasterCoreService: onReceive: mContext : com.transsion.common.MainApplication@262ea6e
11-11 15:54:45.917  5790  5790 D MasterCoreService: onReceive: mContext : 0 true
11-11 15:54:45.934   830  1100 I DefaultQuickSettingsPlugin: customizeDataConnectionTile, icon = IconIdWrapper [mResources != null, mIconId=2131231212], orgLabelStr=
11-11 15:54:45.935   830  1100 D Tile.MobileDataTile: handleUpdateState state=SignalState[,icon=com.mediatek.systemui.qs.tiles.ext.QsIconWrapper@63db3374,iconSupplier=null,label=,contentDescription=null,dualLabelContentDescription=null,expandedAccessibilityClassName=null,disabledByPolicy=false,dualTarget=false,isTransient=false,state=2,slash="isSlashed=false,rotation=0.0",value=false,activityIn=false,activityOut=false]
11-11 15:54:45.943 18016 18016 I TrustAgent: [HomeAddressChangeTracker] User Present. Maybe fetch home.
11-11 15:54:45.975 18016 18016 I TrustAgent: [HomeFetcher] return existing home address!
11-11 15:54:46.013   675   675 D DeviceIdleController: whatsapp mode ACTION_USER_PRESENT mScreenOffDeepEnabled = falsemForceIdle = falsemUserToDeepEnabled = false
11-11 15:54:46.021 25895 25978 D GraphicBuffer: register, handle(0x9c3fe880) (w:720 h:1440 s:720 f:0x1 u:f02)
11-11 15:54:46.042   264   620 I BufferQueueProducer: [com.opera.olist/com.olist.home.ui.detail.DetailUI#0](this:0xabc39000,id:2127,api:1,p:25895,c:264) RunningBehind, queued size:2
11-11 15:54:46.050   258   258 D vndksupport: Loading /vendor/lib/hw/gralloc.mt6580.so from current namespace instead of sphal namespace.
11-11 15:54:46.088   264   620 I BufferQueueProducer: [com.opera.olist/com.olist.home.ui.detail.DetailUI#0](this:0xabc39000,id:2127,api:1,p:25895,c:264) RunningBehind, queued size:2
11-11 15:54:46.104   264   620 I chatty  : uid=1000(system) Binder:264_3 identical 1 line
11-11 15:54:46.138   264   620 I BufferQueueProducer: [com.opera.olist/com.olist.home.ui.detail.DetailUI#0](this:0xabc39000,id:2127,api:1,p:25895,c:264) RunningBehind, queued size:2
11-11 15:54:46.145   264   264 I DisplayDevice: [Built-in Screen (type:0)] fps:45.526390,dur:1010.40,max:156.85,min:4.11
11-11 15:54:46.185   675   760 I ActivityManager: Process com.google.android.apps.youtube.mango (pid 7354) has died: vis  TRNB
11-11 15:54:46.186   675   760 W ActivityManager: Scheduling restart of crashed service com.google.android.apps.youtube.mango/com.firebase.jobdispatcher.GooglePlayReceiver in 12909ms
11-11 15:54:46.186   675   705 W zygote  : kill(-7354, 9) failed: No such process
11-11 15:54:46.231   675   705 W zygote  : kill(-7354, 9) failed: No such process
11-11 15:54:46.231   675   705 I zygote  : Successfully killed process cgroup uid 10085 pid 7354 in 46ms
11-11 15:54:46.232   675   705 D ProcessManager: killAllBackgroundProcesses
11-11 15:54:46.319 25895 25945 I System.out: true
11-11 15:54:46.325 25895 25975 I System.out: port:443
11-11 15:54:46.338 25895 25945 I System.out: isEmailSend:POST
11-11 15:54:46.339 25895 25945 I System.out: port:80
11-11 15:54:46.342 25895  7436 I System.out: port:443
11-11 15:54:46.386   675  1522 I WifiService: getVerboseLoggingLevel uid=1000
11-11 15:54:46.387   675  1522 I WifiService: getWifiApEnabledState uid=1000
11-11 15:54:46.389   675  7774 I WifiService: getVerboseLoggingLevel uid=10013
11-11 15:54:46.392  5449  5449 D PowerSaveUtils: isUltraPowerOn(context) isOn=false
11-11 15:54:46.392  5449  5449 D PowerSaveUtils: getConfigCurrent isUltraModeOn:false
11-11 15:54:46.392  5449  5449 D PowerSaveUtils: config details is : bright->76wifiEnable-> falsewifiApEnable->falsebtEnable->falsedataEnable->truegpsEnable->truethreeGEnable->trueautoSyncEnable->trueisScreenModeOn->falseisUltraModeOn->falseisBatterySaverOn->false
11-11 15:54:46.393  5449  5449 D PowerSaveUtils: getConfigCurrent current:34.6
11-11 15:54:46.394   675  1522 V SettingsProvider: name : battery_remaining_time appId : 1000
11-11 15:54:46.395  5449  5449 D PowerSaveUtils: hours:8,min:46
11-11 15:54:46.630   830   830 I Choreographer: Skipped 46 frames!  The application may be doing too much work on its main thread.
11-11 15:54:46.635   260   260 W HwBinder:260_5: type=1400 audit(0.0:37252): avc: denied { read } for name="258-3" dev="debugfs" ino=118411 scontext=u:r:merged_hal_service:s0 tcontext=u:object_r:debugfs:s0 tclass=file permissive=0
11-11 15:54:46.635   264   435 W GrallocMapperPassthrough: buffer descriptor with invalid usage bits 0x400
11-11 15:54:46.635   260 14793 I [Gralloc]: usage1: 0xf02, format: 1 stride: 720 vertical_stride: 96 size: 276480
11-11 15:54:46.639   260 14793 E memtrack_graphic: graphic_memtrack_get_memory error to open /sys/kernel/debug/ion/clients/258: Permission denied
11-11 15:54:46.643   830  1150 D GraphicBuffer: register, handle(0x8eb469c0) (w:720 h:96 s:720 f:0x1 u:f02)
11-11 15:54:46.649   264   620 I BufferQueueProducer: [NavigationBar#0](this:0xabc65000,id:1086,api:1,p:830,c:264) queueBuffer: fps=0.41 dur=2447.85 max=2447.85 min=2447.85
11-11 15:54:46.659   258   258 D vndksupport: Loading /vendor/lib/hw/gralloc.mt6580.so from current namespace instead of sphal namespace.
11-11 15:54:46.662   258   258 D vndksupport: Loading /vendor/lib/hw/gralloc.mt6580.so from current namespace instead of sphal namespace.
11-11 15:54:46.695   260   260 W HwBinder:260_5: type=1400 audit(0.0:37253): avc: denied { read } for name="260-0" dev="debugfs" ino=2376 scontext=u:r:merged_hal_service:s0 tcontext=u:object_r:debugfs:s0 tclass=file permissive=0
11-11 15:54:46.699   260 14793 E memtrack_graphic: graphic_memtrack_get_memory error to open /sys/kernel/debug/ion/clients/260: Permission denied
11-11 15:54:46.746   675   773 I PowerWrap: PowerHal_TouchBoost
11-11 15:54:46.747   260  1600 I vendor.mediatek.hardware.power@1.1-impl: mtkPowerHint hint:15, data:10000
11-11 15:54:46.748   260   275 I libPerfService: 15: legacy set freq: 1300000 -1
11-11 15:54:46.749   260   275 I libPerfService: 15: legacy set: 4 -1
11-11 15:54:46.751   675   701 W ContextImpl: Calling a method in the system process without a qualified user: android.app.ContextImpl.sendBroadcast:967 com.mediatek.server.stk.StkManagerImpl$2.run:110 android.os.Handler.handleCallback:790 android.os.Handler.dispatchMessage:99 android.os.Looper.loop:164 
11-11 15:54:46.752   675   700 W BroadcastQueue: Background execution not allowed: receiving Intent { act=mediatek.intent.action.stk.USER_ACTIVITY flg=0x10 } to com.android.stk/.EventReceiver
11-11 15:54:46.755   260   260 W HwBinder:260_4: type=1400 audit(0.0:37254): avc: denied { read } for name="264-1" dev="debugfs" ino=10514 scontext=u:r:merged_hal_service:s0 tcontext=u:object_r:debugfs:s0 tclass=file permissive=0
11-11 15:54:46.758   260  1600 E memtrack_graphic: graphic_memtrack_get_memory error to open /sys/kernel/debug/ion/clients/264: Permission denied
11-11 15:54:46.945   260   260 W HwBinder:260_3: type=1400 audit(0.0:37255): avc: denied { read } for name="289-0" dev="debugfs" ino=118399 scontext=u:r:merged_hal_service:s0 tcontext=u:object_r:debugfs:s0 tclass=file permissive=0
11-11 15:54:46.946   675   701 W ContextImpl: Calling a method in the system process without a qualified user: android.app.ContextImpl.sendBroadcast:967 com.mediatek.server.stk.StkManagerImpl$2.run:110 android.os.Handler.handleCallback:790 android.os.Handler.dispatchMessage:99 android.os.Looper.loop:164 
11-11 15:54:46.947   675   700 W BroadcastQueue: Background execution not allowed: receiving Intent { act=mediatek.intent.action.stk.USER_ACTIVITY flg=0x10 } to com.android.stk/.EventReceiver
11-11 15:54:46.949   260   640 E memtrack_graphic: graphic_memtrack_get_memory error to open /sys/kernel/debug/ion/clients/289: Permission denied
11-11 15:54:46.953   675   773 I PowerWrap: PowerHal_TouchBoost
11-11 15:54:46.953   260   640 I vendor.mediatek.hardware.power@1.1-impl: mtkPowerHint hint:15, data:100
11-11 15:54:46.980   264   435 I BufferQueueProducer: [StatusBar#0](this:0xabc4a000,id:4,api:1,p:830,c:264) queueBuffer: fps=11.95 dur=1758.00 max=1105.44 min=12.55
11-11 15:54:46.983   675  7774 W Settings: Setting oobe_init_mode has moved from android.provider.Settings.System to android.provider.Settings.Global, returning read-only value.
11-11 15:54:46.983   675  7774 D WindowManager: interceptKeyBeforeQueueing keyCode = 3
11-11 15:54:46.985   675  7774 D VibratorService: enable vibrator
11-11 15:54:46.995   675  7774 I PowerWrap: PowerHal_TouchBoost
11-11 15:54:46.995   260   640 I vendor.mediatek.hardware.power@1.1-impl: mtkPowerHint hint:15, data:500
11-11 15:54:46.997   675   701 W ContextImpl: Calling a method in the system process without a qualified user: android.app.ContextImpl.sendBroadcast:967 com.mediatek.server.stk.StkManagerImpl$2.run:110 android.os.Handler.handleCallback:790 android.os.Handler.dispatchMessage:99 android.os.Looper.loop:164 
11-11 15:54:46.997   675   772 D WindowManager: isFaceEnrolling
11-11 15:54:46.998   675   700 W BroadcastQueue: Background execution not allowed: receiving Intent { act=mediatek.intent.action.stk.USER_ACTIVITY flg=0x10 } to com.android.stk/.EventReceiver
11-11 15:54:47.000   675  7774 W Settings: Setting oobe_init_mode has moved from android.provider.Settings.System to android.provider.Settings.Global, returning read-only value.
11-11 15:54:47.000   675  7774 D WindowManager: interceptKeyBeforeQueueing keyCode = 3
11-11 15:54:47.002   675   772 D WindowManager: isFaceEnrolling
11-11 15:54:47.004   675   701 W ContextImpl: Calling a method in the system process without a qualified user: android.app.ContextImpl.sendBroadcast:967 com.mediatek.server.stk.StkManagerImpl$2.run:110 android.os.Handler.handleCallback:790 android.os.Handler.dispatchMessage:99 android.os.Looper.loop:164 
11-11 15:54:47.007   675   700 W BroadcastQueue: Background execution not allowed: receiving Intent { act=mediatek.intent.action.stk.USER_ACTIVITY flg=0x10 } to com.android.stk/.EventReceiver
11-11 15:54:47.010   675   701 W ContextImpl: Calling a method in the system process without a qualified user: android.app.ContextImpl.sendBroadcast:967 com.mediatek.server.stk.StkManagerImpl$2.run:110 android.os.Handler.handleCallback:790 android.os.Handler.dispatchMessage:99 android.os.Looper.loop:164 
11-11 15:54:47.014   675   700 W BroadcastQueue: Background execution not allowed: receiving Intent { act=mediatek.intent.action.stk.USER_ACTIVITY flg=0x10 } to com.android.stk/.EventReceiver
11-11 15:54:47.019   675   772 I ActivityManager: START u0 {act=android.intent.action.MAIN cat=[android.intent.category.HOME] flg=0x10200000 cmp=com.transsion.hilauncher/com.android.launcher3.Launcher (has extras)} from uid 1000
11-11 15:54:47.068   264   264 I BufferQueueConsumer: [StatusBar#0](this:0xabc4a000,id:4,api:1,p:830,c:264) setDefaultBufferSize: width=720 height=48
11-11 15:54:47.090   830  1150 E [EGL-ERROR]: __egl_platform_cancel_buffers:644: surface->num_buffers(4)
11-11 15:54:47.090   830  1150 D Surface : Surface::disconnect(this=0x8d7e4800,api=1)
11-11 15:54:47.092   830  1150 D GraphicBuffer: unregister, handle(0x9c3fd5c0) (w:720 h:1440 s:720 f:0x1 u:f02)
11-11 15:54:47.093   830  1150 D GraphicBuffer: unregister, handle(0x9c3fdc80) (w:720 h:1440 s:720 f:0x1 u:f02)
11-11 15:54:47.095   830  1150 D GraphicBuffer: unregister, handle(0x8eb46480) (w:720 h:1440 s:720 f:0x1 u:f02)
11-11 15:54:47.096   830  1150 D GraphicBuffer: unregister, handle(0x8eb46600) (w:720 h:1440 s:720 f:0x1 u:f02)
11-11 15:54:47.096   264   620 I BufferQueueProducer: [StatusBar#0](this:0xabc4a000,id:4,api:1,p:830,c:264) disconnect(P): api 1
11-11 15:54:47.097   264   620 I BufferQueueConsumer: [StatusBar#0](this:0xabc4a000,id:4,api:1,p:-1,c:264) getReleasedBuffers: returning mask 0xffffffffffffffff
11-11 15:54:47.098   830  1150 E libPowerStretch: com.android.systemui in hard-coded bl
11-11 15:54:47.098   830  1150 D Surface : Surface::connect(this=0x8d7e4800,api=1)
11-11 15:54:47.099   264   620 I BufferQueueProducer: [StatusBar#0](this:0xabc4a000,id:4,api:1,p:830,c:264) connect(P): api=1 producer=(830:com.android.systemui) producerControlledByApp=true
11-11 15:54:47.100   830  1150 D Surface : Surface::setBufferCount(this=0x8d7e4800,bufferCount=4)
11-11 15:54:47.101   264   620 I BufferQueueProducer: [StatusBar#0](this:0xabc4a000,id:4,api:1,p:830,c:264) setMaxDequeuedBufferCount: maxDequeuedBuffers = 3
11-11 15:54:47.123   264   620 W GrallocMapperPassthrough: buffer descriptor with invalid usage bits 0x400
11-11 15:54:47.124   260   640 I [Gralloc]: usage1: 0xf02, format: 1 stride: 720 vertical_stride: 48 size: 138240
11-11 15:54:47.128   830  1150 D GraphicBuffer: register, handle(0x9c3fd5c0) (w:720 h:48 s:720 f:0x1 u:f02)
11-11 15:54:47.132   264   620 W GrallocMapperPassthrough: buffer descriptor with invalid usage bits 0x400
11-11 15:54:47.133   260   640 I [Gralloc]: usage1: 0xf02, format: 1 stride: 720 vertical_stride: 96 size: 276480
11-11 15:54:47.135   260   640 I vendor.mediatek.hardware.power@1.1-impl: PowerHint hint:8, data:1
11-11 15:54:47.138   830  1150 D GraphicBuffer: register, handle(0x9c3fdc80) (w:720 h:96 s:720 f:0x1 u:f02)
11-11 15:54:47.139   258   258 D vndksupport: Loading /vendor/lib/hw/gralloc.mt6580.so from current namespace instead of sphal namespace.
11-11 15:54:47.140   258   258 D vndksupport: Loading /vendor/lib/hw/gralloc.mt6580.so from current namespace instead of sphal namespace.
11-11 15:54:47.145   830   830 D StatusBar: canPanelBeCollapsed false
11-11 15:54:47.147   675   772 V WindowManager: Set focused app to: AppWindowToken{778cb7c token=Token{f4d09b ActivityRecord{28f3caa u0 com.transsion.hilauncher/com.android.launcher3.Launcher t2381}}} old focus=AppWindowToken{d9ef9d5 token=Token{c73be8c ActivityRecord{13857bf u0 com.opera.olist/com.olist.home.ui.detail.DetailUI t2412}}} moveFocusNow=true
11-11 15:54:47.147   675   772 V WindowManager: findFocusedWindow: Reached focused app=AppWindowToken{778cb7c token=Token{f4d09b ActivityRecord{28f3caa u0 com.transsion.hilauncher/com.android.launcher3.Launcher t2381}}}
11-11 15:54:47.150   260   640 I vendor.mediatek.hardware.power@1.1-impl: mtkPowerHint hint:11, data:2000
11-11 15:54:47.153   258   258 D vndksupport: Loading /vendor/lib/hw/gralloc.mt6580.so from current namespace instead of sphal namespace.
11-11 15:54:47.156   264   264 I DisplayDevice: [Built-in Screen (type:0)] fps:8.901967,dur:1011.01,max:437.42,min:13.92
11-11 15:54:47.157 25895 25945 I System.out: Check isMmsSendPdu
11-11 15:54:47.169   264  1255 W GrallocMapperPassthrough: buffer descriptor with invalid usage bits 0x400
11-11 15:54:47.169   260   640 I [Gralloc]: usage1: 0xf02, format: 1 stride: 720 vertical_stride: 48 size: 138240
11-11 15:54:47.172   830  1150 D GraphicBuffer: register, handle(0x8eb48e80) (w:720 h:48 s:720 f:0x1 u:f02)
11-11 15:54:47.176   675   773 I PowerWrap: PowerHal_TouchBoost
11-11 15:54:47.177   260   640 I vendor.mediatek.hardware.power@1.1-impl: mtkPowerHint hint:15, data:10000
11-11 15:54:47.179 25895 25945 I System.out: [OkHttp] sendRequest>>
11-11 15:54:47.180 25895 25945 I System.out: [OkHttp] sendRequest<<
11-11 15:54:47.181   675   772 V WindowManager: Changing focus from Window{4e43778 u0 com.opera.olist/com.olist.home.ui.detail.DetailUI} to null Callers=com.android.server.wm.WindowManagerService.setFocusedApp:2748 com.android.server.am.ActivityManagerService.setResumedActivityUncheckLocked:3413 com.android.server.am.ActivityStack.setResumedActivityLocked:2335 com.android.server.am.ActivityStack.resumeTopActivityInnerLocked:2655 
11-11 15:54:47.182   260   260 W merged_hal_serv: type=1400 audit(0.0:37256): avc: denied { search } for name="thermal" dev="proc" ino=4026533556 scontext=u:r:merged_hal_service:s0 tcontext=u:object_r:proc_thermal:s0 tclass=dir permissive=0
11-11 15:54:47.182   675   772 D WindowManager: Input focus has changed to null
11-11 15:54:47.186   260  1600 I vendor.mediatek.hardware.power@1.1-impl: notifyAppState pack:com.transsion.hilauncher, act:com.android.launcher3.Launcher, pid:2792, state:1
11-11 15:54:47.187   675   772 D ActivityManager: setActivityResumedHook:com.transsion.hilauncher
11-11 15:54:47.187   260   275 D powerd  : [powerd_req] POWER_MSG_NOTIFY_STATE
11-11 15:54:47.187   260   275 I libPerfService: [perfNotifyAppState] foreground:com.transsion.hilauncher, pid:2792
11-11 15:54:47.187   675   772 D ProcessManager: After resumed : com.transsion.hilauncher
11-11 15:54:47.188   260   275 E libPerfService: Could not open '/proc/driver/thermal/ta_fg_pid'
11-11 15:54:47.188   260   275 E libPerfService: error : 13, Permission denied
11-11 15:54:47.188   260   275 E libPerfService: Could not open '/sys/module/ged/parameters/gx_top_app_pid'
11-11 15:54:47.188   260   275 E libPerfService: error : 2, No such file or directory
11-11 15:54:47.188   260   275 I libPerfService: perfUserGetCapability - cmd:7, id:0, val:-1
11-11 15:54:47.193   271  1602 D pnpmgr  : Got fd=13, updated:com.transsion.hilauncher
11-11 15:54:47.210   264   435 W GrallocMapperPassthrough: buffer descriptor with invalid usage bits 0x400
11-11 15:54:47.211   260   640 I [Gralloc]: usage1: 0xf02, format: 1 stride: 720 vertical_stride: 96 size: 276480
11-11 15:54:47.216   830  1150 D GraphicBuffer: register, handle(0x8c8b4cc0) (w:720 h:96 s:720 f:0x1 u:f02)
11-11 15:54:47.219   675   772 D AppLockDelegator: appLockCheck: 
11-11 15:54:47.221   675   713 I WindowManager: Focus moving from Window{4e43778 u0 com.opera.olist/com.olist.home.ui.detail.DetailUI} to null
11-11 15:54:47.221   264   435 W GrallocMapperPassthrough: buffer descriptor with invalid usage bits 0x400
11-11 15:54:47.221   258   258 D vndksupport: Loading /vendor/lib/hw/gralloc.mt6580.so from current namespace instead of sphal namespace.
11-11 15:54:47.221   260   640 I [Gralloc]: usage1: 0xf02, format: 1 stride: 720 vertical_stride: 48 size: 138240
11-11 15:54:47.222   258   258 D vndksupport: Loading /vendor/lib/hw/gralloc.mt6580.so from current namespace instead of sphal namespace.
11-11 15:54:47.225   830  1150 D GraphicBuffer: register, handle(0x8c8b4d80) (w:720 h:48 s:720 f:0x1 u:f02)
11-11 15:54:47.236   258   258 D vndksupport: Loading /vendor/lib/hw/gralloc.mt6580.so from current namespace instead of sphal namespace.
11-11 15:54:47.245   977  9745 D PhoneInterfaceManager: [PhoneIntfMgr] SubscriptionManager.getPhoneId(1)=1
11-11 15:54:47.251   830   830 D SignalClusterView: setMDataInds-getState subId:1sts[com.android.systemui.statusbar.SignalClusterView$PhoneState@5ddf837]:com.android.systemui.statusbar.SignalClusterView{34a3f18 V.E...... ......ID 2,0-48,48 #7f0a02a1 app:id/signal_cluster}
11-11 15:54:47.254   258   258 D vndksupport: Loading /vendor/lib/hw/gralloc.mt6580.so from current namespace instead of sphal namespace.
11-11 15:54:47.255   258   258 D vndksupport: Loading /vendor/lib/hw/gralloc.mt6580.so from current namespace instead of sphal namespace.
11-11 15:54:47.266   675   701 W ContextImpl: Calling a method in the system process without a qualified user: android.app.ContextImpl.sendBroadcast:967 com.mediatek.server.stk.StkManagerImpl$2.run:110 android.os.Handler.handleCallback:790 android.os.Handler.dispatchMessage:99 android.os.Looper.loop:164 
11-11 15:54:47.275   977  9745 D PhoneInterfaceManager: [PhoneIntfMgr] SubscriptionManager.getPhoneId(1)=1
11-11 15:54:47.281   830   830 D SignalClusterView: setMDataInds-getState subId:1sts[com.android.systemui.statusbar.SignalClusterView$PhoneState@2ada1a4]:com.android.systemui.statusbar.SignalClusterView{bd0d7e4 V.E...... ........ 2,7-48,41 #7f0a02a1 app:id/signal_cluster}
11-11 15:54:47.291   675   773 I PowerWrap: PowerHal_TouchBoost
11-11 15:54:47.292   260  1600 I vendor.mediatek.hardware.power@1.1-impl: mtkPowerHint hint:15, data:100
11-11 15:54:47.293   675  7774 W Settings: Setting oobe_init_mode has moved from android.provider.Settings.System to android.provider.Settings.Global, returning read-only value.
11-11 15:54:47.293   675  7774 D WindowManager: interceptKeyBeforeQueueing keyCode = 3
11-11 15:54:47.295   675   701 W ContextImpl: Calling a method in the system process without a qualified user: android.app.ContextImpl.sendBroadcast:967 com.mediatek.server.stk.StkManagerImpl$2.run:110 android.os.Handler.handleCallback:790 android.os.Handler.dispatchMessage:99 android.os.Looper.loop:164 
11-11 15:54:47.295   675  7774 D VibratorService: enable vibrator
11-11 15:54:47.302   675  7774 I PowerWrap: PowerHal_TouchBoost
11-11 15:54:47.305   675   701 W ContextImpl: Calling a method in the system process without a qualified user: android.app.ContextImpl.sendBroadcast:967 com.mediatek.server.stk.StkManagerImpl$2.run:110 android.os.Handler.handleCallback:790 android.os.Handler.dispatchMessage:99 android.os.Looper.loop:164 
11-11 15:54:47.309   260   640 I vendor.mediatek.hardware.power@1.1-impl: mtkPowerHint hint:15, data:500
11-11 15:54:47.312   675  7774 W Settings: Setting oobe_init_mode has moved from android.provider.Settings.System to android.provider.Settings.Global, returning read-only value.
11-11 15:54:47.315   675  7774 D WindowManager: interceptKeyBeforeQueueing keyCode = 3
11-11 15:54:47.324   675   700 W BroadcastQueue: Background execution not allowed: receiving Intent { act=mediatek.intent.action.stk.USER_ACTIVITY flg=0x10 } to com.android.stk/.EventReceiver
