11-11 15:54:47.327   675   700 I chatty  : uid=1000(system) ActivityManager identical 1 line
11-11 15:54:47.327   675   700 W BroadcastQueue: Background execution not allowed: receiving Intent { act=mediatek.intent.action.stk.USER_ACTIVITY flg=0x10 } to com.android.stk/.EventReceiver
11-11 15:54:47.330   675   772 I ActivityManager: START u0 {act=android.intent.action.MAIN cat=[android.intent.category.HOME] flg=0x10200000 cmp=com.transsion.hilauncher/com.android.launcher3.Launcher (has extras)} from uid 1000
11-11 15:54:47.362   830   859 W SystemServicesProxy: initCleanProtectList procectlist = [com.facebook.services, com.facebook.katana, com.facebook.orca, com.whatsapp, com.truecaller, com.viber.voip, com.instagram.android, jp.naver.line.android, com.boatmob.floating.touch, com.skype.raider, mobile.lab.PhoneCallDetect, com.tencent.mobileqqi, com.qq.wpc, com.parfield.prayers.lite, com.tencent.mobileqq, com.tencent.mm, com.mediatek.systemupdate, com.rlk.frameworkservice, com.afmobigroup.gphone, com.afmobi.carlcare, com.bbm, com.twitter.android, org.telegram.messenger, com.imo.android.imoim, com.jio.join, com.libra.notification, com.excelliance.dualaid.vend, com.android.dialer, com.android.contacts, com.android.mms, com.android.deskclock, com.transsion.deskclock, com.android.gallery3d, com.mediatek.camera, com.android.incallui, com.transsion.phonemaster, com.transsion.phonemanager, com.rlk.powersavemanagement, com.transsion.powercenter, com.oraimo.appjoywear, com.transsion.subtorch, com.android.documentsui, com.domobile.applock, com.transsion.applock, com.hanvon.xpen, com.jb.gosms, com.fooview.android.fooview.transsion, com.transsion.filemanager, com.mediatek.mtklogger.proxy, com.android.printspooler, com.google.android.marvin.talkback]
11-11 15:54:47.377   830   859 D AppLockLoader: isAppLocked: packageName=com.google.android.apps.messaging, isLocked=false
11-11 15:54:47.377   830   830 D StatusBar: canPanelBeCollapsed false
11-11 15:54:47.378   830   859 D AppLockLoader: isAppLocked: packageName=com.android.gallery3d, isLocked=false
11-11 15:54:47.379   830   859 D AppLockLoader: isAppLocked: packageName=com.google.android.gm.lite, isLocked=false
11-11 15:54:47.380   830   859 D AppLockLoader: isAppLocked: packageName=com.android.vending, isLocked=false
11-11 15:54:47.381   830   859 D AppLockLoader: isAppLocked: packageName=com.transsion.phoenix, isLocked=false
11-11 15:54:47.386   830   859 D AppLockLoader: isAppLocked: packageName=com.xingin.xhs, isLocked=false
11-11 15:54:47.388   830   859 D AppLockLoader: isAppLocked: packageName=com.transsion.phonemaster, isLocked=false
11-11 15:54:47.389 25895 25895 I BaseApplication.java: [ (BaseApplication.java:145)#OnActivityStopped ] >>>>>>>>>>>>>>>>>>>  <<<<<<<<<<<<<<<<<<<
11-11 15:54:47.393 25895 25895 V PhoneWindow: DecorView setVisiblity: visibility = 4, Parent = ViewRoot{8b43bae com.opera.olist/com.olist.home.ui.detail.DetailUI,ident = 22}, this = DecorView@eaa4f3[DetailUI]
11-11 15:54:47.405   675   701 W ContextImpl: Calling a method in the system process without a qualified user: android.app.ContextImpl.sendBroadcast:967 com.mediatek.server.stk.StkManagerImpl$2.run:110 android.os.Handler.handleCallback:790 android.os.Handler.dispatchMessage:99 android.os.Looper.loop:164 
11-11 15:54:47.408   675   700 W BroadcastQueue: Background execution not allowed: receiving Intent { act=mediatek.intent.action.stk.USER_ACTIVITY flg=0x10 } to com.android.stk/.EventReceiver
11-11 15:54:47.417 25895 25978 E [EGL-ERROR]: __egl_platform_cancel_buffers:644: surface->num_buffers(4)
11-11 15:54:47.418 25895 25978 D Surface : Surface::disconnect(this=0x8e39d000,api=1)
11-11 15:54:47.421   830   830 D StatusBar: onNotificationRemoved: StatusBarNotification(pkg=android user=UserHandle{0} id=40 tag=null key=0|android|40|null|1000: Notification(channel=FOREGROUND_SERVICE pri=0 contentView=null vibrate=null sound=null defaults=0x0 flags=0x2 color=0xff607d8b vis=PRIVATE))
11-11 15:54:47.427 25895 25978 D GraphicBuffer: unregister, handle(0x9c3fe400) (w:720 h:1440 s:720 f:0x1 u:f02)
11-11 15:54:47.429 25895 25978 D GraphicBuffer: unregister, handle(0x9c3fe280) (w:720 h:1440 s:720 f:0x1 u:f02)
11-11 15:54:47.430 25895 25978 D GraphicBuffer: unregister, handle(0x9c3fdec0) (w:720 h:1440 s:720 f:0x1 u:f02)
11-11 15:54:47.433 25895 25978 D GraphicBuffer: unregister, handle(0x9c3fe880) (w:720 h:1440 s:720 f:0x1 u:f02)
11-11 15:54:47.435   264   434 I BufferQueueProducer: [com.opera.olist/com.olist.home.ui.detail.DetailUI#0](this:0xabc39000,id:2127,api:1,p:25895,c:264) disconnect(P): api 1
11-11 15:54:47.435   264   434 I BufferQueueConsumer: [com.opera.olist/com.olist.home.ui.detail.DetailUI#0](this:0xabc39000,id:2127,api:1,p:-1,c:264) getReleasedBuffers: returning mask 0xffffffffffffffff
11-11 15:54:47.509   263   263 I lowmemorykiller: Killing 'com.android.settings' (3159), uid 1000, adj 900
11-11 15:54:47.509   263   263 I lowmemorykiller:    to free 67884kB because system is under medium memory pressure oom_adj 800
11-11 15:54:47.631   830   859 D AppLockLoader: isAppLocked: packageName=com.google.android.apps.assistant, isLocked=false
11-11 15:54:47.633   830   859 D AppLockLoader: isAppLocked: packageName=com.opera.mini.native, isLocked=false
11-11 15:54:47.637   830   859 D AppLockLoader: isAppLocked: packageName=com.android.settings, isLocked=false
11-11 15:54:47.639   830   859 D AppLockLoader: isAppLocked: packageName=com.opera.olist, isLocked=false
11-11 15:54:47.645   830   859 D AppLockLoader: isAppLocked: packageName=com.opera.mini.native, isLocked=false
11-11 15:54:47.646   830   859 D AppLockLoader: isAppLocked: packageName=com.android.settings, isLocked=false
11-11 15:54:47.655   264   621 I BufferQueueProducer: [NavigationBar#0](this:0xabc65000,id:1086,api:1,p:830,c:264) queueBuffer: fps=27.84 dur=1005.80 max=494.06 min=6.26
11-11 15:54:47.675   675   772 W InputDispatcher: channel '4261c0b com.android.settings/com.android.settings.SubSettings (server)' ~ Consumer closed input channel or an error occurred.  events=0x9
11-11 15:54:47.675   675   772 E InputDispatcher: channel '4261c0b com.android.settings/com.android.settings.SubSettings (server)' ~ Channel is unrecoverably broken and will be disposed!
11-11 15:54:47.676   264   621 I SurfaceFlinger: EventThread Client Pid (3159) disconnected by (264)
11-11 15:54:47.676   264   621 I chatty  : uid=1000(system) Binder:264_4 identical 1 line
11-11 15:54:47.676   264   621 I SurfaceFlinger: EventThread Client Pid (3159) disconnected by (264)
11-11 15:54:47.678   675  1522 I WindowManager: WIN DEATH: Window{4261c0b u0 com.android.settings/com.android.settings.SubSettings}
11-11 15:54:47.678   675   772 W InputDispatcher: channel '9665aec com.android.settings/com.android.settings.Settings (server)' ~ Consumer closed input channel or an error occurred.  events=0x9
11-11 15:54:47.678   675   772 E InputDispatcher: channel '9665aec com.android.settings/com.android.settings.Settings (server)' ~ Channel is unrecoverably broken and will be disposed!
11-11 15:54:47.679   675   772 W InputDispatcher: channel '480a2dc com.android.settings/com.android.settings.Settings$SystemDashboardActivity (server)' ~ Consumer closed input channel or an error occurred.  events=0x9
11-11 15:54:47.679   675   772 E InputDispatcher: channel '480a2dc com.android.settings/com.android.settings.Settings$SystemDashboardActivity (server)' ~ Channel is unrecoverably broken and will be disposed!
11-11 15:54:47.680   675  1522 W InputDispatcher: Attempted to unregister already unregistered input channel '4261c0b com.android.settings/com.android.settings.SubSettings (server)'
11-11 15:54:47.680   675   705 W zygote  : kill(-3159, 9) failed: No such process
11-11 15:54:47.685   675  7775 I ActivityManager: Process com.android.settings (pid 3159) has died: cch  CAC 
11-11 15:54:47.687   675   705 W zygote  : kill(3159, 9) failed: No such process
11-11 15:54:47.689   675  7774 I WindowManager: WIN DEATH: Window{480a2dc u0 com.android.settings/com.android.settings.Settings$SystemDashboardActivity}
11-11 15:54:47.690   675  7774 W InputDispatcher: Attempted to unregister already unregistered input channel '480a2dc com.android.settings/com.android.settings.Settings$SystemDashboardActivity (server)'
11-11 15:54:47.698   675  7262 I WindowManager: WIN DEATH: Window{9665aec u0 com.android.settings/com.android.settings.Settings}
11-11 15:54:47.698   675  7262 W InputDispatcher: Attempted to unregister already unregistered input channel '9665aec com.android.settings/com.android.settings.Settings (server)'
11-11 15:54:47.705   830   859 D AppLockLoader: isAppLocked: packageName=com.opera.olist, isLocked=false
11-11 15:54:47.710   264   434 I SurfaceFlinger: [SF client] DEL(0xaa685500) for (675:system_server)
11-11 15:54:47.735   675   713 W ActivityManager: setHasOverlayUi called on unknown pid: 3159
11-11 15:54:47.735   675   705 W zygote  : kill(-3159, 9) failed: No such process
11-11 15:54:47.736   675   705 I zygote  : Successfully killed process cgroup uid 1000 pid 3159 in 55ms
11-11 15:54:47.736   675   705 D ProcessManager: killAllBackgroundProcesses
11-11 15:54:47.736   830   830 D StatusBar: removeNotification key=0|android|40|null|1000 old=StatusBarNotification(pkg=android user=UserHandle{0} id=40 tag=null key=0|android|40|null|1000: Notification(channel=FOREGROUND_SERVICE pri=0 contentView=null vibrate=null sound=null defaults=0x0 flags=0x2 color=0xff607d8b vis=PRIVATE))
11-11 15:54:47.738   830   859 D GraphicBuffer: register, handle(0x8c8b5380) (w:432 h:864 s:432 f:0x1 u:333)
11-11 15:54:47.756  2792  2792 V PhoneWindow: DecorView setVisiblity: visibility = 0, Parent = ViewRoot{9215ad4 com.transsion.hilauncher/com.android.launcher3.Launcher,ident = 0}, this = DecorView@4c4fae6[Launcher]
11-11 15:54:47.757   675   700 E libPowerStretch: LucidSystemServerLogic::onSetLucidFgApp send resetFromSystemServer appName = com.transsion.hilauncher
11-11 15:54:47.758   675   700 D libPowerStretch: filename is null
11-11 15:54:47.759   675   700 E libPowerStretch: LucidConfigXml found app in regex WL : com.transsion.hilauncher
11-11 15:54:47.761  2792  2792 I Choreographer: Skipped 30 frames!  The application may be doing too much work on its main thread.
11-11 15:54:47.776   675   714 D ProcessManager.SC: curt MEM=34.72%, CPU=100.00%, IOW=0.00%, threshold(20.0%,90.0%,10.0%)
11-11 15:54:47.793   675  7774 I WindowManager: Relayout Window{412a6d8 u0 com.transsion.hilauncher/com.android.launcher3.Launcher}: oldVis=8 newVis=0 focusMayChange = true
11-11 15:54:47.795   264   264 I BufferQueue: [unnamed-264-2128](this:0xaa6b9000,id:2128,api:0,p:-1,c:-1) BufferQueue core=(264:/system/bin/surfaceflinger)
11-11 15:54:47.795   264   264 E DumpTunnel: finding regDump() failed
11-11 15:54:47.795   264   264 I BufferQueueConsumer: [unnamed-264-2128](this:0xaa6b9000,id:2128,api:0,p:-1,c:264) connect(C): consumer=(264:/system/bin/surfaceflinger) controlledByApp=false
11-11 15:54:47.795   264   264 I BufferQueueConsumer: [unnamed-264-2128](this:0xaa6b9000,id:2128,api:0,p:-1,c:264) setConsumerName: unnamed-264-2128
11-11 15:54:47.795   264   264 I BufferQueueConsumer: [com.transsion.hilauncher/com.android.launcher3.Launcher#0](this:0xaa6b9000,id:2128,api:0,p:-1,c:264) setConsumerName: com.transsion.hilauncher/com.android.launcher3.Launcher#0
11-11 15:54:47.796   264   264 I BufferQueueProducer: [](this:0xaa6b9000,id:2128,api:0,p:-1,c:264) setMaxDequeuedBufferCount: maxDequeuedBuffers = 2
11-11 15:54:47.796   264   264 I BufferQueueConsumer: [com.transsion.hilauncher/com.android.launcher3.Launcher#0](this:0xaa6b9000,id:2128,api:0,p:-1,c:264) setDefaultBufferSize: width=720 height=1440
11-11 15:54:47.798   675  7774 V WindowManager: Changing focus from null to Window{412a6d8 u0 com.transsion.hilauncher/com.android.launcher3.Launcher} Callers=com.android.server.wm.WindowManagerService.relayoutWindow:2187 com.android.server.wm.Session.relayout:239 android.view.IWindowSession$Stub.onTransact:286 com.android.server.wm.Session.onTransact:163 
11-11 15:54:47.799   675  7774 D WindowManager: Input focus has changed to Window{412a6d8 u0 com.transsion.hilauncher/com.android.launcher3.Launcher}
11-11 15:54:47.799   675   701 V WindowOrientationListener: Proposed rotation changed!  proposedRotation=0, oldProposedRotation=-1
11-11 15:54:47.813   675   700 E libPowerStretch: get iris_factor xml value failed
11-11 15:54:47.815  2792  2792 D Surface : Surface::allocateBuffers(this=0x8b55a800)
11-11 15:54:47.816  2792  2889 I OpenGLRenderer: Initialized EGL, version 1.4
11-11 15:54:47.816  2792  2889 D OpenGLRenderer: Swap behavior 1
11-11 15:54:47.819   260  1600 I [Gralloc]: usage1: 0x900, format: 1 stride: 720 vertical_stride: 1440 size: 4147200
11-11 15:54:47.821   675   700 E libPowerStretch: get normal_save/outdoor_low_iris_param xml value failed
11-11 15:54:47.822   675   700 E libPowerStretch: get high_save/outdoor_low_iris_param xml value failed
11-11 15:54:47.824  2792  2889 D HWUIExtension: MTKProgramCache.init: enable enhancement 1
11-11 15:54:47.824  2792  2889 I HWUIExtension: Already had program atlas...
11-11 15:54:47.825   675   700 E libPowerStretch: get ultra_save/outdoor_low_iris_param xml value failed
11-11 15:54:47.825  2792  2889 D HWUIExtension: Initializing program cache from 0x0, size = -1
11-11 15:54:47.826   675   713 I WindowManager: Focus moving from null to Window{412a6d8 u0 com.transsion.hilauncher/com.android.launcher3.Launcher}
11-11 15:54:47.827   260  1600 I [Gralloc]: usage1: 0x900, format: 1 stride: 720 vertical_stride: 1440 size: 4147200
11-11 15:54:47.827   675   700 E libPowerStretch: get normal_save/outdoor_high_iris_param xml value failed
11-11 15:54:47.832   675   675 W ActivityManager: type=1400 audit(0.0:37257): avc: denied { search } for name="user" dev="mmcblk0p27" ino=30 scontext=u:r:system_server:s0 tcontext=u:object_r:misc_user_data_file:s0 tclass=dir permissive=0
11-11 15:54:47.832  2792  2889 E libPowerStretch: TimeStamps from Cache: lucid = 20090101000000, customer = 20090101000000
11-11 15:54:47.833  2792  2889 E libPowerStretch: Cache valid RC: lucid = 2, customer = 2
11-11 15:54:47.833   675   700 E libPowerStretch: get high_save/outdoor_high_iris_param xml value failed
11-11 15:54:47.834  2792  2889 E libPowerStretch: com.transsion.hilauncher is in priority_bl
11-11 15:54:47.834  2792  2889 E libPowerStretch: Priority black list: 1
11-11 15:54:47.834  2792  2889 E libPowerStretch: com.transsion.hilauncher in bl
11-11 15:54:47.835   675   675 W ActivityManager: type=1400 audit(0.0:37258): avc: denied { search } for name="user" dev="mmcblk0p27" ino=30 scontext=u:r:system_server:s0 tcontext=u:object_r:misc_user_data_file:s0 tclass=dir permissive=0
11-11 15:54:47.835   675   675 W ActivityManager: type=1400 audit(0.0:37259): avc: denied { search } for name="user" dev="mmcblk0p27" ino=30 scontext=u:r:system_server:s0 tcontext=u:object_r:misc_user_data_file:s0 tclass=dir permissive=0
11-11 15:54:47.835  2792  2889 D Surface : Surface::connect(this=0x8b55a800,api=1)
11-11 15:54:47.836   264   620 I BufferQueueProducer: [com.transsion.hilauncher/com.android.launcher3.Launcher#0](this:0xaa6b9000,id:2128,api:1,p:2792,c:264) connect(P): api=1 producer=(2792:com.transsion.hilauncher) producerControlledByApp=true
11-11 15:54:47.836   675   700 E libPowerStretch: get ultra_save/outdoor_high_iris_param xml value failed
11-11 15:54:47.839   675   700 E libPowerStretch: com.transsion.hilauncher is in priority_bl
11-11 15:54:47.843   260  1600 I [Gralloc]: usage1: 0x900, format: 1 stride: 720 vertical_stride: 1440 size: 4147200
11-11 15:54:47.844   675   700 E libPowerStretch: LucidConfig::getIrisOverride m_irisOverride = 0
11-11 15:54:47.855   260   260 W HwBinder:260_4: type=1400 audit(0.0:37260): avc: denied { read } for name="303-3" dev="debugfs" ino=1406918 scontext=u:r:merged_hal_service:s0 tcontext=u:object_r:debugfs:s0 tclass=file permissive=0
11-11 15:54:47.858   260  1600 E memtrack_graphic: graphic_memtrack_get_memory error to open /sys/kernel/debug/ion/clients/303: Permission denied
11-11 15:54:47.861  2792  2889 D Surface : Surface::setBufferCount(this=0x8b55a800,bufferCount=4)
11-11 15:54:47.862   264   435 I BufferQueueProducer: [com.transsion.hilauncher/com.android.launcher3.Launcher#0](this:0xaa6b9000,id:2128,api:1,p:2792,c:264) setMaxDequeuedBufferCount: maxDequeuedBuffers = 3
11-11 15:54:47.954  2792  2792 W StaticLayout: maxLineHeight should not be -1.  maxLines:1 lineCount:1
11-11 15:54:47.977  2792  2792 I chatty  : uid=10024(com.transsion.hilauncher) identical 2 lines
11-11 15:54:48.028  2792  2792 W StaticLayout: maxLineHeight should not be -1.  maxLines:1 lineCount:1
11-11 15:54:48.029   260   260 W HwBinder:260_4: type=1400 audit(0.0:37261): avc: denied { read } for name="305-5" dev="debugfs" ino=118404 scontext=u:r:merged_hal_service:s0 tcontext=u:object_r:debugfs:s0 tclass=file permissive=0
11-11 15:54:48.033   260  1600 E memtrack_graphic: graphic_memtrack_get_memory error to open /sys/kernel/debug/ion/clients/305: Permission denied
11-11 15:54:48.142   264  1255 W GrallocMapperPassthrough: buffer descriptor with invalid usage bits 0x400
11-11 15:54:48.143   260  1600 I [Gralloc]: usage1: 0xf02, format: 1 stride: 720 vertical_stride: 1440 size: 4147200
11-11 15:54:48.158  2792  2889 D GraphicBuffer: register, handle(0x9c3fe940) (w:720 h:1440 s:720 f:0x1 u:f02)
11-11 15:54:48.162   264   264 I DisplayDevice: [Built-in Screen (type:0)] fps:57.696655,dur:1005.26,max:67.57,min:12.25
11-11 15:54:48.214  2792  2889 D HWUIExtension: MTKProgramCache.generateProgram: 34359738368
11-11 15:54:48.217  2792  2889 D HWUIExtension: createProgram 0x0000000800000000, binary 0xa8d698e8, length 2552, format 36705 within 2947ns
11-11 15:54:48.218  2792  2889 D HWUIExtension: MTKProgramCache.generateProgram: 562949953421313
11-11 15:54:48.219  2792  2889 D HWUIExtension: createProgram 0x0002000000000001, binary 0xa8d5bfe4, length 2736, format 36705 within 663ns
11-11 15:54:48.220  2792  2889 D HWUIExtension: MTKProgramCache.generateProgram: 562984313159683
11-11 15:54:48.221  2792  2889 D HWUIExtension: createProgram 0x0002000800000003, binary 0xa8d5ead4, length 2828, format 36705 within 473ns
11-11 15:54:48.235  2792  2889 D HWUIExtension: MTKProgramCache.generateProgram: 0
11-11 15:54:48.236  2792  2889 D HWUIExtension: createProgram 0x0000000000000000, binary 0xa8d5a000, length 2552, format 36705 within 469ns
11-11 15:54:48.239  2792  2889 D HWUIExtension: MTKProgramCache.generateProgram: 1099511627784
11-11 15:54:48.239  2792  2889 D HWUIExtension: createProgram 0x0000010000000008, binary 0xa8d5f5e0, length 3256, format 36705 within 670ns
11-11 15:54:48.266   264   620 I BufferQueueProducer: [StatusBar#0](this:0xabc4a000,id:4,api:1,p:830,c:264) queueBuffer: fps=6.99 dur=1286.86 max=441.61 min=6.63
11-11 15:54:48.277   675   756 I BufferQueue: [unnamed-675-220](this:0x90ac5000,id:220,api:0,p:-1,c:-1) BufferQueue core=(675:system_server)
11-11 15:54:48.278   675   756 E DumpTunnel: finding regDump() failed
11-11 15:54:48.278   675   756 I BufferQueueConsumer: [unnamed-675-220](this:0x90ac5000,id:220,api:0,p:-1,c:675) connect(C): consumer=(675:system_server) controlledByApp=true
11-11 15:54:48.278   675   756 I BufferQueueConsumer: [unnamed-675-220](this:0x90ac5000,id:220,api:0,p:-1,c:675) setConsumerName: unnamed-675-220
11-11 15:54:48.279   264   620 D Surface : Surface::connect(this=0xaa69d000,api=1)
11-11 15:54:48.280   675   756 I BufferQueueProducer: [unnamed-675-220](this:0x90ac5000,id:220,api:1,p:264,c:675) connect(P): api=1 producer=(264:/system/bin/surfaceflinger) producerControlledByApp=false
11-11 15:54:48.281   260  1600 I [Gralloc]: usage1: 0x333, format: 1 stride: 432 vertical_stride: 864 size: 1492992
11-11 15:54:48.285   260  1600 D vndksupport: Loading /vendor/lib/hw/gralloc.mt6580.so from current namespace instead of sphal namespace.
11-11 15:54:48.295   264   620 D GraphicBuffer: register, handle(0xabc4db40) (w:432 h:864 s:432 f:0x1 u:333)
11-11 15:54:48.299   264   264 I SurfaceFlinger: screenshot (com.opera.olist/com.olist.home.ui.detail.DetailUI#0)
11-11 15:54:48.308   264   620 D Surface : Surface::disconnect(this=0xaa69d000,api=1)
11-11 15:54:48.309   264   620 D GraphicBuffer: unregister, handle(0xabc4db40) (w:432 h:864 s:432 f:0x1 u:333)
11-11 15:54:48.310   675   756 I BufferQueueProducer: [unnamed-675-220](this:0x90ac5000,id:220,api:1,p:264,c:675) disconnect(P): api 1
11-11 15:54:48.310   675   756 I BufferQueueConsumer: [unnamed-675-220](this:0x90ac5000,id:220,api:1,p:-1,c:675) getReleasedBuffers: returning mask 0xffffffffffffffff
11-11 15:54:48.310   675   756 I BufferQueueConsumer: [unnamed-675-220](this:0x90ac5000,id:220,api:1,p:-1,c:-1) disconnect(C)
11-11 15:54:48.311   675   756 I BufferQueue: [unnamed-675-220](this:0x90ac5000,id:220,api:1,p:-1,c:-1) ~BufferQueueCore
11-11 15:54:48.331   830   859 D GraphicBuffer: register, handle(0x8eb46480) (w:432 h:864 s:432 f:0x1 u:333)
11-11 15:54:48.344  2792  2889 E [EGL-ERROR]: __egl_platform_cancel_buffers:644: surface->num_buffers(4)
11-11 15:54:48.344   258   258 D vndksupport: Loading /vendor/lib/hw/gralloc.mt6580.so from current namespace instead of sphal namespace.
11-11 15:54:48.345  2792  2889 D Surface : Surface::disconnect(this=0x8b55a800,api=1)
11-11 15:54:48.346   258   258 D vndksupport: Loading /vendor/lib/hw/gralloc.mt6580.so from current namespace instead of sphal namespace.
11-11 15:54:48.346  2792  2889 D GraphicBuffer: unregister, handle(0x9c3fe940) (w:720 h:1440 s:720 f:0x1 u:f02)
11-11 15:54:48.347   264   620 I BufferQueueProducer: [com.transsion.hilauncher/com.android.launcher3.Launcher#0](this:0xaa6b9000,id:2128,api:1,p:2792,c:264) disconnect(P): api 1
11-11 15:54:48.350   264   264 I BufferQueueProducer: [FrameBufferSurface_0](this:0xade58000,id:0,api:1,p:264,c:264) queueBuffer: fps=0.07 dur=488551.58 max=487646.97 min=10.50
11-11 15:54:48.356   264   620 I BufferQueueConsumer: [com.transsion.hilauncher/com.android.launcher3.Launcher#0](this:0xaa6b9000,id:2128,api:1,p:-1,c:264) getReleasedBuffers: returning mask 0xffffffffffffffff
11-11 15:54:48.357  2792  2889 E libPowerStretch: TimeStamps from Cache: lucid = 20090101000000, customer = 20090101000000
11-11 15:54:48.357  2792  2889 E libPowerStretch: Cache valid RC: lucid = 2, customer = 2
11-11 15:54:48.359  2792  2889 E libPowerStretch: com.transsion.hilauncher is in priority_bl
11-11 15:54:48.359  2792  2889 E libPowerStretch: Priority black list: 1
11-11 15:54:48.359  2792  2889 E libPowerStretch: com.transsion.hilauncher in bl
11-11 15:54:48.359  2792  2889 D Surface : Surface::connect(this=0x8b55a800,api=1)
11-11 15:54:48.359   264   435 I BufferQueueProducer: [com.transsion.hilauncher/com.android.launcher3.Launcher#0](this:0xaa6b9000,id:2128,api:1,p:2792,c:264) connect(P): api=1 producer=(2792:com.transsion.hilauncher) producerControlledByApp=true
11-11 15:54:48.361  2792  2889 D Surface : Surface::setBufferCount(this=0x8b55a800,bufferCount=4)
11-11 15:54:48.362   264   621 I BufferQueueProducer: [com.transsion.hilauncher/com.android.launcher3.Launcher#0](this:0xaa6b9000,id:2128,api:1,p:2792,c:264) setMaxDequeuedBufferCount: maxDequeuedBuffers = 3
11-11 15:54:48.367   264   621 W GrallocMapperPassthrough: buffer descriptor with invalid usage bits 0x400
11-11 15:54:48.367   260  1600 I [Gralloc]: usage1: 0xf02, format: 1 stride: 720 vertical_stride: 1440 size: 4147200
11-11 15:54:48.372  2792  2889 D GraphicBuffer: register, handle(0x9c3fe940) (w:720 h:1440 s:720 f:0x1 u:f02)
11-11 15:54:48.432   260  1600 I vendor.mediatek.hardware.power@1.1-impl: PowerHint hint:8, data:0
11-11 15:54:48.437   675  7774 D IdleScreen: activityIdleScreen: android.app.ContextImpl@ab7f6f mNotifyNeeded: false idleIntent: Intent { act=android.intent.action.MAIN cat=[android.intent.category.HOME] flg=0x10a00000 cmp=com.transsion.hilauncher/com.android.launcher3.Launcher (has extras) }
11-11 15:54:48.437   260  1600 I vendor.mediatek.hardware.power@1.1-impl: mtkPowerHint hint:11, data:500
11-11 15:54:48.451   258   258 D vndksupport: Loading /vendor/lib/hw/gralloc.mt6580.so from current namespace instead of sphal namespace.
11-11 15:54:48.454 25895 25945 I System.out: true
11-11 15:54:48.468 25895 25945 I System.out: isEmailSend:POST
11-11 15:54:48.472 25895 25945 I System.out: Check isMmsSendPdu
11-11 15:54:48.481 25895 25945 I System.out: [OkHttp] sendRequest>>
11-11 15:54:48.483 25895 25945 I System.out: [OkHttp] sendRequest<<
11-11 15:54:48.492   258   258 D vndksupport: Loading /vendor/lib/hw/gralloc.mt6580.so from current namespace instead of sphal namespace.
11-11 15:54:48.495   258   258 I chatty  : uid=1000(system) composer@2.1-se identical 2 lines
11-11 15:54:48.496   258   258 D vndksupport: Loading /vendor/lib/hw/gralloc.mt6580.so from current namespace instead of sphal namespace.
11-11 15:54:48.511   264   264 I BufferQueueConsumer: [com.opera.olist/com.olist.home.ui.detail.DetailUI#0](this:0xabc39000,id:2127,api:1,p:-1,c:-1) disconnect(C)
11-11 15:54:48.514   264   264 I BufferQueue: [com.opera.olist/com.olist.home.ui.detail.DetailUI#0](this:0xabc39000,id:2127,api:1,p:-1,c:-1) ~BufferQueueCore
11-11 15:54:48.549   675   773 I PowerWrap: PowerHal_TouchBoost
11-11 15:54:48.549   260 14793 I vendor.mediatek.hardware.power@1.1-impl: mtkPowerHint hint:15, data:10000
11-11 15:54:48.552   675   701 W ContextImpl: Calling a method in the system process without a qualified user: android.app.ContextImpl.sendBroadcast:967 com.mediatek.server.stk.StkManagerImpl$2.run:110 android.os.Handler.handleCallback:790 android.os.Handler.dispatchMessage:99 android.os.Looper.loop:164 
11-11 15:54:48.554   675   700 W BroadcastQueue: Background execution not allowed: receiving Intent { act=mediatek.intent.action.stk.USER_ACTIVITY flg=0x10 } to com.android.stk/.EventReceiver
11-11 15:54:48.555   675   760 W Settings: Setting oobe_init_mode has moved from android.provider.Settings.System to android.provider.Settings.Global, returning read-only value.
11-11 15:54:48.557   675   760 D WindowManager: interceptKeyBeforeQueueing keyCode = 3
11-11 15:54:48.558   675   760 D VibratorService: enable vibrator
11-11 15:54:48.561   675   760 I PowerWrap: PowerHal_TouchBoost
11-11 15:54:48.561   260 14793 I vendor.mediatek.hardware.power@1.1-impl: mtkPowerHint hint:15, data:500
11-11 15:54:48.564   675   772 D WindowManager: isFaceEnrolling
11-11 15:54:48.565   675   701 W ContextImpl: Calling a method in the system process without a qualified user: android.app.ContextImpl.sendBroadcast:967 com.mediatek.server.stk.StkManagerImpl$2.run:110 android.os.Handler.handleCallback:790 android.os.Handler.dispatchMessage:99 android.os.Looper.loop:164 
11-11 15:54:48.566   675   700 W BroadcastQueue: Background execution not allowed: receiving Intent { act=mediatek.intent.action.stk.USER_ACTIVITY flg=0x10 } to com.android.stk/.EventReceiver
11-11 15:54:48.632   675   773 I PowerWrap: PowerHal_TouchBoost
11-11 15:54:48.632   260  1600 I vendor.mediatek.hardware.power@1.1-impl: mtkPowerHint hint:15, data:100
11-11 15:54:48.634   675  7774 W Settings: Setting oobe_init_mode has moved from android.provider.Settings.System to android.provider.Settings.Global, returning read-only value.
11-11 15:54:48.634   675  7774 D WindowManager: interceptKeyBeforeQueueing keyCode = 3
11-11 15:54:48.635   675   701 W ContextImpl: Calling a method in the system process without a qualified user: android.app.ContextImpl.sendBroadcast:967 com.mediatek.server.stk.StkManagerImpl$2.run:110 android.os.Handler.handleCallback:790 android.os.Handler.dispatchMessage:99 android.os.Looper.loop:164 
11-11 15:54:48.636   675   700 W BroadcastQueue: Background execution not allowed: receiving Intent { act=mediatek.intent.action.stk.USER_ACTIVITY flg=0x10 } to com.android.stk/.EventReceiver
11-11 15:54:48.637   675   772 D WindowManager: isFaceEnrolling
11-11 15:54:48.644   675   701 W ContextImpl: Calling a method in the system process without a qualified user: android.app.ContextImpl.sendBroadcast:967 com.mediatek.server.stk.StkManagerImpl$2.run:110 android.os.Handler.handleCallback:790 android.os.Handler.dispatchMessage:99 android.os.Looper.loop:164 
11-11 15:54:48.645   675   772 I ActivityManager: START u0 {act=android.intent.action.MAIN cat=[android.intent.category.HOME] flg=0x10200000 cmp=com.transsion.hilauncher/com.android.launcher3.Launcher (has extras)} from uid 1000
11-11 15:54:48.646   830   830 D StatusBar: canPanelBeCollapsed false
11-11 15:54:48.658   675   700 W BroadcastQueue: Background execution not allowed: receiving Intent { act=mediatek.intent.action.stk.USER_ACTIVITY flg=0x10 } to com.android.stk/.EventReceiver
11-11 15:54:48.665   264   434 I BufferQueueProducer: [NavigationBar#0](this:0xabc65000,id:1086,api:1,p:830,c:264) queueBuffer: fps=18.81 dur=1009.96 max=716.33 min=9.59
11-11 15:54:48.768   264   620 W GrallocMapperPassthrough: buffer descriptor with invalid usage bits 0x400
11-11 15:54:48.769   260  1600 I [Gralloc]: usage1: 0xf02, format: 1 stride: 720 vertical_stride: 1440 size: 4147200
11-11 15:54:48.785  2792  2889 D GraphicBuffer: register, handle(0x8befc480) (w:720 h:1440 s:720 f:0x1 u:f02)
11-11 15:54:48.819  2792  2889 D HWUIExtension: MTKProgramCache.generateProgram: 103079215104
11-11 15:54:48.820  2792  2889 D HWUIExtension: createProgram 0x0000001800000000, binary 0xa8d60da4, length 2688, format 36705 within 651ns
11-11 15:54:48.831  2792  2889 D HWUIExtension: MTKProgramCache.generateProgram: 562949958664257
11-11 15:54:48.832  2792  2889 D HWUIExtension: createProgram 0x0002000000500041, binary 0xa8d5d544, length 2832, format 36705 within 541ns
11-11 15:54:48.839   264   621 W GrallocMapperPassthrough: buffer descriptor with invalid usage bits 0x400
11-11 15:54:48.840   260  1600 I [Gralloc]: usage1: 0xf02, format: 1 stride: 720 vertical_stride: 1440 size: 4147200
11-11 15:54:48.843   258   258 D vndksupport: Loading /vendor/lib/hw/gralloc.mt6580.so from current namespace instead of sphal namespace.
11-11 15:54:48.848  2792  2889 D GraphicBuffer: register, handle(0x8befcc00) (w:720 h:1440 s:720 f:0x1 u:f02)
11-11 15:54:48.853  2792  2889 D HWUIExtension: MTKProgramCache.generateProgram: 562984313159681
11-11 15:54:48.853  2792  2889 D HWUIExtension: createProgram 0x0002000800000001, binary 0xa8d60298, length 2828, format 36705 within 552ns
11-11 15:54:48.876   258   258 D vndksupport: Loading /vendor/lib/hw/gralloc.mt6580.so from current namespace instead of sphal namespace.
11-11 15:54:48.876   264  1255 W GrallocMapperPassthrough: buffer descriptor with invalid usage bits 0x400
11-11 15:54:48.877   260  1600 I [Gralloc]: usage1: 0xf02, format: 1 stride: 720 vertical_stride: 1440 size: 4147200
11-11 15:54:48.879   258   258 D vndksupport: Loading /vendor/lib/hw/gralloc.mt6580.so from current namespace instead of sphal namespace.
11-11 15:54:48.886  2792  2889 D GraphicBuffer: register, handle(0x8befcd80) (w:720 h:1440 s:720 f:0x1 u:f02)
11-11 15:54:48.908   258   258 D vndksupport: Loading /vendor/lib/hw/gralloc.mt6580.so from current namespace instead of sphal namespace.
11-11 15:54:48.938   260   275 I libPerfService: 11: legacy set: -1 -1
11-11 15:54:48.939   260   275 I libPerfService: 11: legacy set freq: -1 -1
11-11 15:54:48.980  2792  2889 E libPowerStretch: LucidStats currentFPS = 0.14 [2399037808]
11-11 15:54:49.126   675   700 I ActivityManager: Start proc 7458:com.tencent.mm/u0a101 for service com.tencent.mm/.service.ProcessService$MMProcessService
11-11 15:54:49.126   675   700 D ActivityManager: AMS: *** Launch app com.tencent.mm/10101 for service Intent { cmp=com.tencent.mm/.service.ProcessService$MMProcessService }, from null/-1.
11-11 15:54:49.202  7458  7458 I zygote  : The ClassLoaderContext is a special shared library.
11-11 15:54:49.357   264   621 I BufferQueueProducer: [com.transsion.hilauncher/com.android.launcher3.Launcher#0](this:0xaa6b9000,id:2128,api:1,p:2792,c:264) queueBuffer: fps=10.75 dur=1115.93 max=409.72 min=7.07
11-11 15:54:49.369   264   264 I DisplayDevice: [Built-in Screen (type:0)] fps:46.363144,dur:1207.86,max:231.86,min:8.35
11-11 15:54:49.448   675   701 V WindowOrientationListener: Proposed rotation changed!  proposedRotation=0, oldProposedRotation=-1
11-11 15:54:49.536  7458  7458 E ActivityThread: Failed to find provider info for com.tencent.mm.coolassist.debugprovider
11-11 15:54:49.579   260   260 W HwBinder:260_4: type=1400 audit(0.0:37262): avc: denied { read } for name="958-0" dev="debugfs" ino=1692817 scontext=u:r:merged_hal_service:s0 tcontext=u:object_r:debugfs:s0 tclass=file permissive=0
11-11 15:54:49.584   260  1600 E memtrack_graphic: graphic_memtrack_get_memory error to open /sys/kernel/debug/ion/clients/958: Permission denied
11-11 15:54:49.637  7458  7458 I MMKV    : <MMKV.cpp:192::initialize> page size:4096
11-11 15:54:49.637  7458  7458 I MMKV    : <MMKV.cpp:206::initializeMMKV> root dir: /data/user/0/com.tencent.mm/files/mmkv
11-11 15:54:49.665   260   260 W HwBinder:260_4: type=1400 audit(0.0:37263): avc: denied { read } for name="675-1" dev="debugfs" ino=28537 scontext=u:r:merged_hal_service:s0 tcontext=u:object_r:debugfs:s0 tclass=file permissive=0
11-11 15:54:49.669   260  1600 E memtrack_graphic: graphic_memtrack_get_memory error to open /sys/kernel/debug/ion/clients/675: Permission denied
11-11 15:54:49.673   675   773 I PowerWrap: PowerHal_TouchBoost
11-11 15:54:49.674   260  1600 I vendor.mediatek.hardware.power@1.1-impl: mtkPowerHint hint:15, data:10000
11-11 15:54:49.676   260   275 I libPerfService: 15: legacy set freq: 1300000 -1
11-11 15:54:49.677  2792  2792 I zygote  : Deoptimizing android.view.View com.android.launcher3.ShortcutAndWidgetContainer.a(int, int) due to JIT inline cache
11-11 15:54:49.677   260   275 I libPerfService: 15: legacy set: 4 -1
11-11 15:54:49.678   675   701 W ContextImpl: Calling a method in the system process without a qualified user: android.app.ContextImpl.sendBroadcast:967 com.mediatek.server.stk.StkManagerImpl$2.run:110 android.os.Handler.handleCallback:790 android.os.Handler.dispatchMessage:99 android.os.Looper.loop:164 
11-11 15:54:49.680   675   700 W BroadcastQueue: Background execution not allowed: receiving Intent { act=mediatek.intent.action.stk.USER_ACTIVITY flg=0x10 } to com.android.stk/.EventReceiver
11-11 15:54:49.681  7458  7458 I LoadedApk: No resource references to update in package com.transsion.theme.icon
11-11 15:54:49.783   675   701 W ContextImpl: Calling a method in the system process without a qualified user: android.app.ContextImpl.sendBroadcast:967 com.mediatek.server.stk.StkManagerImpl$2.run:110 android.os.Handler.handleCallback:790 android.os.Handler.dispatchMessage:99 android.os.Looper.loop:164 
11-11 15:54:49.785   675   700 W BroadcastQueue: Background execution not allowed: receiving Intent { act=mediatek.intent.action.stk.USER_ACTIVITY flg=0x10 } to com.android.stk/.EventReceiver
11-11 15:54:49.803   264   620 I BufferQueueProducer: [StatusBar#0](this:0xabc4a000,id:4,api:1,p:830,c:264) queueBuffer: fps=1.30 dur=1536.92 max=991.26 min=545.67
11-11 15:54:49.848   675   773 I PowerWrap: PowerHal_TouchBoost
11-11 15:54:49.849   260 14793 I vendor.mediatek.hardware.power@1.1-impl: mtkPowerHint hint:15, data:100
11-11 15:54:49.850   675   701 I greenpower: the fling duration 302
11-11 15:54:49.851   675   701 I greenpower: the fling duration 330
11-11 15:54:49.924  2792  2797 I zygote  : Do partial code cache collection, code=248KB, data=211KB
11-11 15:54:49.929  2792  2797 I zygote  : After code cache collection, code=247KB, data=211KB
11-11 15:54:49.929  2792  2797 I zygote  : Increasing code cache capacity to 1024KB
11-11 15:54:49.950   260   275 I libPerfService: 15: legacy set: -1 -1
11-11 15:54:49.950   260   275 I libPerfService: 15: legacy set freq: -1 -1
11-11 15:54:50.031   307   307 I thermal_repeater: [recvMdThermalInfo] ret=9, strLen=127,  1, 32767
11-11 15:54:50.199  7458  7487 I FA      : Collection disabled with firebase_analytics_collection_enabled=0
11-11 15:54:50.200  7458  7487 I FA      : App measurement is starting up, version: 12451
11-11 15:54:50.200  7458  7487 I FA      : To enable debug logging run: adb shell setprop log.tag.FA VERBOSE
11-11 15:54:50.201  7458  7487 I FA      : To enable faster debug mode event logging run:
11-11 15:54:50.201  7458  7487 I FA      :   adb shell setprop debug.firebase.analytics.app com.tencent.mm
11-11 15:54:50.295  7458  7458 W CrashMonitor: JNI_OnLoad
11-11 15:54:50.296  7458  7458 D CrashMonitor: crashInitForReport...
11-11 15:54:50.296  7458  7458 D CrashMonitor: setupMonitor...
11-11 15:54:50.316  7458  7497 D CrashMonitor: WaitForSignal...
11-11 15:54:50.781  7458  7495 I WCDB    : Initialize JNI module (1/12) CursorWindow...
11-11 15:54:50.781  7458  7495 V WCDB.JNIHelp: Registering com/tencent/wcdb/CursorWindow natives
11-11 15:54:50.782  7458  7495 I WCDB    : Initialize JNI module (2/12) ChunkedCursorWindow...
11-11 15:54:50.782  7458  7495 V WCDB.JNIHelp: Registering com/tencent/wcdb/database/ChunkedCursorWindow natives
11-11 15:54:50.782  7458  7495 V WCDB.JNIHelp: Registering com/tencent/wcdb/database/SQLiteAsyncQuery natives
11-11 15:54:50.782  7458  7495 I WCDB    : Initialize JNI module (3/12) SQLiteConnection...
11-11 15:54:50.783  7458  7495 I WCDB    : Initialize JNI module (4/12) SQLiteDebug...
11-11 15:54:50.783  7458  7495 V WCDB.JNIHelp: Registering com/tencent/wcdb/database/SQLiteDebug natives
11-11 15:54:50.783  7458  7495 I WCDB    : Initialize JNI module (5/12) SQLiteDirectCursor...
11-11 15:54:50.783  7458  7495 V WCDB.JNIHelp: Registering com/tencent/wcdb/database/SQLiteDirectQuery natives
11-11 15:54:50.783  7458  7495 I WCDB    : Initialize JNI module (6/12) SQLiteGlobal...
11-11 15:54:50.784  7458  7495 V WCDB.JNIHelp: Registering com/tencent/wcdb/database/SQLiteGlobal natives
11-11 15:54:50.784  7458  7495 I WCDB    : Initialize JNI module (7/12) MMFtsTokenizer...
11-11 15:54:50.784  7458  7495 V WCDB.JNIHelp: Registering com/tencent/wcdb/extension/fts/MMFtsTokenizer natives
11-11 15:54:50.784  7458  7495 I WCDB    : Initialize JNI module (8/12) FileUtils...
11-11 15:54:50.784  7458  7495 V WCDB.JNIHelp: Registering com/tencent/wcdb/FileUtils natives
11-11 15:54:50.784  7458  7495 I WCDB    : Initialize JNI module (9/12) DBBackup...
11-11 15:54:50.784  7458  7495 V WCDB.JNIHelp: Registering com/tencent/wcdb/repair/BackupKit natives
11-11 15:54:50.784  7458  7495 V WCDB.JNIHelp: Registering com/tencent/wcdb/repair/RecoverKit natives
11-11 15:54:50.784  7458  7495 I WCDB    : Initialize JNI module (10/12) DBDumpUtil...
11-11 15:54:50.784  7458  7495 V WCDB.JNIHelp: Registering com/tencent/wcdb/repair/DBDumpUtil natives
11-11 15:54:50.784  7458  7495 I WCDB    : Initialize JNI module (11/12) DBRepair...
11-11 15:54:50.785  7458  7495 V WCDB.JNIHelp: Registering com/tencent/wcdb/repair/RepairKit$RepairCursor natives
11-11 15:54:50.785  7458  7495 I WCDB    : Initialize JNI module (12/12) Log...
11-11 15:54:50.785  7458  7495 V WCDB.JNIHelp: Registering com/tencent/wcdb/support/Log natives
11-11 15:54:50.808   264   264 I DisplayDevice: [Built-in Screen (type:0)] fps:20.153730,dur:1438.94,max:579.22,min:15.34
11-11 15:54:50.812   264   621 I BufferQueueProducer: [StatusBar#0](this:0xabc4a000,id:4,api:1,p:830,c:264) queueBuffer: fps=1.98 dur=1008.85 max=988.36 min=20.49
11-11 15:54:50.815   675   773 I PowerWrap: PowerHal_TouchBoost
11-11 15:54:50.815   260 14793 I vendor.mediatek.hardware.power@1.1-impl: mtkPowerHint hint:15, data:10000
11-11 15:54:50.816   260   275 I libPerfService: 15: legacy set freq: 1300000 -1
11-11 15:54:50.817   260   275 I libPerfService: 15: legacy set: 4 -1
11-11 15:54:50.818   675   701 W ContextImpl: Calling a method in the system process without a qualified user: android.app.ContextImpl.sendBroadcast:967 com.mediatek.server.stk.StkManagerImpl$2.run:110 android.os.Handler.handleCallback:790 android.os.Handler.dispatchMessage:99 android.os.Looper.loop:164 
11-11 15:54:50.819   675   700 W BroadcastQueue: Background execution not allowed: receiving Intent { act=mediatek.intent.action.stk.USER_ACTIVITY flg=0x10 } to com.android.stk/.EventReceiver
11-11 15:54:50.849  7458  7495 E zygote  : No implementation found for java.util.ArrayList com.tencent.mars.smc.SmcLogic.getLoadLibraries() (tried Java_com_tencent_mars_smc_SmcLogic_getLoadLibraries and Java_com_tencent_mars_smc_SmcLogic_getLoadLibraries__)
11-11 15:54:50.926   675   701 W ContextImpl: Calling a method in the system process without a qualified user: android.app.ContextImpl.sendBroadcast:967 com.mediatek.server.stk.StkManagerImpl$2.run:110 android.os.Handler.handleCallback:790 android.os.Handler.dispatchMessage:99 android.os.Looper.loop:164 
11-11 15:54:50.928   675   700 W BroadcastQueue: Background execution not allowed: receiving Intent { act=mediatek.intent.action.stk.USER_ACTIVITY flg=0x10 } to com.android.stk/.EventReceiver
11-11 15:54:50.930   675   773 I PowerWrap: PowerHal_TouchBoost
11-11 15:54:50.930   260  1600 I vendor.mediatek.hardware.power@1.1-impl: mtkPowerHint hint:15, data:100
11-11 15:54:51.031   260   275 I libPerfService: 15: legacy set: -1 -1
11-11 15:54:51.032   260   275 I libPerfService: 15: legacy set freq: -1 -1
11-11 15:54:51.059  7458  7491 D IOCanary.JNI: JNI_OnLoad
11-11 15:54:51.063   675   769 D MtkDataShapingUtils: openLteGateByDataShaping datashaping instance is null
11-11 15:54:51.096  7458  7491 D IOCanary.JNI: JNI_OnLoad done
11-11 15:54:51.101  2792  2792 W StaticLayout: maxLineHeight should not be -1.  maxLines:1 lineCount:1
11-11 15:54:51.108  7458  7491 I IOCanary.JNI: doHook
11-11 15:54:51.109  7458  7491 I IOCanary.JNI: try to hook function in libopenjdkjvm.so.
11-11 15:54:51.112  7458  7458 W parallels-0: type=1400 audit(0.0:37264): avc: denied { execmod } for path="/system/lib/libopenjdkjvm.so" dev="mmcblk0p25" ino=1683 scontext=u:r:untrusted_app:s0:c512,c768 tcontext=u:object_r:system_file:s0 tclass=file permissive=0
11-11 15:54:51.115  7458  7458 W parallels-0: type=1400 audit(0.0:37265): avc: denied { execmod } for path="/system/lib/libopenjdkjvm.so" dev="mmcblk0p25" ino=1683 scontext=u:r:untrusted_app:s0:c512,c768 tcontext=u:object_r:system_file:s0 tclass=file permissive=0
11-11 15:54:51.120  7458  7491 I IOCanary.JNI: try to hook function in libjavacore.so.
11-11 15:54:51.128  2792  2792 W StaticLayout: maxLineHeight should not be -1.  maxLines:1 lineCount:1
11-11 15:54:51.143  2792  2792 I chatty  : uid=10024(com.transsion.hilauncher) identical 1 line
11-11 15:54:51.147  2792  2792 W StaticLayout: maxLineHeight should not be -1.  maxLines:1 lineCount:1
11-11 15:54:51.152  7458  7458 W parallels-0: type=1400 audit(0.0:37266): avc: denied { execmod } for path="/system/lib/libjavacore.so" dev="mmcblk0p25" ino=1611 scontext=u:r:untrusted_app:s0:c512,c768 tcontext=u:object_r:system_file:s0 tclass=file permissive=0
11-11 15:54:51.155  7458  7458 I chatty  : uid=10101(com.tencent.mm) identical 2 lines
11-11 15:54:51.155  7458  7458 W parallels-0: type=1400 audit(0.0:37269): avc: denied { execmod } for path="/system/lib/libjavacore.so" dev="mmcblk0p25" ino=1611 scontext=u:r:untrusted_app:s0:c512,c768 tcontext=u:object_r:system_file:s0 tclass=file permissive=0
11-11 15:54:51.160  7458  7491 I IOCanary.JNI: try to hook function in libopenjdk.so.
11-11 15:54:51.165  7458  7458 W parallels-0: type=1400 audit(0.0:37270): avc: denied { execmod } for path="/system/lib/libopenjdk.so" dev="mmcblk0p25" ino=1682 scontext=u:r:untrusted_app:s0:c512,c768 tcontext=u:object_r:system_file:s0 tclass=file permissive=0
11-11 15:54:51.169  7458  7458 I chatty  : uid=10101(com.tencent.mm) identical 1 line
11-11 15:54:51.169  7458  7458 W parallels-0: type=1400 audit(0.0:37272): avc: denied { execmod } for path="/system/lib/libopenjdk.so" dev="mmcblk0p25" ino=1682 scontext=u:r:untrusted_app:s0:c512,c768 tcontext=u:object_r:system_file:s0 tclass=file permissive=0
11-11 15:54:51.189  2792  2792 W fifo-pool-threa: type=1400 audit(0.0:37273): avc: denied { search } for name="clients" dev="debugfs" ino=7433 scontext=u:r:priv_app:s0:c512,c768 tcontext=u:object_r:debugfs_ion:s0 tclass=dir permissive=0
11-11 15:54:51.205  2792  2792 W fifo-pool-threa: type=1400 audit(0.0:37274): avc: denied { search } for name="clients" dev="debugfs" ino=7433 scontext=u:r:priv_app:s0:c512,c768 tcontext=u:object_r:debugfs_ion:s0 tclass=dir permissive=0
11-11 15:54:51.213  2792  3018 D skia    : SkJpegCodec::onGetPixels + 
11-11 15:54:51.230   264  1255 I BufferQueueProducer: [com.transsion.hilauncher/com.android.launcher3.Launcher#0](this:0xaa6b9000,id:2128,api:1,p:2792,c:264) queueBuffer: fps=14.42 dur=1872.65 max=1029.46 min=7.34
11-11 15:54:51.265   977  9745 D PhoneInterfaceManager: [PhoneIntfMgr] SubscriptionManager.getPhoneId(1)=1
11-11 15:54:51.271   830   830 D SignalClusterView: setMDataInds-getState subId:1sts[com.android.systemui.statusbar.SignalClusterView$PhoneState@5ddf837]:com.android.systemui.statusbar.SignalClusterView{34a3f18 V.E...... ......ID 2,0-48,48 #7f0a02a1 app:id/signal_cluster}
11-11 15:54:51.284   977  9745 D PhoneInterfaceManager: [PhoneIntfMgr] SubscriptionManager.getPhoneId(1)=1
11-11 15:54:51.288  2792  3018 D skia    : SkJpegCodec::onGetPixels -
11-11 15:54:51.290   830   830 D SignalClusterView: setMDataInds-getState subId:1sts[com.android.systemui.statusbar.SignalClusterView$PhoneState@2ada1a4]:com.android.systemui.statusbar.SignalClusterView{bd0d7e4 V.E...... ........ 2,7-48,41 #7f0a02a1 app:id/signal_cluster}
11-11 15:54:51.325  2792  2792 W fifo-pool-threa: type=1400 audit(0.0:37275): avc: denied { search } for name="clients" dev="debugfs" ino=7433 scontext=u:r:priv_app:s0:c512,c768 tcontext=u:object_r:debugfs_ion:s0 tclass=dir permissive=0
11-11 15:54:51.325  2792  2792 W fifo-pool-threa: type=1400 audit(0.0:37276): avc: denied { search } for name="clients" dev="debugfs" ino=7433 scontext=u:r:priv_app:s0:c512,c768 tcontext=u:object_r:debugfs_ion:s0 tclass=dir permissive=0
11-11 15:54:51.331  2792  3018 D skia    : SkJpegCodec::onGetPixels + 
11-11 15:54:51.335  2792  3073 I System.out: isEmailSend:GET
11-11 15:54:51.356  2792  3073 I System.out: port:80
11-11 15:54:51.381  2792  3018 D skia    : SkJpegCodec::onGetPixels -
11-11 15:54:51.392  2792  2792 W fifo-pool-threa: type=1400 audit(0.0:37277): avc: denied { search } for name="clients" dev="debugfs" ino=7433 scontext=u:r:priv_app:s0:c512,c768 tcontext=u:object_r:debugfs_ion:s0 tclass=dir permissive=0
11-11 15:54:51.392  2792  2792 W fifo-pool-threa: type=1400 audit(0.0:37278): avc: denied { search } for name="clients" dev="debugfs" ino=7433 scontext=u:r:priv_app:s0:c512,c768 tcontext=u:object_r:debugfs_ion:s0 tclass=dir permissive=0
11-11 15:54:51.398  2792  3018 D skia    : SkJpegCodec::onGetPixels + 
11-11 15:54:51.432  2792  3018 D skia    : SkJpegCodec::onGetPixels -
11-11 15:54:51.455  2792  2792 W fifo-pool-threa: type=1400 audit(0.0:37279): avc: denied { search } for name="clients" dev="debugfs" ino=7433 scontext=u:r:priv_app:s0:c512,c768 tcontext=u:object_r:debugfs_ion:s0 tclass=dir permissive=0
11-11 15:54:51.459  2792  2792 W fifo-pool-threa: type=1400 audit(0.0:37280): avc: denied { search } for name="clients" dev="debugfs" ino=7433 scontext=u:r:priv_app:s0:c512,c768 tcontext=u:object_r:debugfs_ion:s0 tclass=dir permissive=0
11-11 15:54:51.464  2792  3018 D skia    : SkJpegCodec::onGetPixels + 
11-11 15:54:51.547  2792  3018 D skia    : SkJpegCodec::onGetPixels -
11-11 15:54:51.565  2792  2792 W fifo-pool-threa: type=1400 audit(0.0:37281): avc: denied { search } for name="clients" dev="debugfs" ino=7433 scontext=u:r:priv_app:s0:c512,c768 tcontext=u:object_r:debugfs_ion:s0 tclass=dir permissive=0
11-11 15:54:51.582  2792  2792 W fifo-pool-threa: type=1400 audit(0.0:37282): avc: denied { search } for name="clients" dev="debugfs" ino=7433 scontext=u:r:priv_app:s0:c512,c768 tcontext=u:object_r:debugfs_ion:s0 tclass=dir permissive=0
11-11 15:54:51.585  2792  3018 D skia    : SkJpegCodec::onGetPixels + 
11-11 15:54:51.598   264   620 I SurfaceFlinger: EventThread Client Pid (7458) created
11-11 15:54:51.608  2792  3073 I System.out: [OkHttp] sendRequest>>
11-11 15:54:51.610  2792  3073 I System.out: [OkHttp] sendRequest<<
11-11 15:54:51.612   264   621 I SurfaceFlinger: EventThread Client Pid (7458) created
11-11 15:54:51.652  2792  3018 D skia    : SkJpegCodec::onGetPixels -
11-11 15:54:51.692  2792  2792 W fifo-pool-threa: type=1400 audit(0.0:37283): avc: denied { search } for name="clients" dev="debugfs" ino=7433 scontext=u:r:priv_app:s0:c512,c768 tcontext=u:object_r:debugfs_ion:s0 tclass=dir permissive=0
11-11 15:54:51.702  2792  2792 W fifo-pool-threa: type=1400 audit(0.0:37284): avc: denied { search } for name="clients" dev="debugfs" ino=7433 scontext=u:r:priv_app:s0:c512,c768 tcontext=u:object_r:debugfs_ion:s0 tclass=dir permissive=0
11-11 15:54:51.705  2792  3018 D skia    : SkJpegCodec::onGetPixels + 
11-11 15:54:51.793  2792  3018 D skia    : SkJpegCodec::onGetPixels -
11-11 15:54:51.817   264   264 I DisplayDevice: [Built-in Screen (type:0)] fps:48.562222,dur:1009.01,max:132.66,min:15.57
11-11 15:54:51.822  2792  2792 W fifo-pool-threa: type=1400 audit(0.0:37285): avc: denied { search } for name="clients" dev="debugfs" ino=7433 scontext=u:r:priv_app:s0:c512,c768 tcontext=u:object_r:debugfs_ion:s0 tclass=dir permissive=0
11-11 15:54:51.822   264  1255 I BufferQueueProducer: [StatusBar#0](this:0xabc4a000,id:4,api:1,p:830,c:264) queueBuffer: fps=14.85 dur=1010.20 max=483.38 min=4.70
11-11 15:54:51.825  2792  2792 W fifo-pool-threa: type=1400 audit(0.0:37286): avc: denied { search } for name="clients" dev="debugfs" ino=7433 scontext=u:r:priv_app:s0:c512,c768 tcontext=u:object_r:debugfs_ion:s0 tclass=dir permissive=0
