11-11 15:55:01.333   675  1001 V WindowManager: Changing focus from null to Window{5843f84 u0 com.android.settings/com.android.settings.SubSettings} Callers=com.android.server.wm.WindowManagerService.relayoutWindow:2187 com.android.server.wm.Session.relayout:239 android.view.IWindowSession$Stub.onTransact:286 com.android.server.wm.Session.onTransact:163 
11-11 15:55:01.333   675  1001 D WindowManager: Input focus has changed to Window{5843f84 u0 com.android.settings/com.android.settings.SubSettings}
11-11 15:55:01.350  7529  7529 D Surface : Surface::allocateBuffers(this=0x8f4a5800)
11-11 15:55:01.351   260 14793 I [Gralloc]: usage1: 0x900, format: 1 stride: 720 vertical_stride: 1440 size: 4147200
11-11 15:55:01.351  7529  7555 E libPowerStretch: TimeStamps from Cache: lucid = 20090101000000, customer = 20090101000000
11-11 15:55:01.352  7529  7555 E libPowerStretch: Cache valid RC: lucid = 2, customer = 2
11-11 15:55:01.353   675   713 I WindowManager: Focus moving from null to Window{5843f84 u0 com.android.settings/com.android.settings.SubSettings}
11-11 15:55:01.354  7529  7555 E libPowerStretch: Priority black list: 0
11-11 15:55:01.354  7529  7555 E libPowerStretch: Mode = WVS
11-11 15:55:01.356  7529  7555 E libPowerStretch: Ice is working with black list method
11-11 15:55:01.358   260 14793 I [Gralloc]: usage1: 0x900, format: 1 stride: 720 vertical_stride: 1440 size: 4147200
11-11 15:55:01.360  7529  7555 E libPowerStretch: EglCreateWindowSurfaceImp pid 7529 != tid 7555  mResized = 1 [720 1440] 1.000000 mIsIceDelayed_wl 1  mIsIceMainThread 0 m_HardCodedBlackListed 1 _X_
11-11 15:55:01.360  7529  7555 D Surface : Surface::connect(this=0x8f4a5800,api=1)
11-11 15:55:01.363   264   435 I BufferQueueProducer: [com.android.settings/com.android.settings.SubSettings#0](this:0xaa6b9000,id:2132,api:1,p:7529,c:264) connect(P): api=1 producer=(7529:com.android.settings) producerControlledByApp=true
11-11 15:55:01.367   260 14793 I [Gralloc]: usage1: 0x900, format: 1 stride: 720 vertical_stride: 1440 size: 4147200
11-11 15:55:01.372  7529  7555 D Surface : Surface::setBufferCount(this=0x8f4a5800,bufferCount=4)
11-11 15:55:01.372   264   620 I BufferQueueProducer: [com.android.settings/com.android.settings.SubSettings#0](this:0xaa6b9000,id:2132,api:1,p:7529,c:264) setMaxDequeuedBufferCount: maxDequeuedBuffers = 3
11-11 15:55:01.482   264   434 I BufferQueueProducer: [com.android.settings/com.android.settings.Settings$SystemDashboardActivity#0](this:0xabc44000,id:2131,api:1,p:7529,c:264) queueBuffer: fps=15.82 dur=1011.53 max=727.39 min=6.11
11-11 15:55:01.493   264   264 I DisplayDevice: [Built-in Screen (type:0)] fps:60.432243,dur:1009.39,max:17.23,min:15.92
11-11 15:55:01.630  7529  7558 D SharedPreferencesLogger: Tried to log string preference development.DevelopmentSettings/select_usb_configuration = ptp
11-11 15:55:01.690   264   435 W GrallocMapperPassthrough: buffer descriptor with invalid usage bits 0x400
11-11 15:55:01.691   260 14793 I [Gralloc]: usage1: 0xf02, format: 1 stride: 720 vertical_stride: 1440 size: 4147200
11-11 15:55:01.702  7529  7555 D GraphicBuffer: register, handle(0x8d2830c0) (w:720 h:1440 s:720 f:0x1 u:f02)
11-11 15:55:01.739  7529  7555 D HWUIExtension: MTKProgramCache.generateProgram: 68724719680
11-11 15:55:01.742  7529  7555 D HWUIExtension: createProgram 0x0000001000500040, binary 0xa967c9f8, length 2800, format 36705 within 2884ns
11-11 15:55:01.743  7529  7555 D HWUIExtension: MTKProgramCache.generateProgram: 562949958664257
11-11 15:55:01.743  7529  7555 D HWUIExtension: createProgram 0x0002000000500041, binary 0xa967f544, length 2832, format 36705 within 413ns
11-11 15:55:01.783   675   713 I ActivityManager: Displayed com.android.settings/.SubSettings: +1s227ms
11-11 15:55:01.791   258   258 D vndksupport: Loading /vendor/lib/hw/gralloc.mt6580.so from current namespace instead of sphal namespace.
11-11 15:55:01.795   264   264 I BufferQueueProducer: [FrameBufferSurface_0](this:0xade58000,id:0,api:1,p:264,c:264) queueBuffer: fps=5.29 dur=2266.32 max=2085.00 min=12.08
11-11 15:55:01.801  7588  7619 D IOCanary.JNI: JNI_OnLoad
11-11 15:55:01.802  7588  7619 D IOCanary.JNI: JNI_OnLoad done
11-11 15:55:01.816  7588  7619 I IOCanary.JNI: doHook
11-11 15:55:01.816  7588  7619 I IOCanary.JNI: try to hook function in libopenjdkjvm.so.
11-11 15:55:01.816   264   435 W GrallocMapperPassthrough: buffer descriptor with invalid usage bits 0x400
11-11 15:55:01.817   260 14793 I [Gralloc]: usage1: 0xf02, format: 1 stride: 720 vertical_stride: 1440 size: 4147200
11-11 15:55:01.822  7588  7588 W parallels-0: type=1400 audit(0.0:37323): avc: denied { execmod } for path="/system/lib/libopenjdkjvm.so" dev="mmcblk0p25" ino=1683 scontext=u:r:untrusted_app:s0:c512,c768 tcontext=u:object_r:system_file:s0 tclass=file permissive=0
11-11 15:55:01.822  7588  7588 W parallels-0: type=1400 audit(0.0:37324): avc: denied { execmod } for path="/system/lib/libopenjdkjvm.so" dev="mmcblk0p25" ino=1683 scontext=u:r:untrusted_app:s0:c512,c768 tcontext=u:object_r:system_file:s0 tclass=file permissive=0
11-11 15:55:01.827  7588  7619 I IOCanary.JNI: try to hook function in libjavacore.so.
11-11 15:55:01.828  7588  7588 W parallels-0: type=1400 audit(0.0:37325): avc: denied { execmod } for path="/system/lib/libjavacore.so" dev="mmcblk0p25" ino=1611 scontext=u:r:untrusted_app:s0:c512,c768 tcontext=u:object_r:system_file:s0 tclass=file permissive=0
11-11 15:55:01.828  7588  7588 W parallels-0: type=1400 audit(0.0:37326): avc: denied { execmod } for path="/system/lib/libjavacore.so" dev="mmcblk0p25" ino=1611 scontext=u:r:untrusted_app:s0:c512,c768 tcontext=u:object_r:system_file:s0 tclass=file permissive=0
11-11 15:55:01.828  7588  7588 I chatty  : uid=10101 com.tencent.mm:push identical 1 line
11-11 15:55:01.828  7588  7588 W parallels-0: type=1400 audit(0.0:37328): avc: denied { execmod } for path="/system/lib/libjavacore.so" dev="mmcblk0p25" ino=1611 scontext=u:r:untrusted_app:s0:c512,c768 tcontext=u:object_r:system_file:s0 tclass=file permissive=0
11-11 15:55:01.830  7529  7555 D GraphicBuffer: register, handle(0x8d283900) (w:720 h:1440 s:720 f:0x1 u:f02)
11-11 15:55:01.833  7588  7619 I IOCanary.JNI: try to hook function in libopenjdk.so.
11-11 15:55:01.842  7588  7588 W parallels-0: type=1400 audit(0.0:37329): avc: denied { execmod } for path="/system/lib/libopenjdk.so" dev="mmcblk0p25" ino=1682 scontext=u:r:untrusted_app:s0:c512,c768 tcontext=u:object_r:system_file:s0 tclass=file permissive=0
11-11 15:55:01.842  7588  7588 I chatty  : uid=10101 com.tencent.mm:push identical 1 line
11-11 15:55:01.842  7588  7588 W parallels-0: type=1400 audit(0.0:37331): avc: denied { execmod } for path="/system/lib/libopenjdk.so" dev="mmcblk0p25" ino=1682 scontext=u:r:untrusted_app:s0:c512,c768 tcontext=u:object_r:system_file:s0 tclass=file permissive=0
11-11 15:55:01.843   258   258 D vndksupport: Loading /vendor/lib/hw/gralloc.mt6580.so from current namespace instead of sphal namespace.
11-11 15:55:01.854  7529  7555 E [EGL-ERROR]: __egl_platform_cancel_buffers:644: surface->num_buffers(4)
11-11 15:55:01.855  7529  7555 D Surface : Surface::disconnect(this=0x8d299800,api=1)
11-11 15:55:01.857  7529  7555 D GraphicBuffer: unregister, handle(0x8d284980) (w:720 h:1440 s:720 f:0x1 u:f02)
11-11 15:55:01.858  7529  7555 D GraphicBuffer: unregister, handle(0x8d284800) (w:720 h:1440 s:720 f:0x1 u:f02)
11-11 15:55:01.860  7529  7555 D GraphicBuffer: unregister, handle(0x8d284080) (w:720 h:1440 s:720 f:0x1 u:f02)
11-11 15:55:01.863  7529  7555 D GraphicBuffer: unregister, handle(0x9c3ff400) (w:720 h:1440 s:720 f:0x1 u:f02)
11-11 15:55:01.863   264   620 I BufferQueueProducer: [com.android.settings/com.android.settings.Settings$SystemDashboardActivity#0](this:0xabc44000,id:2131,api:1,p:7529,c:264) disconnect(P): api 1
11-11 15:55:01.863   264   620 I BufferQueueConsumer: [com.android.settings/com.android.settings.Settings$SystemDashboardActivity#0](this:0xabc44000,id:2131,api:1,p:-1,c:264) getReleasedBuffers: returning mask 0xffffffffffffffff
11-11 15:55:01.864  7529  7555 D OpenGLRenderer: endAllActiveAnimators on 0x8d2dec00 (RippleDrawable) with handle 0x9c3fc4e0
11-11 15:55:01.880   260 14793 I vendor.mediatek.hardware.power@1.1-impl: PowerHint hint:8, data:0
11-11 15:55:01.885   675  1001 D IdleScreen: activityIdleScreen: android.app.ContextImpl@ab7f6f mNotifyNeeded: false idleIntent: Intent { act=android.intent.action.MAIN cmp=com.android.settings/.SubSettings (has extras) }
11-11 15:55:01.886   260 14793 I vendor.mediatek.hardware.power@1.1-impl: mtkPowerHint hint:12, data:500
11-11 15:55:01.900   264   434 I BufferQueueProducer: [StatusBar#0](this:0xabc4a000,id:4,api:1,p:830,c:264) queueBuffer: fps=12.02 dur=1081.22 max=787.09 min=13.58
11-11 15:55:02.022   258   258 D vndksupport: Loading /vendor/lib/hw/gralloc.mt6580.so from current namespace instead of sphal namespace.
11-11 15:55:02.025   258   258 I chatty  : uid=1000(system) composer@2.1-se identical 2 lines
11-11 15:55:02.026   258   258 D vndksupport: Loading /vendor/lib/hw/gralloc.mt6580.so from current namespace instead of sphal namespace.
11-11 15:55:02.164  7529  7529 V PhoneWindow: DecorView setVisiblity: visibility = 4, Parent = ViewRoot{1dd540f com.android.settings/com.android.settings.Settings$SystemDashboardActivity,ident = 1}, this = DecorView@4b4970[Settings$SystemDashboardActivity]
11-11 15:55:02.185   264   264 I BufferQueueConsumer: [com.android.settings/com.android.settings.Settings$SystemDashboardActivity#0](this:0xabc44000,id:2131,api:1,p:-1,c:-1) disconnect(C)
11-11 15:55:02.187   264   264 I BufferQueue: [com.android.settings/com.android.settings.Settings$SystemDashboardActivity#0](this:0xabc44000,id:2131,api:1,p:-1,c:-1) ~BufferQueueCore
11-11 15:55:02.332   977  1254 D PhoneInterfaceManager: [PhoneIntfMgr] SubscriptionManager.getPhoneId(1)=1
11-11 15:55:02.335   830   830 D SignalClusterView: setMDataInds-getState subId:1sts[com.android.systemui.statusbar.SignalClusterView$PhoneState@5ddf837]:com.android.systemui.statusbar.SignalClusterView{34a3f18 V.E...... ......ID 2,0-48,48 #7f0a02a1 app:id/signal_cluster}
11-11 15:55:02.344   977  1254 D PhoneInterfaceManager: [PhoneIntfMgr] SubscriptionManager.getPhoneId(1)=1
11-11 15:55:02.348   830   830 D SignalClusterView: setMDataInds-getState subId:1sts[com.android.systemui.statusbar.SignalClusterView$PhoneState@2ada1a4]:com.android.systemui.statusbar.SignalClusterView{bd0d7e4 V.E...... ........ 2,7-48,41 #7f0a02a1 app:id/signal_cluster}
11-11 15:55:02.387   260   275 I libPerfService: 12: legacy set: -1 -1
11-11 15:55:02.388   260   275 I libPerfService: 12: legacy set freq: -1 -1
11-11 15:55:02.475   675  7262 V SettingsProvider: packageValueForCallResult, name = time_12_24, value : Bundle[{_track_generation=android.util.MemoryIntArray@5e, value=12, _generation_index=2, _generation=339}]
11-11 15:55:02.500   675   773 I PowerWrap: PowerHal_TouchBoost
11-11 15:55:02.500   260 14793 I vendor.mediatek.hardware.power@1.1-impl: mtkPowerHint hint:15, data:10000
11-11 15:55:02.502   260   260 W HwBinder:260_3: type=1400 audit(0.0:37332): avc: denied { read } for name="7529-0" dev="debugfs" ino=2946698 scontext=u:r:merged_hal_service:s0 tcontext=u:object_r:debugfs:s0 tclass=file permissive=0
11-11 15:55:02.502   260   275 I libPerfService: 15: legacy set freq: 1300000 -1
11-11 15:55:02.502   260   275 I libPerfService: 15: legacy set: 4 -1
11-11 15:55:02.503   675   701 W ContextImpl: Calling a method in the system process without a qualified user: android.app.ContextImpl.sendBroadcast:967 com.mediatek.server.stk.StkManagerImpl$2.run:110 android.os.Handler.handleCallback:790 android.os.Handler.dispatchMessage:99 android.os.Looper.loop:164 
11-11 15:55:02.504   675   700 W BroadcastQueue: Background execution not allowed: receiving Intent { act=mediatek.intent.action.stk.USER_ACTIVITY flg=0x10 } to com.android.stk/.EventReceiver
11-11 15:55:02.507   260   640 E memtrack_graphic: graphic_memtrack_get_memory error to open /sys/kernel/debug/ion/clients/7529: Permission denied
11-11 15:55:02.583  7529  7529 I zygote  : Deoptimizing void android.support.v7.widget.RecyclerView.repositionShadowingViews() due to JIT inline cache
11-11 15:55:02.584  7529  7529 I zygote  : Deoptimizing boolean android.support.v7.widget.RecyclerView.scrollByInternal(int, int, android.view.MotionEvent) due to JIT inline cache
11-11 15:55:02.587   264   434 W GrallocMapperPassthrough: buffer descriptor with invalid usage bits 0x400
11-11 15:55:02.588   260   640 I [Gralloc]: usage1: 0xf02, format: 1 stride: 720 vertical_stride: 1440 size: 4147200
11-11 15:55:02.594  7529  7555 D GraphicBuffer: register, handle(0x8d2839c0) (w:720 h:1440 s:720 f:0x1 u:f02)
11-11 15:55:02.596  7529  7529 I zygote  : Deoptimizing void android.support.v7.widget.GapWorker.run() due to JIT inline cache
11-11 15:55:02.596  7529  7529 I zygote  : Deoptimizing void android.support.v7.widget.GapWorker.buildTaskList() due to JIT inline cache
11-11 15:55:02.613   675   701 W ContextImpl: Calling a method in the system process without a qualified user: android.app.ContextImpl.sendBroadcast:967 com.mediatek.server.stk.StkManagerImpl$2.run:110 android.os.Handler.handleCallback:790 android.os.Handler.dispatchMessage:99 android.os.Looper.loop:164 
11-11 15:55:02.615   675   700 W BroadcastQueue: Background execution not allowed: receiving Intent { act=mediatek.intent.action.stk.USER_ACTIVITY flg=0x10 } to com.android.stk/.EventReceiver
11-11 15:55:02.618   258   258 D vndksupport: Loading /vendor/lib/hw/gralloc.mt6580.so from current namespace instead of sphal namespace.
11-11 15:55:02.619   264   435 W GrallocMapperPassthrough: buffer descriptor with invalid usage bits 0x400
11-11 15:55:02.619   260   640 I [Gralloc]: usage1: 0xf02, format: 1 stride: 720 vertical_stride: 1440 size: 4147200
11-11 15:55:02.620   264   264 I DisplayDevice: [Built-in Screen (type:0)] fps:39.908054,dur:1127.59,max:234.80,min:5.69
11-11 15:55:02.627  7529  7555 D GraphicBuffer: register, handle(0x8d284080) (w:720 h:1440 s:720 f:0x1 u:f02)
11-11 15:55:02.653   258   258 D vndksupport: Loading /vendor/lib/hw/gralloc.mt6580.so from current namespace instead of sphal namespace.
11-11 15:55:02.717   675   701 W ContextImpl: Calling a method in the system process without a qualified user: android.app.ContextImpl.sendBroadcast:967 com.mediatek.server.stk.StkManagerImpl$2.run:110 android.os.Handler.handleCallback:790 android.os.Handler.dispatchMessage:99 android.os.Looper.loop:164 
11-11 15:55:02.720   675   700 W BroadcastQueue: Background execution not allowed: receiving Intent { act=mediatek.intent.action.stk.USER_ACTIVITY flg=0x10 } to com.android.stk/.EventReceiver
11-11 15:55:02.756   264   435 I BufferQueueProducer: [com.android.settings/com.android.settings.SubSettings#0](this:0xaa6b9000,id:2132,api:1,p:7529,c:264) queueBuffer: fps=11.89 dur=1009.17 max=767.62 min=7.14
11-11 15:55:02.806   675   773 I PowerWrap: PowerHal_TouchBoost
11-11 15:55:02.806   260   640 I vendor.mediatek.hardware.power@1.1-impl: mtkPowerHint hint:15, data:100
11-11 15:55:02.907   260   275 I libPerfService: 15: legacy set: -1 -1
11-11 15:55:02.908   260   275 I libPerfService: 15: legacy set freq: -1 -1
11-11 15:55:02.915  7588  7588 W mars::7650: type=1400 audit(0.0:37333): avc: denied { read } for name="u:object_r:net_dns_prop:s0" dev="tmpfs" ino=261 scontext=u:r:untrusted_app:s0:c512,c768 tcontext=u:object_r:net_dns_prop:s0 tclass=file permissive=0
11-11 15:55:02.915  7588  7588 W mars::7650: type=1400 audit(0.0:37334): avc: denied { read } for name="u:object_r:net_dns_prop:s0" dev="tmpfs" ino=261 scontext=u:r:untrusted_app:s0:c512,c768 tcontext=u:object_r:net_dns_prop:s0 tclass=file permissive=0
11-11 15:55:02.917  7529  7555 E libPowerStretch: LucidStats currentFPS = 25.92 [2392484208]
11-11 15:55:02.918  7588  7650 E libc    : Access denied finding property "net.dns1"
11-11 15:55:02.918  7588  7650 E libc    : Access denied finding property "net.dns2"
11-11 15:55:02.971   675   773 I PowerWrap: PowerHal_TouchBoost
11-11 15:55:02.972   260   640 I vendor.mediatek.hardware.power@1.1-impl: mtkPowerHint hint:15, data:10000
11-11 15:55:02.973   260   275 I libPerfService: 15: legacy set freq: 1300000 -1
11-11 15:55:02.974   260   275 I libPerfService: 15: legacy set: 4 -1
11-11 15:55:02.975   675   701 W ContextImpl: Calling a method in the system process without a qualified user: android.app.ContextImpl.sendBroadcast:967 com.mediatek.server.stk.StkManagerImpl$2.run:110 android.os.Handler.handleCallback:790 android.os.Handler.dispatchMessage:99 android.os.Looper.loop:164 
11-11 15:55:02.976   675   700 W BroadcastQueue: Background execution not allowed: receiving Intent { act=mediatek.intent.action.stk.USER_ACTIVITY flg=0x10 } to com.android.stk/.EventReceiver
11-11 15:55:03.083   675   701 W ContextImpl: Calling a method in the system process without a qualified user: android.app.ContextImpl.sendBroadcast:967 com.mediatek.server.stk.StkManagerImpl$2.run:110 android.os.Handler.handleCallback:790 android.os.Handler.dispatchMessage:99 android.os.Looper.loop:164 
11-11 15:55:03.084   675   700 W BroadcastQueue: Background execution not allowed: receiving Intent { act=mediatek.intent.action.stk.USER_ACTIVITY flg=0x10 } to com.android.stk/.EventReceiver
11-11 15:55:03.103   675   773 I PowerWrap: PowerHal_TouchBoost
11-11 15:55:03.104   675   701 I greenpower: the fling duration 660
11-11 15:55:03.105   675   701 I greenpower: the fling duration 828
11-11 15:55:03.106  7529  7529 I greenpower: the fling duration 829
11-11 15:55:03.108   260   640 I vendor.mediatek.hardware.power@1.1-impl: mtkPowerHint hint:15, data:100
11-11 15:55:03.115  7588  7588 W mars::7656: type=1400 audit(0.0:37335): avc: denied { read } for name="u:object_r:net_dns_prop:s0" dev="tmpfs" ino=261 scontext=u:r:untrusted_app:s0:c512,c768 tcontext=u:object_r:net_dns_prop:s0 tclass=file permissive=0
11-11 15:55:03.115  7588  7588 W mars::7656: type=1400 audit(0.0:37336): avc: denied { read } for name="u:object_r:net_dns_prop:s0" dev="tmpfs" ino=261 scontext=u:r:untrusted_app:s0:c512,c768 tcontext=u:object_r:net_dns_prop:s0 tclass=file permissive=0
11-11 15:55:03.119  7588  7656 E libc    : Access denied finding property "net.dns1"
11-11 15:55:03.120  7588  7656 E libc    : Access denied finding property "net.dns2"
11-11 15:55:03.209   260   275 I libPerfService: 15: legacy set: -1 -1
11-11 15:55:03.223   260   275 I libPerfService: 15: legacy set freq: -1 -1
11-11 15:55:03.238  7588  7588 W mars::7650: type=1400 audit(0.0:37337): avc: denied { read } for name="u:object_r:net_dns_prop:s0" dev="tmpfs" ino=261 scontext=u:r:untrusted_app:s0:c512,c768 tcontext=u:object_r:net_dns_prop:s0 tclass=file permissive=0
11-11 15:55:03.238  7588  7588 W mars::7650: type=1400 audit(0.0:37338): avc: denied { read } for name="u:object_r:net_dns_prop:s0" dev="tmpfs" ino=261 scontext=u:r:untrusted_app:s0:c512,c768 tcontext=u:object_r:net_dns_prop:s0 tclass=file permissive=0
11-11 15:55:03.243  7588  7650 E libc    : Access denied finding property "net.dns1"
11-11 15:55:03.263  7588  7650 E libc    : Access denied finding property "net.dns2"
11-11 15:55:03.291   263   263 I lowmemorykiller: Killing 'com.tencent.mm:push' (7588), uid 10101, adj 800
11-11 15:55:03.291   263   263 I lowmemorykiller:    to free 123656kB because system is under medium memory pressure oom_adj 800
11-11 15:55:03.352   977  1254 D PhoneInterfaceManager: [PhoneIntfMgr] SubscriptionManager.getPhoneId(1)=1
11-11 15:55:03.357   830   830 D SignalClusterView: setMDataInds-getState subId:1sts[com.android.systemui.statusbar.SignalClusterView$PhoneState@5ddf837]:com.android.systemui.statusbar.SignalClusterView{34a3f18 V.E...... ......ID 2,0-48,48 #7f0a02a1 app:id/signal_cluster}
11-11 15:55:03.373   977  1254 D PhoneInterfaceManager: [PhoneIntfMgr] SubscriptionManager.getPhoneId(1)=1
11-11 15:55:03.385   830   830 D SignalClusterView: setMDataInds-getState subId:1sts[com.android.systemui.statusbar.SignalClusterView$PhoneState@2ada1a4]:com.android.systemui.statusbar.SignalClusterView{bd0d7e4 V.E...... ........ 2,7-48,41 #7f0a02a1 app:id/signal_cluster}
11-11 15:55:03.413   264   434 I BufferQueueProducer: [StatusBar#0](this:0xabc4a000,id:4,api:1,p:830,c:264) queueBuffer: fps=6.61 dur=1513.53 max=626.54 min=13.98
11-11 15:55:03.439   675  1001 I ActivityManager: Process com.tencent.mm:push (pid 7588) has died: svcb SVC 
11-11 15:55:03.439  7529  7531 I zygote  : Do partial code cache collection, code=113KB, data=95KB
11-11 15:55:03.440   675  1001 W ActivityManager: Scheduling restart of crashed service com.tencent.mm/.booter.CoreService in 4000ms
11-11 15:55:03.441  7529  7531 I zygote  : After code cache collection, code=104KB, data=91KB
11-11 15:55:03.441  7529  7531 I zygote  : Increasing code cache capacity to 512KB
11-11 15:55:03.444   675   705 W zygote  : kill(-7588, 9) failed: No such process
11-11 15:55:03.468   675   773 I PowerWrap: PowerHal_TouchBoost
11-11 15:55:03.468   260   640 I vendor.mediatek.hardware.power@1.1-impl: mtkPowerHint hint:15, data:10000
11-11 15:55:03.472   260   275 I libPerfService: 15: legacy set freq: 1300000 -1
11-11 15:55:03.473   675   701 W ContextImpl: Calling a method in the system process without a qualified user: android.app.ContextImpl.sendBroadcast:967 com.mediatek.server.stk.StkManagerImpl$2.run:110 android.os.Handler.handleCallback:790 android.os.Handler.dispatchMessage:99 android.os.Looper.loop:164 
11-11 15:55:03.473   260   275 I libPerfService: 15: legacy set: 4 -1
11-11 15:55:03.474   675   700 W BroadcastQueue: Background execution not allowed: receiving Intent { act=mediatek.intent.action.stk.USER_ACTIVITY flg=0x10 } to com.android.stk/.EventReceiver
11-11 15:55:03.483  7529  7529 I zygote  : Deoptimizing void android.support.v7.preference.Preference.onBindViewHolder(android.support.v7.preference.PreferenceViewHolder) due to JIT same target
11-11 15:55:03.488   675   705 W zygote  : kill(-7588, 9) failed: No such process
11-11 15:55:03.488   675   705 I zygote  : Successfully killed process cgroup uid 10101 pid 7588 in 48ms
11-11 15:55:03.489   675   705 D ProcessManager: killAllBackgroundProcesses
11-11 15:55:03.577   675   701 W ContextImpl: Calling a method in the system process without a qualified user: android.app.ContextImpl.sendBroadcast:967 com.mediatek.server.stk.StkManagerImpl$2.run:110 android.os.Handler.handleCallback:790 android.os.Handler.dispatchMessage:99 android.os.Looper.loop:164 
11-11 15:55:03.578   675   700 W BroadcastQueue: Background execution not allowed: receiving Intent { act=mediatek.intent.action.stk.USER_ACTIVITY flg=0x10 } to com.android.stk/.EventReceiver
11-11 15:55:03.626   264   264 I DisplayDevice: [Built-in Screen (type:0)] fps:50.713726,dur:1005.64,max:98.92,min:12.67
11-11 15:55:03.684   675   701 W ContextImpl: Calling a method in the system process without a qualified user: android.app.ContextImpl.sendBroadcast:967 com.mediatek.server.stk.StkManagerImpl$2.run:110 android.os.Handler.handleCallback:790 android.os.Handler.dispatchMessage:99 android.os.Looper.loop:164 
11-11 15:55:03.686   675   700 W BroadcastQueue: Background execution not allowed: receiving Intent { act=mediatek.intent.action.stk.USER_ACTIVITY flg=0x10 } to com.android.stk/.EventReceiver
11-11 15:55:03.764   264   434 I BufferQueueProducer: [com.android.settings/com.android.settings.SubSettings#0](this:0xaa6b9000,id:2132,api:1,p:7529,c:264) queueBuffer: fps=49.61 dur=1007.90 max=112.10 min=7.37
11-11 15:55:03.794   675   701 W ContextImpl: Calling a method in the system process without a qualified user: android.app.ContextImpl.sendBroadcast:967 com.mediatek.server.stk.StkManagerImpl$2.run:110 android.os.Handler.handleCallback:790 android.os.Handler.dispatchMessage:99 android.os.Looper.loop:164 
11-11 15:55:03.795   675   700 W BroadcastQueue: Background execution not allowed: receiving Intent { act=mediatek.intent.action.stk.USER_ACTIVITY flg=0x10 } to com.android.stk/.EventReceiver
11-11 15:55:03.806   675   773 I PowerWrap: PowerHal_TouchBoost
11-11 15:55:03.807   260   640 I vendor.mediatek.hardware.power@1.1-impl: mtkPowerHint hint:15, data:100
11-11 15:55:03.811   675   701 I greenpower: the fling duration 1194
11-11 15:55:03.811   675   701 I greenpower: the fling duration 1172
11-11 15:55:03.817  7529  7529 I greenpower: the fling duration 1169
11-11 15:55:03.909   260   275 I libPerfService: 15: legacy set: -1 -1
11-11 15:55:03.909   260   275 I libPerfService: 15: legacy set freq: -1 -1
11-11 15:55:04.203   675   773 I PowerWrap: PowerHal_TouchBoost
11-11 15:55:04.203   260   640 I vendor.mediatek.hardware.power@1.1-impl: mtkPowerHint hint:15, data:10000
11-11 15:55:04.208   675   701 W ContextImpl: Calling a method in the system process without a qualified user: android.app.ContextImpl.sendBroadcast:967 com.mediatek.server.stk.StkManagerImpl$2.run:110 android.os.Handler.handleCallback:790 android.os.Handler.dispatchMessage:99 android.os.Looper.loop:164 
11-11 15:55:04.208   260   275 I libPerfService: 15: legacy set freq: 1300000 -1
11-11 15:55:04.208   260   275 I libPerfService: 15: legacy set: 4 -1
11-11 15:55:04.209   675   700 W BroadcastQueue: Background execution not allowed: receiving Intent { act=mediatek.intent.action.stk.USER_ACTIVITY flg=0x10 } to com.android.stk/.EventReceiver
11-11 15:55:04.232   264  1255 I BufferQueueProducer: [com.android.settings/com.android.settings.SubSettings#0](this:0xaa6b9000,id:2132,api:1,p:7529,c:264) RunningBehind, queued size:2
11-11 15:55:04.322   675   701 W ContextImpl: Calling a method in the system process without a qualified user: android.app.ContextImpl.sendBroadcast:967 com.mediatek.server.stk.StkManagerImpl$2.run:110 android.os.Handler.handleCallback:790 android.os.Handler.dispatchMessage:99 android.os.Looper.loop:164 
11-11 15:55:04.324   675   700 W BroadcastQueue: Background execution not allowed: receiving Intent { act=mediatek.intent.action.stk.USER_ACTIVITY flg=0x10 } to com.android.stk/.EventReceiver
11-11 15:55:04.428   675   701 W ContextImpl: Calling a method in the system process without a qualified user: android.app.ContextImpl.sendBroadcast:967 com.mediatek.server.stk.StkManagerImpl$2.run:110 android.os.Handler.handleCallback:790 android.os.Handler.dispatchMessage:99 android.os.Looper.loop:164 
11-11 15:55:04.429   675   700 W BroadcastQueue: Background execution not allowed: receiving Intent { act=mediatek.intent.action.stk.USER_ACTIVITY flg=0x10 } to com.android.stk/.EventReceiver
11-11 15:55:04.535   675   701 W ContextImpl: Calling a method in the system process without a qualified user: android.app.ContextImpl.sendBroadcast:967 com.mediatek.server.stk.StkManagerImpl$2.run:110 android.os.Handler.handleCallback:790 android.os.Handler.dispatchMessage:99 android.os.Looper.loop:164 
11-11 15:55:04.538   675   700 W BroadcastQueue: Background execution not allowed: receiving Intent { act=mediatek.intent.action.stk.USER_ACTIVITY flg=0x10 } to com.android.stk/.EventReceiver
11-11 15:55:04.635   264   264 I DisplayDevice: [Built-in Screen (type:0)] fps:54.527893,dur:1008.66,max:33.70,min:15.81
11-11 15:55:04.642   675   773 I PowerWrap: PowerHal_TouchBoost
11-11 15:55:04.642   260   640 I vendor.mediatek.hardware.power@1.1-impl: mtkPowerHint hint:15, data:100
11-11 15:55:04.643   675   701 I greenpower: the fling duration 785
11-11 15:55:04.643   675   701 I greenpower: the fling duration 967
11-11 15:55:04.645   675   701 W ContextImpl: Calling a method in the system process without a qualified user: android.app.ContextImpl.sendBroadcast:967 com.mediatek.server.stk.StkManagerImpl$2.run:110 android.os.Handler.handleCallback:790 android.os.Handler.dispatchMessage:99 android.os.Looper.loop:164 
11-11 15:55:04.645  7529  7529 I greenpower: the fling duration 868
11-11 15:55:04.645   675   700 W BroadcastQueue: Background execution not allowed: receiving Intent { act=mediatek.intent.action.stk.USER_ACTIVITY flg=0x10 } to com.android.stk/.EventReceiver
11-11 15:55:04.744   260   275 I libPerfService: 15: legacy set: -1 -1
11-11 15:55:04.744   260   275 I libPerfService: 15: legacy set freq: -1 -1
11-11 15:55:04.779   264  1255 I BufferQueueProducer: [StatusBar#0](this:0xabc4a000,id:4,api:1,p:830,c:264) queueBuffer: fps=1.46 dur=1365.54 max=992.81 min=372.73
11-11 15:55:04.779   264   435 I BufferQueueProducer: [com.android.settings/com.android.settings.SubSettings#0](this:0xaa6b9000,id:2132,api:1,p:7529,c:264) queueBuffer: fps=52.19 dur=1015.58 max=60.22 min=5.61
11-11 15:55:04.882   675   773 I PowerWrap: PowerHal_TouchBoost
11-11 15:55:04.884   260   640 I vendor.mediatek.hardware.power@1.1-impl: mtkPowerHint hint:15, data:10000
11-11 15:55:04.886   260   275 I libPerfService: 15: legacy set freq: 1300000 -1
11-11 15:55:04.887   260   275 I libPerfService: 15: legacy set: 4 -1
11-11 15:55:04.888   675   701 W ContextImpl: Calling a method in the system process without a qualified user: android.app.ContextImpl.sendBroadcast:967 com.mediatek.server.stk.StkManagerImpl$2.run:110 android.os.Handler.handleCallback:790 android.os.Handler.dispatchMessage:99 android.os.Looper.loop:164 
11-11 15:55:04.889   675   700 W BroadcastQueue: Background execution not allowed: receiving Intent { act=mediatek.intent.action.stk.USER_ACTIVITY flg=0x10 } to com.android.stk/.EventReceiver
11-11 15:55:04.897   264   435 I BufferQueueProducer: [com.android.settings/com.android.settings.SubSettings#0](this:0xaa6b9000,id:2132,api:1,p:7529,c:264) RunningBehind, queued size:2
11-11 15:55:04.906   264   435 I BufferQueueProducer: [com.android.settings/com.android.settings.SubSettings#0](this:0xaa6b9000,id:2132,api:1,p:7529,c:264) RunningBehind, queued size:2
11-11 15:55:05.023   675   701 W ContextImpl: Calling a method in the system process without a qualified user: android.app.ContextImpl.sendBroadcast:967 com.mediatek.server.stk.StkManagerImpl$2.run:110 android.os.Handler.handleCallback:790 android.os.Handler.dispatchMessage:99 android.os.Looper.loop:164 
11-11 15:55:05.024   675   700 W BroadcastQueue: Background execution not allowed: receiving Intent { act=mediatek.intent.action.stk.USER_ACTIVITY flg=0x10 } to com.android.stk/.EventReceiver
11-11 15:55:05.131   675   701 W ContextImpl: Calling a method in the system process without a qualified user: android.app.ContextImpl.sendBroadcast:967 com.mediatek.server.stk.StkManagerImpl$2.run:110 android.os.Handler.handleCallback:790 android.os.Handler.dispatchMessage:99 android.os.Looper.loop:164 
11-11 15:55:05.133   675   700 W BroadcastQueue: Background execution not allowed: receiving Intent { act=mediatek.intent.action.stk.USER_ACTIVITY flg=0x10 } to com.android.stk/.EventReceiver
11-11 15:55:05.167   675   933 D AES     : AEEIOCTL_GET/SET_SF_STATE IOCTL,cmd= 1074294797, lParam=0. 
11-11 15:55:05.167   675   933 D AES     : AEEIOCTL_RT_MON_Kick IOCTL,cmd= 2147774474, lParam=300. 
11-11 15:55:05.218  7529  7555 E libPowerStretch: LucidStats currentFPS = 52.15 [2392484208]
11-11 15:55:05.228   675   773 I PowerWrap: PowerHal_TouchBoost
11-11 15:55:05.229   260   640 I vendor.mediatek.hardware.power@1.1-impl: mtkPowerHint hint:15, data:100
11-11 15:55:05.231   675   701 I greenpower: the fling duration 736
11-11 15:55:05.231   675   701 I greenpower: the fling duration 1010
11-11 15:55:05.238  7529  7529 I greenpower: the fling duration 894
11-11 15:55:05.321   675   675 I DeviceIdleController: updateChargingLocked: charging=true
11-11 15:55:05.321   675   675 I DeviceIdleController: becomeActiveLocked, reason = charging
11-11 15:55:05.325  5449  5449 I PC_BatteryChangedReceiver: level: 54, remindValue: 15, status: 2
11-11 15:55:05.325  5449  5449 D PC_BatteryChangedReceiver: isGameMode: false
11-11 15:55:05.325  5449  5449 D PC_BatteryChangedReceiver: onReceive: false
11-11 15:55:05.325  5449  5449 D PC_BatteryChangedReceiver: isGameMode: false
11-11 15:55:05.326  5449  5449 D PC_NotificationUtils: cancelNotification: 
11-11 15:55:05.326  5449  5449 D PC_BatteryChangedReceiver: onReceive: battary on charge
11-11 15:55:05.333   260   275 I libPerfService: 15: legacy set: -1 -1
11-11 15:55:05.334   260   275 I libPerfService: 15: legacy set freq: -1 -1
11-11 15:55:05.453  7529  7529 I zygote  : Deoptimizing void android.support.v7.preference.Preference.onBindViewHolder(android.support.v7.preference.PreferenceViewHolder) due to JIT inline cache
11-11 15:55:05.477   675   773 I PowerWrap: PowerHal_TouchBoost
11-11 15:55:05.478   260 14793 I vendor.mediatek.hardware.power@1.1-impl: mtkPowerHint hint:15, data:10000
11-11 15:55:05.481   260   275 I libPerfService: 15: legacy set freq: 1300000 -1
11-11 15:55:05.481   675   701 W ContextImpl: Calling a method in the system process without a qualified user: android.app.ContextImpl.sendBroadcast:967 com.mediatek.server.stk.StkManagerImpl$2.run:110 android.os.Handler.handleCallback:790 android.os.Handler.dispatchMessage:99 android.os.Looper.loop:164 
11-11 15:55:05.481   260   275 I libPerfService: 15: legacy set: 4 -1
11-11 15:55:05.482   675   700 W BroadcastQueue: Background execution not allowed: receiving Intent { act=mediatek.intent.action.stk.USER_ACTIVITY flg=0x10 } to com.android.stk/.EventReceiver
11-11 15:55:05.594   675   701 W ContextImpl: Calling a method in the system process without a qualified user: android.app.ContextImpl.sendBroadcast:967 com.mediatek.server.stk.StkManagerImpl$2.run:110 android.os.Handler.handleCallback:790 android.os.Handler.dispatchMessage:99 android.os.Looper.loop:164 
11-11 15:55:05.595   675   700 W BroadcastQueue: Background execution not allowed: receiving Intent { act=mediatek.intent.action.stk.USER_ACTIVITY flg=0x10 } to com.android.stk/.EventReceiver
11-11 15:55:05.644   264   264 I DisplayDevice: [Built-in Screen (type:0)] fps:48.566471,dur:1008.93,max:99.53,min:15.41
11-11 15:55:05.702  5790  6047 D phonemaster_log: HiManager_ViewUtil: ViewUtilisShowNotification false
11-11 15:55:05.702  5790  6047 D phonemaster_log: HiManager_MasterCoreService: MESSAGE_SERVICE_WHAT_UPDATE_NOTIFICATION isShowNotificationfalse
11-11 15:55:05.702   675   701 W ContextImpl: Calling a method in the system process without a qualified user: android.app.ContextImpl.sendBroadcast:967 com.mediatek.server.stk.StkManagerImpl$2.run:110 android.os.Handler.handleCallback:790 android.os.Handler.dispatchMessage:99 android.os.Looper.loop:164 
11-11 15:55:05.703   675   700 W BroadcastQueue: Background execution not allowed: receiving Intent { act=mediatek.intent.action.stk.USER_ACTIVITY flg=0x10 } to com.android.stk/.EventReceiver
11-11 15:55:05.781   264   620 I BufferQueueProducer: [com.android.settings/com.android.settings.SubSettings#0](this:0xaa6b9000,id:2132,api:1,p:7529,c:264) queueBuffer: fps=49.90 dur=1001.94 max=116.11 min=4.92
11-11 15:55:05.790   264   620 I BufferQueueProducer: [StatusBar#0](this:0xabc4a000,id:4,api:1,p:830,c:264) queueBuffer: fps=2.97 dur=1011.19 max=579.22 min=8.73
11-11 15:55:05.810   675   701 W ContextImpl: Calling a method in the system process without a qualified user: android.app.ContextImpl.sendBroadcast:967 com.mediatek.server.stk.StkManagerImpl$2.run:110 android.os.Handler.handleCallback:790 android.os.Handler.dispatchMessage:99 android.os.Looper.loop:164 
11-11 15:55:05.812   675   700 W BroadcastQueue: Background execution not allowed: receiving Intent { act=mediatek.intent.action.stk.USER_ACTIVITY flg=0x10 } to com.android.stk/.EventReceiver
11-11 15:55:05.882   675   773 I PowerWrap: PowerHal_TouchBoost
11-11 15:55:05.882   260  1600 I vendor.mediatek.hardware.power@1.1-impl: mtkPowerHint hint:15, data:100
11-11 15:55:05.883   675   701 I greenpower: the fling duration 677
11-11 15:55:05.883   675   701 I greenpower: the fling duration 965
11-11 15:55:05.884  7529  7529 I greenpower: the fling duration 864
11-11 15:55:05.983   260   275 I libPerfService: 15: legacy set: -1 -1
11-11 15:55:05.984   260   275 I libPerfService: 15: legacy set freq: -1 -1
11-11 15:55:06.163   675   773 I PowerWrap: PowerHal_TouchBoost
11-11 15:55:06.163   260  1600 I vendor.mediatek.hardware.power@1.1-impl: mtkPowerHint hint:15, data:10000
11-11 15:55:06.165   260   275 I libPerfService: 15: legacy set freq: 1300000 -1
11-11 15:55:06.165   260   275 I libPerfService: 15: legacy set: 4 -1
11-11 15:55:06.166   675   701 W ContextImpl: Calling a method in the system process without a qualified user: android.app.ContextImpl.sendBroadcast:967 com.mediatek.server.stk.StkManagerImpl$2.run:110 android.os.Handler.handleCallback:790 android.os.Handler.dispatchMessage:99 android.os.Looper.loop:164 
11-11 15:55:06.166   675   700 W BroadcastQueue: Background execution not allowed: receiving Intent { act=mediatek.intent.action.stk.USER_ACTIVITY flg=0x10 } to com.android.stk/.EventReceiver
11-11 15:55:06.273   675   701 W ContextImpl: Calling a method in the system process without a qualified user: android.app.ContextImpl.sendBroadcast:967 com.mediatek.server.stk.StkManagerImpl$2.run:110 android.os.Handler.handleCallback:790 android.os.Handler.dispatchMessage:99 android.os.Looper.loop:164 
11-11 15:55:06.275   675   700 W BroadcastQueue: Background execution not allowed: receiving Intent { act=mediatek.intent.action.stk.USER_ACTIVITY flg=0x10 } to com.android.stk/.EventReceiver
11-11 15:55:06.328   675  1001 I WifiService: getVerboseLoggingLevel uid=1000
11-11 15:55:06.329   675  1001 I WifiService: getWifiApEnabledState uid=1000
11-11 15:55:06.330  5449  5449 D PowerSaveUtils: isUltraPowerOn(context) isOn=false
11-11 15:55:06.331  5449  5449 D PowerSaveUtils: getConfigCurrent isUltraModeOn:false
11-11 15:55:06.331  5449  5449 D PowerSaveUtils: config details is : bright->76wifiEnable-> falsewifiApEnable->falsebtEnable->falsedataEnable->truegpsEnable->truethreeGEnable->trueautoSyncEnable->trueisScreenModeOn->falseisUltraModeOn->falseisBatterySaverOn->false
11-11 15:55:06.331  5449  5449 D PowerSaveUtils: getConfigCurrent current:34.6
11-11 15:55:06.332   675  1001 V SettingsProvider: name : battery_remaining_time appId : 1000
11-11 15:55:06.332  5449  5449 D PowerSaveUtils: hours:8,min:46
11-11 15:55:06.380   675   701 W ContextImpl: Calling a method in the system process without a qualified user: android.app.ContextImpl.sendBroadcast:967 com.mediatek.server.stk.StkManagerImpl$2.run:110 android.os.Handler.handleCallback:790 android.os.Handler.dispatchMessage:99 android.os.Looper.loop:164 
11-11 15:55:06.381   675   700 W BroadcastQueue: Background execution not allowed: receiving Intent { act=mediatek.intent.action.stk.USER_ACTIVITY flg=0x10 } to com.android.stk/.EventReceiver
11-11 15:55:06.487   675   701 W ContextImpl: Calling a method in the system process without a qualified user: android.app.ContextImpl.sendBroadcast:967 com.mediatek.server.stk.StkManagerImpl$2.run:110 android.os.Handler.handleCallback:790 android.os.Handler.dispatchMessage:99 android.os.Looper.loop:164 
11-11 15:55:06.489   675   700 W BroadcastQueue: Background execution not allowed: receiving Intent { act=mediatek.intent.action.stk.USER_ACTIVITY flg=0x10 } to com.android.stk/.EventReceiver
11-11 15:55:06.594   675   701 W ContextImpl: Calling a method in the system process without a qualified user: android.app.ContextImpl.sendBroadcast:967 com.mediatek.server.stk.StkManagerImpl$2.run:110 android.os.Handler.handleCallback:790 android.os.Handler.dispatchMessage:99 android.os.Looper.loop:164 
11-11 15:55:06.595   675   700 W BroadcastQueue: Background execution not allowed: receiving Intent { act=mediatek.intent.action.stk.USER_ACTIVITY flg=0x10 } to com.android.stk/.EventReceiver
11-11 15:55:06.653   264   264 I DisplayDevice: [Built-in Screen (type:0)] fps:56.497665,dur:1008.89,max:83.07,min:16.00
11-11 15:55:06.695   675   701 W ContextImpl: Calling a method in the system process without a qualified user: android.app.ContextImpl.sendBroadcast:967 com.mediatek.server.stk.StkManagerImpl$2.run:110 android.os.Handler.handleCallback:790 android.os.Handler.dispatchMessage:99 android.os.Looper.loop:164 
11-11 15:55:06.696   675   700 W BroadcastQueue: Background execution not allowed: receiving Intent { act=mediatek.intent.action.stk.USER_ACTIVITY flg=0x10 } to com.android.stk/.EventReceiver
11-11 15:55:06.789   264   620 I BufferQueueProducer: [com.android.settings/com.android.settings.SubSettings#0](this:0xaa6b9000,id:2132,api:1,p:7529,c:264) queueBuffer: fps=55.56 dur=1007.99 max=83.16 min=9.26
11-11 15:55:06.810   675   701 W ContextImpl: Calling a method in the system process without a qualified user: android.app.ContextImpl.sendBroadcast:967 com.mediatek.server.stk.StkManagerImpl$2.run:110 android.os.Handler.handleCallback:790 android.os.Handler.dispatchMessage:99 android.os.Looper.loop:164 
11-11 15:55:06.810   675   700 W BroadcastQueue: Background execution not allowed: receiving Intent { act=mediatek.intent.action.stk.USER_ACTIVITY flg=0x10 } to com.android.stk/.EventReceiver
11-11 15:55:06.950   675   701 W ContextImpl: Calling a method in the system process without a qualified user: android.app.ContextImpl.sendBroadcast:967 com.mediatek.server.stk.StkManagerImpl$2.run:110 android.os.Handler.handleCallback:790 android.os.Handler.dispatchMessage:99 android.os.Looper.loop:164 
11-11 15:55:06.951   675   700 W BroadcastQueue: Background execution not allowed: receiving Intent { act=mediatek.intent.action.stk.USER_ACTIVITY flg=0x10 } to com.android.stk/.EventReceiver
11-11 15:55:07.149   675   701 W ContextImpl: Calling a method in the system process without a qualified user: android.app.ContextImpl.sendBroadcast:967 com.mediatek.server.stk.StkManagerImpl$2.run:110 android.os.Handler.handleCallback:790 android.os.Handler.dispatchMessage:99 android.os.Looper.loop:164 
11-11 15:55:07.150   675   700 W BroadcastQueue: Background execution not allowed: receiving Intent { act=mediatek.intent.action.stk.USER_ACTIVITY flg=0x10 } to com.android.stk/.EventReceiver
11-11 15:55:07.172   675   773 I PowerWrap: PowerHal_TouchBoost
11-11 15:55:07.172   260  1600 I vendor.mediatek.hardware.power@1.1-impl: mtkPowerHint hint:15, data:100
11-11 15:55:07.274   260   275 I libPerfService: 15: legacy set: -1 -1
11-11 15:55:07.274   260   275 I libPerfService: 15: legacy set freq: -1 -1
11-11 15:55:07.449  7529  7555 E libPowerStretch: LucidStats currentFPS = 53.81 [2392484208]
11-11 15:55:07.460   675   700 I ActivityManager: Start proc 7661:com.tencent.mm:push/u0a101 for service com.tencent.mm/.booter.CoreService
11-11 15:55:07.460   675   700 D ActivityManager: AMS: *** Launch app com.tencent.mm/10101 for service Intent { cmp=com.tencent.mm/.booter.CoreService }, from null/-1.
11-11 15:55:07.553  7661  7661 I zygote  : The ClassLoaderContext is a special shared library.
11-11 15:55:07.662   264   264 I DisplayDevice: [Built-in Screen (type:0)] fps:55.457901,dur:1009.77,max:66.40,min:15.70
11-11 15:55:07.793   264  1255 I BufferQueueProducer: [StatusBar#0](this:0xabc4a000,id:4,api:1,p:830,c:264) queueBuffer: fps=1.00 dur=2002.73 max=1014.67 min=988.06
11-11 15:55:07.804   264  1255 I BufferQueueProducer: [com.android.settings/com.android.settings.SubSettings#0](this:0xaa6b9000,id:2132,api:1,p:7529,c:264) queueBuffer: fps=55.18 dur=1014.80 max=66.19 min=13.66
11-11 15:55:07.848  7661  7661 E ActivityThread: Failed to find provider info for com.tencent.mm.coolassist.debugprovider
11-11 15:55:07.864   675   701 V WindowOrientationListener: Proposed rotation changed!  proposedRotation=0, oldProposedRotation=-1
11-11 15:55:07.955  7661  7661 I MMKV    : <MMKV.cpp:192::initialize> page size:4096
11-11 15:55:07.955  7661  7661 I MMKV    : <MMKV.cpp:206::initializeMMKV> root dir: /data/user/0/com.tencent.mm/files/mmkv
11-11 15:55:08.012  7661  7661 I LoadedApk: No resource references to update in package com.transsion.theme.icon
11-11 15:55:08.065  7661  7661 W tencent.mm:push: type=1400 audit(0.0:37339): avc: denied { read } for name="anr" dev="mmcblk0p27" ino=64 scontext=u:r:untrusted_app:s0:c512,c768 tcontext=u:object_r:anr_data_file:s0 tclass=dir permissive=0
11-11 15:55:08.076  7661  7661 W CrashMonitor: JNI_OnLoad
11-11 15:55:08.079  7661  7661 D CrashMonitor: crashInitForReport...
11-11 15:55:08.079  7661  7661 D CrashMonitor: setupMonitor...
11-11 15:55:08.092   263   263 I lowmemorykiller: Killing 'com.google.process.gservices' (7338), uid 10013, adj 900
11-11 15:55:08.092   263   263 I lowmemorykiller:    to free 45760kB because system is under medium memory pressure oom_adj 800
11-11 15:55:08.102  7661  7692 D CrashMonitor: WaitForSignal...
11-11 15:55:08.129   675  1001 I ActivityManager: Process com.google.process.gservices (pid 7338) has died: cch  CEM 
11-11 15:55:08.130   675   705 W zygote  : kill(-7338, 9) failed: No such process
11-11 15:55:08.130   675   705 I zygote  : Successfully killed process cgroup uid 10013 pid 7338 in 1ms
11-11 15:55:08.136   675   705 D ProcessManager: killAllBackgroundProcesses
11-11 15:55:08.400  7661  7688 D IOCanary.JNI: JNI_OnLoad
11-11 15:55:08.401  7661  7688 D IOCanary.JNI: JNI_OnLoad done
11-11 15:55:08.402  7661  7661 W parallels-1: type=1400 audit(0.0:37340): avc: denied { execmod } for path="/system/lib/libopenjdkjvm.so" dev="mmcblk0p25" ino=1683 scontext=u:r:untrusted_app:s0:c512,c768 tcontext=u:object_r:system_file:s0 tclass=file permissive=0
11-11 15:55:08.402  7661  7661 W parallels-1: type=1400 audit(0.0:37341): avc: denied { execmod } for path="/system/lib/libopenjdkjvm.so" dev="mmcblk0p25" ino=1683 scontext=u:r:untrusted_app:s0:c512,c768 tcontext=u:object_r:system_file:s0 tclass=file permissive=0
11-11 15:55:08.402  7661  7688 I IOCanary.JNI: doHook
11-11 15:55:08.402  7661  7688 I IOCanary.JNI: try to hook function in libopenjdkjvm.so.
11-11 15:55:08.407  7661  7688 I IOCanary.JNI: try to hook function in libjavacore.so.
11-11 15:55:08.408  7661  7661 W parallels-1: type=1400 audit(0.0:37342): avc: denied { execmod } for path="/system/lib/libjavacore.so" dev="mmcblk0p25" ino=1611 scontext=u:r:untrusted_app:s0:c512,c768 tcontext=u:object_r:system_file:s0 tclass=file permissive=0
11-11 15:55:08.408  7661  7661 W parallels-1: type=1400 audit(0.0:37343): avc: denied { execmod } for path="/system/lib/libjavacore.so" dev="mmcblk0p25" ino=1611 scontext=u:r:untrusted_app:s0:c512,c768 tcontext=u:object_r:system_file:s0 tclass=file permissive=0
11-11 15:55:08.408  7661  7661 W parallels-1: type=1400 audit(0.0:37344): avc: denied { execmod } for path="/system/lib/libjavacore.so" dev="mmcblk0p25" ino=1611 scontext=u:r:untrusted_app:s0:c512,c768 tcontext=u:object_r:system_file:s0 tclass=file permissive=0
11-11 15:55:08.408  7661  7661 W parallels-1: type=1400 audit(0.0:37345): avc: denied { execmod } for path="/system/lib/libjavacore.so" dev="mmcblk0p25" ino=1611 scontext=u:r:untrusted_app:s0:c512,c768 tcontext=u:object_r:system_file:s0 tclass=file permissive=0
11-11 15:55:08.412  7661  7661 W parallels-1: type=1400 audit(0.0:37346): avc: denied { execmod } for path="/system/lib/libopenjdk.so" dev="mmcblk0p25" ino=1682 scontext=u:r:untrusted_app:s0:c512,c768 tcontext=u:object_r:system_file:s0 tclass=file permissive=0
11-11 15:55:08.412  7661  7661 I chatty  : uid=10101 com.tencent.mm:push identical 1 line
11-11 15:55:08.412  7661  7661 W parallels-1: type=1400 audit(0.0:37348): avc: denied { execmod } for path="/system/lib/libopenjdk.so" dev="mmcblk0p25" ino=1682 scontext=u:r:untrusted_app:s0:c512,c768 tcontext=u:object_r:system_file:s0 tclass=file permissive=0
11-11 15:55:08.412  7661  7688 I IOCanary.JNI: try to hook function in libopenjdk.so.
11-11 15:55:08.719   675   773 I PowerWrap: PowerHal_TouchBoost
11-11 15:55:08.719   260  1600 I vendor.mediatek.hardware.power@1.1-impl: mtkPowerHint hint:15, data:10000
11-11 15:55:08.720   260   275 I libPerfService: 15: legacy set freq: 1300000 -1
11-11 15:55:08.722   675   701 W ContextImpl: Calling a method in the system process without a qualified user: android.app.ContextImpl.sendBroadcast:967 com.mediatek.server.stk.StkManagerImpl$2.run:110 android.os.Handler.handleCallback:790 android.os.Handler.dispatchMessage:99 android.os.Looper.loop:164 
11-11 15:55:08.722   260   275 I libPerfService: 15: legacy set: 4 -1
11-11 15:55:08.723   675   700 W BroadcastQueue: Background execution not allowed: receiving Intent { act=mediatek.intent.action.stk.USER_ACTIVITY flg=0x10 } to com.android.stk/.EventReceiver
11-11 15:55:08.786   264   264 I DisplayDevice: [Built-in Screen (type:0)] fps:34.707199,dur:1123.69,max:496.20,min:15.88
11-11 15:55:08.795   675  4806 V SettingsProvider: packageValueForCallResult, name = time_12_24, value : Bundle[{_track_generation=android.util.MemoryIntArray@5e, value=12, _generation_index=2, _generation=339}]
11-11 15:55:08.818   675   773 I PowerWrap: PowerHal_TouchBoost
11-11 15:55:08.819   260  1600 I vendor.mediatek.hardware.power@1.1-impl: mtkPowerHint hint:15, data:100
11-11 15:55:08.840   264   620 I BufferQueueProducer: [com.android.settings/com.android.settings.SubSettings#0](this:0xaa6b9000,id:2132,api:1,p:7529,c:264) queueBuffer: fps=28.95 dur=1036.34 max=563.92 min=14.66
11-11 15:55:08.916   264   435 I BufferQueueProducer: [com.android.settings/com.android.settings.SubSettings#0](this:0xaa6b9000,id:2132,api:1,p:7529,c:264) RunningBehind, queued size:2
11-11 15:55:08.921   260   275 I libPerfService: 15: legacy set: -1 -1
11-11 15:55:08.921   260   275 I libPerfService: 15: legacy set freq: -1 -1
11-11 15:55:08.927   264  1255 I BufferQueueProducer: [com.android.settings/com.android.settings.SubSettings#0](this:0xaa6b9000,id:2132,api:1,p:7529,c:264) RunningBehind, queued size:2
11-11 15:55:08.993   264  1255 I chatty  : uid=1000(system) Binder:264_5 identical 4 lines
