11-11 15:41:40.540   675   700 W BroadcastQueue: Background execution not allowed: receiving Intent { act=com.rlk.powersavemanagement.ACTION_AVAILABLE_TIME flg=0x10 (has extras) } to com.transsion.powercenter/.provider.PowerWidgetProvider
11-11 15:41:40.543  5449  5449 E TAG     : Power Widget test:8-----32
11-11 15:41:40.543  5449  5449 E PowerCenter/PowerWidgetProvider: updateValues mBatteryPercentage:54
11-11 15:41:40.547  5449  5449 I PowerCenter/PowerWidgetProvider: hasInstances number is 0
11-11 15:41:40.634   264   435 I BufferQueueProducer: [com.android.settings/com.android.settings.SubSettings#0](this:0xaa683000,id:2085,api:1,p:3159,c:264) queueBuffer: fps=15.86 dur=1008.63 max=478.65 min=15.26
11-11 15:41:40.656  3159  3187 E [EGL-ERROR]: __egl_platform_cancel_buffers:644: surface->num_buffers(4)
11-11 15:41:40.656  3159  3187 D Surface : Surface::disconnect(this=0x8d894000,api=1)
11-11 15:41:40.659  3159  3187 D GraphicBuffer: unregister, handle(0x8ea0f880) (w:720 h:1440 s:720 f:0x1 u:f02)
11-11 15:41:40.661  3159  3187 D GraphicBuffer: unregister, handle(0x8ea0fdc0) (w:720 h:1440 s:720 f:0x1 u:f02)
11-11 15:41:40.664  3159  3187 D GraphicBuffer: unregister, handle(0x9c3fdf80) (w:720 h:1440 s:720 f:0x1 u:f02)
11-11 15:41:40.665  3159  3187 D GraphicBuffer: unregister, handle(0x8ea0f940) (w:720 h:1440 s:720 f:0x1 u:f02)
11-11 15:41:40.666   264   435 I BufferQueueProducer: [com.android.settings/com.android.settings.SubSettings#0](this:0xaa683000,id:2085,api:1,p:3159,c:264) disconnect(P): api 1
11-11 15:41:40.666   264   435 I BufferQueueConsumer: [com.android.settings/com.android.settings.SubSettings#0](this:0xaa683000,id:2085,api:1,p:-1,c:264) getReleasedBuffers: returning mask 0xffffffffffffffff
11-11 15:41:40.667  3159  3159 D View    : [Warning] assignParent to null: this = DecorView@4e2beab[SubSettings]
11-11 15:41:40.670   675  1611 V WindowManager: Remove Window{e81e85d u0 com.android.settings/com.android.settings.SubSettings} client=73ab234, surfaceController=Surface(name=com.android.settings/com.android.settings.SubSettings) Callers=com.android.server.wm.WindowState.removeIfPossible:1852 com.android.server.wm.WindowManagerService.removeWindow:1761 com.android.server.wm.Session.remove:222 android.view.IWindowSession$Stub.onTransact:242 com.android.server.wm.Session.onTransact:163 
11-11 15:41:40.678   264   264 I BufferQueueConsumer: [com.android.settings/com.android.settings.SubSettings#0](this:0xaa683000,id:2085,api:1,p:-1,c:-1) disconnect(C)
11-11 15:41:40.678   258   258 D vndksupport: Loading /vendor/lib/hw/gralloc.mt6580.so from current namespace instead of sphal namespace.
11-11 15:41:40.680   675  1611 V WindowManager: Changing focus from Window{e81e85d u0 com.android.settings/com.android.settings.SubSettings} to null Callers=com.android.server.wm.WindowState.removeIfPossible:1991 com.android.server.wm.WindowState.removeIfPossible:1852 com.android.server.wm.WindowManagerService.removeWindow:1761 com.android.server.wm.Session.remove:222 
11-11 15:41:40.680   675  1611 D WindowManager: Input focus has changed to null
11-11 15:41:40.681   258   258 I chatty  : uid=1000(system) composer@2.1-se identical 2 lines
11-11 15:41:40.682   258   258 D vndksupport: Loading /vendor/lib/hw/gralloc.mt6580.so from current namespace instead of sphal namespace.
11-11 15:41:40.691  3159  3159 D WindowClient: Remove from mViews: DecorView@4e2beab[SubSettings], this = android.view.WindowManagerGlobal@fb23ba0
11-11 15:41:40.691   264   264 I BufferQueue: [com.android.settings/com.android.settings.SubSettings#0](this:0xaa683000,id:2085,api:1,p:-1,c:-1) ~BufferQueueCore
11-11 15:41:40.692   675   713 I WindowManager: Focus moving from Window{e81e85d u0 com.android.settings/com.android.settings.SubSettings} to null
11-11 15:41:40.711 25895 25895 D AndroidAutoSize: initScaledDensity = 2.0 on ConfigurationChanged
11-11 15:41:40.749  3875  3875 I BugleDataModel: ParticipantRefresh: ContactContentObserver created
11-11 15:41:40.750  3875  3875 I Bugle   : Carrier config changed. Reloading MMS config.
11-11 15:41:40.767   675  7774 W ActivityManager: Background start not allowed: service Intent { cmp=com.google.android.apps.messaging/.shared.datamodel.action.execution.ActionExecutorImpl$EmptyService } to com.google.android.apps.messaging/.shared.datamodel.action.execution.ActionExecutorImpl$EmptyService from pid=3875 uid=10069 pkg=com.google.android.apps.messaging
11-11 15:41:40.774  3875  3895 W Bugle   : BuglePhoneNumberUtils: canonicalizeMccMnc: invalid mccmnc. mcc: null, mnc: null
11-11 15:41:40.793  3875  3895 I Bugle   : Carrier configs loaded: Bundle[{mtk_show_clir_setting_bool=true, mtk_default_enhanced_4g_mode_bool=true, carrier_volte_provisioned_bool=false, httpSocketTimeout=60000, carrier_wfc_supports_wifi_only_bool=false, carrier_default_actions_on_default_network_available_string_array=[Ljava.lang.String;@36b11b4, mtk_ct_volte_status_bool=false, mtk_carrier_ss_need_check_data_roaming=false, operator_selection_expand_bool=true, disable_cdma_activation_code_bool=false, simplified_network_settings_bool=false, enable_apps_string_array=null, carrier_default_wfc_ims_roaming_enabled_bool=false, cdma_nonroaming_networks_string_array=null, aliasMinChars=2, wfc_data_spn_format_idx_int=0, hide_sim_lock_settings_bool=false, drop_video_call_when_answering_audio_call_bool=false, mtk_show_open_mobile_data_dialog_bool=true, ci_action_on_sys_update_bool=false, convert_cdma_caller_id_mmi_codes_while_roaming_on_3gpp_bool=false, vvm_port_number_int=0, carrier_default_wfc_ims_enabled_bool=false, dial_string_replace_string_array=null, gsm_nonroaming_networks_string_array=null, hide_ims_apn_bool=false, vvm_destination_number_string=, dtmf_type_enabled_bool=false, allow_video_calling_fallback_bool=true, mtk_carrier_ims_ecbm_supported=false, mtk_domestic_roaming_enabled_only_by_mobile_data_setting=false, config_ims_package_override_string=com.google.android.ims, mtk_video_call_background_transmission=false, smsToMmsTextThreshold=-1, disable_severe_when_extreme_disabled_bool=true, force_home_network_bool=false, enableSMSDeliveryReports=true, auto_retry_enabled_bool=false, carrier_force_disable_etws_cmas_test_bool=false, allow_emergency_video_calls_bool=false, csp_enabled_bool=false, mtk_dialer_call_pull_bool=false, default_sim_call_manager_string=, call_forwarding_blocks_while_roaming_string_array=null, emergency_notification_delay_int=-1, support_video_conference_call_bool=false, ims_dtmf_tone_delay_int=0, carrier_instant_lettering_escaped_chars_string=, carrier_default_wfc_ims_roaming_mode_int=2, editable_wfc_mode_bool=true, mtk_cdma_sms_7bit_encoding_type_int=9, support_direct_fdn_dialing_bool=false, carrier_wifi_string_array=null, treat_downgraded_video_calls_as_video_calls_bool=false, wifi_calls_can_be_hd_audio=true, support_downgrade_vt_to_audio_bool=true, use_otasp_for_provisioning_bool=false, maxMessageTextSize=-1, duration_blocking_disabled_after_emergency_int=7200, carrier_metered_roaming_apn_types_strings=[Ljava.lang.String;@93391dd, show_apn_setting_cdma_bool=false, carrier_instant_lettering_length_limit_int=64, carrier_instant_lettering_invalid_chars_string=, carrier_setup_app_string=, editable_wfc_roaming_mode_bool=false, supportMmsContentDisposition=true, allow_non_emergency_calls_in_ecm_bool=true, mtk_carrier_ss_not_support_call_identity=true, mtk_key_roaming_bar_guard_bool=false, use_rcs_presence_bool=false, cdma_dtmf_tone_delay_int=100, editable_voicemail_number_bool=false, carrier_data_call_apn_retry_after_disconnect_long=10000, filtered_cnap_names_string_array=null, enabledTransID=false, aliasEnabled=false, vvm_disabled_capabilities_string_array=null, ims_conference_size_limit_int=5, supportHttpCharsetHeader=false, vvm_prefetch_bool=true, hide_enhanced_4g_lte_bool=false, mtk_wfc_remove_preference_mode_bool=false, display_hd_audio_property_bool=true, mtk_unique_settings_for_domestic_and_intl_roaming=false, has_in_call_noise_suppression_bool=false, voicemail_notification_persistent_bool=false, carrier_default_actions_on_reset_string_array=[Ljava.lang.String;@f54a152, world_phone_bool=false, ims_reasoninfo_mapping_string_array=null, mtk_carrier_nouth_america_high_priority_clir_prefix_supported=false, default_vm_number_string=, data_limit_threshold_bytes_long=-1, allowAttachAudio=true, ci_action_on_sys_update_extra_string=, ignore_sim_network_locked_events_bool=false, mtk_carrier_ss_not_support_xcap=false, notify_international_call_on_wfc_bool=false, call_forwarding_map_non_number_to_voicemail_bool=false, carrier_instant_lettering_available_bool=false, mtk_carrier_ss_transfer_xcap_404=false, mtk_domestic_
11-11 15:41:40.823  3875  3900 I BugleRcsEngine: [16524] oct.a: Initializing Carrier Services Library.
11-11 15:41:40.827  5743  5743 W GoogleInputMethodService: onConfigurationChanged() : NewConfig = {1.0 460mcc65535mnc [zh_CN_#Hans,en_US] ldltr sw360dp w672dp h336dp 320dpi nrml long land finger -keyb/v/h -nav/h appBounds=Rect(96, 0 - 1440, 720) s.12}
11-11 15:41:40.839  3875  3900 I BugleRcsEngine: [16524] ook.b: Reinitialize CSLib Flags: com.google.android.ims.library
11-11 15:41:40.861   675  7774 E UserRestrictionsUtils: Unknown restriction: null
11-11 15:41:40.864   675  1611 E UserRestrictionsUtils: Unknown restriction: null
11-11 15:41:40.873   675  1611 E UserRestrictionsUtils: Unknown restriction: null
11-11 15:41:40.903  3159  3193 D SharedPreferencesLogger: Tried to log string preference development.DevelopmentSettings/bluetooth_select_avrcp_version = avrcp14
11-11 15:41:40.903  3159  3202 D SharedPreferencesLogger: Tried to log string preference development.DevelopmentSettings/bluetooth_select_a2dp_codec = 1000000
11-11 15:41:40.905   675  1611 D CryptdConnector: SND -> {10 cryptfs isConvertibleToFBE}
11-11 15:41:40.905   235   243 D VoldCryptCmdListener: cryptfs isConvertibleToFBE
11-11 15:41:40.906  3159  3186 D SharedPreferencesLogger: Tried to log string preference development.DevelopmentSettings/bluetooth_select_a2dp_sample_rate = 0
11-11 15:41:40.906   675   776 D CryptdConnector: RCV <- {200 10 0}
11-11 15:41:40.907  3159  3193 D SharedPreferencesLogger: Tried to log string preference development.DevelopmentSettings/bluetooth_select_a2dp_bits_per_sample = 0
11-11 15:41:40.908  3159  3202 D SharedPreferencesLogger: Tried to log string preference development.DevelopmentSettings/bluetooth_select_a2dp_channel_mode = 0
11-11 15:41:40.909  3159  3186 D SharedPreferencesLogger: Tried to log string preference development.DevelopmentSettings/bluetooth_select_a2dp_ldac_playback_quality = 1003
11-11 15:41:40.933  3875  3899 I BugleRcsEngine: [16523] pfq.a: Initializing SimStateTracker
11-11 15:41:40.942  5743  5743 W KeyboardModeManager: reloadOrientationAwareData() : orientation = 2
11-11 15:41:41.034  5743  5743 W AndroidIME: initializeViews() : keyboard full width = -1; root view width = 720; measured keyboard height = 1296
11-11 15:41:41.094  5743  5743 W KeyboardModeManager: setInputView() : inputView = null
11-11 15:41:41.112  5743  5743 I GoogleInputMethodService: Apply keyboard theme: theme_stylesheet_googleblue_materiallight_assets:theme_package_metadata_google_blue_light.binarypb_land
11-11 15:41:41.128  5743  3919 I DlamWrapper: close(): Successfully wrote DLAM properties file.
11-11 15:41:41.144   675   700 I ActivityManager: Start proc 3918:com.tencent.mm:push/u0a101 for service com.tencent.mm/.booter.CoreService
11-11 15:41:41.144   675   700 D ActivityManager: AMS: *** Launch app com.tencent.mm/10101 for service Intent { cmp=com.tencent.mm/.booter.CoreService }, from null/-1.
11-11 15:41:41.166  3875  3899 I BugleRcsEngine: [16523] ook.b: Reinitialize CSLib Flags: com.google.android.ims.library
11-11 15:41:41.168   675  1523 V SettingsProvider: packageValueForCallResult, name = sms_default_application, value : Bundle[{_track_generation=android.util.MemoryIntArray@5e, value=com.google.android.apps.messaging, _generation_index=1, _generation=21}]
11-11 15:41:41.174  3875  3895 W BugleRcsEngine: [16519] pfq.c: process intent: android.intent.action.SIM_STATE_CHANGED
11-11 15:41:41.208 14125  3934 I CarrierServices: [11423] cmn.a: Received Provisioning Event: [Bugle information (100)]
11-11 15:41:41.209 14125  3934 I CarrierServices: [11423] cmn.a: JibeService is running, passing event to provisioning engine.
11-11 15:41:41.209 14125  3934 I CarrierServices: [11423] cdj.a: Handling Provisioning Event: [Bugle information (100)]
11-11 15:41:41.209  3875  3931 I ShortcutBadger: Checking if platform supports badge counters, attempt 1/3.
11-11 15:41:41.212 14125  3934 I CarrierServices: [11423] cev.a: RcsAvailabilityManager: Calculating Rcs Availability
11-11 15:41:41.222 14125  3934 I CarrierServices: [11423] cev.b: Rcs multi sim is disabled because ENABLE_RCS_MULTISIM_V0 disabled
11-11 15:41:41.222  3875  3931 I ShortcutBadger: Checking if platform supports badge counters, attempt 2/3.
11-11 15:41:41.224 14125  3934 I CarrierServices: [11423] cev.a: RcsAvailabilityManager: Rcs Availability still DISABLED_MULTI_SLOT_DEVICE (Multi sim disabled or it's not default sim)
11-11 15:41:41.233  3875  3931 I ShortcutBadger: Checking if platform supports badge counters, attempt 3/3.
11-11 15:41:41.240  3875  3931 W ShortcutBadger: Badge counter seems not supported in this platform: unable to resolve intent: Intent { act=android.intent.action.BADGE_COUNT_UPDATE (has extras) }
11-11 15:41:41.252  3875  3916 I BugleRcsEngine: [16539] pfq.m: Processing an intent
11-11 15:41:41.255   675   769 D MtkDataShapingUtils: openLteGateByDataShaping datashaping instance is null
11-11 15:41:41.258  3875  3899 W Bugle   : BuglePhoneNumberUtils: canonicalizeMccMnc: invalid mccmnc. mcc: null, mnc: null
11-11 15:41:41.272   830  1150 E [EGL-ERROR]: __egl_platform_cancel_buffers:644: surface->num_buffers(4)
11-11 15:41:41.272   830  1150 D Surface : Surface::disconnect(this=0x87fca800,api=1)
11-11 15:41:41.283   830  1150 D GraphicBuffer: unregister, handle(0x8c8b5140) (w:720 h:96 s:720 f:0x1 u:f02)
11-11 15:41:41.284   830  1150 D GraphicBuffer: unregister, handle(0x8eb48dc0) (w:720 h:96 s:720 f:0x1 u:f02)
11-11 15:41:41.286   830  1150 D GraphicBuffer: unregister, handle(0x8b912440) (w:720 h:96 s:720 f:0x1 u:f02)
11-11 15:41:41.287   830  1150 D GraphicBuffer: unregister, handle(0x8b912500) (w:720 h:96 s:720 f:0x1 u:f02)
11-11 15:41:41.288   264   434 I BufferQueueProducer: [NavigationBar#0](this:0xabc65000,id:1086,api:1,p:830,c:264) disconnect(P): api 1
11-11 15:41:41.288   264   434 I BufferQueueConsumer: [NavigationBar#0](this:0xabc65000,id:1086,api:1,p:-1,c:264) getReleasedBuffers: returning mask 0xffffffffffffffff
11-11 15:41:41.294   830  1150 E libPowerStretch: com.android.systemui in hard-coded bl
11-11 15:41:41.294   830  1150 D Surface : Surface::connect(this=0x87fca800,api=1)
11-11 15:41:41.295   264   434 I BufferQueueProducer: [NavigationBar#0](this:0xabc65000,id:1086,api:1,p:830,c:264) connect(P): api=1 producer=(830:com.android.systemui) producerControlledByApp=true
11-11 15:41:41.298   830  1150 D Surface : Surface::setBufferCount(this=0x87fca800,bufferCount=4)
11-11 15:41:41.298   264   435 I BufferQueueProducer: [NavigationBar#0](this:0xabc65000,id:1086,api:1,p:830,c:264) setMaxDequeuedBufferCount: maxDequeuedBuffers = 3
11-11 15:41:41.307   830   830 I zygote  : Deoptimizing android.view.ScrollShotServer android.view.ScrollShotServer.getInstance(android.content.Context) due to JIT same target
11-11 15:41:41.308   264   435 W GrallocMapperPassthrough: buffer descriptor with invalid usage bits 0x400
11-11 15:41:41.309   260 14793 I [Gralloc]: usage1: 0xf02, format: 1 stride: 720 vertical_stride: 96 size: 276480
11-11 15:41:41.314   830  1150 D GraphicBuffer: register, handle(0x8eb48b80) (w:720 h:96 s:720 f:0x1 u:f02)
11-11 15:41:41.318   264   434 I BufferQueueProducer: [NavigationBar#0](this:0xabc65000,id:1086,api:1,p:830,c:264) queueBuffer: fps=2.52 dur=3574.78 max=3453.75 min=10.94
11-11 15:41:41.326   258   258 D vndksupport: Loading /vendor/lib/hw/gralloc.mt6580.so from current namespace instead of sphal namespace.
11-11 15:41:41.329   264   264 I BufferQueueProducer: [FrameBufferSurface_0](this:0xade58000,id:0,api:1,p:264,c:264) queueBuffer: fps=9.95 dur=1206.08 max=615.93 min=14.02
11-11 15:41:41.352  3875  3907 D NetworkSecurityConfig: No Network Security Config specified, using platform default
11-11 15:41:41.353  3875  3900 I BugleBackup: Registering preference change listener for "bugle".
11-11 15:41:41.356  3875  3916 I BugleRcsEngine: [16539] pfq.a: SIM state LOADED
11-11 15:41:41.359   264   264 I DisplayDevice: [Built-in Screen (type:0)] fps:9.751624,dur:1025.47,max:616.28,min:13.83
11-11 15:41:41.379  3875  3899 I Bugle   : Carrier configs loaded: Bundle[{mtk_show_clir_setting_bool=true, mtk_default_enhanced_4g_mode_bool=true, carrier_volte_provisioned_bool=false, httpSocketTimeout=60000, carrier_wfc_supports_wifi_only_bool=false, carrier_default_actions_on_default_network_available_string_array=[Ljava.lang.String;@8856fb3, mtk_ct_volte_status_bool=false, mtk_carrier_ss_need_check_data_roaming=false, operator_selection_expand_bool=true, disable_cdma_activation_code_bool=false, simplified_network_settings_bool=false, enable_apps_string_array=null, carrier_default_wfc_ims_roaming_enabled_bool=false, cdma_nonroaming_networks_string_array=null, aliasMinChars=2, wfc_data_spn_format_idx_int=0, hide_sim_lock_settings_bool=false, drop_video_call_when_answering_audio_call_bool=false, mtk_show_open_mobile_data_dialog_bool=true, ci_action_on_sys_update_bool=false, convert_cdma_caller_id_mmi_codes_while_roaming_on_3gpp_bool=false, vvm_port_number_int=0, carrier_default_wfc_ims_enabled_bool=false, dial_string_replace_string_array=null, gsm_nonroaming_networks_string_array=null, hide_ims_apn_bool=false, vvm_destination_number_string=, dtmf_type_enabled_bool=false, allow_video_calling_fallback_bool=true, mtk_carrier_ims_ecbm_supported=false, mtk_domestic_roaming_enabled_only_by_mobile_data_setting=false, config_ims_package_override_string=com.google.android.ims, mtk_video_call_background_transmission=false, smsToMmsTextThreshold=-1, disable_severe_when_extreme_disabled_bool=true, force_home_network_bool=false, enableSMSDeliveryReports=true, auto_retry_enabled_bool=false, carrier_force_disable_etws_cmas_test_bool=false, allow_emergency_video_calls_bool=false, csp_enabled_bool=false, mtk_dialer_call_pull_bool=false, default_sim_call_manager_string=, call_forwarding_blocks_while_roaming_string_array=null, emergency_notification_delay_int=-1, support_video_conference_call_bool=false, ims_dtmf_tone_delay_int=0, carrier_instant_lettering_escaped_chars_string=, carrier_default_wfc_ims_roaming_mode_int=2, editable_wfc_mode_bool=true, mtk_cdma_sms_7bit_encoding_type_int=9, support_direct_fdn_dialing_bool=false, carrier_wifi_string_array=null, treat_downgraded_video_calls_as_video_calls_bool=false, wifi_calls_can_be_hd_audio=true, support_downgrade_vt_to_audio_bool=true, use_otasp_for_provisioning_bool=false, maxMessageTextSize=-1, duration_blocking_disabled_after_emergency_int=7200, carrier_metered_roaming_apn_types_strings=[Ljava.lang.String;@4b4970, show_apn_setting_cdma_bool=false, carrier_instant_lettering_length_limit_int=64, carrier_instant_lettering_invalid_chars_string=, carrier_setup_app_string=, editable_wfc_roaming_mode_bool=false, supportMmsContentDisposition=true, allow_non_emergency_calls_in_ecm_bool=true, mtk_carrier_ss_not_support_call_identity=true, mtk_key_roaming_bar_guard_bool=false, use_rcs_presence_bool=false, cdma_dtmf_tone_delay_int=100, editable_voicemail_number_bool=false, carrier_data_call_apn_retry_after_disconnect_long=10000, filtered_cnap_names_string_array=null, enabledTransID=false, aliasEnabled=false, vvm_disabled_capabilities_string_array=null, ims_conference_size_limit_int=5, supportHttpCharsetHeader=false, vvm_prefetch_bool=true, hide_enhanced_4g_lte_bool=false, mtk_wfc_remove_preference_mode_bool=false, display_hd_audio_property_bool=true, mtk_unique_settings_for_domestic_and_intl_roaming=false, has_in_call_noise_suppression_bool=false, voicemail_notification_persistent_bool=false, carrier_default_actions_on_reset_string_array=[Ljava.lang.String;@d0e94e9, world_phone_bool=false, ims_reasoninfo_mapping_string_array=null, mtk_carrier_nouth_america_high_priority_clir_prefix_supported=false, default_vm_number_string=, data_limit_threshold_bytes_long=-1, allowAttachAudio=true, ci_action_on_sys_update_extra_string=, ignore_sim_network_locked_events_bool=false, mtk_carrier_ss_not_support_xcap=false, notify_international_call_on_wfc_bool=false, call_forwarding_map_non_number_to_voicemail_bool=false, carrier_instant_lettering_available_bool=false, mtk_carrier_ss_transfer_xcap_404=false, mtk_domestic_r
11-11 15:41:41.383   675  1523 W ActivityManager: Background start not allowed: service Intent { cmp=com.google.android.apps.messaging/.shared.datamodel.action.execution.ActionExecutorImpl$EmptyService } to com.google.android.apps.messaging/.shared.datamodel.action.execution.ActionExecutorImpl$EmptyService from pid=3875 uid=10069 pkg=com.google.android.apps.messaging
11-11 15:41:41.445  3159  3159 W Settings: Setting bugreport_in_power_menu has moved from android.provider.Settings.Secure to android.provider.Settings.Global.
11-11 15:41:41.451  3159  3202 W TileUtils: Found com.android.settings.backup.BackupSettingsActivity for intent Intent { act=com.android.settings.action.SETTINGS pkg=com.android.settings } missing metadata com.android.settings.category
11-11 15:41:41.452  3159  3202 W TileUtils: Found com.android.settings.Settings$SimSettingsActivity for intent Intent { act=com.android.settings.action.SETTINGS pkg=com.android.settings } missing metadata com.android.settings.category
11-11 15:41:41.453  3159  3202 I TileUtils: Vodafone ZM simlock is not supported
11-11 15:41:41.453  3159  3202 I TileUtils: Vodafone ZM simlock is not supported
11-11 15:41:41.453  3875  3911 I BugleRcs: RcsAvailabilityUtilImplPhone: MSIM Rcs disabled because ENABLE_RCS_MULTISIM_V0 disabled
11-11 15:41:41.453  3875  3911 I BugleRcs: RcsAvailabilityUtilForProvisioningEngineV2: Get Updated RcsAvailability, RcsAvailability: 11, SimId: Redacted-12
11-11 15:41:41.475  3159  3193 D SharedPreferencesLogger: Tried to log string preference development.DevelopmentSettings/track_frame_time = false
11-11 15:41:41.482  3159  3186 D SharedPreferencesLogger: Tried to log string preference development.DevelopmentSettings/show_non_rect_clip = hide
11-11 15:41:41.483  3159  3202 W Settings: Setting airplane_mode_on has moved from android.provider.Settings.System to android.provider.Settings.Global, returning read-only value.
11-11 15:41:41.489  3159  3186 D SharedPreferencesLogger: Tried to log string preference development.DevelopmentSettings/debug_hw_overdraw = false
11-11 15:41:41.494  3159  3186 D SharedPreferencesLogger: Tried to log string preference development.DevelopmentSettings/window_animation_scale = 1
11-11 15:41:41.496  3159  3193 D SharedPreferencesLogger: Tried to log string preference development.DevelopmentSettings/debug_hw_renderer = opengl
11-11 15:41:41.502  3159  3186 D SharedPreferencesLogger: Tried to log string preference development.DevelopmentSettings/transition_animation_scale = 1
11-11 15:41:41.505   675  1609 I WifiService: getVerboseLoggingLevel uid=1000
11-11 15:41:41.507   675   988 I WifiService: getAggressiveHandover uid=1000
11-11 15:41:41.507  3159  3186 D SharedPreferencesLogger: Tried to log string preference development.DevelopmentSettings/overlay_display_devices = 
11-11 15:41:41.508   675  1609 I WifiService: getAllowScansWithTraffic uid=1000
11-11 15:41:41.518  3159  3186 D SharedPreferencesLogger: Tried to log string preference development.DevelopmentSettings/app_process_limit = -1
11-11 15:41:41.519  3159  3193 D SharedPreferencesLogger: Tried to log string preference development.DevelopmentSettings/animator_duration_scale = 1
11-11 15:41:41.528  3159  3202 D MobileDataSwitchUtil: isMobileDataSupported() = true
11-11 15:41:41.535  3159  3193 D SharedPreferencesLogger: Tried to log string preference development.DevelopmentSettings/simulate_color_space = -1
11-11 15:41:41.541   977   977 E PhoneInterfaceManager: [PhoneIntfMgr] getAllowedCarriers: CommandException: com.android.internal.telephony.CommandException: REQUEST_NOT_SUPPORTED
11-11 15:41:41.544  3159  3186 D SharedPreferencesLogger: Tried to log string preference development.DevelopmentSettings/select_logd_size = 262144
11-11 15:41:41.548   977   977 E PhoneInterfaceManager: [PhoneIntfMgr] getAllowedCarriers: CommandException: com.android.internal.telephony.CommandException: REQUEST_NOT_SUPPORTED
11-11 15:41:41.555   830   830 D View    : [Warning] assignParent to null: this = com.android.systemui.assist.AssistOrbContainer{463db8b G.E...... ......ID 0,0-720,500}
11-11 15:41:41.556  3159  3159 V PhoneWindow: DecorView setVisiblity: visibility = 4, Parent = null, this = DecorView@d3ece1a[]
11-11 15:41:41.557  3159  3159 D WindowClient: Add to mViews: DecorView@d3ece1a[SubSettings], this = android.view.WindowManagerGlobal@fb23ba0
11-11 15:41:41.557  3159  3202 D MobileDataSwitchUtil: getPrioritySimId:getSubscriptionId() = 1SubscriptionInfo.getNumber() = 
11-11 15:41:41.558  3159  3159 D ViewRootImpl[SubSettings]: hardware acceleration = true , fakeHwAccelerated = false, sRendererDisabled = false, forceHwAccelerated = false, sSystemRendererDisabled = false
11-11 15:41:41.562   977  1254 D PhoneInterfaceManager: [PhoneIntfMgr] SubscriptionManager.getPhoneId(1)=1
11-11 15:41:41.563   830   830 D WindowClient: Add to mViews: com.android.systemui.assist.AssistOrbContainer{762ad00 G.E...... ......I. 0,0-0,0}, this = android.view.WindowManagerGlobal@355355c
11-11 15:41:41.564  3159  3202 D MobileDataSwitchUtil: isRadioOn = true, subId: 1
11-11 15:41:41.565   830   830 D ViewRootImpl[AssistPreviewPanel]: hardware acceleration = true , fakeHwAccelerated = false, sRendererDisabled = false, forceHwAccelerated = false, sSystemRendererDisabled = false
11-11 15:41:41.568  3159  3202 D MobileDataSwitchUtil: isMobileDataEnabled: isEnable=true
11-11 15:41:41.573  3159  3159 V PhoneWindow: DecorView setVisiblity: visibility = 0, Parent = ViewRoot{678f841 com.android.settings/com.android.settings.SubSettings,ident = 6}, this = DecorView@d3ece1a[SubSettings]
11-11 15:41:41.580   675   700 E libPowerStretch: LucidSystemServerLogic::onSetLucidFgApp send resetFromSystemServer appName = com.android.settings
11-11 15:41:41.581   675   700 E libPowerStretch: LucidConfig::getIrisOverride m_irisOverride = 0
11-11 15:41:41.581   675   700 I libPowerStretch: LucidIrisAppLogic::resetIris Not irisOverride , gpCurveId = %s, fsCurveId= %s
11-11 15:41:41.585  3159  3159 I Choreographer: Skipped 56 frames!  The application may be doing too much work on its main thread.
11-11 15:41:41.598   675   988 I WindowManager: Relayout Window{4261c0b u0 com.android.settings/com.android.settings.SubSettings}: oldVis=4 newVis=0 focusMayChange = true
11-11 15:41:41.606   830   830 D View    : [Warning] assignParent to null: this = com.android.systemui.stackdivider.DividerView{2a8974b I.E...... ......ID 0,0-0,96}
11-11 15:41:41.609   264   264 I BufferQueue: [unnamed-264-2088](this:0xabc39000,id:2088,api:0,p:-1,c:-1) BufferQueue core=(264:/system/bin/surfaceflinger)
11-11 15:41:41.609   264   264 E DumpTunnel: finding regDump() failed
11-11 15:41:41.609   264   264 I BufferQueueConsumer: [unnamed-264-2088](this:0xabc39000,id:2088,api:0,p:-1,c:264) connect(C): consumer=(264:/system/bin/surfaceflinger) controlledByApp=false
11-11 15:41:41.609   264   264 I BufferQueueConsumer: [unnamed-264-2088](this:0xabc39000,id:2088,api:0,p:-1,c:264) setConsumerName: unnamed-264-2088
11-11 15:41:41.609   264   264 I BufferQueueConsumer: [com.android.settings/com.android.settings.SubSettings#0](this:0xabc39000,id:2088,api:0,p:-1,c:264) setConsumerName: com.android.settings/com.android.settings.SubSettings#0
11-11 15:41:41.610   264   264 I BufferQueueProducer: [](this:0xabc39000,id:2088,api:0,p:-1,c:264) setMaxDequeuedBufferCount: maxDequeuedBuffers = 2
11-11 15:41:41.610   264   264 I BufferQueueConsumer: [com.android.settings/com.android.settings.SubSettings#0](this:0xabc39000,id:2088,api:0,p:-1,c:264) setDefaultBufferSize: width=1440 height=720
11-11 15:41:41.612   675   988 V WindowManager: Changing focus from null to Window{4261c0b u0 com.android.settings/com.android.settings.SubSettings} Callers=com.android.server.wm.WindowManagerService.relayoutWindow:2187 com.android.server.wm.Session.relayout:239 android.view.IWindowSession$Stub.onTransact:286 com.android.server.wm.Session.onTransact:163 
11-11 15:41:41.613   675   988 D WindowManager: Input focus has changed to Window{4261c0b u0 com.android.settings/com.android.settings.SubSettings}
11-11 15:41:41.614  3875  3916 I BugleRcsEngine: [16539] pfq.a: SIM changed: false. current id: [Ccak9VwBu_ogwds-z5p-Rh4kQMM]; stored id: [Ccak9VwBu_ogwds-z5p-Rh4kQMM]; isFiDevice: false; subId: 1; slotIndex: 1
11-11 15:41:41.627  3159  3159 D Surface : Surface::allocateBuffers(this=0x8de61800)
11-11 15:41:41.628   260 14793 I [Gralloc]: usage1: 0x900, format: 1 stride: 1440 vertical_stride: 720 size: 4147200
11-11 15:41:41.628  3159  3187 E libPowerStretch: TimeStamps from Cache: lucid = 20090101000000, customer = 20090101000000
11-11 15:41:41.628  3159  3187 E libPowerStretch: Cache valid RC: lucid = 2, customer = 2
11-11 15:41:41.630  3159  3187 E libPowerStretch: Priority black list: 0
11-11 15:41:41.630  3159  3187 E libPowerStretch: Mode = WVS
11-11 15:41:41.631   675   713 I WindowManager: Focus moving from null to Window{4261c0b u0 com.android.settings/com.android.settings.SubSettings}
11-11 15:41:41.632   260 14793 I [Gralloc]: usage1: 0x900, format: 1 stride: 1440 vertical_stride: 720 size: 4147200
11-11 15:41:41.632  3159  3187 E libPowerStretch: Ice is working with black list method
11-11 15:41:41.637  3159  3202 D Settings: No enabled state changed, skipping updateCategory call
11-11 15:41:41.638  3159  3187 E libPowerStretch: EglCreateWindowSurfaceImp pid 3159 != tid 3187  mResized = 1 [1440 720] 1.000000 mIsIceDelayed_wl 1  mIsIceMainThread 0 m_HardCodedBlackListed 1 _X_
11-11 15:41:41.638  3159  3187 D Surface : Surface::connect(this=0x8de61800,api=1)
11-11 15:41:41.641   264   434 I BufferQueueProducer: [com.android.settings/com.android.settings.SubSettings#0](this:0xabc39000,id:2088,api:1,p:3159,c:264) connect(P): api=1 producer=(3159:com.android.settings) producerControlledByApp=true
11-11 15:41:41.649   260 14793 I [Gralloc]: usage1: 0x900, format: 1 stride: 1440 vertical_stride: 720 size: 4147200
11-11 15:41:41.678  3875  3875 I BugleRcsEngine: [2] sdv.disconnect: Disconnecting ChatSessionService
11-11 15:41:41.679  3875  3875 I BugleRcsEngine: [2] sdv.disconnect: Disconnecting ContactsService
11-11 15:41:41.684   830   830 D WindowClient: Add to mViews: com.android.systemui.stackdivider.DividerView{dd5cff5 I.E...... ......I. 0,0-0,0}, this = android.view.WindowManagerGlobal@355355c
11-11 15:41:41.685  3875  3875 I BugleRcsEngine: [2] sdv.disconnect: Disconnecting FileTransferService
11-11 15:41:41.687   830   830 D ViewRootImpl[DockedStackDivider]: hardware acceleration = true , fakeHwAccelerated = false, sRendererDisabled = false, forceHwAccelerated = false, sSystemRendererDisabled = false
11-11 15:41:41.711  3875  3875 I BugleRcsEngine: [2] sdv.disconnect: Disconnecting LocationSharingService
11-11 15:41:41.720  3875  3875 I BugleRcsEngine: [2] sdv.disconnect: Disconnecting ImsConnectionTrackerService
11-11 15:41:41.722  3159  3187 D Surface : Surface::setBufferCount(this=0x8de61800,bufferCount=4)
11-11 15:41:41.723   264   435 I BufferQueueProducer: [com.android.settings/com.android.settings.SubSettings#0](this:0xabc39000,id:2088,api:1,p:3159,c:264) setMaxDequeuedBufferCount: maxDequeuedBuffers = 3
11-11 15:41:41.755  3918  3918 I zygote  : The ClassLoaderContext is a special shared library.
11-11 15:41:41.768  3159  3186 D SharedPreferencesLogger: Tried to log string preference development.DevelopmentSettings/select_usb_configuration = ptp
11-11 15:41:41.797  3875  3875 I BugleRcsEngine: [2] sdv.disconnect: Disconnecting RcsProfileService
11-11 15:41:41.797  3875  3875 I BugleRcsEngine: [2] sdv.disconnect: Disconnecting BusinessInfoService
11-11 15:41:41.820   264   434 W GrallocMapperPassthrough: buffer descriptor with invalid usage bits 0x400
11-11 15:41:41.825   260 14793 I [Gralloc]: usage1: 0xf02, format: 1 stride: 720 vertical_stride: 1440 size: 4147200
11-11 15:41:41.835  3159  3187 D GraphicBuffer: register, handle(0x8d7159c0) (w:720 h:1440 s:720 f:0x1 u:f02)
11-11 15:41:41.893   264   434 W GrallocMapperPassthrough: buffer descriptor with invalid usage bits 0x400
11-11 15:41:41.894   260   640 I [Gralloc]: usage1: 0xf02, format: 1 stride: 720 vertical_stride: 1440 size: 4147200
11-11 15:41:41.902  3159  3187 D GraphicBuffer: register, handle(0x8d715a80) (w:720 h:1440 s:720 f:0x1 u:f02)
11-11 15:41:41.903   258   258 D vndksupport: Loading /vendor/lib/hw/gralloc.mt6580.so from current namespace instead of sphal namespace.
11-11 15:41:41.917   264   621 W GrallocMapperPassthrough: buffer descriptor with invalid usage bits 0x400
11-11 15:41:41.921   258   258 D vndksupport: Loading /vendor/lib/hw/gralloc.mt6580.so from current namespace instead of sphal namespace.
11-11 15:41:41.922   260   640 I [Gralloc]: usage1: 0xf02, format: 1 stride: 720 vertical_stride: 1440 size: 4147200
11-11 15:41:41.926   675   988 D IdleScreen: activityIdleScreen: android.app.ContextImpl@ab7f6f mNotifyNeeded: false idleIntent: Intent { act=android.intent.action.MAIN cmp=com.android.settings/.SubSettings (has extras) }
11-11 15:41:41.936  3159  3187 D GraphicBuffer: register, handle(0x8d715cc0) (w:720 h:1440 s:720 f:0x1 u:f02)
11-11 15:41:41.945   830   830 W ViewRootImpl: ViewRootImpl[NavigationBar]::updateConfiguration(force unchange) mBasePackageName=com.android.systemui
11-11 15:41:41.948   830   830 I Choreographer: Skipped 39 frames!  The application may be doing too much work on its main thread.
11-11 15:41:41.953   264   434 W GrallocMapperPassthrough: buffer descriptor with invalid usage bits 0x400
11-11 15:41:41.955   258   258 D vndksupport: Loading /vendor/lib/hw/gralloc.mt6580.so from current namespace instead of sphal namespace.
11-11 15:41:41.955   260   640 I [Gralloc]: usage1: 0xf02, format: 1 stride: 720 vertical_stride: 1440 size: 4147200
11-11 15:41:41.976   830  1150 E [EGL-ERROR]: __egl_platform_cancel_buffers:644: surface->num_buffers(4)
11-11 15:41:41.976   830  1150 D Surface : Surface::disconnect(this=0x87fca800,api=1)
11-11 15:41:41.977   830  1150 D GraphicBuffer: unregister, handle(0x8eb48b80) (w:720 h:96 s:720 f:0x1 u:f02)
11-11 15:41:41.978   264   434 I BufferQueueProducer: [NavigationBar#0](this:0xabc65000,id:1086,api:1,p:830,c:264) disconnect(P): api 1
11-11 15:41:41.978   264   434 I BufferQueueConsumer: [NavigationBar#0](this:0xabc65000,id:1086,api:1,p:-1,c:264) getReleasedBuffers: returning mask 0xffffffffffffffff
11-11 15:41:41.978   830  1150 E libPowerStretch: com.android.systemui in hard-coded bl
11-11 15:41:41.978   830  1150 D Surface : Surface::connect(this=0x87fca800,api=1)
11-11 15:41:41.979   264   620 I BufferQueueProducer: [NavigationBar#0](this:0xabc65000,id:1086,api:1,p:830,c:264) connect(P): api=1 producer=(830:com.android.systemui) producerControlledByApp=true
11-11 15:41:41.979  3159  3187 D GraphicBuffer: register, handle(0x8d715d80) (w:720 h:1440 s:720 f:0x1 u:f02)
11-11 15:41:41.981   830  1150 D Surface : Surface::setBufferCount(this=0x87fca800,bufferCount=4)
11-11 15:41:41.981   264   434 I BufferQueueProducer: [NavigationBar#0](this:0xabc65000,id:1086,api:1,p:830,c:264) setMaxDequeuedBufferCount: maxDequeuedBuffers = 3
11-11 15:41:41.982   264   434 W GrallocMapperPassthrough: buffer descriptor with invalid usage bits 0x400
11-11 15:41:41.983   260   640 I [Gralloc]: usage1: 0xf02, format: 1 stride: 720 vertical_stride: 96 size: 276480
11-11 15:41:41.988   258   258 D vndksupport: Loading /vendor/lib/hw/gralloc.mt6580.so from current namespace instead of sphal namespace.
11-11 15:41:41.999   830  1150 D GraphicBuffer: register, handle(0x8eb48b80) (w:720 h:96 s:720 f:0x1 u:f02)
11-11 15:41:42.024   258   258 D vndksupport: Loading /vendor/lib/hw/gralloc.mt6580.so from current namespace instead of sphal namespace.
11-11 15:41:42.026   258   258 D vndksupport: Loading /vendor/lib/hw/gralloc.mt6580.so from current namespace instead of sphal namespace.
11-11 15:41:42.042   675   713 W WindowManager: Window freeze timeout expired.
11-11 15:41:42.042   675   713 W WindowManager: Force clearing orientation change: Window{c89c69a u0 StatusBar}
11-11 15:41:42.052   260   275 I libPerfService: 14: legacy set: -1 -1
11-11 15:41:42.083   675   756 I WindowManager: Screen frozen for +2s40ms due to Window{c89c69a u0 StatusBar}
11-11 15:41:42.097   264   264 I BufferQueue: [unnamed-264-2089](this:0xaa69e000,id:2089,api:0,p:-1,c:-1) BufferQueue core=(264:/system/bin/surfaceflinger)
11-11 15:41:42.097   264   264 E DumpTunnel: finding regDump() failed
11-11 15:41:42.097   264   264 I BufferQueueConsumer: [unnamed-264-2089](this:0xaa69e000,id:2089,api:0,p:-1,c:264) connect(C): consumer=(264:/system/bin/surfaceflinger) controlledByApp=false
11-11 15:41:42.098   264   264 I BufferQueueConsumer: [unnamed-264-2089](this:0xaa69e000,id:2089,api:0,p:-1,c:264) setConsumerName: unnamed-264-2089
11-11 15:41:42.098   264   264 I BufferQueueConsumer: [BlackSurface#0](this:0xaa69e000,id:2089,api:0,p:-1,c:264) setConsumerName: BlackSurface#0
11-11 15:41:42.098   264   264 I BufferQueueProducer: [](this:0xaa69e000,id:2089,api:0,p:-1,c:264) setMaxDequeuedBufferCount: maxDequeuedBuffers = 2
11-11 15:41:42.110   264   264 D SurfaceFlinger: duplicate layer name: changing BlackSurface to BlackSurface#1
11-11 15:41:42.111   264   264 I BufferQueue: [unnamed-264-2090](this:0xaa6bc000,id:2090,api:0,p:-1,c:-1) BufferQueue core=(264:/system/bin/surfaceflinger)
11-11 15:41:42.111   264   264 E DumpTunnel: finding regDump() failed
11-11 15:41:42.111   264   264 I BufferQueueConsumer: [unnamed-264-2090](this:0xaa6bc000,id:2090,api:0,p:-1,c:264) connect(C): consumer=(264:/system/bin/surfaceflinger) controlledByApp=false
11-11 15:41:42.112   264   264 I BufferQueueConsumer: [unnamed-264-2090](this:0xaa6bc000,id:2090,api:0,p:-1,c:264) setConsumerName: unnamed-264-2090
11-11 15:41:42.112   264   264 I BufferQueueConsumer: [BlackSurface#1](this:0xaa6bc000,id:2090,api:0,p:-1,c:264) setConsumerName: BlackSurface#1
11-11 15:41:42.112   264   264 I BufferQueueProducer: [](this:0xaa6bc000,id:2090,api:0,p:-1,c:264) setMaxDequeuedBufferCount: maxDequeuedBuffers = 2
11-11 15:41:42.113   264   264 D SurfaceFlinger: duplicate layer name: changing BlackSurface to BlackSurface#1
11-11 15:41:42.114   264   264 I BufferQueue: [unnamed-264-2091](this:0xaa6d3000,id:2091,api:0,p:-1,c:-1) BufferQueue core=(264:/system/bin/surfaceflinger)
11-11 15:41:42.115   264   264 E DumpTunnel: finding regDump() failed
11-11 15:41:42.115   264   264 I BufferQueueConsumer: [unnamed-264-2091](this:0xaa6d3000,id:2091,api:0,p:-1,c:264) connect(C): consumer=(264:/system/bin/surfaceflinger) controlledByApp=false
11-11 15:41:42.115   264   264 I BufferQueueConsumer: [unnamed-264-2091](this:0xaa6d3000,id:2091,api:0,p:-1,c:264) setConsumerName: unnamed-264-2091
11-11 15:41:42.115   264   264 I BufferQueueConsumer: [BlackSurface#1](this:0xaa6d3000,id:2091,api:0,p:-1,c:264) setConsumerName: BlackSurface#1
11-11 15:41:42.115   264   264 I BufferQueueProducer: [](this:0xaa6d3000,id:2091,api:0,p:-1,c:264) setMaxDequeuedBufferCount: maxDequeuedBuffers = 2
11-11 15:41:42.126   264   264 D SurfaceFlinger: duplicate layer name: changing BlackSurface to BlackSurface#2
11-11 15:41:42.127   264   264 I BufferQueue: [unnamed-264-2092](this:0xaa6d5000,id:2092,api:0,p:-1,c:-1) BufferQueue core=(264:/system/bin/surfaceflinger)
11-11 15:41:42.127   264   264 E DumpTunnel: finding regDump() failed
11-11 15:41:42.128   264   264 I BufferQueueConsumer: [unnamed-264-2092](this:0xaa6d5000,id:2092,api:0,p:-1,c:264) connect(C): consumer=(264:/system/bin/surfaceflinger) controlledByApp=false
11-11 15:41:42.128   264   264 I BufferQueueConsumer: [unnamed-264-2092](this:0xaa6d5000,id:2092,api:0,p:-1,c:264) setConsumerName: unnamed-264-2092
11-11 15:41:42.128   264   264 I BufferQueueConsumer: [BlackSurface#2](this:0xaa6d5000,id:2092,api:0,p:-1,c:264) setConsumerName: BlackSurface#2
11-11 15:41:42.128   264   264 I BufferQueueProducer: [](this:0xaa6d5000,id:2092,api:0,p:-1,c:264) setMaxDequeuedBufferCount: maxDequeuedBuffers = 2
11-11 15:41:42.153   258   258 D vndksupport: Loading /vendor/lib/hw/gralloc.mt6580.so from current namespace instead of sphal namespace.
11-11 15:41:42.155   258   258 D vndksupport: Loading /vendor/lib/hw/gralloc.mt6580.so from current namespace instead of sphal namespace.
11-11 15:41:42.243   830   830 W StaticLayout: maxLineHeight should not be -1.  maxLines:1 lineCount:1
11-11 15:41:42.325  3159  3169 I zygote  : Background concurrent copying GC freed 87016(4MB) AllocSpace objects, 3(1728KB) LOS objects, 49% free, 8MB/17MB, paused 248us total 602.339ms
11-11 15:41:42.338   264   264 I BufferQueueProducer: [FrameBufferSurface_0](this:0xade58000,id:0,api:1,p:264,c:264) queueBuffer: fps=32.73 dur=1008.11 max=216.69 min=9.83
11-11 15:41:42.358  3875  3916 I BugleRcsEngine: [16539] pfq.a: Updated SIM info: currentSimId: [Ccak9VwBu_ogwds-z5p-Rh4kQMM]; imsi: [BoZSV5um48E3uadS10X_V4a-tqM]; rawMsisdn: ; formattedMsisdn: ; mccmnc: [C_LzhDrFoWcijZuDE_2xLDzBaqM] isFiDevice: false; subId: 1; slotIndex: 1
11-11 15:41:42.370   264   264 I DisplayDevice: [Built-in Screen (type:0)] fps:33.629848,dur:1011.01,max:216.75,min:10.01
11-11 15:41:42.390  3875  3916 I BugleRcsEngine: [16539] pfq.a: Broadcasting Intent { act=com.google.android.ims.SIM_LOADED (has extras) }
11-11 15:41:42.403  3875  3875 I Bugle   : SimChangeReceiver: action: com.google.android.ims.SIM_LOADED
11-11 15:41:42.407  3875  3899 I BugleRcsEngine: [16523] ook.b: Reinitialize CSLib Flags: com.google.android.ims.library
11-11 15:41:42.408   675   684 I zygote  : Background concurrent copying GC freed 89657(3MB) AllocSpace objects, 8(416KB) LOS objects, 42% free, 24MB/42MB, paused 2.726ms total 979.159ms
11-11 15:41:42.438  5743  5743 I KeyboardViewUtil: systemKeyboardHeightRatio:1.000000; userKeyboardHeightRatio:1.000000.
11-11 15:41:42.455  3875  3907 I BugleRcs: RcsAvailabilityUtilImplPhone: MSIM Rcs disabled because ENABLE_RCS_MULTISIM_V0 disabled
11-11 15:41:42.455  3875  3907 I BugleRcs: RcsAvailabilityUtilForProvisioningEngineV2: Get Updated RcsAvailability, RcsAvailability: 11, SimId: Redacted-12
11-11 15:41:42.461  3875  3875 I BugleRcsEngine: [2] sdv.disconnect: Disconnecting ChatSessionService
11-11 15:41:42.462  3875  3875 I BugleRcsEngine: [2] sdv.disconnect: Disconnecting ContactsService
11-11 15:41:42.466  3875  3875 I BugleRcsEngine: [2] sdv.disconnect: Disconnecting FileTransferService
11-11 15:41:42.473  3875  3875 I BugleRcsEngine: [2] sdv.disconnect: Disconnecting LocationSharingService
11-11 15:41:42.474  3875  3875 I BugleRcsEngine: [2] sdv.disconnect: Disconnecting ImsConnectionTrackerService
11-11 15:41:42.474  3875  3875 I BugleRcsEngine: [2] sdv.disconnect: Disconnecting RcsProfileService
11-11 15:41:42.477  3875  3875 I BugleRcsEngine: [2] sdv.disconnect: Disconnecting BusinessInfoService
11-11 15:41:42.499   830   830 W StaticLayout: maxLineHeight should not be -1.  maxLines:7 lineCount:7
11-11 15:41:42.499   258   258 D vndksupport: Loading /vendor/lib/hw/gralloc.mt6580.so from current namespace instead of sphal namespace.
11-11 15:41:42.500   830   830 W StaticLayout: maxLineHeight should not be -1.  maxLines:7 lineCount:7
11-11 15:41:42.548   258   258 D vndksupport: Loading /vendor/lib/hw/gralloc.mt6580.so from current namespace instead of sphal namespace.
11-11 15:41:42.567   675   756 E PowerHalWrapper: <setRotation> do boost with 0ms
11-11 15:41:42.567   260   640 I vendor.mediatek.hardware.power@1.1-impl: mtkPowerHint hint:14, data:0
11-11 15:41:42.580   264   264 I BufferQueueConsumer: [BlackSurface#0](this:0xaa69e000,id:2089,api:0,p:-1,c:-1) disconnect(C)
11-11 15:41:42.580   264   264 I BufferQueueConsumer: [BlackSurface#2](this:0xaa6d5000,id:2092,api:0,p:-1,c:-1) disconnect(C)
11-11 15:41:42.580   264   264 I BufferQueueConsumer: [BlackSurface#1](this:0xaa6d3000,id:2091,api:0,p:-1,c:-1) disconnect(C)
11-11 15:41:42.580   264   264 I BufferQueueConsumer: [BlackSurface#1](this:0xaa6bc000,id:2090,api:0,p:-1,c:-1) disconnect(C)
11-11 15:41:42.580   264   264 I BufferQueueConsumer: [ScreenshotSurface#0](this:0xabc44000,id:2087,api:1,p:-1,c:-1) disconnect(C)
11-11 15:41:42.582   264   264 I BufferQueue: [ScreenshotSurface#0](this:0xabc44000,id:2087,api:1,p:-1,c:-1) ~BufferQueueCore
11-11 15:41:42.582   264   264 I BufferQueue: [BlackSurface#0](this:0xaa69e000,id:2089,api:0,p:-1,c:-1) ~BufferQueueCore
11-11 15:41:42.583   264   264 I BufferQueue: [BlackSurface#1](this:0xaa6bc000,id:2090,api:0,p:-1,c:-1) ~BufferQueueCore
11-11 15:41:42.583   264   264 I BufferQueue: [BlackSurface#1](this:0xaa6d3000,id:2091,api:0,p:-1,c:-1) ~BufferQueueCore
11-11 15:41:42.583   264   264 I BufferQueue: [BlackSurface#2](this:0xaa6d5000,id:2092,api:0,p:-1,c:-1) ~BufferQueueCore
11-11 15:41:42.615  3875  3916 I BugleRcsEngine: [16539] pfq.m: Processing an intent
11-11 15:41:42.634  5743  5743 I DeviceStatusMonitor: onReceive() : Action = android.intent.action.CONFIGURATION_CHANGED
11-11 15:41:42.637  3875  3916 I BugleRcsEngine: [16539] pfq.a: Ignoring duplicate SIM state: LOADED
11-11 15:41:42.644   830   830 W StaticLayout: maxLineHeight should not be -1.  maxLines:7 lineCount:7
11-11 15:41:42.645   830   830 W StaticLayout: maxLineHeight should not be -1.  maxLines:7 lineCount:7
11-11 15:41:42.651  5743  5743 I ConfigurationNotification: Get device mode by ui mode:1 and smallestScreenWidthDp:360
11-11 15:41:42.651  5743  5743 I ConfigurationNotification: Get device mode by ui mode:1 and smallestScreenWidthDp:360
11-11 15:41:42.657  5743  5743 I Choreographer: Skipped 94 frames!  The application may be doing too much work on its main thread.
11-11 15:41:42.690   830   830 W StaticLayout: maxLineHeight should not be -1.  maxLines:7 lineCount:7
11-11 15:41:42.691   830   830 W StaticLayout: maxLineHeight should not be -1.  maxLines:7 lineCount:7
11-11 15:41:42.730   675  7774 W ActivityManager: Unable to start service Intent { act=com.google.android.gms.icing.INDEX_SERVICE pkg=com.google.android.gms } U=0: not found
11-11 15:41:42.733   675  7774 W ActivityManager: Unbind failed: could not find connection for android.os.BinderProxy@6fa1dfb
11-11 15:41:42.750   830   830 W StaticLayout: maxLineHeight should not be -1.  maxLines:1 lineCount:1
11-11 15:41:42.752   830   830 I chatty  : uid=10031(com.transsion.faceid) com.android.systemui identical 1 line
11-11 15:41:42.753   830   830 W StaticLayout: maxLineHeight should not be -1.  maxLines:1 lineCount:1
11-11 15:41:42.765  3875  3938 I Bugle   : CountryCodeDetector: updateMainDeviceCountry from default subscription network country. detected country: cn
11-11 15:41:42.766  3875  3940 E GmsClient: unable to connect to service: com.google.android.gms.icing.INDEX_SERVICE on com.google.android.gms
11-11 15:41:42.790   830   830 W StaticLayout: maxLineHeight should not be -1.  maxLines:7 lineCount:7
11-11 15:41:42.790   830   830 W StaticLayout: maxLineHeight should not be -1.  maxLines:7 lineCount:7
11-11 15:41:42.825 18016  3683 I zygote  : Deoptimizing void bqia.a(int, java.util.List, bqjo) due to JIT inline cache
11-11 15:41:42.827   675   699 D DeviceIdleController: handleMessage(7)
11-11 15:41:42.860   830   830 W StaticLayout: maxLineHeight should not be -1.  maxLines:7 lineCount:7
11-11 15:41:42.950   830   830 I chatty  : uid=10031(com.transsion.faceid) com.android.systemui identical 6 lines
11-11 15:41:42.951   830   830 W StaticLayout: maxLineHeight should not be -1.  maxLines:7 lineCount:7
11-11 15:41:42.954   830   830 D View    : [ANR Warning]onMeasure time too long, this =com.android.systemui.statusbar.stack.NotificationChildrenContainer{8b70a16 V.E...... ......ID 0,0-720,4587 #7f0a01fa app:id/notification_children_container}time =570 ms
11-11 15:41:42.955   830   830 D View    : [ANR Warning]onMeasure time too long, this =com.android.systemui.statusbar.ExpandableNotificationRow{c108f32 IFE...C.. ......ID 0,0-720,4587}time =594 ms
11-11 15:41:43.003   263   263 I lowmemorykiller: Killing 'com.google.android.apps.messaging' (3875), uid 10069, adj 900
11-11 15:41:43.003   263   263 I lowmemorykiller:    to free 80376kB because system is under medium memory pressure oom_adj 800
11-11 15:41:43.116   830   830 W StaticLayout: maxLineHeight should not be -1.  maxLines:2 lineCount:2
11-11 15:41:43.120   830   830 I chatty  : uid=10031(com.transsion.faceid) com.android.systemui identical 2 lines
11-11 15:41:43.120   830   830 W StaticLayout: maxLineHeight should not be -1.  maxLines:2 lineCount:2
11-11 15:41:43.158   830   830 W StaticLayout: maxLineHeight should not be -1.  maxLines:1 lineCount:1
11-11 15:41:43.159   830   830 W StaticLayout: maxLineHeight should not be -1.  maxLines:1 lineCount:1
11-11 15:41:43.180   830   830 D View    : [ANR Warning]onMeasure time too long, this =com.android.systemui.statusbar.stack.NotificationStackScrollLayout{99636bf VFED..... ......ID 0,0-720,0 #7f0a0209 app:id/notification_stack_scroller}time =1100 ms
11-11 15:41:43.182   264  1255 I BufferQueueProducer: [com.android.settings/com.android.settings.SubSettings#0](this:0xabc39000,id:2088,api:1,p:3159,c:264) queueBuffer: fps=19.45 dur=1336.56 max=874.82 min=7.67
