11-11 15:41:25.936   675  1241 V SettingsProvider: packageValueForCallResult, name = device_provisioned, value : Bundle[{_track_generation=android.util.MemoryIntArray@5e, value=1, _generation_index=0, _generation=61}]
11-11 15:41:25.943  3159  3159 I zygote  : Deoptimizing void android.support.v7.widget.RecyclerView$ViewFlinger.run() due to JIT inline cache
11-11 15:41:25.946  3651  3680 I Finsky  : [16495] qsx.a(38): Started reading experiment flags from file [y3AGubKmYI12TYJ5ux95b8MQLAow8WkGUhHr0EdzPCg].
11-11 15:41:25.955  3651  3680 I Finsky  : [16495] qsx.a(49): Finished reading experiment flags from file [y3AGubKmYI12TYJ5ux95b8MQLAow8WkGUhHr0EdzPCg].
11-11 15:41:25.985  3651  3651 I Finsky  : [2] qsx.a(38): Started reading experiment flags from file [Se-xCc4LzNyh3UrKMIU2sUf-PUKz4oQEbpKZDMuaFno].
11-11 15:41:26.001   977  1254 D PhoneInterfaceManager: [PhoneIntfMgr] SubscriptionManager.getPhoneId(1)=1
11-11 15:41:26.007  3651  3651 I Finsky  : [2] qsx.a(49): Finished reading experiment flags from file [Se-xCc4LzNyh3UrKMIU2sUf-PUKz4oQEbpKZDMuaFno].
11-11 15:41:26.015   830   830 D SignalClusterView: setMDataInds-getState subId:1sts[com.android.systemui.statusbar.SignalClusterView$PhoneState@5ddf837]:com.android.systemui.statusbar.SignalClusterView{34a3f18 V.E...... ......ID 2,0-48,48 #7f0a02a1 app:id/signal_cluster}
11-11 15:41:26.027   260   275 I libPerfService: 15: legacy set: -1 -1
11-11 15:41:26.027   260   275 I libPerfService: 15: legacy set freq: -1 -1
11-11 15:41:26.043  3651  3651 I Finsky  : [2] tbu.<init>(14): Resetting scheduler db
11-11 15:41:26.047   977  1254 D PhoneInterfaceManager: [PhoneIntfMgr] SubscriptionManager.getPhoneId(1)=1
11-11 15:41:26.056   830   830 D SignalClusterView: setMDataInds-getState subId:1sts[com.android.systemui.statusbar.SignalClusterView$PhoneState@2ada1a4]:com.android.systemui.statusbar.SignalClusterView{bd0d7e4 V.E...... ........ 2,7-48,41 #7f0a02a1 app:id/signal_cluster}
11-11 15:41:26.097   264   434 I BufferQueueProducer: [com.android.settings/com.android.settings.SubSettings#0](this:0xaa683000,id:2085,api:1,p:3159,c:264) queueBuffer: fps=61.11 dur=1014.57 max=29.12 min=7.59
11-11 15:41:26.109   264   264 I DisplayDevice: [Built-in Screen (type:0)] fps:60.659782,dur:1005.61,max:19.18,min:13.55
11-11 15:41:26.131  3651  3678 I Finsky  : [16493] ecr.Y(6): Not a unicorn account
11-11 15:41:26.149   675   773 I PowerWrap: PowerHal_TouchBoost
11-11 15:41:26.149   260  1600 I vendor.mediatek.hardware.power@1.1-impl: mtkPowerHint hint:15, data:10000
11-11 15:41:26.151   260   275 I libPerfService: 15: legacy set freq: 1300000 -1
11-11 15:41:26.152   260   275 I libPerfService: 15: legacy set: 4 -1
11-11 15:41:26.155   675   701 W ContextImpl: Calling a method in the system process without a qualified user: android.app.ContextImpl.sendBroadcast:967 com.mediatek.server.stk.StkManagerImpl$2.run:110 android.os.Handler.handleCallback:790 android.os.Handler.dispatchMessage:99 android.os.Looper.loop:164 
11-11 15:41:26.156   675   700 W BroadcastQueue: Background execution not allowed: receiving Intent { act=mediatek.intent.action.stk.USER_ACTIVITY flg=0x10 } to com.android.stk/.EventReceiver
11-11 15:41:26.183   675  1241 V SettingsProvider: packageValueForCallResult, name = android_id, value : Bundle[{_track_generation=android.util.MemoryIntArray@5e, value=775966cec3e2068f, _generation_index=1, _generation=21}]
11-11 15:41:26.232  3651  3680 I cr_CronetLibraryLoader: Cronet version: 79.0.3940.0, arch: armv7l
11-11 15:41:26.255  3651  3678 I Finsky  : [16493] qic.<init>(5): Registering in memory receiver for android.intent.action.PACKAGE_ADDED
11-11 15:41:26.261   675   701 W ContextImpl: Calling a method in the system process without a qualified user: android.app.ContextImpl.sendBroadcast:967 com.mediatek.server.stk.StkManagerImpl$2.run:110 android.os.Handler.handleCallback:790 android.os.Handler.dispatchMessage:99 android.os.Looper.loop:164 
11-11 15:41:26.262   675   700 W BroadcastQueue: Background execution not allowed: receiving Intent { act=mediatek.intent.action.stk.USER_ACTIVITY flg=0x10 } to com.android.stk/.EventReceiver
11-11 15:41:26.270  3651  3678 I Finsky  : [16493] ecr.aS(5): Disable SystemUpdateActivity, because Android is lower than Q
11-11 15:41:26.342  3651  3686 I Finsky  : [16499] ebr.run(3): Set SystemUpdateActivity enabled state to 2
11-11 15:41:26.371   675   773 I PowerWrap: PowerHal_TouchBoost
11-11 15:41:26.372   260 14793 I vendor.mediatek.hardware.power@1.1-impl: mtkPowerHint hint:15, data:100
11-11 15:41:26.372   675   701 I greenpower: the fling duration 277
11-11 15:41:26.372   675   701 I greenpower: the fling duration 303
11-11 15:41:26.373  3159  3159 I greenpower: the fling duration 290
11-11 15:41:26.377   675   701 W ContextImpl: Calling a method in the system process without a qualified user: android.app.ContextImpl.sendBroadcast:967 com.mediatek.server.stk.StkManagerImpl$2.run:110 android.os.Handler.handleCallback:790 android.os.Handler.dispatchMessage:99 android.os.Looper.loop:164 
11-11 15:41:26.393   675  7536 I WifiService: getVerboseLoggingLevel uid=1000
11-11 15:41:26.394   675  7536 I WifiService: getWifiApEnabledState uid=1000
11-11 15:41:26.396  5449  5449 D PowerSaveUtils: isUltraPowerOn(context) isOn=false
11-11 15:41:26.397  5449  5449 D PowerSaveUtils: getConfigCurrent isUltraModeOn:false
11-11 15:41:26.397  5449  5449 D PowerSaveUtils: config details is : bright->102wifiEnable-> falsewifiApEnable->falsebtEnable->falsedataEnable->truegpsEnable->truethreeGEnable->trueautoSyncEnable->trueisScreenModeOn->falseisUltraModeOn->falseisBatterySaverOn->false
11-11 15:41:26.397  5449  5449 D PowerSaveUtils: getConfigCurrent current:39.800000000000004
11-11 15:41:26.399   675  1241 V SettingsProvider: name : battery_remaining_time appId : 1000
11-11 15:41:26.400  5449  5449 D PowerSaveUtils: hours:8,min:32
11-11 15:41:26.429   675  5080 I ActivityManager: Start proc 3709:com.google.process.gapps/u0a13 for content provider com.google.android.gsf/.settings.GoogleSettingsProvider
11-11 15:41:26.429   675  5080 W ActivityManager: Slow operation: 111ms so far, now at getContentProviderImpl: after start process
11-11 15:41:26.429   675  5080 W ActivityManager: Slow operation: 111ms so far, now at getContentProviderImpl: updating data structures
11-11 15:41:26.429   675  5080 W ActivityManager: Slow operation: 112ms so far, now at getContentProviderImpl: done!
11-11 15:41:26.439   675   700 W BroadcastQueue: Background execution not allowed: receiving Intent { act=mediatek.intent.action.stk.USER_ACTIVITY flg=0x10 } to com.android.stk/.EventReceiver
11-11 15:41:26.477   260   275 I libPerfService: 15: legacy set: -1 -1
11-11 15:41:26.477   260   275 I libPerfService: 15: legacy set freq: -1 -1
11-11 15:41:26.580  3651  3679 W Settings: Setting download_manager_max_bytes_over_mobile has moved from android.provider.Settings.Secure to android.provider.Settings.Global.
11-11 15:41:26.586  3651  3679 I Finsky  : [16494] poe.a(5): SettingNotFoundException, fall through to G.downloadBytesOverMobileMaximum
11-11 15:41:26.587  3651  3679 W Settings: Setting download_manager_recommended_max_bytes_over_mobile has moved from android.provider.Settings.Secure to android.provider.Settings.Global.
11-11 15:41:26.590  3651  3679 I Finsky  : [16494] poe.a(9): SettingNotFoundException, fall through to G.downloadBytesOverMobileRecommended
11-11 15:41:26.593  3651  3679 I Finsky  : [16494] ajfz.a(2): registerListener
11-11 15:41:26.613  3651  3679 I chatty  : uid=10033(com.android.vending) identical 1 line
11-11 15:41:26.617  3651  3679 I Finsky  : [16494] ajfz.a(2): registerListener
11-11 15:41:26.627   675   773 I PowerWrap: PowerHal_TouchBoost
11-11 15:41:26.628   260 14793 I vendor.mediatek.hardware.power@1.1-impl: mtkPowerHint hint:15, data:10000
11-11 15:41:26.630   260   275 I libPerfService: 15: legacy set freq: 1300000 -1
11-11 15:41:26.630   260   275 I libPerfService: 15: legacy set: 4 -1
11-11 15:41:26.658   675   701 W ContextImpl: Calling a method in the system process without a qualified user: android.app.ContextImpl.sendBroadcast:967 com.mediatek.server.stk.StkManagerImpl$2.run:110 android.os.Handler.handleCallback:790 android.os.Handler.dispatchMessage:99 android.os.Looper.loop:164 
11-11 15:41:26.659   675   700 W BroadcastQueue: Background execution not allowed: receiving Intent { act=mediatek.intent.action.stk.USER_ACTIVITY flg=0x10 } to com.android.stk/.EventReceiver
11-11 15:41:26.699  3651  3679 I Finsky  : [16494] ywy.j(5): Setup app restrictions monitor
11-11 15:41:26.708  3651  3679 I Finsky  : [16494] yyt.a(4): Device wide unknown source restriction is changed.
11-11 15:41:26.745  3709  3709 I LoadedApk: No resource references to update in package com.transsion.theme.icon
11-11 15:41:26.749   675   701 W ContextImpl: Calling a method in the system process without a qualified user: android.app.ContextImpl.sendBroadcast:967 com.mediatek.server.stk.StkManagerImpl$2.run:110 android.os.Handler.handleCallback:790 android.os.Handler.dispatchMessage:99 android.os.Looper.loop:164 
11-11 15:41:26.798   264   435 I BufferQueueProducer: [StatusBar#0](this:0xabc4a000,id:4,api:1,p:830,c:264) queueBuffer: fps=2.90 dur=1379.88 max=718.45 min=6.74
11-11 15:41:26.808  3709  3709 I GoogleHttpClient: GMS http client unavailable, use old client
11-11 15:41:26.898  3159  3164 I zygote  : Do full code cache collection, code=253KB, data=183KB
11-11 15:41:26.925  3159  3164 I zygote  : After code cache collection, code=230KB, data=157KB
11-11 15:41:26.932   675   701 I chatty  : uid=1000(system) android.ui identical 1 line
11-11 15:41:26.984   675   773 I PowerWrap: PowerHal_TouchBoost
11-11 15:41:26.986   260  1600 I vendor.mediatek.hardware.power@1.1-impl: mtkPowerHint hint:15, data:100
11-11 15:41:26.987   675   701 I greenpower: the fling duration 46
11-11 15:41:26.987   675   701 I greenpower: the fling duration 76
11-11 15:41:26.989   675   701 W ContextImpl: Calling a method in the system process without a qualified user: android.app.ContextImpl.sendBroadcast:967 com.mediatek.server.stk.StkManagerImpl$2.run:110 android.os.Handler.handleCallback:790 android.os.Handler.dispatchMessage:99 android.os.Looper.loop:164 
11-11 15:41:27.039  3159  3187 E libPowerStretch: LucidStats currentFPS = 40.05 [2390731120]
11-11 15:41:27.077  3651  3651 I Finsky  : [2] pgo.onTrimMemory(1): Memory trim requested to level 15
11-11 15:41:27.091   260   275 I libPerfService: 15: legacy set: -1 -1
11-11 15:41:27.091   260   275 I libPerfService: 15: legacy set freq: -1 -1
11-11 15:41:27.105   264   434 I BufferQueueProducer: [com.android.settings/com.android.settings.SubSettings#0](this:0xaa683000,id:2085,api:1,p:3159,c:264) queueBuffer: fps=56.53 dur=1008.35 max=55.10 min=7.50
11-11 15:41:27.117   264   264 I DisplayDevice: [Built-in Screen (type:0)] fps:56.499615,dur:1008.86,max:33.92,min:15.11
11-11 15:41:27.136  3651  3651 I Finsky  : [2] mlq.<init>(16): Installer: Setting Parallelism[DEFAULT]
11-11 15:41:27.146  3651  3651 I Finsky  : [2] mja.a(19): Installer: Attempting to start installer
11-11 15:41:27.147   675  1241 W BroadcastQueue: Background execution not allowed: receiving Intent { act=mediatek.intent.action.stk.USER_ACTIVITY flg=0x10 } to com.android.stk/.EventReceiver
11-11 15:41:27.147   675   700 W BroadcastQueue: Background execution not allowed: receiving Intent { act=mediatek.intent.action.stk.USER_ACTIVITY flg=0x10 } to com.android.stk/.EventReceiver
11-11 15:41:27.150   675   700 W BroadcastQueue: Background execution not allowed: receiving Intent { act=mediatek.intent.action.stk.USER_ACTIVITY flg=0x10 } to com.android.stk/.EventReceiver
11-11 15:41:27.153  3651  3651 I Finsky  : [2] ajfz.a(2): registerListener
11-11 15:41:27.157  3651  3651 I Finsky  : [2] meo.<init>(7): Not checking if recovering from paused session because experiment is off
11-11 15:41:27.189  3651  3651 I Finsky  : [2] com.google.android.finsky.scheduler.JobSchedulerEngine$PhoneskyJobSchedulerJobService.onStartJob(5): SCH: onJobSchedulerWakeup with jobId 9004
11-11 15:41:27.224  3651  3651 I Finsky  : [2] sys.a(24): Scheduling fallback job with id: 9034, and delay: 43200000 ms
11-11 15:41:27.245  3651  3651 I Finsky  : [2] sys.a(5): Scheduling fallback in 64799982 (absolute: 1100536277)
11-11 15:41:27.273  3651  3651 I Finsky  : [2] guv.onSubscriptionsChanged(1): onSubscriptionsChanged
11-11 15:41:27.279  3651  3651 I Finsky  : [2] mja.a(217): Installer kick - no action, not running yet
11-11 15:41:27.307  3651  3682 D NetworkSecurityConfig: No Network Security Config specified, using platform default
11-11 15:41:27.319  3651  3682 I System.out: isEmailSend:GET
11-11 15:41:27.362  3651  3682 I System.out: port:80
11-11 15:41:27.370  3651  3746 I Finsky  : [16535] jng.a(2): getDownloads(-)
11-11 15:41:27.385  3651  3747 I Finsky  : [16537] ajgh.a(7): Initiate binding to the service.
11-11 15:41:27.420   675  7536 I ActivityManager: Start proc 3749:com.android.vending:download_service/u0a33 for service com.android.vending/com.google.android.finsky.downloadservice.DownloadService
11-11 15:41:27.421   675  7536 D ActivityManager: AMS: *** Launch app com.android.vending/10033 for service Intent { act=com.google.android.finsky.BIND_DOWNLOAD_SERVICE pkg=com.android.vending }, from com.android.vending/10033.
11-11 15:41:27.469  3651  3693 I Finsky  : [16506] orn.a(14): Loaded library for account: [SvIRtbjqNpKBxJI-whJB91UiPJIvoDwI8w4ZMXo3xIQ]
11-11 15:41:27.470   675  5080 I ActivityManager: Start proc 3762:android.process.media/u0a28 for content provider com.android.providers.downloads/.DownloadProvider
11-11 15:41:27.470  3651  3693 I Finsky  : [16506] orn.a(16): Finished loading 1 libraries.
11-11 15:41:27.579   675   773 I PowerWrap: PowerHal_TouchBoost
11-11 15:41:27.580   260  1600 I vendor.mediatek.hardware.power@1.1-impl: mtkPowerHint hint:15, data:10000
11-11 15:41:27.587   260   275 I libPerfService: 15: legacy set freq: 1300000 -1
11-11 15:41:27.588   260   275 I libPerfService: 15: legacy set: 4 -1
11-11 15:41:27.590   675   701 W ContextImpl: Calling a method in the system process without a qualified user: android.app.ContextImpl.sendBroadcast:967 com.mediatek.server.stk.StkManagerImpl$2.run:110 android.os.Handler.handleCallback:790 android.os.Handler.dispatchMessage:99 android.os.Looper.loop:164 
11-11 15:41:27.592   675   700 W BroadcastQueue: Background execution not allowed: receiving Intent { act=mediatek.intent.action.stk.USER_ACTIVITY flg=0x10 } to com.android.stk/.EventReceiver
11-11 15:41:27.603  3762  3762 I zygote  : The ClassLoaderContext is a special shared library.
11-11 15:41:27.686  3762  3762 I LoadedApk: No resource references to update in package com.transsion.theme.icon
11-11 15:41:27.689   675   701 W ContextImpl: Calling a method in the system process without a qualified user: android.app.ContextImpl.sendBroadcast:967 com.mediatek.server.stk.StkManagerImpl$2.run:110 android.os.Handler.handleCallback:790 android.os.Handler.dispatchMessage:99 android.os.Looper.loop:164 
11-11 15:41:27.694   675   700 W BroadcastQueue: Background execution not allowed: receiving Intent { act=mediatek.intent.action.stk.USER_ACTIVITY flg=0x10 } to com.android.stk/.EventReceiver
11-11 15:41:27.725  3762  3762 I zygote  : The ClassLoaderContext is a special shared library.
11-11 15:41:27.783  3749  3749 I LoadedApk: No resource references to update in package com.transsion.theme.icon
11-11 15:41:27.798   675   701 W ContextImpl: Calling a method in the system process without a qualified user: android.app.ContextImpl.sendBroadcast:967 com.mediatek.server.stk.StkManagerImpl$2.run:110 android.os.Handler.handleCallback:790 android.os.Handler.dispatchMessage:99 android.os.Looper.loop:164 
11-11 15:41:27.799   675   700 W BroadcastQueue: Background execution not allowed: receiving Intent { act=mediatek.intent.action.stk.USER_ACTIVITY flg=0x10 } to com.android.stk/.EventReceiver
11-11 15:41:27.804  3749  3749 I Finsky:download_service: [2] ecr.aI(9): Process created at version: 17.3.16-all [0] [PR] 277156053
11-11 15:41:27.804  3762  3762 D FileSystemProvider: onCreate mFSPHelper : com.mediatek.internal.content.MtkFileSystemProviderHelper@4946fe6
11-11 15:41:27.855   264  1255 I BufferQueueProducer: [com.android.settings/com.android.settings.SubSettings#0](this:0xaa683000,id:2085,api:1,p:3159,c:264) RunningBehind, queued size:2
11-11 15:41:27.857   264  1255 I BufferQueueProducer: [StatusBar#0](this:0xabc4a000,id:4,api:1,p:830,c:264) queueBuffer: fps=0.94 dur=1059.48 max=1059.48 min=1059.48
11-11 15:41:27.873   264   621 I BufferQueueProducer: [com.android.settings/com.android.settings.SubSettings#0](this:0xaa683000,id:2085,api:1,p:3159,c:264) RunningBehind, queued size:2
11-11 15:41:27.886   264  1255 I BufferQueueProducer: [com.android.settings/com.android.settings.SubSettings#0](this:0xaa683000,id:2085,api:1,p:3159,c:264) RunningBehind, queued size:2
11-11 15:41:27.900   675   773 I PowerWrap: PowerHal_TouchBoost
11-11 15:41:27.901   260 14793 I vendor.mediatek.hardware.power@1.1-impl: mtkPowerHint hint:15, data:100
11-11 15:41:27.902   675   701 I greenpower: the fling duration 67
11-11 15:41:27.902  3159  3159 I greenpower: the fling duration 70
11-11 15:41:27.902   675   701 I greenpower: the fling duration 74
11-11 15:41:27.904   264   621 I BufferQueueProducer: [com.android.settings/com.android.settings.SubSettings#0](this:0xaa683000,id:2085,api:1,p:3159,c:264) RunningBehind, queued size:2
11-11 15:41:27.905   675   701 W ContextImpl: Calling a method in the system process without a qualified user: android.app.ContextImpl.sendBroadcast:967 com.mediatek.server.stk.StkManagerImpl$2.run:110 android.os.Handler.handleCallback:790 android.os.Handler.dispatchMessage:99 android.os.Looper.loop:164 
11-11 15:41:27.906   675   700 W BroadcastQueue: Background execution not allowed: receiving Intent { act=mediatek.intent.action.stk.USER_ACTIVITY flg=0x10 } to com.android.stk/.EventReceiver
11-11 15:41:27.922   264  1255 I BufferQueueProducer: [com.android.settings/com.android.settings.SubSettings#0](this:0xaa683000,id:2085,api:1,p:3159,c:264) RunningBehind, queued size:2
11-11 15:41:27.936   264   621 I BufferQueueProducer: [com.android.settings/com.android.settings.SubSettings#0](this:0xaa683000,id:2085,api:1,p:3159,c:264) RunningBehind, queued size:2
11-11 15:41:27.953   264  1255 I BufferQueueProducer: [com.android.settings/com.android.settings.SubSettings#0](this:0xaa683000,id:2085,api:1,p:3159,c:264) RunningBehind, queued size:2
11-11 15:41:27.971   264   621 I BufferQueueProducer: [com.android.settings/com.android.settings.SubSettings#0](this:0xaa683000,id:2085,api:1,p:3159,c:264) RunningBehind, queued size:2
11-11 15:41:27.984   264  1255 I BufferQueueProducer: [com.android.settings/com.android.settings.SubSettings#0](this:0xaa683000,id:2085,api:1,p:3159,c:264) RunningBehind, queued size:2
11-11 15:41:28.002   260   275 I libPerfService: 15: legacy set: -1 -1
11-11 15:41:28.003   260   275 I libPerfService: 15: legacy set freq: -1 -1
11-11 15:41:28.003   264   621 I BufferQueueProducer: [com.android.settings/com.android.settings.SubSettings#0](this:0xaa683000,id:2085,api:1,p:3159,c:264) RunningBehind, queued size:2
11-11 15:41:28.017   264  1255 I BufferQueueProducer: [com.android.settings/com.android.settings.SubSettings#0](this:0xaa683000,id:2085,api:1,p:3159,c:264) RunningBehind, queued size:2
11-11 15:41:28.032   977  1254 D PhoneInterfaceManager: [PhoneIntfMgr] SubscriptionManager.getPhoneId(1)=1
11-11 15:41:28.035   264   435 I BufferQueueProducer: [com.android.settings/com.android.settings.SubSettings#0](this:0xaa683000,id:2085,api:1,p:3159,c:264) RunningBehind, queued size:2
11-11 15:41:28.038   830   830 D SignalClusterView: setMDataInds-getState subId:1sts[com.android.systemui.statusbar.SignalClusterView$PhoneState@5ddf837]:com.android.systemui.statusbar.SignalClusterView{34a3f18 V.E...... ......ID 2,0-48,48 #7f0a02a1 app:id/signal_cluster}
11-11 15:41:28.050   264  1255 I BufferQueueProducer: [com.android.settings/com.android.settings.SubSettings#0](this:0xaa683000,id:2085,api:1,p:3159,c:264) RunningBehind, queued size:2
11-11 15:41:28.062   977  1254 D PhoneInterfaceManager: [PhoneIntfMgr] SubscriptionManager.getPhoneId(1)=1
11-11 15:41:28.067   264   435 I BufferQueueProducer: [com.android.settings/com.android.settings.SubSettings#0](this:0xaa683000,id:2085,api:1,p:3159,c:264) RunningBehind, queued size:2
11-11 15:41:28.073   830   830 D SignalClusterView: setMDataInds-getState subId:1sts[com.android.systemui.statusbar.SignalClusterView$PhoneState@2ada1a4]:com.android.systemui.statusbar.SignalClusterView{bd0d7e4 V.E...... ........ 2,7-48,41 #7f0a02a1 app:id/signal_cluster}
11-11 15:41:28.085   264  1255 I BufferQueueProducer: [com.android.settings/com.android.settings.SubSettings#0](this:0xaa683000,id:2085,api:1,p:3159,c:264) RunningBehind, queued size:2
11-11 15:41:28.100   264   435 I BufferQueueProducer: [com.android.settings/com.android.settings.SubSettings#0](this:0xaa683000,id:2085,api:1,p:3159,c:264) RunningBehind, queued size:2
11-11 15:41:28.108   675   773 I PowerWrap: PowerHal_TouchBoost
11-11 15:41:28.109   260  1600 I vendor.mediatek.hardware.power@1.1-impl: mtkPowerHint hint:15, data:10000
11-11 15:41:28.112   260   275 I libPerfService: 15: legacy set freq: 1300000 -1
11-11 15:41:28.112   260   275 I libPerfService: 15: legacy set: 4 -1
11-11 15:41:28.115   675   701 W ContextImpl: Calling a method in the system process without a qualified user: android.app.ContextImpl.sendBroadcast:967 com.mediatek.server.stk.StkManagerImpl$2.run:110 android.os.Handler.handleCallback:790 android.os.Handler.dispatchMessage:99 android.os.Looper.loop:164 
11-11 15:41:28.116   675   700 W BroadcastQueue: Background execution not allowed: receiving Intent { act=mediatek.intent.action.stk.USER_ACTIVITY flg=0x10 } to com.android.stk/.EventReceiver
11-11 15:41:28.118   264  1255 I BufferQueueProducer: [com.android.settings/com.android.settings.SubSettings#0](this:0xaa683000,id:2085,api:1,p:3159,c:264) RunningBehind, queued size:2
11-11 15:41:28.119   264  1255 I BufferQueueProducer: [com.android.settings/com.android.settings.SubSettings#0](this:0xaa683000,id:2085,api:1,p:3159,c:264) queueBuffer: fps=60.18 dur=1013.60 max=40.97 min=7.23
11-11 15:41:28.127   264   264 I DisplayDevice: [Built-in Screen (type:0)] fps:59.441906,dur:1009.39,max:32.98,min:15.37
11-11 15:41:28.133   264   621 I BufferQueueProducer: [com.android.settings/com.android.settings.SubSettings#0](this:0xaa683000,id:2085,api:1,p:3159,c:264) RunningBehind, queued size:2
11-11 15:41:28.150   264  1255 I BufferQueueProducer: [com.android.settings/com.android.settings.SubSettings#0](this:0xaa683000,id:2085,api:1,p:3159,c:264) RunningBehind, queued size:2
11-11 15:41:28.164   675  1241 D MtkConnectivityService: requestNetwork for uid/pid:10033/3749 NetworkRequest [ TRACK_DEFAULT id=777, [ Capabilities: INTERNET&NOT_RESTRICTED&TRUSTED&NOT_VPN] ]
11-11 15:41:28.166   977   977 D PhoneSwitcherNetworkRequstListener: got request NetworkRequest [ TRACK_DEFAULT id=777, [ Capabilities: INTERNET&NOT_RESTRICTED&TRUSTED&NOT_VPN] ] with score 50
11-11 15:41:28.168   675   782 D WIFI    : got request NetworkRequest [ TRACK_DEFAULT id=777, [ Capabilities: INTERNET&NOT_RESTRICTED&TRUSTED&NOT_VPN] ] with score 50
11-11 15:41:28.168   675   782 D WIFI_UT : got request NetworkRequest [ TRACK_DEFAULT id=777, [ Capabilities: INTERNET&NOT_RESTRICTED&TRUSTED&NOT_VPN] ] with score 50
11-11 15:41:28.171   264   621 I BufferQueueProducer: [com.android.settings/com.android.settings.SubSettings#0](this:0xaa683000,id:2085,api:1,p:3159,c:264) RunningBehind, queued size:2
11-11 15:41:28.180  3749  3785 I Finsky:download_service: [16501] jgi.onAvailable(3): Network is available [NetworkState{connected=true, wifi=false, metered=true, roaming=false}].
11-11 15:41:28.185   264  1255 I BufferQueueProducer: [com.android.settings/com.android.settings.SubSettings#0](this:0xaa683000,id:2085,api:1,p:3159,c:264) RunningBehind, queued size:2
11-11 15:41:28.186  3651  3651 I Finsky  : [2] ajgn.onServiceConnected(2): ServiceConnectionImpl.onServiceConnected(ComponentInfo{com.android.vending/com.google.android.finsky.downloadservice.DownloadService})
11-11 15:41:28.188  3651  3747 I Finsky  : [16537] ajgl.a(4): linkToDeath
11-11 15:41:28.193  3749  3761 I Finsky:download_service: [16495] jhi.a(13): Starting getDownloads().
11-11 15:41:28.198  3749  3782 I Finsky:download_service: [16500] jfv.a(1): Trying to resume downloads.
11-11 15:41:28.218   675   701 W ContextImpl: Calling a method in the system process without a qualified user: android.app.ContextImpl.sendBroadcast:967 com.mediatek.server.stk.StkManagerImpl$2.run:110 android.os.Handler.handleCallback:790 android.os.Handler.dispatchMessage:99 android.os.Looper.loop:164 
11-11 15:41:28.219   675   700 W BroadcastQueue: Background execution not allowed: receiving Intent { act=mediatek.intent.action.stk.USER_ACTIVITY flg=0x10 } to com.android.stk/.EventReceiver
11-11 15:41:28.221   264   434 I BufferQueueProducer: [com.android.settings/com.android.settings.SubSettings#0](this:0xaa683000,id:2085,api:1,p:3159,c:264) RunningBehind, queued size:2
11-11 15:41:28.235   264  1255 I BufferQueueProducer: [com.android.settings/com.android.settings.SubSettings#0](this:0xaa683000,id:2085,api:1,p:3159,c:264) RunningBehind, queued size:2
11-11 15:41:28.287   264  1255 I chatty  : uid=1000(system) Binder:264_5 identical 1 line
11-11 15:41:28.317   264  1255 I BufferQueueProducer: [com.android.settings/com.android.settings.SubSettings#0](this:0xaa683000,id:2085,api:1,p:3159,c:264) RunningBehind, queued size:2
11-11 15:41:28.326   675   701 W ContextImpl: Calling a method in the system process without a qualified user: android.app.ContextImpl.sendBroadcast:967 com.mediatek.server.stk.StkManagerImpl$2.run:110 android.os.Handler.handleCallback:790 android.os.Handler.dispatchMessage:99 android.os.Looper.loop:164 
11-11 15:41:28.330   675   700 W BroadcastQueue: Background execution not allowed: receiving Intent { act=mediatek.intent.action.stk.USER_ACTIVITY flg=0x10 } to com.android.stk/.EventReceiver
11-11 15:41:28.333   264   621 I BufferQueueProducer: [com.android.settings/com.android.settings.SubSettings#0](this:0xaa683000,id:2085,api:1,p:3159,c:264) RunningBehind, queued size:2
11-11 15:41:28.350   264  1255 I BufferQueueProducer: [com.android.settings/com.android.settings.SubSettings#0](this:0xaa683000,id:2085,api:1,p:3159,c:264) RunningBehind, queued size:2
11-11 15:41:28.351  3651  3668 I Finsky  : [16488] jms.d(6): onGetDownloads()
11-11 15:41:28.352  3651  3747 I Finsky  : [16537] ajgi.a(2): Unbind from service.
11-11 15:41:28.367  3651  3742 I Finsky  : [16531] mib.run(2): Installer: Installer starting.
11-11 15:41:28.368  3651  3742 I Finsky  : [16531] mib.run(4): Installer: Installer started.
11-11 15:41:28.381  3651  3651 I Finsky  : [2] mja.a(225): Installer: found apps to install. isMultiUserMode=false, apps=[]
11-11 15:41:28.383   264   621 I BufferQueueProducer: [com.android.settings/com.android.settings.SubSettings#0](this:0xaa683000,id:2085,api:1,p:3159,c:264) RunningBehind, queued size:2
11-11 15:41:28.391   675   773 I PowerWrap: PowerHal_TouchBoost
11-11 15:41:28.392   260  1600 I vendor.mediatek.hardware.power@1.1-impl: mtkPowerHint hint:15, data:100
11-11 15:41:28.393   675   701 I greenpower: the fling duration 50
11-11 15:41:28.393   675   701 I greenpower: the fling duration 88
11-11 15:41:28.394  3159  3159 I greenpower: the fling duration 91
11-11 15:41:28.397   264   434 I BufferQueueProducer: [com.android.settings/com.android.settings.SubSettings#0](this:0xaa683000,id:2085,api:1,p:3159,c:264) RunningBehind, queued size:2
11-11 15:41:28.417   263   263 I lowmemorykiller: Killing 'com.android.vending:download_service' (3749), uid 10033, adj 900
11-11 15:41:28.417   263   263 I lowmemorykiller:    to free 64608kB because system is under medium memory pressure oom_adj 800
11-11 15:41:28.417   264   621 I BufferQueueProducer: [com.android.settings/com.android.settings.SubSettings#0](this:0xaa683000,id:2085,api:1,p:3159,c:264) RunningBehind, queued size:2
11-11 15:41:28.432   264   621 I BufferQueueProducer: [com.android.settings/com.android.settings.SubSettings#0](this:0xaa683000,id:2085,api:1,p:3159,c:264) RunningBehind, queued size:2
11-11 15:41:28.448   264  1255 I BufferQueueProducer: [com.android.settings/com.android.settings.SubSettings#0](this:0xaa683000,id:2085,api:1,p:3159,c:264) RunningBehind, queued size:2
11-11 15:41:28.464   264   621 I BufferQueueProducer: [com.android.settings/com.android.settings.SubSettings#0](this:0xaa683000,id:2085,api:1,p:3159,c:264) RunningBehind, queued size:2
11-11 15:41:28.481  3651  3668 I Finsky  : [16488] ajgg.binderDied(3): reportBinderDeath
11-11 15:41:28.483   264  1255 I BufferQueueProducer: [com.android.settings/com.android.settings.SubSettings#0](this:0xaa683000,id:2085,api:1,p:3159,c:264) RunningBehind, queued size:2
11-11 15:41:28.483  3651  3668 I Finsky  : [16488] ajgg.binderDied(5): DownloadService : Binder has died.
11-11 15:41:28.484  3651  3682 I System.out: [OkHttp] sendRequest>>
11-11 15:41:28.485  3651  3682 I System.out: [OkHttp] sendRequest<<
11-11 15:41:28.485   675   988 I ActivityManager: Process com.android.vending:download_service (pid 3749) has died: cch  CEM 
11-11 15:41:28.487   675  7536 D MtkConnectivityService: ConnectivityService NetworkRequestInfo binderDied(NetworkRequest [ TRACK_DEFAULT id=777, [ Capabilities: INTERNET&NOT_RESTRICTED&TRUSTED&NOT_VPN] ], android.os.BinderProxy@7a738c0)
11-11 15:41:28.495   675   791 D MtkConnectivityService: releasing NetworkRequest [ TRACK_DEFAULT id=777, [ Capabilities: INTERNET&NOT_RESTRICTED&TRUSTED&NOT_VPN] ] (release request)
11-11 15:41:28.496   260   275 I libPerfService: 15: legacy set: -1 -1
11-11 15:41:28.496   260   275 I libPerfService: 15: legacy set freq: -1 -1
11-11 15:41:28.497   675   705 W zygote  : kill(-3749, 9) failed: No such process
11-11 15:41:28.500   264   621 I BufferQueueProducer: [com.android.settings/com.android.settings.SubSettings#0](this:0xaa683000,id:2085,api:1,p:3159,c:264) RunningBehind, queued size:2
11-11 15:41:28.501   675   684 I zygote  : Background concurrent copying GC freed 116596(5MB) AllocSpace objects, 62(3MB) LOS objects, 42% free, 25MB/44MB, paused 835us total 1.019s
11-11 15:41:28.502   675   705 I zygote  : Successfully killed process cgroup uid 10033 pid 3749 in 15ms
11-11 15:41:28.511   675   705 D ProcessManager: killAllBackgroundProcesses
11-11 15:41:28.514   264  1255 I BufferQueueProducer: [com.android.settings/com.android.settings.SubSettings#0](this:0xaa683000,id:2085,api:1,p:3159,c:264) RunningBehind, queued size:2
11-11 15:41:28.529   264   621 I BufferQueueProducer: [com.android.settings/com.android.settings.SubSettings#0](this:0xaa683000,id:2085,api:1,p:3159,c:264) RunningBehind, queued size:2
11-11 15:41:28.546   264   621 I BufferQueueProducer: [com.android.settings/com.android.settings.SubSettings#0](this:0xaa683000,id:2085,api:1,p:3159,c:264) RunningBehind, queued size:2
11-11 15:41:28.551  3651  3651 I Finsky  : [2] ujx.a(20): Connecting InstallListener to SplitInstallService broadcaster...
11-11 15:41:28.563   675   773 I PowerWrap: PowerHal_TouchBoost
11-11 15:41:28.563   264   434 I BufferQueueProducer: [com.android.settings/com.android.settings.SubSettings#0](this:0xaa683000,id:2085,api:1,p:3159,c:264) RunningBehind, queued size:2
11-11 15:41:28.563   260  1600 I vendor.mediatek.hardware.power@1.1-impl: mtkPowerHint hint:15, data:10000
11-11 15:41:28.564   260   275 I libPerfService: 15: legacy set freq: 1300000 -1
11-11 15:41:28.565   260   275 I libPerfService: 15: legacy set: 4 -1
11-11 15:41:28.565   675   701 W ContextImpl: Calling a method in the system process without a qualified user: android.app.ContextImpl.sendBroadcast:967 com.mediatek.server.stk.StkManagerImpl$2.run:110 android.os.Handler.handleCallback:790 android.os.Handler.dispatchMessage:99 android.os.Looper.loop:164 
11-11 15:41:28.566   675   700 W BroadcastQueue: Background execution not allowed: receiving Intent { act=mediatek.intent.action.stk.USER_ACTIVITY flg=0x10 } to com.android.stk/.EventReceiver
11-11 15:41:28.579   264   621 I BufferQueueProducer: [com.android.settings/com.android.settings.SubSettings#0](this:0xaa683000,id:2085,api:1,p:3159,c:264) RunningBehind, queued size:2
11-11 15:41:28.596   264   434 I BufferQueueProducer: [com.android.settings/com.android.settings.SubSettings#0](this:0xaa683000,id:2085,api:1,p:3159,c:264) RunningBehind, queued size:2
11-11 15:41:28.612   264   621 I BufferQueueProducer: [com.android.settings/com.android.settings.SubSettings#0](this:0xaa683000,id:2085,api:1,p:3159,c:264) RunningBehind, queued size:2
11-11 15:41:28.629   264   434 I BufferQueueProducer: [com.android.settings/com.android.settings.SubSettings#0](this:0xaa683000,id:2085,api:1,p:3159,c:264) RunningBehind, queued size:2
11-11 15:41:28.645   264   621 I BufferQueueProducer: [com.android.settings/com.android.settings.SubSettings#0](this:0xaa683000,id:2085,api:1,p:3159,c:264) RunningBehind, queued size:2
11-11 15:41:28.666   264   434 I BufferQueueProducer: [com.android.settings/com.android.settings.SubSettings#0](this:0xaa683000,id:2085,api:1,p:3159,c:264) RunningBehind, queued size:2
11-11 15:41:28.676   675   701 W ContextImpl: Calling a method in the system process without a qualified user: android.app.ContextImpl.sendBroadcast:967 com.mediatek.server.stk.StkManagerImpl$2.run:110 android.os.Handler.handleCallback:790 android.os.Handler.dispatchMessage:99 android.os.Looper.loop:164 
11-11 15:41:28.677   675   700 W BroadcastQueue: Background execution not allowed: receiving Intent { act=mediatek.intent.action.stk.USER_ACTIVITY flg=0x10 } to com.android.stk/.EventReceiver
11-11 15:41:28.681   264   434 I BufferQueueProducer: [com.android.settings/com.android.settings.SubSettings#0](this:0xaa683000,id:2085,api:1,p:3159,c:264) RunningBehind, queued size:2
11-11 15:41:28.715   264   621 I BufferQueueProducer: [com.android.settings/com.android.settings.SubSettings#0](this:0xaa683000,id:2085,api:1,p:3159,c:264) RunningBehind, queued size:2
11-11 15:41:28.730   264   434 I BufferQueueProducer: [com.android.settings/com.android.settings.SubSettings#0](this:0xaa683000,id:2085,api:1,p:3159,c:264) RunningBehind, queued size:2
11-11 15:41:28.750   264   621 I BufferQueueProducer: [com.android.settings/com.android.settings.SubSettings#0](this:0xaa683000,id:2085,api:1,p:3159,c:264) RunningBehind, queued size:2
11-11 15:41:28.763   264   434 I BufferQueueProducer: [com.android.settings/com.android.settings.SubSettings#0](this:0xaa683000,id:2085,api:1,p:3159,c:264) RunningBehind, queued size:2
11-11 15:41:28.779   264   621 I BufferQueueProducer: [com.android.settings/com.android.settings.SubSettings#0](this:0xaa683000,id:2085,api:1,p:3159,c:264) RunningBehind, queued size:2
11-11 15:41:28.779   675   701 W ContextImpl: Calling a method in the system process without a qualified user: android.app.ContextImpl.sendBroadcast:967 com.mediatek.server.stk.StkManagerImpl$2.run:110 android.os.Handler.handleCallback:790 android.os.Handler.dispatchMessage:99 android.os.Looper.loop:164 
11-11 15:41:28.780   675   700 W BroadcastQueue: Background execution not allowed: receiving Intent { act=mediatek.intent.action.stk.USER_ACTIVITY flg=0x10 } to com.android.stk/.EventReceiver
11-11 15:41:28.815   264   621 I BufferQueueProducer: [com.android.settings/com.android.settings.SubSettings#0](this:0xaa683000,id:2085,api:1,p:3159,c:264) RunningBehind, queued size:2
11-11 15:41:28.830   264   434 I BufferQueueProducer: [com.android.settings/com.android.settings.SubSettings#0](this:0xaa683000,id:2085,api:1,p:3159,c:264) RunningBehind, queued size:2
11-11 15:41:28.869   675   773 I PowerWrap: PowerHal_TouchBoost
11-11 15:41:28.869   260  1600 I vendor.mediatek.hardware.power@1.1-impl: mtkPowerHint hint:15, data:100
11-11 15:41:28.871   675   701 I greenpower: the fling duration 66
11-11 15:41:28.871  3159  3159 I greenpower: the fling duration 126
11-11 15:41:28.975   260   275 I libPerfService: 15: legacy set: -1 -1
11-11 15:41:28.975   260   275 I libPerfService: 15: legacy set freq: -1 -1
11-11 15:41:29.083   675   773 I PowerWrap: PowerHal_TouchBoost
11-11 15:41:29.084   260  1600 I vendor.mediatek.hardware.power@1.1-impl: mtkPowerHint hint:15, data:10000
11-11 15:41:29.085   260   275 I libPerfService: 15: legacy set freq: 1300000 -1
11-11 15:41:29.085   260   275 I libPerfService: 15: legacy set: 4 -1
11-11 15:41:29.087   675   701 W ContextImpl: Calling a method in the system process without a qualified user: android.app.ContextImpl.sendBroadcast:967 com.mediatek.server.stk.StkManagerImpl$2.run:110 android.os.Handler.handleCallback:790 android.os.Handler.dispatchMessage:99 android.os.Looper.loop:164 
11-11 15:41:29.088   675   700 W BroadcastQueue: Background execution not allowed: receiving Intent { act=mediatek.intent.action.stk.USER_ACTIVITY flg=0x10 } to com.android.stk/.EventReceiver
11-11 15:41:29.130  3651  3651 I Finsky  : [2] sze.handleMessage(10): SCH: DeviceState: DeviceState{currentTime=1573458089121, isCharging=false, isIdle=false, netAny=true, netNotRoaming=true, netUnmetered=false, batteryPercent=54.0}
11-11 15:41:29.136   307   307 I thermal_repeater: [recvMdThermalInfo] ret=9, strLen=127,  1, 32767
11-11 15:41:29.141  3651  3690 I Finsky  : [16503] tbu.a(7): SCH: Jobs in database: 1-1337 26-1414141414 29-29 34-80 34-81 34-89 34-93 34-96 34-97 34-98 34-99 34-100 34-101 34-102 
11-11 15:41:29.157   264   621 I BufferQueueProducer: [com.android.settings/com.android.settings.SubSettings#0](this:0xaa683000,id:2085,api:1,p:3159,c:264) queueBuffer: fps=52.01 dur=1038.20 max=133.35 min=7.36
11-11 15:41:29.168   264   264 I DisplayDevice: [Built-in Screen (type:0)] fps:53.799770,dur:1040.90,max:132.50,min:15.20
11-11 15:41:29.172  3159  3187 E libPowerStretch: LucidStats currentFPS = 56.24 [2390731120]
11-11 15:41:29.189  3651  3651 I Finsky  : [2] sze.handleMessage(65): SCH: RunningQueue size: 0, PendingQueue size: 0
11-11 15:41:29.190  3651  3651 I Finsky  : [2] sze.handleMessage(73): Waiting on changed job store
11-11 15:41:29.195   675   701 W ContextImpl: Calling a method in the system process without a qualified user: android.app.ContextImpl.sendBroadcast:967 com.mediatek.server.stk.StkManagerImpl$2.run:110 android.os.Handler.handleCallback:790 android.os.Handler.dispatchMessage:99 android.os.Looper.loop:164 
11-11 15:41:29.196   675   700 W BroadcastQueue: Background execution not allowed: receiving Intent { act=mediatek.intent.action.stk.USER_ACTIVITY flg=0x10 } to com.android.stk/.EventReceiver
11-11 15:41:29.303   675   701 W ContextImpl: Calling a method in the system process without a qualified user: android.app.ContextImpl.sendBroadcast:967 com.mediatek.server.stk.StkManagerImpl$2.run:110 android.os.Handler.handleCallback:790 android.os.Handler.dispatchMessage:99 android.os.Looper.loop:164 
11-11 15:41:29.304   675   700 W BroadcastQueue: Background execution not allowed: receiving Intent { act=mediatek.intent.action.stk.USER_ACTIVITY flg=0x10 } to com.android.stk/.EventReceiver
11-11 15:41:29.410   675   701 W ContextImpl: Calling a method in the system process without a qualified user: android.app.ContextImpl.sendBroadcast:967 com.mediatek.server.stk.StkManagerImpl$2.run:110 android.os.Handler.handleCallback:790 android.os.Handler.dispatchMessage:99 android.os.Looper.loop:164 
11-11 15:41:29.410   675   700 W BroadcastQueue: Background execution not allowed: receiving Intent { act=mediatek.intent.action.stk.USER_ACTIVITY flg=0x10 } to com.android.stk/.EventReceiver
11-11 15:41:29.517   675   701 W ContextImpl: Calling a method in the system process without a qualified user: android.app.ContextImpl.sendBroadcast:967 com.mediatek.server.stk.StkManagerImpl$2.run:110 android.os.Handler.handleCallback:790 android.os.Handler.dispatchMessage:99 android.os.Looper.loop:164 
11-11 15:41:29.518   675   700 W BroadcastQueue: Background execution not allowed: receiving Intent { act=mediatek.intent.action.stk.USER_ACTIVITY flg=0x10 } to com.android.stk/.EventReceiver
11-11 15:41:29.587   675   773 I PowerWrap: PowerHal_TouchBoost
11-11 15:41:29.588   260 14793 I vendor.mediatek.hardware.power@1.1-impl: mtkPowerHint hint:15, data:100
11-11 15:41:29.589   675   701 I greenpower: the fling duration 54
11-11 15:41:29.589   675   701 I greenpower: the fling duration 76
11-11 15:41:29.590  3159  3159 I greenpower: the fling duration 75
11-11 15:41:29.689   260   275 I libPerfService: 15: legacy set: -1 -1
11-11 15:41:29.690   260   275 I libPerfService: 15: legacy set freq: -1 -1
11-11 15:41:29.778   675   773 I PowerWrap: PowerHal_TouchBoost
11-11 15:41:29.778   260  1600 I vendor.mediatek.hardware.power@1.1-impl: mtkPowerHint hint:15, data:10000
11-11 15:41:29.779   260   275 I libPerfService: 15: legacy set freq: 1300000 -1
11-11 15:41:29.780   260   275 I libPerfService: 15: legacy set: 4 -1
11-11 15:41:29.781   264  1255 I BufferQueueProducer: [StatusBar#0](this:0xabc4a000,id:4,api:1,p:830,c:264) queueBuffer: fps=1.56 dur=1923.76 max=984.95 min=224.43
11-11 15:41:29.782   675   701 W ContextImpl: Calling a method in the system process without a qualified user: android.app.ContextImpl.sendBroadcast:967 com.mediatek.server.stk.StkManagerImpl$2.run:110 android.os.Handler.handleCallback:790 android.os.Handler.dispatchMessage:99 android.os.Looper.loop:164 
11-11 15:41:29.783   675   700 W BroadcastQueue: Background execution not allowed: receiving Intent { act=mediatek.intent.action.stk.USER_ACTIVITY flg=0x10 } to com.android.stk/.EventReceiver
11-11 15:41:29.886   675   701 W ContextImpl: Calling a method in the system process without a qualified user: android.app.ContextImpl.sendBroadcast:967 com.mediatek.server.stk.StkManagerImpl$2.run:110 android.os.Handler.handleCallback:790 android.os.Handler.dispatchMessage:99 android.os.Looper.loop:164 
11-11 15:41:29.887   675   700 W BroadcastQueue: Background execution not allowed: receiving Intent { act=mediatek.intent.action.stk.USER_ACTIVITY flg=0x10 } to com.android.stk/.EventReceiver
11-11 15:41:29.987   675   701 W ContextImpl: Calling a method in the system process without a qualified user: android.app.ContextImpl.sendBroadcast:967 com.mediatek.server.stk.StkManagerImpl$2.run:110 android.os.Handler.handleCallback:790 android.os.Handler.dispatchMessage:99 android.os.Looper.loop:164 
11-11 15:41:29.988   675   700 W BroadcastQueue: Background execution not allowed: receiving Intent { act=mediatek.intent.action.stk.USER_ACTIVITY flg=0x10 } to com.android.stk/.EventReceiver
11-11 15:41:30.043   675   773 I PowerWrap: PowerHal_TouchBoost
11-11 15:41:30.043   260  1600 I vendor.mediatek.hardware.power@1.1-impl: mtkPowerHint hint:15, data:100
11-11 15:41:30.144   260   275 I libPerfService: 15: legacy set: -1 -1
11-11 15:41:30.144   260   275 I libPerfService: 15: legacy set freq: -1 -1
11-11 15:41:30.225   675   773 I PowerWrap: PowerHal_TouchBoost
11-11 15:41:30.225   260  1600 I vendor.mediatek.hardware.power@1.1-impl: mtkPowerHint hint:15, data:10000
11-11 15:41:30.226   260   275 I libPerfService: 15: legacy set freq: 1300000 -1
11-11 15:41:30.226   260   275 I libPerfService: 15: legacy set: 4 -1
11-11 15:41:30.227   675   701 W ContextImpl: Calling a method in the system process without a qualified user: android.app.ContextImpl.sendBroadcast:967 com.mediatek.server.stk.StkManagerImpl$2.run:110 android.os.Handler.handleCallback:790 android.os.Handler.dispatchMessage:99 android.os.Looper.loop:164 
11-11 15:41:30.228   675   700 W BroadcastQueue: Background execution not allowed: receiving Intent { act=mediatek.intent.action.stk.USER_ACTIVITY flg=0x10 } to com.android.stk/.EventReceiver
11-11 15:41:30.261   264   621 I BufferQueueProducer: [com.android.settings/com.android.settings.SubSettings#0](this:0xaa683000,id:2085,api:1,p:3159,c:264) queueBuffer: fps=46.19 dur=1104.08 max=148.53 min=6.57
11-11 15:41:30.276   264   264 I DisplayDevice: [Built-in Screen (type:0)] fps:46.938038,dur:1107.84,max:132.64,min:15.48
11-11 15:41:30.334   675   701 W ContextImpl: Calling a method in the system process without a qualified user: android.app.ContextImpl.sendBroadcast:967 com.mediatek.server.stk.StkManagerImpl$2.run:110 android.os.Handler.handleCallback:790 android.os.Handler.dispatchMessage:99 android.os.Looper.loop:164 
11-11 15:41:30.335   675   700 W BroadcastQueue: Background execution not allowed: receiving Intent { act=mediatek.intent.action.stk.USER_ACTIVITY flg=0x10 } to com.android.stk/.EventReceiver
11-11 15:41:30.442   675   701 W ContextImpl: Calling a method in the system process without a qualified user: android.app.ContextImpl.sendBroadcast:967 com.mediatek.server.stk.StkManagerImpl$2.run:110 android.os.Handler.handleCallback:790 android.os.Handler.dispatchMessage:99 android.os.Looper.loop:164 
11-11 15:41:30.444   675   700 W BroadcastQueue: Background execution not allowed: receiving Intent { act=mediatek.intent.action.stk.USER_ACTIVITY flg=0x10 } to com.android.stk/.EventReceiver
11-11 15:41:30.490   675   773 I PowerWrap: PowerHal_TouchBoost
11-11 15:41:30.490   260 14793 I vendor.mediatek.hardware.power@1.1-impl: mtkPowerHint hint:15, data:100
11-11 15:41:30.491   675   701 I greenpower: the fling duration 84
11-11 15:41:30.491   675   701 I greenpower: the fling duration 90
11-11 15:41:30.494  3159  3159 I greenpower: the fling duration 74
11-11 15:41:30.592   260   275 I libPerfService: 15: legacy set: -1 -1
11-11 15:41:30.592   260   275 I libPerfService: 15: legacy set freq: -1 -1
11-11 15:41:30.679   675   773 I PowerWrap: PowerHal_TouchBoost
11-11 15:41:30.679   260 14793 I vendor.mediatek.hardware.power@1.1-impl: mtkPowerHint hint:15, data:10000
11-11 15:41:30.680   260   275 I libPerfService: 15: legacy set freq: 1300000 -1
11-11 15:41:30.681   260   275 I libPerfService: 15: legacy set: 4 -1
11-11 15:41:30.681   675   701 W ContextImpl: Calling a method in the system process without a qualified user: android.app.ContextImpl.sendBroadcast:967 com.mediatek.server.stk.StkManagerImpl$2.run:110 android.os.Handler.handleCallback:790 android.os.Handler.dispatchMessage:99 android.os.Looper.loop:164 
11-11 15:41:30.682   675   700 W BroadcastQueue: Background execution not allowed: receiving Intent { act=mediatek.intent.action.stk.USER_ACTIVITY flg=0x10 } to com.android.stk/.EventReceiver
11-11 15:41:30.781   675   701 W ContextImpl: Calling a method in the system process without a qualified user: android.app.ContextImpl.sendBroadcast:967 com.mediatek.server.stk.StkManagerImpl$2.run:110 android.os.Handler.handleCallback:790 android.os.Handler.dispatchMessage:99 android.os.Looper.loop:164 
11-11 15:41:30.782   675   700 W BroadcastQueue: Background execution not allowed: receiving Intent { act=mediatek.intent.action.stk.USER_ACTIVITY flg=0x10 } to com.android.stk/.EventReceiver
11-11 15:41:30.796   264   620 I BufferQueueProducer: [StatusBar#0](this:0xabc4a000,id:4,api:1,p:830,c:264) queueBuffer: fps=0.99 dur=1014.92 max=1014.92 min=1014.92
11-11 15:41:30.890   675   701 W ContextImpl: Calling a method in the system process without a qualified user: android.app.ContextImpl.sendBroadcast:967 com.mediatek.server.stk.StkManagerImpl$2.run:110 android.os.Handler.handleCallback:790 android.os.Handler.dispatchMessage:99 android.os.Looper.loop:164 
11-11 15:41:30.892   675   700 W BroadcastQueue: Background execution not allowed: receiving Intent { act=mediatek.intent.action.stk.USER_ACTIVITY flg=0x10 } to com.android.stk/.EventReceiver
11-11 15:41:30.895   675   773 I PowerWrap: PowerHal_TouchBoost
11-11 15:41:30.895   260 14793 I vendor.mediatek.hardware.power@1.1-impl: mtkPowerHint hint:15, data:100
11-11 15:41:30.896   675   701 I greenpower: the fling duration 87
11-11 15:41:30.896   675   701 I greenpower: the fling duration 83
11-11 15:41:30.897  3159  3159 I greenpower: the fling duration 92
11-11 15:41:30.996   260   275 I libPerfService: 15: legacy set: -1 -1
11-11 15:41:30.997   260   275 I libPerfService: 15: legacy set freq: -1 -1
11-11 15:41:31.046   977  7548 D PhoneInterfaceManager: [PhoneIntfMgr] SubscriptionManager.getPhoneId(1)=1
11-11 15:41:31.049   830   830 D SignalClusterView: setMDataInds-getState subId:1sts[com.android.systemui.statusbar.SignalClusterView$PhoneState@5ddf837]:com.android.systemui.statusbar.SignalClusterView{34a3f18 V.E...... ......ID 2,0-48,48 #7f0a02a1 app:id/signal_cluster}
11-11 15:41:31.059   977  7548 D PhoneInterfaceManager: [PhoneIntfMgr] SubscriptionManager.getPhoneId(1)=1
11-11 15:41:31.062   830   830 D SignalClusterView: setMDataInds-getState subId:1sts[com.android.systemui.statusbar.SignalClusterView$PhoneState@2ada1a4]:com.android.systemui.statusbar.SignalClusterView{bd0d7e4 V.E...... ........ 2,7-48,41 #7f0a02a1 app:id/signal_cluster}
11-11 15:41:31.085   675   773 I PowerWrap: PowerHal_TouchBoost
11-11 15:41:31.086   260 14793 I vendor.mediatek.hardware.power@1.1-impl: mtkPowerHint hint:15, data:10000
11-11 15:41:31.089   260   275 I libPerfService: 15: legacy set freq: 1300000 -1
11-11 15:41:31.089   260   275 I libPerfService: 15: legacy set: 4 -1
11-11 15:41:31.090   675   701 W ContextImpl: Calling a method in the system process without a qualified user: android.app.ContextImpl.sendBroadcast:967 com.mediatek.server.stk.StkManagerImpl$2.run:110 android.os.Handler.handleCallback:790 android.os.Handler.dispatchMessage:99 android.os.Looper.loop:164 
11-11 15:41:31.091   675   700 W BroadcastQueue: Background execution not allowed: receiving Intent { act=mediatek.intent.action.stk.USER_ACTIVITY flg=0x10 } to com.android.stk/.EventReceiver
