11-11 15:41:03.943   675   791 I NetworkStats: ident:{type=MOBILE, subType=COMBINED, subscriberId=460000..., metered=true}
11-11 15:41:03.949   675   791 D MtkConnectivityService: Switching to new default network: NetworkAgentInfo{ ni{[type: MOBILE[EDGE], state: CONNECTED/CONNECTED, reason: connected, extra: cmwap, failover: false, available: true, roaming: false]}  network{109}  nethandle{468167871198}  lp{{InterfaceName: ccmni0 LinkAddresses: [10.238.253.29/32,]  Routes: [0.0.0.0/0 -> 10.238.253.29 ccmni0,10.238.253.29/32 -> 0.0.0.0 ccmni0,] DnsAddresses: [221.179.155.209,221.179.155.193,] Domains: null MTU: 1500 TcpBufferSizes: 4093,26280,70800,4096,16384,70800}}  nc{[ Transports: CELLULAR Capabilities: MMS&SUPL&INTERNET&NOT_RESTRICTED&TRUSTED&NOT_VPN&FOREGROUND&WAP LinkUpBandwidth>=59Kbps LinkDnBandwidth>=236Kbps Specifier: <1>]}  Score{10}  everValidated{false}  lastValidated{false}  created{true} lingering{false} explicitlySelected{false} acceptUnvalidated{false} everCaptivePortalDetected{false} lastCaptivePortalDetected{false} clat{null} }
11-11 15:41:04.000   675   791 D MtkConnectivityService: Adding agent NetworkAgentInfo{ ni{[type: MOBILE[EDGE], state: CONNECTED/CONNECTED, reason: connected, extra: cmwap, failover: false, available: true, roaming: false]}  network{109}  nethandle{468167871198}  lp{{InterfaceName: ccmni0 LinkAddresses: [10.238.253.29/32,]  Routes: [0.0.0.0/0 -> 10.238.253.29 ccmni0,10.238.253.29/32 -> 0.0.0.0 ccmni0,] DnsAddresses: [221.179.155.209,221.179.155.193,] Domains: null MTU: 1500 TcpBufferSizes: 4093,26280,70800,4096,16384,70800}}  nc{[ Transports: CELLULAR Capabilities: MMS&SUPL&INTERNET&NOT_RESTRICTED&TRUSTED&NOT_VPN&FOREGROUND&WAP LinkUpBandwidth>=59Kbps LinkDnBandwidth>=236Kbps Specifier: <1>]}  Score{10}  everValidated{false}  lastValidated{false}  created{true} lingering{false} explicitlySelected{false} acceptUnvalidated{false} everCaptivePortalDetected{false} lastCaptivePortalDetected{false} clat{null} } for legacy network type 0
11-11 15:41:04.000   675   791 D MtkConnectivityService: Sending CONNECTED broadcast for type 0 NetworkAgentInfo [MOBILE (EDGE) - 109] isDefaultNetwork=true
11-11 15:41:04.033   675   791 D MtkConnectivityService: NetworkAgentInfo [MOBILE (EDGE) - 109] validation passed
11-11 15:41:04.065   675   791 D MtkConnectivityService: sending Proxy Broadcast for [10.0.0.172] 80
11-11 15:41:04.113   675   701 D DeviceIdleController: LocalService-addPowerSaveTempWhitelistAppDirect Adding AppId 10013 duration: 10000 sync: true reason: broadcast:u0a13:com.google.android.intent.action.GCM_RECONNECT
11-11 15:41:04.115   675   791 I NetworkStatsRecorder: recordSnapshotLocked: ident[[{type=MOBILE, subType=COMBINED, subscriberId=460000..., metered=true}]]
11-11 15:41:04.115   675   701 D DeviceIdleController: Adding AppId 10013 to temp whitelist. New entry: true
11-11 15:41:04.115   675   701 D DeviceIdleController: postTempActiveTimeoutMessage: uid=10013, delay=10000
11-11 15:41:04.115   675   791 I NetworkStatsRecorder: recordSnapshotLocked: ident[[{type=MOBILE, subType=COMBINED, subscriberId=460000..., metered=true}]]
11-11 15:41:04.115   675   701 D DeviceIdleController: Setting activity manager temp whitelist to [10013]
11-11 15:41:04.116   675   701 D DeviceIdleController: Setting wakelock temp whitelist to [10013]
11-11 15:41:04.116   675   791 I NetworkStatsRecorder: recordSnapshotLocked: ident[[{type=MOBILE, subType=COMBINED, subscriberId=460000..., metered=true}]]
11-11 15:41:04.148   675   791 I NetworkStats: NetworkIdentity: {type=MOBILE, subType=COMBINED, subscriberId=460000..., metered=true}
11-11 15:41:04.150   675   791 I NetworkStats: state.networkCapabilities: [ Transports: CELLULAR Capabilities: MMS&SUPL&INTERNET&NOT_RESTRICTED&TRUSTED&NOT_VPN&VALIDATED&FOREGROUND&WAP LinkUpBandwidth>=59Kbps LinkDnBandwidth>=236Kbps Specifier: <1>]
11-11 15:41:04.150   675   791 I NetworkStats: iface:ccmni0
11-11 15:41:04.150   675   791 I NetworkStats: ident:{type=MOBILE, subType=COMBINED, subscriberId=460000..., metered=true}
11-11 15:41:04.468   675   699 D DeviceIdleController: handleMessage(7)
11-11 15:41:04.512   675   779 V NetworkStatsRecorder: setPersistThreshold() with 2097152
11-11 15:41:04.519   675   779 I chatty  : uid=1000(system) NetworkPolicy identical 6 lines
11-11 15:41:04.519   675   779 V NetworkStatsRecorder: setPersistThreshold() with 2097152
11-11 15:41:04.964   675   700 W BroadcastQueue: Background execution not allowed: receiving Intent { act=android.net.conn.NETWORK_CONDITIONS_MEASURED flg=0x10 (has extras) } to com.google.android.gms/.chimera.GmsIntentOperationService$PersistentTrustedReceiver
11-11 15:41:04.965   675   791 D MtkConnectivityService: NetworkAgentInfo [MOBILE (EDGE) - 109] validation passed
11-11 15:41:05.029   675  7599 V SettingsProvider: name : battery_remaining_time appId : 1000
11-11 15:41:05.030  5449  5449 W ContextImpl: Calling a method in the system process without a qualified user: android.app.ContextImpl.sendBroadcast:967 android.content.ContextWrapper.sendBroadcast:437 com.transsion.powercenter.receiver.BatteryChangedReceiver.d:304 com.transsion.powercenter.receiver.BatteryChangedReceiver.c:296 com.transsion.powercenter.receiver.BatteryChangedReceiver.a:42 
11-11 15:41:05.066   675   699 I ActivityManager: Start proc 3409:com.xingin.xhs/u0a115 for service com.xingin.xhs/org.daemon.sync.PlutoSyncService
11-11 15:41:05.066   675   699 D ActivityManager: AMS: *** Launch app com.xingin.xhs/10115 for service Intent { act=android.content.SyncAdapter cmp=com.xingin.xhs/org.daemon.sync.PlutoSyncService }, from android/1000.
11-11 15:41:05.076   675   999 W ActivityManager: Sending non-protected broadcast com.rlk.powersavemanagement.ACTION_AVAILABLE_TIME from system 5449:com.transsion.powercenter/1000 pkg com.transsion.powercenter
11-11 15:41:05.077   675   700 W BroadcastQueue: Background execution not allowed: receiving Intent { act=com.rlk.powersavemanagement.ACTION_AVAILABLE_TIME flg=0x10 (has extras) } to com.transsion.powercenter/.provider.PowerWidgetProvider
11-11 15:41:05.314   675   675 I DeviceIdleController: updateChargingLocked: charging=true
11-11 15:41:05.314   675   675 I DeviceIdleController: becomeActiveLocked, reason = charging
11-11 15:41:05.617  3315  3315 E ActivityThread: Failed to find provider info for com.tencent.mm.coolassist.debugprovider
11-11 15:41:06.042   675   701 W ContextImpl: Calling a method in the system process without a qualified user: android.app.ContextImpl.sendBroadcast:967 com.mediatek.server.stk.StkManagerImpl$2.run:110 android.os.Handler.handleCallback:790 android.os.Handler.dispatchMessage:99 android.os.Looper.loop:164 
11-11 15:41:06.044   675   700 W BroadcastQueue: Background execution not allowed: receiving Intent { act=mediatek.intent.action.stk.USER_ACTIVITY flg=0x10 } to com.android.stk/.EventReceiver
11-11 15:41:06.149   675   701 W ContextImpl: Calling a method in the system process without a qualified user: android.app.ContextImpl.sendBroadcast:967 com.mediatek.server.stk.StkManagerImpl$2.run:110 android.os.Handler.handleCallback:790 android.os.Handler.dispatchMessage:99 android.os.Looper.loop:164 
11-11 15:41:06.163   675   700 W BroadcastQueue: Background execution not allowed: receiving Intent { act=mediatek.intent.action.stk.USER_ACTIVITY flg=0x10 } to com.android.stk/.EventReceiver
11-11 15:41:06.253   675   701 W ContextImpl: Calling a method in the system process without a qualified user: android.app.ContextImpl.sendBroadcast:967 com.mediatek.server.stk.StkManagerImpl$2.run:110 android.os.Handler.handleCallback:790 android.os.Handler.dispatchMessage:99 android.os.Looper.loop:164 
11-11 15:41:06.255   675   700 W BroadcastQueue: Background execution not allowed: receiving Intent { act=mediatek.intent.action.stk.USER_ACTIVITY flg=0x10 } to com.android.stk/.EventReceiver
11-11 15:41:06.328   675  1609 V SettingsProvider: name : battery_remaining_time appId : 1000
11-11 15:41:06.363   675   701 W ContextImpl: Calling a method in the system process without a qualified user: android.app.ContextImpl.sendBroadcast:967 com.mediatek.server.stk.StkManagerImpl$2.run:110 android.os.Handler.handleCallback:790 android.os.Handler.dispatchMessage:99 android.os.Looper.loop:164 
11-11 15:41:06.363   675   700 W BroadcastQueue: Background execution not allowed: receiving Intent { act=mediatek.intent.action.stk.USER_ACTIVITY flg=0x10 } to com.android.stk/.EventReceiver
11-11 15:41:06.469   675   701 W ContextImpl: Calling a method in the system process without a qualified user: android.app.ContextImpl.sendBroadcast:967 com.mediatek.server.stk.StkManagerImpl$2.run:110 android.os.Handler.handleCallback:790 android.os.Handler.dispatchMessage:99 android.os.Looper.loop:164 
11-11 15:41:06.470   675   700 W BroadcastQueue: Background execution not allowed: receiving Intent { act=mediatek.intent.action.stk.USER_ACTIVITY flg=0x10 } to com.android.stk/.EventReceiver
11-11 15:41:06.569   675   701 W ContextImpl: Calling a method in the system process without a qualified user: android.app.ContextImpl.sendBroadcast:967 com.mediatek.server.stk.StkManagerImpl$2.run:110 android.os.Handler.handleCallback:790 android.os.Handler.dispatchMessage:99 android.os.Looper.loop:164 
11-11 15:41:06.571   675   700 W BroadcastQueue: Background execution not allowed: receiving Intent { act=mediatek.intent.action.stk.USER_ACTIVITY flg=0x10 } to com.android.stk/.EventReceiver
11-11 15:41:06.677   675   701 W ContextImpl: Calling a method in the system process without a qualified user: android.app.ContextImpl.sendBroadcast:967 com.mediatek.server.stk.StkManagerImpl$2.run:110 android.os.Handler.handleCallback:790 android.os.Handler.dispatchMessage:99 android.os.Looper.loop:164 
11-11 15:41:06.679   675   700 W BroadcastQueue: Background execution not allowed: receiving Intent { act=mediatek.intent.action.stk.USER_ACTIVITY flg=0x10 } to com.android.stk/.EventReceiver
11-11 15:41:06.785   675   701 W ContextImpl: Calling a method in the system process without a qualified user: android.app.ContextImpl.sendBroadcast:967 com.mediatek.server.stk.StkManagerImpl$2.run:110 android.os.Handler.handleCallback:790 android.os.Handler.dispatchMessage:99 android.os.Looper.loop:164 
11-11 15:41:06.786   675   700 W BroadcastQueue: Background execution not allowed: receiving Intent { act=mediatek.intent.action.stk.USER_ACTIVITY flg=0x10 } to com.android.stk/.EventReceiver
11-11 15:41:07.122   675   701 W ContextImpl: Calling a method in the system process without a qualified user: android.app.ContextImpl.sendBroadcast:967 com.mediatek.server.stk.StkManagerImpl$2.run:110 android.os.Handler.handleCallback:790 android.os.Handler.dispatchMessage:99 android.os.Looper.loop:164 
11-11 15:41:07.123   675   700 W BroadcastQueue: Background execution not allowed: receiving Intent { act=mediatek.intent.action.stk.USER_ACTIVITY flg=0x10 } to com.android.stk/.EventReceiver
11-11 15:41:07.232   675   701 W ContextImpl: Calling a method in the system process without a qualified user: android.app.ContextImpl.sendBroadcast:967 com.mediatek.server.stk.StkManagerImpl$2.run:110 android.os.Handler.handleCallback:790 android.os.Handler.dispatchMessage:99 android.os.Looper.loop:164 
11-11 15:41:07.233   675   700 W BroadcastQueue: Background execution not allowed: receiving Intent { act=mediatek.intent.action.stk.USER_ACTIVITY flg=0x10 } to com.android.stk/.EventReceiver
11-11 15:41:07.240   675  6756 I ActivityManager: START u0 {flg=0x8000 cmp=com.android.settings/.Settings$PowerUsageSummaryActivity (has extras)} from uid 1000
11-11 15:41:07.345   675  7599 I ActivityManager: Process com.google.process.gapps (pid 1887) has died: cch  CEM 
11-11 15:41:07.360   675   705 D ProcessManager: killAllBackgroundProcesses
11-11 15:41:07.372   675   999 D AppLockDelegator: appLockCheck: 
11-11 15:41:07.372   675   999 D ActivityManager: realStartActivityLocked: app lock service check
11-11 15:41:07.372   675   999 D ActivityManager: setActivityResumedHook:com.android.settings
11-11 15:41:07.373   675   999 V WindowManager: Set focused app to: AppWindowToken{13068d5 token=Token{cb9898c ActivityRecord{11a6ebf u0 com.android.settings/.Settings$PowerUsageSummaryActivity t2414}}} old focus=AppWindowToken{2b86d19 token=Token{491a063 ActivityRecord{9b1ce92 u0 com.android.settings/.Settings t2414}}} moveFocusNow=true
11-11 15:41:07.375   675   999 V WindowManager: Changing focus from Window{9665aec u0 com.android.settings/com.android.settings.Settings} to null Callers=com.android.server.wm.WindowManagerService.setFocusedApp:2748 com.android.server.am.ActivityManagerService.setResumedActivityUncheckLocked:3413 com.android.server.am.ActivityStack.setResumedActivityLocked:2335 com.android.server.am.ActivityStack.minimalResumeActivityLocked:1111 
11-11 15:41:07.375   675   999 D WindowManager: Input focus has changed to null
11-11 15:41:07.379   675   713 I WindowManager: Focus moving from Window{9665aec u0 com.android.settings/com.android.settings.Settings} to null
11-11 15:41:07.385   675   999 D ProcessManager: After resumed : com.android.settings
11-11 15:41:07.973   675   999 E UserRestrictionsUtils: Unknown restriction: null
11-11 15:41:08.440   675   706 E BatteryExternalStatsWorker: no controller energy info supplied for wifi
11-11 15:41:08.440   675   706 E BatteryExternalStatsWorker: no controller energy info supplied for bluetooth
11-11 15:41:08.832   675   706 E BatteryExternalStatsWorker: no controller energy info supplied for wifi
11-11 15:41:08.832   675   706 E BatteryExternalStatsWorker: no controller energy info supplied for bluetooth
11-11 15:41:08.857   675  7599 I WindowManager: Relayout Window{f786dbc u0 com.android.settings/com.android.settings.Settings$PowerUsageSummaryActivity}: oldVis=4 newVis=0 focusMayChange = true
11-11 15:41:08.875   675  7599 V WindowManager: Changing focus from null to Window{f786dbc u0 com.android.settings/com.android.settings.Settings$PowerUsageSummaryActivity} Callers=com.android.server.wm.WindowManagerService.relayoutWindow:2187 com.android.server.wm.Session.relayout:239 android.view.IWindowSession$Stub.onTransact:286 com.android.server.wm.Session.onTransact:163 
11-11 15:41:08.875   675  7599 D WindowManager: Input focus has changed to Window{f786dbc u0 com.android.settings/com.android.settings.Settings$PowerUsageSummaryActivity}
11-11 15:41:08.896   675   713 I WindowManager: Focus moving from null to Window{f786dbc u0 com.android.settings/com.android.settings.Settings$PowerUsageSummaryActivity}
11-11 15:41:09.457   675   701 W ContextImpl: Calling a method in the system process without a qualified user: android.app.ContextImpl.sendBroadcast:967 com.mediatek.server.stk.StkManagerImpl$2.run:110 android.os.Handler.handleCallback:790 android.os.Handler.dispatchMessage:99 android.os.Looper.loop:164 
11-11 15:41:09.458   675   700 W BroadcastQueue: Background execution not allowed: receiving Intent { act=mediatek.intent.action.stk.USER_ACTIVITY flg=0x10 } to com.android.stk/.EventReceiver
11-11 15:41:09.571   675   701 W ContextImpl: Calling a method in the system process without a qualified user: android.app.ContextImpl.sendBroadcast:967 com.mediatek.server.stk.StkManagerImpl$2.run:110 android.os.Handler.handleCallback:790 android.os.Handler.dispatchMessage:99 android.os.Looper.loop:164 
11-11 15:41:09.572   675   700 W BroadcastQueue: Background execution not allowed: receiving Intent { act=mediatek.intent.action.stk.USER_ACTIVITY flg=0x10 } to com.android.stk/.EventReceiver
11-11 15:41:09.645   675  6756 I ActivityManager: Process android.process.media (pid 3140) has died: cch  CEM 
11-11 15:41:09.663   675   705 D ProcessManager: killAllBackgroundProcesses
11-11 15:41:10.486   675   701 W ContextImpl: Calling a method in the system process without a qualified user: android.app.ContextImpl.sendBroadcast:967 com.mediatek.server.stk.StkManagerImpl$2.run:110 android.os.Handler.handleCallback:790 android.os.Handler.dispatchMessage:99 android.os.Looper.loop:164 
11-11 15:41:10.487   675   700 W BroadcastQueue: Background execution not allowed: receiving Intent { act=mediatek.intent.action.stk.USER_ACTIVITY flg=0x10 } to com.android.stk/.EventReceiver
11-11 15:41:10.832   675   701 W ContextImpl: Calling a method in the system process without a qualified user: android.app.ContextImpl.sendBroadcast:967 com.mediatek.server.stk.StkManagerImpl$2.run:110 android.os.Handler.handleCallback:790 android.os.Handler.dispatchMessage:99 android.os.Looper.loop:164 
11-11 15:41:10.833   675   700 W BroadcastQueue: Background execution not allowed: receiving Intent { act=mediatek.intent.action.stk.USER_ACTIVITY flg=0x10 } to com.android.stk/.EventReceiver
11-11 15:41:10.835   675   701 W ContextImpl: Calling a method in the system process without a qualified user: android.app.ContextImpl.sendBroadcast:967 com.mediatek.server.stk.StkManagerImpl$2.run:110 android.os.Handler.handleCallback:790 android.os.Handler.dispatchMessage:99 android.os.Looper.loop:164 
11-11 15:41:10.838   675   700 W BroadcastQueue: Background execution not allowed: receiving Intent { act=mediatek.intent.action.stk.USER_ACTIVITY flg=0x10 } to com.android.stk/.EventReceiver
11-11 15:41:10.841   675   701 W ContextImpl: Calling a method in the system process without a qualified user: android.app.ContextImpl.sendBroadcast:967 com.mediatek.server.stk.StkManagerImpl$2.run:110 android.os.Handler.handleCallback:790 android.os.Handler.dispatchMessage:99 android.os.Looper.loop:164 
11-11 15:41:10.844   675   700 W BroadcastQueue: Background execution not allowed: receiving Intent { act=mediatek.intent.action.stk.USER_ACTIVITY flg=0x10 } to com.android.stk/.EventReceiver
11-11 15:41:10.911   675   701 W ContextImpl: Calling a method in the system process without a qualified user: android.app.ContextImpl.sendBroadcast:967 com.mediatek.server.stk.StkManagerImpl$2.run:110 android.os.Handler.handleCallback:790 android.os.Handler.dispatchMessage:99 android.os.Looper.loop:164 
11-11 15:41:10.912   675   700 W BroadcastQueue: Background execution not allowed: receiving Intent { act=mediatek.intent.action.stk.USER_ACTIVITY flg=0x10 } to com.android.stk/.EventReceiver
11-11 15:41:12.369   675  6756 D IdleScreen: activityIdleScreen: android.app.ContextImpl@ab7f6f mNotifyNeeded: false idleIntent: Intent { act=android.intent.action.MAIN cat=[android.intent.category.LAUNCHER] flg=0x10200000 cmp=com.android.settings/.Settings bnds=[198,532][360,720] (has extras) }
11-11 15:41:12.913   675   999 D MtkConnectivityService: requestNetwork for uid/pid:10115/3409 NetworkRequest [ TRACK_DEFAULT id=775, [ Capabilities: INTERNET&NOT_RESTRICTED&TRUSTED&NOT_VPN] ]
11-11 15:41:13.047   675   999 V SettingsProvider: packageValueForCallResult, name = location_providers_allowed, value : Bundle[{_track_generation=android.util.MemoryIntArray@5e, value=gps,network, _generation_index=1, _generation=21}]
11-11 15:41:13.577   675   999 W ActivityManager: Background start not allowed: service Intent { act=com.xingin.android.xhscomm.dispatch_register_service cmp=com.xingin.xhs/com.xingin.android.xhscomm.dispatcher.DispatcherService (has extras) } to com.xingin.xhs/com.xingin.android.xhscomm.dispatcher.DispatcherService from pid=3409 uid=10115 pkg=com.xingin.xhs
11-11 15:41:14.154   675   699 D DeviceIdleController: handleMessage(6)
11-11 15:41:14.155   675   699 D DeviceIdleController: checkTempAppWhitelistTimeout: uid=10013, timeNow=1035723205
11-11 15:41:14.156   675   699 D DeviceIdleController: Removing UID 10013 from temp whitelist
11-11 15:41:14.157   675   699 D DeviceIdleController: Setting activity manager temp whitelist to []
11-11 15:41:14.163   675   699 D DeviceIdleController: Setting wakelock temp whitelist to []
11-11 15:41:15.249   675   999 V SettingsProvider: packageValueForCallResult, name = null, value : Bundle[{_track_generation=android.util.MemoryIntArray@5e, value=null, _generation_index=2, _generation=332}]
11-11 15:41:15.330   675   675 I DeviceIdleController: updateChargingLocked: charging=true
11-11 15:41:15.330   675   675 I DeviceIdleController: becomeActiveLocked, reason = charging
11-11 15:41:15.493   675   701 W ContextImpl: Calling a method in the system process without a qualified user: android.app.ContextImpl.sendBroadcast:967 com.mediatek.server.stk.StkManagerImpl$2.run:110 android.os.Handler.handleCallback:790 android.os.Handler.dispatchMessage:99 android.os.Looper.loop:164 
11-11 15:41:15.494   675   700 W BroadcastQueue: Background execution not allowed: receiving Intent { act=mediatek.intent.action.stk.USER_ACTIVITY flg=0x10 } to com.android.stk/.EventReceiver
11-11 15:41:15.610   675  6756 V WindowManager: Set focused app to: AppWindowToken{2b86d19 token=Token{491a063 ActivityRecord{9b1ce92 u0 com.android.settings/.Settings t2414}}} old focus=AppWindowToken{13068d5 token=Token{cb9898c ActivityRecord{11a6ebf u0 com.android.settings/.Settings$PowerUsageSummaryActivity t2414}}} moveFocusNow=true
11-11 15:41:15.611   675  6756 V WindowManager: Changing focus from Window{f786dbc u0 com.android.settings/com.android.settings.Settings$PowerUsageSummaryActivity} to null Callers=com.android.server.wm.WindowManagerService.setFocusedApp:2748 com.android.server.am.ActivityManagerService.setResumedActivityUncheckLocked:3413 com.android.server.am.ActivityStack.setResumedActivityLocked:2335 com.android.server.am.ActivityStack.resumeTopActivityInnerLocked:2655 
11-11 15:41:15.612   675  6756 D WindowManager: Input focus has changed to null
11-11 15:41:15.616   675  6756 D ActivityManager: setActivityResumedHook:com.android.settings
11-11 15:41:15.617   675  6756 D ProcessManager: After resumed : com.android.settings
11-11 15:41:15.626   675  6756 D AppLockDelegator: appLockCheck: 
11-11 15:41:15.628   675   713 I WindowManager: Focus moving from Window{f786dbc u0 com.android.settings/com.android.settings.Settings$PowerUsageSummaryActivity} to null
11-11 15:41:15.686   675  7536 I WindowManager: Relayout Window{9665aec u0 com.android.settings/com.android.settings.Settings}: oldVis=8 newVis=0 focusMayChange = true
11-11 15:41:15.694   675  7536 V WindowManager: Changing focus from null to Window{9665aec u0 com.android.settings/com.android.settings.Settings} Callers=com.android.server.wm.WindowManagerService.relayoutWindow:2187 com.android.server.wm.Session.relayout:239 android.view.IWindowSession$Stub.onTransact:286 com.android.server.wm.Session.onTransact:163 
11-11 15:41:15.695   675  7536 D WindowManager: Input focus has changed to Window{9665aec u0 com.android.settings/com.android.settings.Settings}
11-11 15:41:15.708   675   713 I WindowManager: Focus moving from null to Window{9665aec u0 com.android.settings/com.android.settings.Settings}
11-11 15:41:15.865   675   706 E BatteryExternalStatsWorker: no controller energy info supplied for wifi
11-11 15:41:15.865   675   706 E BatteryExternalStatsWorker: no controller energy info supplied for bluetooth
11-11 15:41:16.013   675  7536 D IdleScreen: activityIdleScreen: android.app.ContextImpl@ab7f6f mNotifyNeeded: false idleIntent: Intent { act=android.intent.action.MAIN cat=[android.intent.category.LAUNCHER] flg=0x10200000 cmp=com.android.settings/.Settings bnds=[198,532][360,720] (has extras) }
11-11 15:41:16.475   675  7536 V SettingsProvider: name : battery_remaining_time appId : 1000
11-11 15:41:16.725   675   701 W ContextImpl: Calling a method in the system process without a qualified user: android.app.ContextImpl.sendBroadcast:967 com.mediatek.server.stk.StkManagerImpl$2.run:110 android.os.Handler.handleCallback:790 android.os.Handler.dispatchMessage:99 android.os.Looper.loop:164 
11-11 15:41:16.726   675   700 W BroadcastQueue: Background execution not allowed: receiving Intent { act=mediatek.intent.action.stk.USER_ACTIVITY flg=0x10 } to com.android.stk/.EventReceiver
11-11 15:41:16.823   675   701 W ContextImpl: Calling a method in the system process without a qualified user: android.app.ContextImpl.sendBroadcast:967 com.mediatek.server.stk.StkManagerImpl$2.run:110 android.os.Handler.handleCallback:790 android.os.Handler.dispatchMessage:99 android.os.Looper.loop:164 
11-11 15:41:16.824   675   700 W BroadcastQueue: Background execution not allowed: receiving Intent { act=mediatek.intent.action.stk.USER_ACTIVITY flg=0x10 } to com.android.stk/.EventReceiver
11-11 15:41:16.932   675   701 W ContextImpl: Calling a method in the system process without a qualified user: android.app.ContextImpl.sendBroadcast:967 com.mediatek.server.stk.StkManagerImpl$2.run:110 android.os.Handler.handleCallback:790 android.os.Handler.dispatchMessage:99 android.os.Looper.loop:164 
11-11 15:41:16.936   675   700 W BroadcastQueue: Background execution not allowed: receiving Intent { act=mediatek.intent.action.stk.USER_ACTIVITY flg=0x10 } to com.android.stk/.EventReceiver
11-11 15:41:17.036   675   701 W ContextImpl: Calling a method in the system process without a qualified user: android.app.ContextImpl.sendBroadcast:967 com.mediatek.server.stk.StkManagerImpl$2.run:110 android.os.Handler.handleCallback:790 android.os.Handler.dispatchMessage:99 android.os.Looper.loop:164 
11-11 15:41:17.046   675  6756 W BroadcastQueue: Background execution not allowed: receiving Intent { act=mediatek.intent.action.stk.USER_ACTIVITY flg=0x10 } to com.android.stk/.EventReceiver
11-11 15:41:17.366   675  7536 V SettingsProvider: packageValueForCallResult, name = time_12_24, value : Bundle[{_track_generation=android.util.MemoryIntArray@5e, value=12, _generation_index=2, _generation=332}]
11-11 15:41:17.462   675   701 W ContextImpl: Calling a method in the system process without a qualified user: android.app.ContextImpl.sendBroadcast:967 com.mediatek.server.stk.StkManagerImpl$2.run:110 android.os.Handler.handleCallback:790 android.os.Handler.dispatchMessage:99 android.os.Looper.loop:164 
11-11 15:41:17.463   675   700 W BroadcastQueue: Background execution not allowed: receiving Intent { act=mediatek.intent.action.stk.USER_ACTIVITY flg=0x10 } to com.android.stk/.EventReceiver
11-11 15:41:17.565   675   701 W ContextImpl: Calling a method in the system process without a qualified user: android.app.ContextImpl.sendBroadcast:967 com.mediatek.server.stk.StkManagerImpl$2.run:110 android.os.Handler.handleCallback:790 android.os.Handler.dispatchMessage:99 android.os.Looper.loop:164 
11-11 15:41:17.566   675   700 W BroadcastQueue: Background execution not allowed: receiving Intent { act=mediatek.intent.action.stk.USER_ACTIVITY flg=0x10 } to com.android.stk/.EventReceiver
11-11 15:41:17.679   675   701 W ContextImpl: Calling a method in the system process without a qualified user: android.app.ContextImpl.sendBroadcast:967 com.mediatek.server.stk.StkManagerImpl$2.run:110 android.os.Handler.handleCallback:790 android.os.Handler.dispatchMessage:99 android.os.Looper.loop:164 
11-11 15:41:17.684   675   700 W BroadcastQueue: Background execution not allowed: receiving Intent { act=mediatek.intent.action.stk.USER_ACTIVITY flg=0x10 } to com.android.stk/.EventReceiver
11-11 15:41:18.000   675   701 W ContextImpl: Calling a method in the system process without a qualified user: android.app.ContextImpl.sendBroadcast:967 com.mediatek.server.stk.StkManagerImpl$2.run:110 android.os.Handler.handleCallback:790 android.os.Handler.dispatchMessage:99 android.os.Looper.loop:164 
11-11 15:41:18.001   675   700 W BroadcastQueue: Background execution not allowed: receiving Intent { act=mediatek.intent.action.stk.USER_ACTIVITY flg=0x10 } to com.android.stk/.EventReceiver
11-11 15:41:18.107   675   701 W ContextImpl: Calling a method in the system process without a qualified user: android.app.ContextImpl.sendBroadcast:967 com.mediatek.server.stk.StkManagerImpl$2.run:110 android.os.Handler.handleCallback:790 android.os.Handler.dispatchMessage:99 android.os.Looper.loop:164 
11-11 15:41:18.108   675   700 W BroadcastQueue: Background execution not allowed: receiving Intent { act=mediatek.intent.action.stk.USER_ACTIVITY flg=0x10 } to com.android.stk/.EventReceiver
11-11 15:41:18.210   675   701 W ContextImpl: Calling a method in the system process without a qualified user: android.app.ContextImpl.sendBroadcast:967 com.mediatek.server.stk.StkManagerImpl$2.run:110 android.os.Handler.handleCallback:790 android.os.Handler.dispatchMessage:99 android.os.Looper.loop:164 
11-11 15:41:18.211   675   700 W BroadcastQueue: Background execution not allowed: receiving Intent { act=mediatek.intent.action.stk.USER_ACTIVITY flg=0x10 } to com.android.stk/.EventReceiver
11-11 15:41:18.319   675   701 W ContextImpl: Calling a method in the system process without a qualified user: android.app.ContextImpl.sendBroadcast:967 com.mediatek.server.stk.StkManagerImpl$2.run:110 android.os.Handler.handleCallback:790 android.os.Handler.dispatchMessage:99 android.os.Looper.loop:164 
11-11 15:41:18.321   675   700 W BroadcastQueue: Background execution not allowed: receiving Intent { act=mediatek.intent.action.stk.USER_ACTIVITY flg=0x10 } to com.android.stk/.EventReceiver
11-11 15:41:18.868   675   701 W ContextImpl: Calling a method in the system process without a qualified user: android.app.ContextImpl.sendBroadcast:967 com.mediatek.server.stk.StkManagerImpl$2.run:110 android.os.Handler.handleCallback:790 android.os.Handler.dispatchMessage:99 android.os.Looper.loop:164 
11-11 15:41:18.870   675   700 W BroadcastQueue: Background execution not allowed: receiving Intent { act=mediatek.intent.action.stk.USER_ACTIVITY flg=0x10 } to com.android.stk/.EventReceiver
11-11 15:41:19.032   675  7536 I ActivityManager: START u0 {flg=0x8000 cmp=com.android.settings/.Settings$SystemDashboardActivity (has extras)} from uid 1000
11-11 15:41:19.221   675  1609 W ContentService: Requested poll frequency of 60 seconds being rounded up to 900s.
11-11 15:41:19.269   675  1609 W ActivityManager: Background start not allowed: service Intent { cmp=com.xingin.xhs/org.daemon.AliveService } to com.xingin.xhs/org.daemon.AliveService from pid=3409 uid=10115 pkg=com.xingin.xhs
11-11 15:41:19.313   675   999 D AppLockDelegator: appLockCheck: 
11-11 15:41:19.313   675   999 D ActivityManager: realStartActivityLocked: app lock service check
11-11 15:41:19.313   675   999 D ActivityManager: setActivityResumedHook:com.android.settings
11-11 15:41:19.318   675   999 V WindowManager: Set focused app to: AppWindowToken{a39fb0a token=Token{503df75 ActivityRecord{6ac36ac u0 com.android.settings/.Settings$SystemDashboardActivity t2414}}} old focus=AppWindowToken{2b86d19 token=Token{491a063 ActivityRecord{9b1ce92 u0 com.android.settings/.Settings t2414}}} moveFocusNow=true
11-11 15:41:19.320   675   999 V WindowManager: Changing focus from Window{9665aec u0 com.android.settings/com.android.settings.Settings} to null Callers=com.android.server.wm.WindowManagerService.setFocusedApp:2748 com.android.server.am.ActivityManagerService.setResumedActivityUncheckLocked:3413 com.android.server.am.ActivityStack.setResumedActivityLocked:2335 com.android.server.am.ActivityStack.minimalResumeActivityLocked:1111 
11-11 15:41:19.321   675   999 D WindowManager: Input focus has changed to null
11-11 15:41:19.329   675   713 I WindowManager: Focus moving from Window{9665aec u0 com.android.settings/com.android.settings.Settings} to null
11-11 15:41:19.338   675   999 D ProcessManager: After resumed : com.android.settings
11-11 15:41:20.086  3159  3159 W ContextImpl: Calling a method in the system process without a qualified user: android.app.ContextImpl.sendBroadcast:967 android.content.ContextWrapper.sendBroadcast:437 com.transsion.aboutphone.ApkUpdatePreferenceController.updateState:75 com.android.settings.dashboard.DashboardFragment.updatePreferenceStates:305 com.android.settings.dashboard.DashboardFragment.onCreate:101 
11-11 15:41:20.088   675   999 W ActivityManager: Sending non-protected broadcast transsion.action.START_BOOT from system 3159:com.android.settings/1000 pkg com.android.settings
11-11 15:41:20.107   675  7600 V SettingsProvider: packageValueForCallResult, name = default_input_method, value : Bundle[{_track_generation=android.util.MemoryIntArray@5e, value=com.google.android.inputmethod.latin/com.android.inputmethod.latin.LatinIME, _generation_index=1, _generation=21}]
11-11 15:41:20.390   675   999 I WindowManager: Relayout Window{480a2dc u0 com.android.settings/com.android.settings.Settings$SystemDashboardActivity}: oldVis=4 newVis=0 focusMayChange = true
11-11 15:41:20.401   675   999 V WindowManager: Changing focus from null to Window{480a2dc u0 com.android.settings/com.android.settings.Settings$SystemDashboardActivity} Callers=com.android.server.wm.WindowManagerService.relayoutWindow:2187 com.android.server.wm.Session.relayout:239 android.view.IWindowSession$Stub.onTransact:286 com.android.server.wm.Session.onTransact:163 
11-11 15:41:20.401   675   999 D WindowManager: Input focus has changed to Window{480a2dc u0 com.android.settings/com.android.settings.Settings$SystemDashboardActivity}
11-11 15:41:20.504   675  1609 W ActivityManager: Background start not allowed: service Intent { cmp=com.xingin.xhs/org.daemon.AliveService } to com.xingin.xhs/org.daemon.AliveService from pid=3409 uid=10115 pkg=com.xingin.xhs
11-11 15:41:20.533   675   713 I WindowManager: Focus moving from null to Window{480a2dc u0 com.android.settings/com.android.settings.Settings$SystemDashboardActivity}
11-11 15:41:21.256   675   675 I ActivityManager: Start proc 3586:com.google.android.apps.messaging/u0a69 for service com.google.android.apps.messaging/.shared.datamodel.action.execution.ActionJobService
11-11 15:41:21.256   675   675 D ActivityManager: AMS: *** Launch app com.google.android.apps.messaging/10069 for service Intent { cmp=com.google.android.apps.messaging/.shared.datamodel.action.execution.ActionJobService }, from android/1000.
11-11 15:41:21.296   675  6926 D IdleScreen: activityIdleScreen: android.app.ContextImpl@ab7f6f mNotifyNeeded: false idleIntent: Intent { flg=0x8000 cmp=com.android.settings/.Settings$SystemDashboardActivity (has extras) }
11-11 15:41:21.299   675   701 W Looper  : Dispatch took 344ms on android.ui, h=Handler (com.android.server.am.ActivityManagerService$UiHandler) {c53aabc} cb=null msg=53
11-11 15:41:22.411   675   675 I MWN     : onSignalStrengthsChanged...
11-11 15:41:22.420   675   675 I MWN     : network type = 0
11-11 15:41:22.423   675   675 I MWN     : mobile type = 2
11-11 15:41:22.423   675   675 I MWN     : Write 3 to node. type=2G mSimExist=true mFlightMode=false
11-11 15:41:22.429   675   700 W BroadcastQueue: Background execution not allowed: receiving Intent { act=android.intent.action.SIG_STR flg=0x10 (has extras) } to com.xingin.xhs/org.daemon.receiver.ConnectivityReceiver
11-11 15:41:22.431   675   675 I MWN     : write the value:3 to node successfully.
11-11 15:41:22.582   675   701 W ContextImpl: Calling a method in the system process without a qualified user: android.app.ContextImpl.sendBroadcast:967 com.mediatek.server.stk.StkManagerImpl$2.run:110 android.os.Handler.handleCallback:790 android.os.Handler.dispatchMessage:99 android.os.Looper.loop:164 
11-11 15:41:22.584   675   700 W BroadcastQueue: Background execution not allowed: receiving Intent { act=mediatek.intent.action.stk.USER_ACTIVITY flg=0x10 } to com.android.stk/.EventReceiver
11-11 15:41:22.704   675  6926 I ActivityManager: START u0 {act=android.intent.action.MAIN cmp=com.android.settings/.SubSettings (has extras)} from uid 1000
11-11 15:41:22.728   675  6926 D MtkConnectivityService: ConnectivityService NetworkRequestInfo binderDied(NetworkRequest [ TRACK_DEFAULT id=775, [ Capabilities: INTERNET&NOT_RESTRICTED&TRUSTED&NOT_VPN] ], android.os.BinderProxy@663e4c5)
11-11 15:41:22.728   675   791 D MtkConnectivityService: releasing NetworkRequest [ TRACK_DEFAULT id=775, [ Capabilities: INTERNET&NOT_RESTRICTED&TRUSTED&NOT_VPN] ] (release request)
11-11 15:41:22.728   675  1609 I ActivityManager: Process com.xingin.xhs (pid 3409) has died: cch  CEM 
11-11 15:41:22.732   675  1609 V ActivityManager: Dying proc: com.xingin.xhs,pid:3409 was not allowed to restart.
11-11 15:41:22.759   675  6756 D AppLockDelegator: appLockCheck: 
11-11 15:41:22.759   675  6756 D ActivityManager: realStartActivityLocked: app lock service check
11-11 15:41:22.759   675  6756 D ActivityManager: setActivityResumedHook:com.android.settings
11-11 15:41:22.760   675  6756 V WindowManager: Set focused app to: AppWindowToken{d9a9e1a token=Token{d3ebf3c ActivityRecord{a212d2f u0 com.android.settings/.SubSettings t2414}}} old focus=AppWindowToken{a39fb0a token=Token{503df75 ActivityRecord{6ac36ac u0 com.android.settings/.Settings$SystemDashboardActivity t2414}}} moveFocusNow=true
11-11 15:41:22.761   675  6756 V WindowManager: Changing focus from Window{480a2dc u0 com.android.settings/com.android.settings.Settings$SystemDashboardActivity} to null Callers=com.android.server.wm.WindowManagerService.setFocusedApp:2748 com.android.server.am.ActivityManagerService.setResumedActivityUncheckLocked:3413 com.android.server.am.ActivityStack.setResumedActivityLocked:2335 com.android.server.am.ActivityStack.minimalResumeActivityLocked:1111 
11-11 15:41:22.761   675  6756 D WindowManager: Input focus has changed to null
11-11 15:41:22.764   675   713 I WindowManager: Focus moving from Window{480a2dc u0 com.android.settings/com.android.settings.Settings$SystemDashboardActivity} to null
11-11 15:41:22.769   675  6756 D ProcessManager: After resumed : com.android.settings
11-11 15:41:22.826   675   705 D ProcessManager: killAllBackgroundProcesses
11-11 15:41:22.975   675  1046 E UserRestrictionsUtils: Unknown restriction: null
11-11 15:41:22.984   675  6756 E UserRestrictionsUtils: Unknown restriction: null
11-11 15:41:22.998   675  6756 E UserRestrictionsUtils: Unknown restriction: null
11-11 15:41:23.070   675  1046 D CryptdConnector: SND -> {9 cryptfs isConvertibleToFBE}
11-11 15:41:23.077   235   243 D VoldCryptCmdListener: cryptfs isConvertibleToFBE
11-11 15:41:23.080   675   776 D CryptdConnector: RCV <- {200 9 0}
11-11 15:41:23.345   675  1609 W ActivityManager: Background start not allowed: service Intent { cmp=com.google.android.apps.messaging/.shared.datamodel.action.execution.ActionExecutorImpl$EmptyService } to com.google.android.apps.messaging/.shared.datamodel.action.execution.ActionExecutorImpl$EmptyService from pid=3586 uid=10069 pkg=com.google.android.apps.messaging
11-11 15:41:23.498   675  5008 I WindowManager: Relayout Window{e81e85d u0 com.android.settings/com.android.settings.SubSettings}: oldVis=4 newVis=0 focusMayChange = true
11-11 15:41:23.511   675  5008 V WindowManager: Changing focus from null to Window{e81e85d u0 com.android.settings/com.android.settings.SubSettings} Callers=com.android.server.wm.WindowManagerService.relayoutWindow:2187 com.android.server.wm.Session.relayout:239 android.view.IWindowSession$Stub.onTransact:286 com.android.server.wm.Session.onTransact:163 
11-11 15:41:23.512   675  5008 D WindowManager: Input focus has changed to Window{e81e85d u0 com.android.settings/com.android.settings.SubSettings}
11-11 15:41:23.536   675   713 I WindowManager: Focus moving from null to Window{e81e85d u0 com.android.settings/com.android.settings.SubSettings}
11-11 15:41:24.164   675  5252 D IdleScreen: activityIdleScreen: android.app.ContextImpl@ab7f6f mNotifyNeeded: false idleIntent: Intent { act=android.intent.action.MAIN cmp=com.android.settings/.SubSettings (has extras) }
11-11 15:41:24.811   675  1046 W ActivityManager: Background start not allowed: service Intent { cmp=com.google.android.apps.messaging/.shared.datamodel.action.execution.ActionExecutorImpl$EmptyService } to com.google.android.apps.messaging/.shared.datamodel.action.execution.ActionExecutorImpl$EmptyService from pid=3586 uid=10069 pkg=com.google.android.apps.messaging
11-11 15:41:24.857   675   675 I ActivityManager: Start proc 3651:com.android.vending/u0a33 for service com.android.vending/com.google.android.finsky.scheduler.JobSchedulerEngine$PhoneskyJobSchedulerJobService
11-11 15:41:24.857   675   675 D ActivityManager: AMS: *** Launch app com.android.vending/10033 for service Intent { cmp=com.android.vending/com.google.android.finsky.scheduler.JobSchedulerEngine$PhoneskyJobSchedulerJobService }, from android/1000.
11-11 15:41:24.914   675  7774 I ActivityManager: Process com.tencent.mm:push (pid 3315) has died: svcb SVC 
11-11 15:41:24.914   675  7774 W ActivityManager: Scheduling restart of crashed service com.tencent.mm/.booter.CoreService in 16000ms
11-11 15:41:24.980   675  1046 V SettingsProvider: packageValueForCallResult, name = sms_default_application, value : Bundle[{_track_generation=android.util.MemoryIntArray@5e, value=com.google.android.apps.messaging, _generation_index=1, _generation=21}]
--------- beginning of main
11-11 15:41:25.069   264   621 W GrallocMapperPassthrough: buffer descriptor with invalid usage bits 0x400
11-11 15:41:25.071   260  1600 I [Gralloc]: usage1: 0xf02, format: 1 stride: 720 vertical_stride: 1440 size: 4147200
11-11 15:41:25.077  3159  3187 D GraphicBuffer: register, handle(0x8ea0f880) (w:720 h:1440 s:720 f:0x1 u:f02)
11-11 15:41:25.082   264  1255 I BufferQueueProducer: [com.android.settings/com.android.settings.SubSettings#0](this:0xaa683000,id:2085,api:1,p:3159,c:264) queueBuffer: fps=1.93 dur=1034.09 max=970.12 min=63.97
11-11 15:41:25.099   264  1255 W GrallocMapperPassthrough: buffer descriptor with invalid usage bits 0x400
11-11 15:41:25.100   260  1600 I [Gralloc]: usage1: 0xf02, format: 1 stride: 720 vertical_stride: 1440 size: 4147200
11-11 15:41:25.100   258   258 D vndksupport: Loading /vendor/lib/hw/gralloc.mt6580.so from current namespace instead of sphal namespace.
11-11 15:41:25.103   264   264 I DisplayDevice: [Built-in Screen (type:0)] fps:30.139933,dur:1094.89,max:264.94,min:5.12
11-11 15:41:25.111  3159  3187 D GraphicBuffer: register, handle(0x8ea0f940) (w:720 h:1440 s:720 f:0x1 u:f02)
11-11 15:41:25.113   263   263 I lowmemorykiller: Killing 'com.google.android.apps.messaging' (3586), uid 10069, adj 900
11-11 15:41:25.113   263   263 I lowmemorykiller:    to free 74756kB because system is under medium memory pressure oom_adj 800
11-11 15:41:25.131   675   773 I PowerWrap: PowerHal_TouchBoost
11-11 15:41:25.131   260  1600 I vendor.mediatek.hardware.power@1.1-impl: mtkPowerHint hint:15, data:10000
11-11 15:41:25.133   260   275 I libPerfService: 15: legacy set freq: 1300000 -1
11-11 15:41:25.133   258   258 D vndksupport: Loading /vendor/lib/hw/gralloc.mt6580.so from current namespace instead of sphal namespace.
11-11 15:41:25.135   675   701 W ContextImpl: Calling a method in the system process without a qualified user: android.app.ContextImpl.sendBroadcast:967 com.mediatek.server.stk.StkManagerImpl$2.run:110 android.os.Handler.handleCallback:790 android.os.Handler.dispatchMessage:99 android.os.Looper.loop:164 
11-11 15:41:25.136   675   700 W BroadcastQueue: Background execution not allowed: receiving Intent { act=mediatek.intent.action.stk.USER_ACTIVITY flg=0x10 } to com.android.stk/.EventReceiver
11-11 15:41:25.136   260   275 I libPerfService: 15: legacy set: 4 -1
11-11 15:41:25.158 14125  3672 I CarrierServices: [11421] cmn.a: Received Provisioning Event: [Bugle information (100)]
11-11 15:41:25.159 14125  3672 I CarrierServices: [11421] cmn.a: JibeService is running, passing event to provisioning engine.
11-11 15:41:25.165 14125  3672 I CarrierServices: [11421] cdj.a: Handling Provisioning Event: [Bugle information (100)]
11-11 15:41:25.183 14125  3672 I CarrierServices: [11421] cev.a: RcsAvailabilityManager: Calculating Rcs Availability
11-11 15:41:25.212 14125  3672 I CarrierServices: [11421] cev.b: Rcs multi sim is disabled because ENABLE_RCS_MULTISIM_V0 disabled
11-11 15:41:25.212  3651  3651 I LoadedApk: No resource references to update in package com.transsion.theme.icon
11-11 15:41:25.223   675  1241 I ActivityManager: Process com.google.android.apps.messaging (pid 3586) has died: cch  CEM 
11-11 15:41:25.225   675   705 W zygote  : kill(-3586, 9) failed: No such process
11-11 15:41:25.225   675   705 I zygote  : Successfully killed process cgroup uid 10069 pid 3586 in 0ms
11-11 15:41:25.236   675   705 D ProcessManager: killAllBackgroundProcesses
11-11 15:41:25.241   675   701 W ContextImpl: Calling a method in the system process without a qualified user: android.app.ContextImpl.sendBroadcast:967 com.mediatek.server.stk.StkManagerImpl$2.run:110 android.os.Handler.handleCallback:790 android.os.Handler.dispatchMessage:99 android.os.Looper.loop:164 
11-11 15:41:25.242   675   700 W BroadcastQueue: Background execution not allowed: receiving Intent { act=mediatek.intent.action.stk.USER_ACTIVITY flg=0x10 } to com.android.stk/.EventReceiver
11-11 15:41:25.286 14125  3672 I CarrierServices: [11421] cev.a: RcsAvailabilityManager: Rcs Availability still DISABLED_MULTI_SLOT_DEVICE (Multi sim disabled or it's not default sim)
11-11 15:41:25.314  3651  3651 I Finsky  : [2] ecr.aI(9): Process created at version: 17.3.16-all [0] [PR] 277156053
11-11 15:41:25.344   675   675 I DeviceIdleController: updateChargingLocked: charging=true
11-11 15:41:25.345   675   675 I DeviceIdleController: becomeActiveLocked, reason = charging
11-11 15:41:25.357   675   701 W ContextImpl: Calling a method in the system process without a qualified user: android.app.ContextImpl.sendBroadcast:967 com.mediatek.server.stk.StkManagerImpl$2.run:110 android.os.Handler.handleCallback:790 android.os.Handler.dispatchMessage:99 android.os.Looper.loop:164 
11-11 15:41:25.359   675   700 W BroadcastQueue: Background execution not allowed: receiving Intent { act=mediatek.intent.action.stk.USER_ACTIVITY flg=0x10 } to com.android.stk/.EventReceiver
11-11 15:41:25.383  5449  5449 I PC_BatteryChangedReceiver: level: 54, remindValue: 15, status: 2
11-11 15:41:25.384  5449  5449 D PC_BatteryChangedReceiver: isGameMode: false
11-11 15:41:25.384  5449  5449 D PC_BatteryChangedReceiver: onReceive: false
11-11 15:41:25.384  5449  5449 D PC_BatteryChangedReceiver: isGameMode: false
11-11 15:41:25.386  5449  5449 D PC_NotificationUtils: cancelNotification: 
11-11 15:41:25.386  5449  5449 D PC_BatteryChangedReceiver: onReceive: battary on charge
11-11 15:41:25.418   264  1255 I BufferQueueProducer: [StatusBar#0](this:0xabc4a000,id:4,api:1,p:830,c:264) queueBuffer: fps=6.88 dur=1599.69 max=637.69 min=7.44
11-11 15:41:25.455   675   701 W ContextImpl: Calling a method in the system process without a qualified user: android.app.ContextImpl.sendBroadcast:967 com.mediatek.server.stk.StkManagerImpl$2.run:110 android.os.Handler.handleCallback:790 android.os.Handler.dispatchMessage:99 android.os.Looper.loop:164 
11-11 15:41:25.457   675   700 W BroadcastQueue: Background execution not allowed: receiving Intent { act=mediatek.intent.action.stk.USER_ACTIVITY flg=0x10 } to com.android.stk/.EventReceiver
11-11 15:41:25.524 18016  3406 E WakeLock: GCM_HB_ALARM release without a matched acquire!
11-11 15:41:25.524 18016  3406 W WakeLock: GCM_HB_ALARM counter does not exist
11-11 15:41:25.555   675   701 W ContextImpl: Calling a method in the system process without a qualified user: android.app.ContextImpl.sendBroadcast:967 com.mediatek.server.stk.StkManagerImpl$2.run:110 android.os.Handler.handleCallback:790 android.os.Handler.dispatchMessage:99 android.os.Looper.loop:164 
11-11 15:41:25.558   675   700 W BroadcastQueue: Background execution not allowed: receiving Intent { act=mediatek.intent.action.stk.USER_ACTIVITY flg=0x10 } to com.android.stk/.EventReceiver
11-11 15:41:25.668   675   701 W ContextImpl: Calling a method in the system process without a qualified user: android.app.ContextImpl.sendBroadcast:967 com.mediatek.server.stk.StkManagerImpl$2.run:110 android.os.Handler.handleCallback:790 android.os.Handler.dispatchMessage:99 android.os.Looper.loop:164 
11-11 15:41:25.670   675   700 W BroadcastQueue: Background execution not allowed: receiving Intent { act=mediatek.intent.action.stk.USER_ACTIVITY flg=0x10 } to com.android.stk/.EventReceiver
11-11 15:41:25.769   675   701 W ContextImpl: Calling a method in the system process without a qualified user: android.app.ContextImpl.sendBroadcast:967 com.mediatek.server.stk.StkManagerImpl$2.run:110 android.os.Handler.handleCallback:790 android.os.Handler.dispatchMessage:99 android.os.Looper.loop:164 
11-11 15:41:25.770 18016  3683 I System.out: port:5228
11-11 15:41:25.770   675   700 W BroadcastQueue: Background execution not allowed: receiving Intent { act=mediatek.intent.action.stk.USER_ACTIVITY flg=0x10 } to com.android.stk/.EventReceiver
11-11 15:41:25.804  3651  3682 I Finsky  : [16496] qsx.a(38): Started reading experiment flags from file [0tGUNCGIkbk4o6-fQ335kUYSKwVj4lusnHT-A5Dsy08].
11-11 15:41:25.862  3651  3682 I Finsky  : [16496] qsx.a(49): Finished reading experiment flags from file [0tGUNCGIkbk4o6-fQ335kUYSKwVj4lusnHT-A5Dsy08].
11-11 15:41:25.883   675   701 W ContextImpl: Calling a method in the system process without a qualified user: android.app.ContextImpl.sendBroadcast:967 com.mediatek.server.stk.StkManagerImpl$2.run:110 android.os.Handler.handleCallback:790 android.os.Handler.dispatchMessage:99 android.os.Looper.loop:164 
11-11 15:41:25.885   675   700 W BroadcastQueue: Background execution not allowed: receiving Intent { act=mediatek.intent.action.stk.USER_ACTIVITY flg=0x10 } to com.android.stk/.EventReceiver
11-11 15:41:25.925   675   773 I PowerWrap: PowerHal_TouchBoost
11-11 15:41:25.925   260  1600 I vendor.mediatek.hardware.power@1.1-impl: mtkPowerHint hint:15, data:100
11-11 15:41:25.928  3159  3159 I greenpower: the fling duration 272
11-11 15:41:25.929   675   701 I greenpower: the fling duration 250
11-11 15:41:25.929   675   701 I greenpower: the fling duration 284
