11-11 15:40:15.484   675  6720 I chatty  : uid=1000(system) Binder:675_18 identical 2 lines
11-11 15:40:15.490   675  6720 V AlarmManager: isAlarmNeedAlign : operation is null
11-11 15:40:16.260   675   773 D WindowManager: interceptPowerKeyDown interactive:false hungUp:false mScreenshotChordVolumeDownKeyTriggered:false mA11yShortcutChordVolumeUpKeyTriggered:false gesturedServiceIntercepted:false
11-11 15:40:16.263   675   773 D PowerManagerService: boost when screen on
11-11 15:40:16.263   675   773 I PowerManagerService: Waking up from sleep (uid=1000 reason=android.policy:POWER)...
11-11 15:40:16.283   675   675 V AlarmManager: wmy: ACTION_SCREEN_ON
11-11 15:40:16.284   675   717 I DisplayPowerController: Blocking screen on until initial contents have been drawn.
11-11 15:40:16.289   675   675 I DeviceIdleController: updateChargingLocked: charging=false
11-11 15:40:16.293   675   701 W ContextImpl: Calling a method in the system process without a qualified user: android.app.ContextImpl.sendBroadcast:967 com.mediatek.server.stk.StkManagerImpl$2.run:110 android.os.Handler.handleCallback:790 android.os.Handler.dispatchMessage:99 android.os.Looper.loop:164 
11-11 15:40:16.294   675   700 W BroadcastQueue: Background execution not allowed: receiving Intent { act=mediatek.intent.action.stk.USER_ACTIVITY flg=0x10 } to com.android.stk/.EventReceiver
11-11 15:40:16.299   675  1398 V SettingsProvider: name : face_unlock_succeed appId : 10031
11-11 15:40:16.300   675  1398 V SettingsProvider: Package name : com.android.systemui privateFlags : 4200
11-11 15:40:16.323   675   675 D DeviceIdleController: updateInteractivityLocked: screenOn=true
11-11 15:40:16.323   675   675 I DeviceIdleController: becomeActiveLocked, reason = screen
11-11 15:40:16.324   675   699 D DeviceIdleController: handleMessage(5)
11-11 15:40:16.337   675   675 D DeviceIdleController: stopMonitoringMotionLocked()
11-11 15:40:16.337   675   675 D DeviceIdleController: wmy: resetIdleManagementLocked
11-11 15:40:16.337   675   675 D DeviceIdleController: checkApp mSensorEnable = false
11-11 15:40:16.348   675   701 I WindowManager: Waiting for drawn Window{c89c69a u0 StatusBar}: removed=false visible=true mHasSurface=true drawState=1
11-11 15:40:16.356   675   756 I WindowManager: Waiting for drawn Window{c89c69a u0 StatusBar}: removed=false visible=true mHasSurface=true drawState=1
11-11 15:40:16.391   675   713 I DisplayManagerService: Display device changed state: "内置屏幕", ON
11-11 15:40:16.435   675   756 I WindowManager: Waiting for drawn Window{c89c69a u0 StatusBar}: removed=false visible=true mHasSurface=true drawState=1
11-11 15:40:16.447   675   675 I MWN     : onSignalStrengthsChanged...
11-11 15:40:16.454   675   675 I MWN     : network type = 1
11-11 15:40:16.454   675   675 I MWN     : Write 0 to node. type=Wi-Fi mSimExist=true mFlightMode=false
11-11 15:40:16.456   675   675 I MWN     : write the value:0 to node successfully.
11-11 15:40:16.462   675   700 W BroadcastQueue: Background execution not allowed: receiving Intent { act=android.intent.action.SIG_STR flg=0x10 (has extras) } to com.xingin.xhs/org.daemon.receiver.ConnectivityReceiver
11-11 15:40:16.505   675   756 I WindowManager: Waiting for drawn Window{c89c69a u0 StatusBar}: removed=false visible=true mHasSurface=true drawState=4
11-11 15:40:16.505   675   756 D WindowManager: Window drawn win=Window{c89c69a u0 StatusBar}
11-11 15:40:16.505   675   756 D WindowManager: All windows drawn!
11-11 15:40:16.518   675   701 D WindowOrientationListener: WindowOrientationListener enabled clearCurrentRotation=true
11-11 15:40:16.556   675   717 I DisplayPowerController: Unblocked screen on after 269 ms
11-11 15:40:16.573   675   717 W PowerManagerService: Screen on took 323 ms
11-11 15:40:16.619   675   675 I MWN     : onSignalStrengthsChanged...
11-11 15:40:16.624   675   675 I MWN     : network type = 1
11-11 15:40:16.624   675   675 I MWN     : Write 0 to node. type=Wi-Fi mSimExist=true mFlightMode=false
11-11 15:40:16.625   675   675 I MWN     : write the value:0 to node successfully.
11-11 15:40:16.627   675   700 W BroadcastQueue: Background execution not allowed: receiving Intent { act=android.intent.action.SIG_STR flg=0x10 (has extras) } to com.xingin.xhs/org.daemon.receiver.ConnectivityReceiver
11-11 15:40:16.722  5449  5449 W ContextImpl: Calling a method in the system process without a qualified user: android.app.ContextImpl.startForegroundService:1483 android.content.ContextWrapper.startForegroundService:655 com.transsion.powercenter.receiver.ScreenStatusReceiver.onReceive:93 android.app.LoadedApk$ReceiverDispatcher$Args.lambda$-android_app_LoadedApk$ReceiverDispatcher$Args_53034:1323 android.app.-$Lambda$aS31cHIhRx41653CMnd4gZqshIQ.$m$7:4 
11-11 15:40:16.754   675   701 V WindowOrientationListener: Proposed rotation changed!  proposedRotation=0, oldProposedRotation=-1
11-11 15:40:16.764   675   717 D PowerManagerService: disable screen on boost
11-11 15:40:16.829   675   700 E NotificationService: Suppressing notification from package by user request.
11-11 15:40:16.884   675   773 D WindowManager: interceptPowerKeyUp interactive:true canceled:false handled:true
11-11 15:40:16.889   675   700 E NotificationService: Suppressing notification from package by user request.
11-11 15:40:16.940   675   701 W ContextImpl: Calling a method in the system process without a qualified user: android.app.ContextImpl.sendBroadcast:967 com.mediatek.server.stk.StkManagerImpl$2.run:110 android.os.Handler.handleCallback:790 android.os.Handler.dispatchMessage:99 android.os.Looper.loop:164 
11-11 15:40:16.942   675   700 W BroadcastQueue: Background execution not allowed: receiving Intent { act=mediatek.intent.action.stk.USER_ACTIVITY flg=0x10 } to com.android.stk/.EventReceiver
11-11 15:40:17.088   977   977 D MccTable: updateMccMncConfiguration mccmnc='46000' fromServiceState=true
11-11 15:40:17.098   977   977 D MccTable: updateMccMncConfiguration defaultMccMnc=46000
11-11 15:40:17.098   977   977 D MccTable: updateMccMncConfiguration: mcc=460, mnc=0
11-11 15:40:17.098   977   977 D MccTable: WIFI_COUNTRY_CODE set to cn
11-11 15:40:17.099   675  6720 I WifiService: WifiService trying to set country code to cn with persist set to false
11-11 15:40:17.149   675   675 I MWN     : onServiceStateChanged...
11-11 15:40:17.154   675   675 I MWN     : network type = 1
11-11 15:40:17.155   675   675 I MWN     : Write 0 to node. type=Wi-Fi mSimExist=true mFlightMode=false
11-11 15:40:17.156   675   675 I MWN     : write the value:0 to node successfully.
11-11 15:40:17.164   830   830 I EmergencyButton: show = true
11-11 15:40:17.169  2095  2095 W ContextImpl: Calling a method in the system process without a qualified user: android.app.ContextImpl.startService:1477 android.content.ContextWrapper.startService:650 com.android.cellbroadcastreceiver.CellBroadcastReceiver.startConfigService:280 com.android.cellbroadcastreceiver.CellBroadcastReceiver.onReceiveWithPrivilege:83 com.android.cellbroadcastreceiver.CellBroadcastReceiver.onReceive:63 
11-11 15:40:17.212   977   977 I Telephony: PstnIncomingCallNotifier: Unregistering: Handler (com.mediatek.internal.telephony.MtkGsmCdmaPhone) {6451805}
11-11 15:40:17.212   977   977 I Telephony: PstnNoAccountUnknownCallNotifier: Unregistering: Handler (com.mediatek.internal.telephony.MtkGsmCdmaPhone) {27713bf}
11-11 15:40:17.258   977   977 I Telephony: PstnIncomingCallNotifier: Unregistering: Handler (com.mediatek.internal.telephony.MtkGsmCdmaPhone) {6451805}
11-11 15:40:17.259   977   977 I Telephony: PstnNoAccountUnknownCallNotifier: Unregistering: Handler (com.mediatek.internal.telephony.MtkGsmCdmaPhone) {27713bf}
11-11 15:40:17.265   675  5080 I Telecom : PhoneAccountRegistrar: Modify account: [ComponentInfo{com.android.phone/com.android.services.telephony.TelephonyConnectionService}, [****], UserHandle{0}]: TSI.rPA@JNQ
11-11 15:40:17.272   977   977 I Telephony: AccountEntry: Registered phoneAccount: [[ ] PhoneAccount: ComponentInfo{com.android.phone/com.android.services.telephony.TelephonyConnectionService}, [****], UserHandle{0} Capabilities: CallProvider MultiUser PlaceEmerg SimSub  Audio Routes: BESW Schemes: tel voicemail  Extras: Bundle[{android.telecom.extra.SUPPORTS_VIDEO_CALLING_FALLBACK=false, android.telecom.extra.EXTRA_PHONE_ACCOUNT_SORT_KEY=1, android.telecom.extra.SORT_ORDER=1}] GroupId: [****]] with handle: ComponentInfo{com.android.phone/com.android.services.telephony.TelephonyConnectionService}, [****], UserHandle{0}
11-11 15:40:17.272   977   977 I Telephony: PstnIncomingCallNotifier: Registering: Handler (com.mediatek.internal.telephony.MtkGsmCdmaPhone) {6451805}
11-11 15:40:17.273   977   977 I Telephony: PstnNoAccountUnknownCallNotifier: Registering: Handler (com.mediatek.internal.telephony.MtkGsmCdmaPhone) {27713bf}
11-11 15:40:17.279   830   830 I EmergencyButton: show = true
11-11 15:40:17.304   675   675 I Telecom : CallLogManager: Country ISO changed. Retrieving new ISO...: CLM.oCD@JNk
11-11 15:40:17.322   675  5080 V SettingsProvider: name : battery_remaining_time appId : 1000
11-11 15:40:17.330   675  6926 I Telecom : PhoneAccountRegistrar: Modify account: [ComponentInfo{com.android.phone/com.android.services.telephony.TelephonyConnectionService}, [****], UserHandle{0}]: TSI.rPA@JNs
11-11 15:40:17.341   977   977 I Telephony: AccountEntry: Registered phoneAccount: [[ ] PhoneAccount: ComponentInfo{com.android.phone/com.android.services.telephony.TelephonyConnectionService}, [****], UserHandle{0} Capabilities: CallProvider MultiUser PlaceEmerg SimSub  Audio Routes: BESW Schemes: tel voicemail  Extras: Bundle[{android.telecom.extra.SUPPORTS_VIDEO_CALLING_FALLBACK=false, android.telecom.extra.EXTRA_PHONE_ACCOUNT_SORT_KEY=1, android.telecom.extra.SORT_ORDER=1}] GroupId: [****]] with handle: ComponentInfo{com.android.phone/com.android.services.telephony.TelephonyConnectionService}, [****], UserHandle{0}
11-11 15:40:17.341   977   977 I Telephony: PstnIncomingCallNotifier: Registering: Handler (com.mediatek.internal.telephony.MtkGsmCdmaPhone) {6451805}
11-11 15:40:17.342   977   977 I Telephony: PstnNoAccountUnknownCallNotifier: Registering: Handler (com.mediatek.internal.telephony.MtkGsmCdmaPhone) {27713bf}
11-11 15:40:17.392   977   977 I Telephony: PstnPhoneCapabilitiesNotifier: handleVideoCapabilitesChanged. Video capability - false
11-11 15:40:17.398   977   977 I Telephony: PstnPhoneCapabilitiesNotifier: handleVideoCapabilitesChanged. Video capability - false
11-11 15:40:17.400   675  6926 I BroadcastQueue: Delay finish: com.google.android.gms/.gcm.nts.SchedulerReceiver
11-11 15:40:17.481   675  7600 I Telecom : PhoneAccountRegistrar: Modify account: [ComponentInfo{com.android.phone/com.android.services.telephony.TelephonyConnectionService}, [****], UserHandle{0}]: TSI.rPA@JN4
11-11 15:40:17.539   675   701 V WindowOrientationListener: Proposed rotation changed!  proposedRotation=3, oldProposedRotation=-1
11-11 15:40:17.655   675  7600 I BroadcastQueue: Resuming delayed broadcast
11-11 15:40:17.673   675   701 V WindowOrientationListener: Proposed rotation changed!  proposedRotation=2, oldProposedRotation=3
11-11 15:40:18.066   675   701 V WindowOrientationListener: Proposed rotation changed!  proposedRotation=3, oldProposedRotation=-1
11-11 15:40:18.093   675  6926 V SettingsProvider: name : notification_sound_set appId : 10013
11-11 15:40:18.094   675  6926 V SettingsProvider: Package name : com.google.android.gsf privateFlags : 4104
11-11 15:40:18.097   675  6926 V SettingsProvider: name : alarm_alert_set appId : 10013
11-11 15:40:18.099   675  6926 V SettingsProvider: Package name : com.google.android.gsf privateFlags : 4104
11-11 15:40:18.101   675  6926 V SettingsProvider: name : ringtone_set appId : 10013
11-11 15:40:18.102   675  6926 V SettingsProvider: Package name : com.google.android.gsf privateFlags : 4104
11-11 15:40:18.793   675  7600 W BroadcastQueue: Permission Denial: broadcasting Intent { act=com.google.android.checkin.CHECKIN_COMPLETE flg=0x1000010 (has extras) } from com.google.android.gms (pid=27635, uid=10013) is not exported from uid 10033 due to receiver com.android.vending/com.google.android.finsky.checkin.CheckinReceiver
11-11 15:40:19.023   675   675 I MWN     : onServiceStateChanged...
11-11 15:40:19.029   675   675 I MWN     : network type = 1
11-11 15:40:19.030   675   675 I MWN     : Write 0 to node. type=Wi-Fi mSimExist=true mFlightMode=false
11-11 15:40:19.031   675   675 I MWN     : write the value:0 to node successfully.
11-11 15:40:19.051   830   830 I EmergencyButton: show = true
11-11 15:40:19.088   977   977 I Telephony: PstnIncomingCallNotifier: Unregistering: Handler (com.mediatek.internal.telephony.MtkGsmCdmaPhone) {6451805}
11-11 15:40:19.089   977   977 I Telephony: PstnNoAccountUnknownCallNotifier: Unregistering: Handler (com.mediatek.internal.telephony.MtkGsmCdmaPhone) {27713bf}
11-11 15:40:19.100   830   830 I EmergencyButton: show = true
11-11 15:40:19.151   675  1398 I Telecom : PhoneAccountRegistrar: Modify account: [ComponentInfo{com.android.phone/com.android.services.telephony.TelephonyConnectionService}, [****], UserHandle{0}]: TSI.rPA@JOo
11-11 15:40:19.157   977   977 I Telephony: AccountEntry: Registered phoneAccount: [[ ] PhoneAccount: ComponentInfo{com.android.phone/com.android.services.telephony.TelephonyConnectionService}, [****], UserHandle{0} Capabilities: CallProvider MultiUser PlaceEmerg SimSub  Audio Routes: BESW Schemes: tel voicemail  Extras: Bundle[{android.telecom.extra.SUPPORTS_VIDEO_CALLING_FALLBACK=false, android.telecom.extra.EXTRA_PHONE_ACCOUNT_SORT_KEY=1, android.telecom.extra.SORT_ORDER=1}] GroupId: [****]] with handle: ComponentInfo{com.android.phone/com.android.services.telephony.TelephonyConnectionService}, [****], UserHandle{0}
11-11 15:40:19.158   977   977 I Telephony: PstnIncomingCallNotifier: Registering: Handler (com.mediatek.internal.telephony.MtkGsmCdmaPhone) {6451805}
11-11 15:40:19.160   977   977 I Telephony: PstnNoAccountUnknownCallNotifier: Registering: Handler (com.mediatek.internal.telephony.MtkGsmCdmaPhone) {27713bf}
11-11 15:40:19.330   977   977 I Telephony: PstnPhoneCapabilitiesNotifier: handleVideoCapabilitesChanged. Video capability - false
11-11 15:40:19.387   675  5008 I Telecom : PhoneAccountRegistrar: Modify account: [ComponentInfo{com.android.phone/com.android.services.telephony.TelephonyConnectionService}, [****], UserHandle{0}]: TSI.rPA@JO4
11-11 15:40:19.432   675   699 D DeviceIdleController: handleMessage(7)
11-11 15:40:19.652   675   701 V WindowOrientationListener: Proposed rotation changed!  proposedRotation=3, oldProposedRotation=-1
11-11 15:40:20.201   675   699 D DeviceIdleController: handleMessage(7)
11-11 15:40:20.606   675   701 W ContextImpl: Calling a method in the system process without a qualified user: android.app.ContextImpl.sendBroadcast:967 com.mediatek.server.stk.StkManagerImpl$2.run:110 android.os.Handler.handleCallback:790 android.os.Handler.dispatchMessage:99 android.os.Looper.loop:164 
11-11 15:40:20.607   675   700 W BroadcastQueue: Background execution not allowed: receiving Intent { act=mediatek.intent.action.stk.USER_ACTIVITY flg=0x10 } to com.android.stk/.EventReceiver
11-11 15:40:21.299   675   701 V WindowOrientationListener: Proposed rotation changed!  proposedRotation=3, oldProposedRotation=-1
11-11 15:40:22.026   675   701 V WindowOrientationListener: Proposed rotation changed!  proposedRotation=3, oldProposedRotation=-1
11-11 15:40:22.290   675   701 V WindowOrientationListener: Proposed rotation changed!  proposedRotation=2, oldProposedRotation=3
11-11 15:40:22.620   675   701 V WindowOrientationListener: Proposed rotation changed!  proposedRotation=3, oldProposedRotation=2
11-11 15:40:23.482   675  2501 D NotificationService: enqueueNotificationInternal: player.stopAsync
11-11 15:40:23.608   675   701 W ContextImpl: Calling a method in the system process without a qualified user: android.app.ContextImpl.sendBroadcast:967 com.mediatek.server.stk.StkManagerImpl$2.run:110 android.os.Handler.handleCallback:790 android.os.Handler.dispatchMessage:99 android.os.Looper.loop:164 
11-11 15:40:23.609   675   700 W BroadcastQueue: Background execution not allowed: receiving Intent { act=mediatek.intent.action.stk.USER_ACTIVITY flg=0x10 } to com.android.stk/.EventReceiver
11-11 15:40:24.202   675   675 D VibratorService: enable vibrator
11-11 15:40:24.213   675   700 W BroadcastQueue: Background execution not allowed: receiving Intent { act=android.intent.action.ACTION_POWER_CONNECTED flg=0x4000010 (has extras) } to com.google.android.apps.photos/.scheduler.PowerReceiver
11-11 15:40:24.214   675   700 W BroadcastQueue: Background execution not allowed: receiving Intent { act=android.intent.action.ACTION_POWER_CONNECTED flg=0x4000010 (has extras) } to com.google.android.gms/.gcm.nts.SchedulerReceiver
11-11 15:40:24.214   675   700 W BroadcastQueue: Background execution not allowed: receiving Intent { act=android.intent.action.ACTION_POWER_CONNECTED flg=0x4000010 (has extras) } to com.google.android.gms/.chimera.GmsIntentOperationService$PersistentTrustedReceiver
11-11 15:40:24.219   675   675 I EntropyMixer: Writing entropy...
11-11 15:40:24.222   675   700 W BroadcastQueue: Background execution not allowed: receiving Intent { act=android.intent.action.ACTION_POWER_CONNECTED flg=0x4000010 (has extras) } to com.transsion.phoenix/com.proj.sun.alive.AliveReceiver
11-11 15:40:24.223   675   700 W BroadcastQueue: Background execution not allowed: receiving Intent { act=android.intent.action.ACTION_POWER_CONNECTED flg=0x4000010 (has extras) } to com.opera.mini.native/com.opera.android.analytics.OSPPingReceiver
11-11 15:40:24.233   675   706 E BatteryExternalStatsWorker: no controller energy info supplied for wifi
11-11 15:40:24.234   675   706 E BatteryExternalStatsWorker: no controller energy info supplied for bluetooth
11-11 15:40:24.250   675   675 I DeviceIdleController: updateChargingLocked: charging=true
11-11 15:40:24.251   675   675 I DeviceIdleController: becomeActiveLocked, reason = charging
11-11 15:40:24.252   675   701 W ContextImpl: Calling a method in the system process without a qualified user: android.app.ContextImpl.sendBroadcast:967 com.mediatek.server.stk.StkManagerImpl$2.run:110 android.os.Handler.handleCallback:790 android.os.Handler.dispatchMessage:99 android.os.Looper.loop:164 
11-11 15:40:24.253   675   700 W BroadcastQueue: Background execution not allowed: receiving Intent { act=mediatek.intent.action.stk.USER_ACTIVITY flg=0x10 } to com.android.stk/.EventReceiver
11-11 15:40:24.386   675   699 D DeviceIdleController: handleMessage(7)
11-11 15:40:24.445   675   711 W ContextImpl: Calling a method in the system process without a qualified user: android.app.ContextImpl.sendBroadcast:967 com.android.server.usb.UsbDeviceManager$UsbHandler.handleMessage:921 android.os.Handler.dispatchMessage:106 android.os.Looper.loop:164 android.os.HandlerThread.run:65 
11-11 15:40:24.446   675   711 W ActivityManager: Sending non-protected broadcast android.hardware.usb.action.USB_CONNECT_CHANGED from system 675:system/1000 pkg android
11-11 15:40:24.477   675   700 I ActivityManager: Start proc 2556:com.android.settings/1000 for broadcast com.android.settings/.deviceinfo.UsbConnectReceiver
11-11 15:40:24.477   675   700 D BroadcastQueue: AMS: *** Launch app com.android.settings/1000 for broadcast Intent { act=android.hardware.usb.action.USB_CONNECT_CHANGED flg=0x30000010 cmp=com.android.settings/.deviceinfo.UsbConnectReceiver (has extras) } from android/1000
11-11 15:40:24.485   675   711 D UsbDeviceManager: push notification:正在通过 USB 为此设备充电
11-11 15:40:24.521   675   699 I ActivityManager: Start proc 2580:com.tencent.wework:push/u0a109 for service com.tencent.wework/.syncadapter.SyncService
11-11 15:40:24.521   675   699 D ActivityManager: AMS: *** Launch app com.tencent.wework/10109 for service Intent { act=android.content.SyncAdapter cmp=com.tencent.wework/.syncadapter.SyncService }, from android/1000.
11-11 15:40:24.534   675   701 V WindowOrientationListener: Proposed rotation changed!  proposedRotation=0, oldProposedRotation=-1
11-11 15:40:24.672   675  5080 I ActivityManager: Start proc 2595:com.google.android.apps.youtube.mango/u0a85 for service com.google.android.apps.youtube.mango/com.firebase.jobdispatcher.GooglePlayReceiver
11-11 15:40:24.672   675  5080 D ActivityManager: AMS: *** Launch app com.google.android.apps.youtube.mango/10085 for service Intent { act=com.google.android.gms.gcm.ACTION_TASK_READY cmp=com.google.android.apps.youtube.mango/com.firebase.jobdispatcher.GooglePlayReceiver }, from com.google.android.gms/10013.
11-11 15:40:24.814   675  5080 V SettingsProvider: packageValueForCallResult, name = device_provisioned, value : Bundle[{_track_generation=android.util.MemoryIntArray@5e, value=1, _generation_index=0, _generation=59}]
11-11 15:40:24.825  2556  2556 W ContextImpl: Calling a method in the system process without a qualified user: android.app.ContextImpl.startActivity:855 android.content.ContextWrapper.startActivity:372 android.content.ContextWrapper.startActivity:372 com.android.settings.deviceinfo.UsbConnectReceiver.onReceive:89 android.app.ActivityThread.handleReceiver:3215 
11-11 15:40:24.825  2556  2556 W ContextImpl: Calling a method in the system process without a qualified user: android.app.ContextImpl.startActivity:867 android.app.ContextImpl.startActivity:856 android.content.ContextWrapper.startActivity:372 android.content.ContextWrapper.startActivity:372 com.android.settings.deviceinfo.UsbConnectReceiver.onReceive:89 
11-11 15:40:24.829   675  5080 I ActivityManager: START u0 {cmp=com.android.settings/.deviceinfo.UsbMTPChooserActivity} from uid 1000
11-11 15:40:24.846   675  5080 W ActivityManager: startActivity called from non-Activity context; forcing Intent.FLAG_ACTIVITY_NEW_TASK for: Intent { flg=0x800000 cmp=com.android.settings/.deviceinfo.UsbMTPChooserActivity }
11-11 15:40:25.070   675  5080 D ActivityManager: setActivityResumedHook:com.android.settings
11-11 15:40:25.075   675  5080 V WindowManager: Set focused app to: AppWindowToken{9f6e4f token=Token{eb7b0ae ActivityRecord{bde1529 u0 com.android.settings/.deviceinfo.UsbMTPChooserActivity t2413}}} old focus=AppWindowToken{36aca39 token=Token{e6cc200 ActivityRecord{5763083 u0 com.opera.olist/com.olist.home.ui.detail.DetailUI t2412}}} moveFocusNow=true
11-11 15:40:25.138   675  5080 D ProcessManager: After resumed : com.android.settings
11-11 15:40:25.262   675   701 W Looper  : Dispatch took 196ms on android.ui, h=Handler (com.android.server.am.ActivityManagerService$UiHandler) {c53aabc} cb=null msg=31
11-11 15:40:25.295   675  5080 V SettingsProvider: name : battery_remaining_time appId : 1000
11-11 15:40:25.347   675   999 I ActivityManager: Start proc 2614:com.mediatek.engineermode/1001 for broadcast com.mediatek.engineermode/.nsiot.UsbStateReceiverNsiot
11-11 15:40:25.348   675   999 D BroadcastQueue: AMS: *** Launch app com.mediatek.engineermode/1001 for broadcast Intent { act=android.hardware.usb.action.USB_STATE flg=0x31000010 (has extras) } from android/1000
11-11 15:40:25.359   675   675 I DeviceIdleController: updateChargingLocked: charging=true
11-11 15:40:25.359   675   675 I DeviceIdleController: becomeActiveLocked, reason = charging
11-11 15:40:25.386   675   999 I ActivityManager: Process com.google.android.configupdater (pid 1952) has died: cch+6CEM 
11-11 15:40:25.398   675   701 W ContextImpl: Calling a method in the system process without a qualified user: android.app.ContextImpl.sendBroadcast:967 com.mediatek.server.stk.StkManagerImpl$2.run:110 android.os.Handler.handleCallback:790 android.os.Handler.dispatchMessage:99 android.os.Looper.loop:164 
11-11 15:40:25.402   675  5080 I ActivityManager: Process com.mediatek.ppl (pid 2077) has died: cch+4CEM 
11-11 15:40:25.562   830   830 D KeyguardBouncer: show() - try to dismiss "Bouncer" directly.
11-11 15:40:25.640   675   700 W ActivityManager: Activity pause timeout for ActivityRecord{bde1529 u0 com.android.settings/.deviceinfo.UsbMTPChooserActivity t2413}
11-11 15:40:25.640   675   714 D ProcessManager: *** current Home {null}
11-11 15:40:25.709   675  7600 D MtkConnectivityService: ConnectivityService NetworkRequestInfo binderDied(NetworkRequest [ TRACK_DEFAULT id=768, [ Capabilities: INTERNET&NOT_RESTRICTED&TRUSTED&NOT_VPN] ], android.os.BinderProxy@90fe874)
11-11 15:40:25.710   675   791 D MtkConnectivityService: releasing NetworkRequest [ TRACK_DEFAULT id=768, [ Capabilities: INTERNET&NOT_RESTRICTED&TRUSTED&NOT_VPN] ] (release request)
11-11 15:40:25.717   675  7600 I ActivityManager: Process com.android.vending:download_service (pid 2277) has died: cch+6CEM 
11-11 15:40:25.797   675  7600 I ActivityManager: Process android.process.acore (pid 2264) has died: cch+6CEM 
11-11 15:40:25.879   675  7600 W ActivityManager: Finishing task with all activities already finished
11-11 15:40:25.879   675  7600 W ActivityManager: Duplicate finish request for ActivityRecord{bde1529 u0 com.android.settings/.deviceinfo.UsbMTPChooserActivity t2413 f}
11-11 15:40:25.911   675  1241 I WindowManager: Relayout Window{433afda u0 NavigationBar}: oldVis=8 newVis=0 focusMayChange = true
11-11 15:40:25.944   675  7600 V WindowManager: Removing focused app token:AppWindowToken{9f6e4f token=Token{eb7b0ae ActivityRecord{bde1529 u0 com.android.settings/.deviceinfo.UsbMTPChooserActivity t2413}}}
11-11 15:40:25.953   675  7600 V WindowManager: Set focused app to: AppWindowToken{36aca39 token=Token{e6cc200 ActivityRecord{5763083 u0 com.opera.olist/com.olist.home.ui.detail.DetailUI t2412}}} old focus=null moveFocusNow=true
11-11 15:40:25.958   675  7600 D ActivityManager: setActivityResumedHook:com.opera.olist
11-11 15:40:25.958   675  7600 D ProcessManager: After resumed : com.opera.olist
11-11 15:40:26.190   675  1517 D MtkConnectivityService: ConnectivityService NetworkRequestInfo binderDied(NetworkRequest [ LISTEN id=767, [ Capabilities: INTERNET&NOT_RESTRICTED&TRUSTED] ], android.os.BinderProxy@6a02f8)
11-11 15:40:26.212   675  7536 I ActivityManager: Process com.android.vending (pid 2151) has died: cch+6CEM 
11-11 15:40:26.236   675  6926 D VibratorService: enable vibrator
11-11 15:40:26.239   675   701 W ContextImpl: Calling a method in the system process without a qualified user: android.app.ContextImpl.sendBroadcast:967 com.mediatek.server.stk.StkManagerImpl$2.run:110 android.os.Handler.handleCallback:790 android.os.Handler.dispatchMessage:99 android.os.Looper.loop:164 
11-11 15:40:26.261   675  6926 I WindowManager: Relayout Window{7d5ce8a u0 com.opera.olist/com.olist.home.ui.detail.DetailUI}: oldVis=4 newVis=0 focusMayChange = true
11-11 15:40:26.370   675   701 W ContextImpl: Calling a method in the system process without a qualified user: android.app.ContextImpl.sendBroadcast:967 com.mediatek.server.stk.StkManagerImpl$2.run:110 android.os.Handler.handleCallback:790 android.os.Handler.dispatchMessage:99 android.os.Looper.loop:164 
11-11 15:40:26.374   675  6720 D VibratorService: enable vibrator
11-11 15:40:26.416   675  7599 V SettingsProvider: name : battery_remaining_time appId : 1000
11-11 15:40:26.460   675   714 D ProcessManager: *** current Home {null}
11-11 15:40:26.530   675  7599 D IdleScreen: activityIdleScreen: android.app.ContextImpl@ab7f6f mNotifyNeeded: false idleIntent: Intent { flg=0x10000000 cmp=com.opera.olist/com.olist.home.ui.detail.DetailUI (has extras) }
11-11 15:40:26.553   675   701 W ContextImpl: Calling a method in the system process without a qualified user: android.app.ContextImpl.sendBroadcast:967 com.mediatek.server.stk.StkManagerImpl$2.run:110 android.os.Handler.handleCallback:790 android.os.Handler.dispatchMessage:99 android.os.Looper.loop:164 
11-11 15:40:26.553   675  7536 D VibratorService: enable vibrator
11-11 15:40:26.618   675   701 W ContextImpl: Calling a method in the system process without a qualified user: android.app.ContextImpl.sendBroadcast:967 com.mediatek.server.stk.StkManagerImpl$2.run:110 android.os.Handler.handleCallback:790 android.os.Handler.dispatchMessage:99 android.os.Looper.loop:164 
11-11 15:40:26.618   675  7599 D VibratorService: enable vibrator
11-11 15:40:26.773   675   701 W ContextImpl: Calling a method in the system process without a qualified user: android.app.ContextImpl.sendBroadcast:967 com.mediatek.server.stk.StkManagerImpl$2.run:110 android.os.Handler.handleCallback:790 android.os.Handler.dispatchMessage:99 android.os.Looper.loop:164 
11-11 15:40:27.124   675  7599 I ActivityManager: Start proc 2662:com.google.android.apps.searchlite/u0a21 for broadcast com.google.android.apps.searchlite/com.google.apps.tiktok.experiments.phenotype.ConfigurationUpdatedReceiver_Receiver
11-11 15:40:27.125   675  7599 D BroadcastQueue: AMS: *** Launch app com.google.android.apps.searchlite/10021 for broadcast Intent { act=com.google.android.gms.phenotype.UPDATE flg=0x30 pkg=com.google.android.apps.searchlite (has extras) } from com.google.android.gms/10013
11-11 15:40:27.127   675  6720 I ActivityManager: Process com.google.android.apps.messaging (pid 1520) has died: cch+6CEM 
11-11 15:40:27.293   675  6926 I LockSettingsService: spBasedDoVerifyCredential result : 0
11-11 15:40:27.308   675  6926 I LockSettingsService: Unlocking user 0 with secret only, length 64
11-11 15:40:27.328   675  6926 W ActivityManager: Expected user 0 in state RUNNING_LOCKED but was in state RUNNING_UNLOCKED
11-11 15:40:27.329   675  6926 I LockSettingsService: Disabling escrow token on user 0
11-11 15:40:27.566   675  6926 V WindowManager: Set focused app to: AppWindowToken{36aca39 token=Token{e6cc200 ActivityRecord{5763083 u0 com.opera.olist/com.olist.home.ui.detail.DetailUI t2412}}} old focus=AppWindowToken{36aca39 token=Token{e6cc200 ActivityRecord{5763083 u0 com.opera.olist/com.olist.home.ui.detail.DetailUI t2412}}} moveFocusNow=true
11-11 15:40:27.569   675  6926 D ActivityManager: setActivityResumedHook:com.opera.olist
11-11 15:40:27.570   675  6926 D ProcessManager: After resumed : com.opera.olist
11-11 15:40:27.594   675  6926 D AppLockDelegator: appLockCheck: 
11-11 15:40:27.688   675   701 W Looper  : Dispatch took 105ms on android.ui, h=Handler (com.android.server.am.ActivityManagerService$UiHandler) {c53aabc} cb=null msg=53
11-11 15:40:27.718   675  1001 I WindowManager: Relayout Window{7d5ce8a u0 com.opera.olist/com.olist.home.ui.detail.DetailUI}: oldVis=4 newVis=0 focusMayChange = true
11-11 15:40:27.833   675  5080 D MtkConnectivityService: Returning UNBLOCKED NetworkInfo to uid=10085
11-11 15:40:28.067   675  1001 D IdleScreen: activityIdleScreen: android.app.ContextImpl@ab7f6f mNotifyNeeded: false idleIntent: Intent { flg=0x10000000 cmp=com.opera.olist/com.olist.home.ui.detail.DetailUI (has extras) }
11-11 15:40:28.071   675   714 D ProcessManager: *** current Home {null}
11-11 15:40:28.268   675   675 I ActivityManager: Start proc 2727:com.google.android.configupdater/u0a7 for service com.google.android.configupdater/.MainJobService
11-11 15:40:28.268   675   675 D ActivityManager: AMS: *** Launch app com.google.android.configupdater/10007 for service Intent { cmp=com.google.android.configupdater/.MainJobService }, from android/1000.
11-11 15:40:28.339   675  1609 V WindowManager: Changing focus from Window{c89c69a u0 StatusBar} to Window{7d5ce8a u0 com.opera.olist/com.olist.home.ui.detail.DetailUI} Callers=com.android.server.wm.WindowManagerService.relayoutWindow:2187 com.android.server.wm.Session.relayout:239 android.view.IWindowSession$Stub.onTransact:286 com.android.server.wm.Session.onTransact:163 
11-11 15:40:28.339   675  1609 D WindowManager: Input focus has changed to Window{7d5ce8a u0 com.opera.olist/com.olist.home.ui.detail.DetailUI}
11-11 15:40:28.350   675   713 I WindowManager: Focus moving from Window{c89c69a u0 StatusBar} to Window{7d5ce8a u0 com.opera.olist/com.olist.home.ui.detail.DetailUI}
11-11 15:40:28.393   675   675 D DeviceIdleController: whatsapp mode ACTION_USER_PRESENT mScreenOffDeepEnabled = falsemForceIdle = falsemUserToDeepEnabled = false
11-11 15:40:28.742   675  6926 W ActivityManager: Background start not allowed: service Intent { act=action_recieve_sync_adapter flg=0x20 cmp=com.tencent.wework/.launch.ForeService } to com.tencent.wework/.launch.ForeService from pid=2580 uid=10109 pkg=com.tencent.wework
11-11 15:40:28.767   675   699 D DeviceIdleController: handleMessage(7)
11-11 15:40:29.653   675   701 W ContextImpl: Calling a method in the system process without a qualified user: android.app.ContextImpl.sendBroadcast:967 com.mediatek.server.stk.StkManagerImpl$2.run:110 android.os.Handler.handleCallback:790 android.os.Handler.dispatchMessage:99 android.os.Looper.loop:164 
11-11 15:40:29.759   675   701 I chatty  : uid=1000(system) android.ui identical 1 line
11-11 15:40:30.026   675   701 W ContextImpl: Calling a method in the system process without a qualified user: android.app.ContextImpl.sendBroadcast:967 com.mediatek.server.stk.StkManagerImpl$2.run:110 android.os.Handler.handleCallback:790 android.os.Handler.dispatchMessage:99 android.os.Looper.loop:164 
11-11 15:40:30.028   675  6926 D VibratorService: enable vibrator
11-11 15:40:30.031   675   701 W ContextImpl: Calling a method in the system process without a qualified user: android.app.ContextImpl.sendBroadcast:967 com.mediatek.server.stk.StkManagerImpl$2.run:110 android.os.Handler.handleCallback:790 android.os.Handler.dispatchMessage:99 android.os.Looper.loop:164 
11-11 15:40:30.042   675  1001 D VibratorService: enable vibrator
11-11 15:40:30.051   675   701 W ContextImpl: Calling a method in the system process without a qualified user: android.app.ContextImpl.sendBroadcast:967 com.mediatek.server.stk.StkManagerImpl$2.run:110 android.os.Handler.handleCallback:790 android.os.Handler.dispatchMessage:99 android.os.Looper.loop:164 
11-11 15:40:30.052   675   772 I ActivityManager: START u0 {act=android.intent.action.MAIN cat=[android.intent.category.HOME] flg=0x10200000 cmp=com.transsion.hilauncher/com.android.launcher3.Launcher (has extras)} from uid 1000
11-11 15:40:30.248   675   772 I ActivityManager: Start proc 2792:com.transsion.hilauncher/u0a24 for activity com.transsion.hilauncher/com.android.launcher3.Launcher
11-11 15:40:30.262   675   701 W ContextImpl: Calling a method in the system process without a qualified user: android.app.ContextImpl.sendBroadcast:967 com.mediatek.server.stk.StkManagerImpl$2.run:110 android.os.Handler.handleCallback:790 android.os.Handler.dispatchMessage:99 android.os.Looper.loop:164 
11-11 15:40:30.278   675  1609 D VibratorService: enable vibrator
11-11 15:40:30.289   675   756 I WindowManager: Relayout Window{546e3a6 u0 Splash Screen com.transsion.hilauncher}: oldVis=8 newVis=0 focusMayChange = true
11-11 15:40:30.295   675   701 W ContextImpl: Calling a method in the system process without a qualified user: android.app.ContextImpl.sendBroadcast:967 com.mediatek.server.stk.StkManagerImpl$2.run:110 android.os.Handler.handleCallback:790 android.os.Handler.dispatchMessage:99 android.os.Looper.loop:164 
11-11 15:40:30.296   675   756 V WindowManager: Changing focus from Window{7d5ce8a u0 com.opera.olist/com.olist.home.ui.detail.DetailUI} to null Callers=com.android.server.wm.WindowManagerService.relayoutWindow:2187 com.android.server.wm.Session.relayout:239 android.view.ViewRootImpl.relayoutWindow:6332 android.view.ViewRootImpl.performTraversals:1976 
11-11 15:40:30.296   675   756 D WindowManager: Input focus has changed to null
11-11 15:40:30.308   675   713 I WindowManager: Focus moving from Window{7d5ce8a u0 com.opera.olist/com.olist.home.ui.detail.DetailUI} to null
11-11 15:40:30.327   675   701 W ContextImpl: Calling a method in the system process without a qualified user: android.app.ContextImpl.sendBroadcast:967 com.mediatek.server.stk.StkManagerImpl$2.run:110 android.os.Handler.handleCallback:790 android.os.Handler.dispatchMessage:99 android.os.Looper.loop:164 
11-11 15:40:30.346   675  1001 D VibratorService: enable vibrator
11-11 15:40:30.364   675  1609 D AppLockDelegator: appLockCheck: 
11-11 15:40:30.364   675  1609 D ActivityManager: realStartActivityLocked: app lock service check
11-11 15:40:30.364   675  1609 D ActivityManager: setActivityResumedHook:com.transsion.hilauncher
11-11 15:40:30.365   675  1609 V WindowManager: Set focused app to: AppWindowToken{778cb7c token=Token{f4d09b ActivityRecord{28f3caa u0 com.transsion.hilauncher/com.android.launcher3.Launcher t2381}}} old focus=AppWindowToken{36aca39 token=Token{e6cc200 ActivityRecord{5763083 u0 com.opera.olist/com.olist.home.ui.detail.DetailUI t2412}}} moveFocusNow=true
11-11 15:40:30.385 25895 25895 W ViewRootImpl[DetailUI]: Dropping event due to no window focus: KeyEvent { action=ACTION_DOWN, keyCode=KEYCODE_BACK, scanCode=0, metaState=0, flags=0x48, repeatCount=0, eventTime=130258280, downTime=130258280, deviceId=-1, source=0x101 }
11-11 15:40:30.387 25895 25895 W ViewRootImpl[DetailUI]: Cancelling event due to no window focus: KeyEvent { action=ACTION_UP, keyCode=KEYCODE_BACK, scanCode=0, metaState=0, flags=0x68, repeatCount=0, eventTime=130258548, downTime=130258280, deviceId=-1, source=0x101 }
11-11 15:40:30.420 25895 25895 I chatty  : uid=10114(com.opera.olist) identical 4 lines
11-11 15:40:30.420 25895 25895 W ViewRootImpl[DetailUI]: Cancelling event due to no window focus: KeyEvent { action=ACTION_UP, keyCode=KEYCODE_BACK, scanCode=0, metaState=0, flags=0x68, repeatCount=0, eventTime=130258548, downTime=130258280, deviceId=-1, source=0x101 }
11-11 15:40:30.456   675  1609 D ProcessManager: After resumed : com.transsion.hilauncher
11-11 15:40:30.457   675  1609 W ActivityManager: Slow operation: 140ms so far, now at attachApplicationLocked: after mServices.attachApplicationLocked
11-11 15:40:30.459   675   701 W Looper  : Dispatch took 132ms on android.ui, h=Handler (com.android.server.policy.PhoneWindowManager$PolicyHandler) {ad40a76} cb=com.mediatek.server.stk.StkManagerImpl$2@17f300 msg=0
11-11 15:40:30.540   675   701 W ContextImpl: Calling a method in the system process without a qualified user: android.app.ContextImpl.sendBroadcast:967 com.mediatek.server.stk.StkManagerImpl$2.run:110 android.os.Handler.handleCallback:790 android.os.Handler.dispatchMessage:99 android.os.Looper.loop:164 
11-11 15:40:30.563   675   701 W ContextImpl: Calling a method in the system process without a qualified user: android.app.ContextImpl.sendBroadcast:967 com.mediatek.server.stk.StkManagerImpl$2.run:110 android.os.Handler.handleCallback:790 android.os.Handler.dispatchMessage:99 android.os.Looper.loop:164 
11-11 15:40:30.564   675  3614 D VibratorService: enable vibrator
11-11 15:40:30.571   675   701 W ContextImpl: Calling a method in the system process without a qualified user: android.app.ContextImpl.sendBroadcast:967 com.mediatek.server.stk.StkManagerImpl$2.run:110 android.os.Handler.handleCallback:790 android.os.Handler.dispatchMessage:99 android.os.Looper.loop:164 
11-11 15:40:30.989   675  3614 D VibratorService: enable vibrator
11-11 15:40:30.990   675   714 D ProcessManager.SC: curt MEM=32.26%, CPU=100.00%, IOW=0.00%, threshold(20.0%,90.0%,10.0%)
11-11 15:40:31.001   675   714 D DeepClean: Pre kill proc[ N:com.tencent.wework:push,P:com.tencent.wework,A:900,S:17,FA:false,FS:false,TP:cch-empty,PS:0]
11-11 15:40:31.001   675   714 D DeepClean: Pre kill proc[ N:com.android.settings,P:com.android.settings,A:902,S:17,FA:false,FS:false,TP:cch-empty,PS:0]
11-11 15:40:31.001   675   714 D DeepClean: Pre kill proc[ N:com.android.cellbroadcastreceiver,P:com.android.cellbroadcastreceiver,A:904,S:17,FA:false,FS:false,TP:cch-empty,PS:0]
11-11 15:40:31.001   675   714 D DeepClean: Pre kill proc[ N:com.mediatek.engineermode,P:com.mediatek.engineermode,A:904,S:17,FA:false,FS:false,TP:cch-empty,PS:0]
11-11 15:40:31.002   675   714 D ProcessManager: Force Stop com.tencent.wework
11-11 15:40:31.004   675   714 I ActivityManager: *Force stopping com.tencent.wework appid=10109 user=0: do_stop from pid 675
11-11 15:40:31.005   675   714 I ActivityManager: Killing 2580:com.tencent.wework:push/u0a109 (adj 900): *stop com.tencent.wework
11-11 15:40:31.029   675   714 I ActivityManager:   Force stopping service ServiceRecord{1ee21fb u0 com.tencent.wework/.launch.ForeService}
11-11 15:40:31.034   675   714 D ProcessManager: Force kill ProcessRecord{3e12218 2556:com.android.settings/1000}
11-11 15:40:31.034   675   714 D ActivityManager: *Ignore deepRemove jobs & alarms for com.android.settings/1000
11-11 15:40:31.034   675   714 I ActivityManager: Killing 2556:com.android.settings/1000 (adj 902): force kill
11-11 15:40:31.040   675   714 D ProcessManager: Force kill ProcessRecord{5cf0471 2095:com.android.cellbroadcastreceiver/1000}
11-11 15:40:31.040   675   714 D ActivityManager: *Ignore deepRemove jobs & alarms for com.android.cellbroadcastreceiver/1000
11-11 15:40:31.041   675   714 I ActivityManager: Killing 2095:com.android.cellbroadcastreceiver/1000 (adj 904): force kill
11-11 15:40:31.051   675   714 D ProcessManager: Force removing porc changed ProcessRecord{ce58256 2614:com.mediatek.engineermode/1001}, orange:904|17
11-11 15:40:31.121   675   713 W ActivityManager: setHasOverlayUi called on unknown pid: 2556
11-11 15:40:31.191   675  1398 D VibratorService: enable vibrator
11-11 15:40:31.322   675   701 W ContextImpl: Calling a method in the system process without a qualified user: android.app.ContextImpl.sendBroadcast:967 com.mediatek.server.stk.StkManagerImpl$2.run:110 android.os.Handler.handleCallback:790 android.os.Handler.dispatchMessage:99 android.os.Looper.loop:164 
11-11 15:40:31.602   675   675 I MWN     : onSignalStrengthsChanged...
11-11 15:40:31.616   675   675 I MWN     : network type = 1
11-11 15:40:31.616   675   675 I MWN     : Write 0 to node. type=Wi-Fi mSimExist=true mFlightMode=false
11-11 15:40:31.657   675   675 I MWN     : write the value:0 to node successfully.
11-11 15:40:31.714   675  6720 V SettingsProvider: packageValueForCallResult, name = null, value : Bundle[{_track_generation=android.util.MemoryIntArray@5e, value=null, _generation_index=0, _generation=59}]
11-11 15:40:32.224   675   701 W ActivityManager: getAssistContextExtras failed: timeout retrieving from ActivityRecord{28f3caa u0 com.transsion.hilauncher/com.android.launcher3.Launcher t2381}
11-11 15:40:32.225   675   701 W ContextImpl: Calling a method in the system process without a qualified user: android.app.ContextImpl.sendBroadcast:967 com.mediatek.server.stk.StkManagerImpl$2.run:110 android.os.Handler.handleCallback:790 android.os.Handler.dispatchMessage:99 android.os.Looper.loop:164 
11-11 15:40:32.229   675   701 I chatty  : uid=1000(system) android.ui identical 1 line
11-11 15:40:32.230   675   701 W ContextImpl: Calling a method in the system process without a qualified user: android.app.ContextImpl.sendBroadcast:967 com.mediatek.server.stk.StkManagerImpl$2.run:110 android.os.Handler.handleCallback:790 android.os.Handler.dispatchMessage:99 android.os.Looper.loop:164 
11-11 15:40:32.261   675  5080 I ActivityManager: START u0 {act=android.intent.action.ASSIST flg=0x10000000 cmp=com.google.android.apps.assistant/.go.MainActivity (has extras)} from uid 10031
11-11 15:40:32.335   675   701 W ContextImpl: Calling a method in the system process without a qualified user: android.app.ContextImpl.sendBroadcast:967 com.mediatek.server.stk.StkManagerImpl$2.run:110 android.os.Handler.handleCallback:790 android.os.Handler.dispatchMessage:99 android.os.Looper.loop:164 
11-11 15:40:32.343   675  1398 D VibratorService: enable vibrator
11-11 15:40:32.354   675   701 W ContextImpl: Calling a method in the system process without a qualified user: android.app.ContextImpl.sendBroadcast:967 com.mediatek.server.stk.StkManagerImpl$2.run:110 android.os.Handler.handleCallback:790 android.os.Handler.dispatchMessage:99 android.os.Looper.loop:164 
11-11 15:40:32.356   675   701 W ContextImpl: Calling a method in the system process without a qualified user: android.app.ContextImpl.sendBroadcast:967 com.mediatek.server.stk.StkManagerImpl$2.run:110 android.os.Handler.handleCallback:790 android.os.Handler.dispatchMessage:99 android.os.Looper.loop:164 
11-11 15:40:32.359   675  1398 D VibratorService: enable vibrator
11-11 15:40:32.365   675   701 W ContextImpl: Calling a method in the system process without a qualified user: android.app.ContextImpl.sendBroadcast:967 com.mediatek.server.stk.StkManagerImpl$2.run:110 android.os.Handler.handleCallback:790 android.os.Handler.dispatchMessage:99 android.os.Looper.loop:164 
11-11 15:40:32.369   675   701 I chatty  : uid=1000(system) android.ui identical 1 line
11-11 15:40:32.377   675   701 W ContextImpl: Calling a method in the system process without a qualified user: android.app.ContextImpl.sendBroadcast:967 com.mediatek.server.stk.StkManagerImpl$2.run:110 android.os.Handler.handleCallback:790 android.os.Handler.dispatchMessage:99 android.os.Looper.loop:164 
11-11 15:40:32.379   675   772 I ActivityManager: START u0 {act=android.intent.action.MAIN cat=[android.intent.category.HOME] flg=0x10200000 cmp=com.transsion.hilauncher/com.android.launcher3.Launcher (has extras)} from uid 1000
11-11 15:40:32.788   675   700 W ActivityManager: Activity pause timeout for ActivityRecord{28f3caa u0 com.transsion.hilauncher/com.android.launcher3.Launcher t2381}
11-11 15:40:32.793   675   700 V WindowManager: Set focused app to: AppWindowToken{778cb7c token=Token{f4d09b ActivityRecord{28f3caa u0 com.transsion.hilauncher/com.android.launcher3.Launcher t2381}}} old focus=AppWindowToken{778cb7c token=Token{f4d09b ActivityRecord{28f3caa u0 com.transsion.hilauncher/com.android.launcher3.Launcher t2381}}} moveFocusNow=true
11-11 15:40:32.794   675   700 D ActivityManager: setActivityResumedHook:com.transsion.hilauncher
11-11 15:40:32.798   675   700 D ProcessManager: After resumed : com.transsion.hilauncher
11-11 15:40:32.825   675   700 D AppLockDelegator: appLockCheck: 
11-11 15:40:33.306   675   714 D ProcessManager.SC: curt MEM=30.84%, CPU=100.00%, IOW=0.00%, threshold(20.0%,90.0%,10.0%)
11-11 15:40:33.308   675   714 D DeepClean: Pre kill proc[ N:com.mediatek.engineermode,P:com.mediatek.engineermode,A:904,S:17,FA:false,FS:false,TP:cch-empty,PS:0]
11-11 15:40:33.311   675   714 D ProcessManager: Force kill ProcessRecord{ce58256 2614:com.mediatek.engineermode/1001}
11-11 15:40:33.311   675   714 D ActivityManager: *Ignore deepRemove jobs & alarms for com.mediatek.engineermode/1001
11-11 15:40:33.314   675   714 I ActivityManager: Killing 2614:com.mediatek.engineermode/1001 (adj 904): force kill
11-11 15:40:33.678   675   999 V SettingsProvider: packageValueForCallResult, name = com_android_mms_mtk_unread, value : Bundle[{_track_generation=android.util.MemoryIntArray@5e, value=7, _generation_index=2, _generation=328}]
11-11 15:40:33.699   675   701 W ContextImpl: Calling a method in the system process without a qualified user: android.app.ContextImpl.sendBroadcast:967 com.mediatek.server.stk.StkManagerImpl$2.run:110 android.os.Handler.handleCallback:790 android.os.Handler.dispatchMessage:99 android.os.Looper.loop:164 
11-11 15:40:33.710   675  6720 D VibratorService: enable vibrator
11-11 15:40:33.721   675   701 W ContextImpl: Calling a method in the system process without a qualified user: android.app.ContextImpl.sendBroadcast:967 com.mediatek.server.stk.StkManagerImpl$2.run:110 android.os.Handler.handleCallback:790 android.os.Handler.dispatchMessage:99 android.os.Looper.loop:164 
11-11 15:40:33.787   675   999 I WindowManager: Relayout Window{412a6d8 u0 com.transsion.hilauncher/com.android.launcher3.Launcher}: oldVis=4 newVis=0 focusMayChange = true
11-11 15:40:33.805   675   999 V WindowManager: Changing focus from null to Window{412a6d8 u0 com.transsion.hilauncher/com.android.launcher3.Launcher} Callers=com.android.server.wm.WindowManagerService.relayoutWindow:2187 com.android.server.wm.Session.relayout:239 android.view.IWindowSession$Stub.onTransact:286 com.android.server.wm.Session.onTransact:163 
11-11 15:40:33.806   675   999 D WindowManager: Input focus has changed to Window{412a6d8 u0 com.transsion.hilauncher/com.android.launcher3.Launcher}
11-11 15:40:33.811   675   701 W ContextImpl: Calling a method in the system process without a qualified user: android.app.ContextImpl.sendBroadcast:967 com.mediatek.server.stk.StkManagerImpl$2.run:110 android.os.Handler.handleCallback:790 android.os.Handler.dispatchMessage:99 android.os.Looper.loop:164 
11-11 15:40:33.836   675   713 I WindowManager: Focus moving from null to Window{412a6d8 u0 com.transsion.hilauncher/com.android.launcher3.Launcher}
11-11 15:40:33.882   675  7599 D VibratorService: enable vibrator
11-11 15:40:33.885   675   701 W ContextImpl: Calling a method in the system process without a qualified user: android.app.ContextImpl.sendBroadcast:967 com.mediatek.server.stk.StkManagerImpl$2.run:110 android.os.Handler.handleCallback:790 android.os.Handler.dispatchMessage:99 android.os.Looper.loop:164 
11-11 15:40:33.902   675   701 I chatty  : uid=1000(system) android.ui identical 1 line
11-11 15:40:33.914   675   701 W ContextImpl: Calling a method in the system process without a qualified user: android.app.ContextImpl.sendBroadcast:967 com.mediatek.server.stk.StkManagerImpl$2.run:110 android.os.Handler.handleCallback:790 android.os.Handler.dispatchMessage:99 android.os.Looper.loop:164 
11-11 15:40:33.914   675   772 I ActivityManager: START u0 {act=android.intent.action.MAIN cat=[android.intent.category.HOME] flg=0x10200000 cmp=com.transsion.hilauncher/com.android.launcher3.Launcher (has extras)} from uid 1000
