11-11 15:16:34.891   796   950 V ActivityManager: Broadcast: Intent { act=action_start_enter_animation flg=0x14000010 pkg=com.android.systemui } ordered=true userid=-2 callerApp=ProcessRecord{6a48a31 890:com.android.systemui/u0a23}
11-11 15:16:34.920   796  2295 V ActivityManager: Broadcast: Intent { act=action_start_enter_animation flg=0x14000010 pkg=com.android.systemui } ordered=true userid=-2 callerApp=ProcessRecord{6a48a31 890:com.android.systemui/u0a23}
11-11 15:16:34.932 12196 12494 W chromium: [WARNING:paced_sender.cc(261)] Elapsed time (66820179 ms) longer than expected, limiting to 2000 ms
11-11 15:16:34.949   796   807 V ActivityManager: Broadcast: Intent { act=action_start_enter_animation flg=0x14000010 pkg=com.android.systemui } ordered=true userid=-2 callerApp=ProcessRecord{6a48a31 890:com.android.systemui/u0a23}
11-11 15:16:34.979   796  2288 V ActivityManager: Broadcast: Intent { act=action_start_enter_animation flg=0x14000010 pkg=com.android.systemui } ordered=true userid=-2 callerApp=ProcessRecord{6a48a31 890:com.android.systemui/u0a23}
11-11 15:16:35.008   796  2287 V ActivityManager: Broadcast: Intent { act=action_start_enter_animation flg=0x14000010 pkg=com.android.systemui } ordered=true userid=-2 callerApp=ProcessRecord{6a48a31 890:com.android.systemui/u0a23}
11-11 15:16:35.038   796   952 V ActivityManager: Broadcast: Intent { act=action_start_enter_animation flg=0x14000010 pkg=com.android.systemui } ordered=true userid=-2 callerApp=ProcessRecord{6a48a31 890:com.android.systemui/u0a23}
11-11 15:16:35.067   796 14073 V ActivityManager: Broadcast: Intent { act=action_start_enter_animation flg=0x14000010 pkg=com.android.systemui } ordered=true userid=-2 callerApp=ProcessRecord{6a48a31 890:com.android.systemui/u0a23}
11-11 15:16:35.097   796  1430 V ActivityManager: Broadcast: Intent { act=action_start_enter_animation flg=0x14000010 pkg=com.android.systemui } ordered=true userid=-2 callerApp=ProcessRecord{6a48a31 890:com.android.systemui/u0a23}
11-11 15:16:35.127   796   806 V ActivityManager: Broadcast: Intent { act=action_start_enter_animation flg=0x14000010 pkg=com.android.systemui } ordered=true userid=-2 callerApp=ProcessRecord{6a48a31 890:com.android.systemui/u0a23}
11-11 15:16:35.156   796  2294 V ActivityManager: Broadcast: Intent { act=action_start_enter_animation flg=0x14000010 pkg=com.android.systemui } ordered=true userid=-2 callerApp=ProcessRecord{6a48a31 890:com.android.systemui/u0a23}
11-11 15:16:35.186   796 14072 V ActivityManager: Broadcast: Intent { act=action_start_enter_animation flg=0x14000010 pkg=com.android.systemui } ordered=true userid=-2 callerApp=ProcessRecord{6a48a31 890:com.android.systemui/u0a23}
11-11 15:16:35.214   796  1328 V ActivityManager: Broadcast: Intent { act=action_start_enter_animation flg=0x14000010 pkg=com.android.systemui } ordered=true userid=-2 callerApp=ProcessRecord{6a48a31 890:com.android.systemui/u0a23}
11-11 15:16:35.243   796  2296 V ActivityManager: Broadcast: Intent { act=action_start_enter_animation flg=0x14000010 pkg=com.android.systemui } ordered=true userid=-2 callerApp=ProcessRecord{6a48a31 890:com.android.systemui/u0a23}
11-11 15:16:35.273   796 21951 V ActivityManager: Broadcast: Intent { act=action_start_enter_animation flg=0x14000010 pkg=com.android.systemui } ordered=true userid=-2 callerApp=ProcessRecord{6a48a31 890:com.android.systemui/u0a23}
11-11 15:16:35.303   796   810 V ActivityManager: Broadcast: Intent { act=action_start_enter_animation flg=0x14000010 pkg=com.android.systemui } ordered=true userid=-2 callerApp=ProcessRecord{6a48a31 890:com.android.systemui/u0a23}
11-11 15:16:35.332   796  1431 V ActivityManager: Broadcast: Intent { act=action_start_enter_animation flg=0x14000010 pkg=com.android.systemui } ordered=true userid=-2 callerApp=ProcessRecord{6a48a31 890:com.android.systemui/u0a23}
11-11 15:16:35.361   796   950 V ActivityManager: Broadcast: Intent { act=action_start_enter_animation flg=0x14000010 pkg=com.android.systemui } ordered=true userid=-2 callerApp=ProcessRecord{6a48a31 890:com.android.systemui/u0a23}
11-11 15:16:35.391   796  2295 V ActivityManager: Broadcast: Intent { act=action_start_enter_animation flg=0x14000010 pkg=com.android.systemui } ordered=true userid=-2 callerApp=ProcessRecord{6a48a31 890:com.android.systemui/u0a23}
11-11 15:16:35.420   796   807 V ActivityManager: Broadcast: Intent { act=action_start_enter_animation flg=0x14000010 pkg=com.android.systemui } ordered=true userid=-2 callerApp=ProcessRecord{6a48a31 890:com.android.systemui/u0a23}
11-11 15:16:35.432 12196 12494 W chromium: [WARNING:paced_sender.cc(261)] Elapsed time (66820679 ms) longer than expected, limiting to 2000 ms
11-11 15:16:35.449   796  2288 V ActivityManager: Broadcast: Intent { act=action_start_enter_animation flg=0x14000010 pkg=com.android.systemui } ordered=true userid=-2 callerApp=ProcessRecord{6a48a31 890:com.android.systemui/u0a23}
11-11 15:16:35.456  1565  1581 I PerfService: PerfServiceNative_getPackName
11-11 15:16:35.457   796  2287 I libPerfService: perfGetLastBoostPid 30962
11-11 15:16:35.457   796  2287 D PerfServiceManager: [PerfService] getLastBoostPid 30962 
11-11 15:16:35.457   796  2287 I libPerfService: perfGetLastBoostPid 30962
11-11 15:16:35.479   796   952 V ActivityManager: Broadcast: Intent { act=action_start_enter_animation flg=0x14000010 pkg=com.android.systemui } ordered=true userid=-2 callerApp=ProcessRecord{6a48a31 890:com.android.systemui/u0a23}
11-11 15:16:35.508   796 14073 V ActivityManager: Broadcast: Intent { act=action_start_enter_animation flg=0x14000010 pkg=com.android.systemui } ordered=true userid=-2 callerApp=ProcessRecord{6a48a31 890:com.android.systemui/u0a23}
11-11 15:16:35.538   796  1430 V ActivityManager: Broadcast: Intent { act=action_start_enter_animation flg=0x14000010 pkg=com.android.systemui } ordered=true userid=-2 callerApp=ProcessRecord{6a48a31 890:com.android.systemui/u0a23}
11-11 15:16:35.567   796   806 V ActivityManager: Broadcast: Intent { act=action_start_enter_animation flg=0x14000010 pkg=com.android.systemui } ordered=true userid=-2 callerApp=ProcessRecord{6a48a31 890:com.android.systemui/u0a23}
11-11 15:16:35.597   796  2294 V ActivityManager: Broadcast: Intent { act=action_start_enter_animation flg=0x14000010 pkg=com.android.systemui } ordered=true userid=-2 callerApp=ProcessRecord{6a48a31 890:com.android.systemui/u0a23}
11-11 15:16:35.626   796 14072 V ActivityManager: Broadcast: Intent { act=action_start_enter_animation flg=0x14000010 pkg=com.android.systemui } ordered=true userid=-2 callerApp=ProcessRecord{6a48a31 890:com.android.systemui/u0a23}
11-11 15:16:35.656   796  1328 V ActivityManager: Broadcast: Intent { act=action_start_enter_animation flg=0x14000010 pkg=com.android.systemui } ordered=true userid=-2 callerApp=ProcessRecord{6a48a31 890:com.android.systemui/u0a23}
11-11 15:16:35.666   796   796 E WifiTrafficPoller: TRAFFIC_STATS_POLL true Token 242 num clients 10
11-11 15:16:35.667   796   796 E WifiTrafficPoller:  packet count Tx=257834 Rx=273757
11-11 15:16:35.686   796  2296 V ActivityManager: Broadcast: Intent { act=action_start_enter_animation flg=0x14000010 pkg=com.android.systemui } ordered=true userid=-2 callerApp=ProcessRecord{6a48a31 890:com.android.systemui/u0a23}
11-11 15:16:35.715   796 21951 V ActivityManager: Broadcast: Intent { act=action_start_enter_animation flg=0x14000010 pkg=com.android.systemui } ordered=true userid=-2 callerApp=ProcessRecord{6a48a31 890:com.android.systemui/u0a23}
11-11 15:16:35.745   796   810 V ActivityManager: Broadcast: Intent { act=action_start_enter_animation flg=0x14000010 pkg=com.android.systemui } ordered=true userid=-2 callerApp=ProcessRecord{6a48a31 890:com.android.systemui/u0a23}
11-11 15:16:35.759   796   856 D WifiStateMachine:  ConnectedState (when=-4ms what=131155 arg1=54!CMD_RSSI_POLL  rt=145967169/968212638 54 0 "gfw-test" 9c:1c:12:9d:d4:62 rssi=-51 f=2462 sc=60 link=65 tx=0.2, 0.0, 0.0  rx=0.0 bcn=0 [on:0 tx:0 rx:0 period:3001] from screen [on:0 period:1498565422] gl hn rssi=-46 ag=0 hr ticks 1,0,23 ls-=0 [56,56,56,56,61] brc=0 lrc=0 offload-stopped
11-11 15:16:35.760   796   856 D WifiStateMachine:  L2ConnectedState (when=-6ms what=131155 arg1=54!CMD_RSSI_POLL  rt=145967171/968212640 54 0 "gfw-test" 9c:1c:12:9d:d4:62 rssi=-51 f=2462 sc=60 link=65 tx=0.2, 0.0, 0.0  rx=0.0 bcn=0 [on:0 tx:0 rx:0 period:2] from screen [on:0 period:1498565424] gl hn rssi=-46 ag=0 hr ticks 1,0,23 ls-=0 [56,56,56,56,61] brc=0 lrc=0 offload-stopped
11-11 15:16:35.761   796   856 D WifiStateMachine:  get link layer stats 0
11-11 15:16:35.762   796   856 D WifiHW  : enter -->wifi_send_command cmd=IFNAME=wlan0 SIGNAL_POLL
11-11 15:16:35.762   387   387 D wpa_supplicant: wlan0: Control interface command 'SIGNAL_POLL'
11-11 15:16:35.775   796  1431 V ActivityManager: Broadcast: Intent { act=action_start_enter_animation flg=0x14000010 pkg=com.android.systemui } ordered=true userid=-2 callerApp=ProcessRecord{6a48a31 890:com.android.systemui/u0a23}
11-11 15:16:35.780   796   856 D WifiHW  : leave --> reply=RSSI=-51
11-11 15:16:35.780   796   856 D WifiHW  : LINKSPEED=65
11-11 15:16:35.780   796   856 D WifiHW  : NOISE=9999
11-11 15:16:35.780   796   856 D WifiHW  : FREQUENCY=2462
11-11 15:16:35.780   796   856 D WifiHW  : 
11-11 15:16:35.781   796   856 I WifiStateMachine: fetchRssiLinkSpeedAndFrequencyNative, newRssi:-51, newLinkSpeed:65, SSID:"gfw-test"
11-11 15:16:35.781   796   856 D WifiStateMachine: mLastSignalLevel:4, newSignalLevel:4
11-11 15:16:35.781   796   856 E WifiConfigStore: updateConfiguration freq=2462 BSSID=9c:1c:12:9d:d4:62 RSSI=-50 "gfw-test"WPA_PSK
11-11 15:16:35.782   796   856 V ActivityManager: Broadcast sticky: Intent { act=android.net.wifi.RSSI_CHANGED flg=0x4000010 (has extras) } ordered=false userid=-1 callerApp=ProcessRecord{32e4944 796:system/1000}
11-11 15:16:35.785   796   876 D WifiWatchdogStateMachine: RSSI current: 4 new: -51, 4
11-11 15:16:35.789   796   950 D ConnectivityService: getActiveNetworkInfo networkInfo = [type: WIFI[], state: CONNECTED/CONNECTED, reason: (unspecified), extra: "gfw-test", roaming: false, failover: false, isAvailable: true]
11-11 15:16:35.805   796   807 V ActivityManager: Broadcast: Intent { act=action_start_enter_animation flg=0x14000010 pkg=com.android.systemui } ordered=true userid=-2 callerApp=ProcessRecord{6a48a31 890:com.android.systemui/u0a23}
11-11 15:16:35.835   796  2288 V ActivityManager: Broadcast: Intent { act=action_start_enter_animation flg=0x14000010 pkg=com.android.systemui } ordered=true userid=-2 callerApp=ProcessRecord{6a48a31 890:com.android.systemui/u0a23}
11-11 15:16:35.864   796  2287 V ActivityManager: Broadcast: Intent { act=action_start_enter_animation flg=0x14000010 pkg=com.android.systemui } ordered=true userid=-2 callerApp=ProcessRecord{6a48a31 890:com.android.systemui/u0a23}
11-11 15:16:35.894   796   952 V ActivityManager: Broadcast: Intent { act=action_start_enter_animation flg=0x14000010 pkg=com.android.systemui } ordered=true userid=-2 callerApp=ProcessRecord{6a48a31 890:com.android.systemui/u0a23}
11-11 15:16:35.913   195  1441 I BufferQueueProducer: [Load Average](this:0xb3d0b400,id:3842,api:1,p:890,c:195) queueBuffer: fps=0.50 dur=2002.05 max=2002.05 min=2002.05
11-11 15:16:35.923   796  2294 V ActivityManager: Broadcast: Intent { act=action_start_enter_animation flg=0x14000010 pkg=com.android.systemui } ordered=true userid=-2 callerApp=ProcessRecord{6a48a31 890:com.android.systemui/u0a23}
11-11 15:16:35.930   195   195 I SurfaceFlinger: [Built-in Screen (type:0)] fps:0.499012,dur:2003.96,max:2003.96,min:2003.96
11-11 15:16:35.933 12196 12494 W chromium: [WARNING:paced_sender.cc(261)] Elapsed time (66821180 ms) longer than expected, limiting to 2000 ms
11-11 15:16:35.955   796  1328 V ActivityManager: Broadcast: Intent { act=action_start_enter_animation flg=0x14000010 pkg=com.android.systemui } ordered=true userid=-2 callerApp=ProcessRecord{6a48a31 890:com.android.systemui/u0a23}
11-11 15:16:35.985   796  1431 V ActivityManager: Broadcast: Intent { act=action_start_enter_animation flg=0x14000010 pkg=com.android.systemui } ordered=true userid=-2 callerApp=ProcessRecord{6a48a31 890:com.android.systemui/u0a23}
11-11 15:16:36.014   796   950 V ActivityManager: Broadcast: Intent { act=action_start_enter_animation flg=0x14000010 pkg=com.android.systemui } ordered=true userid=-2 callerApp=ProcessRecord{6a48a31 890:com.android.systemui/u0a23}
11-11 15:16:36.044   796  2295 V ActivityManager: Broadcast: Intent { act=action_start_enter_animation flg=0x14000010 pkg=com.android.systemui } ordered=true userid=-2 callerApp=ProcessRecord{6a48a31 890:com.android.systemui/u0a23}
11-11 15:16:36.073   796   807 V ActivityManager: Broadcast: Intent { act=action_start_enter_animation flg=0x14000010 pkg=com.android.systemui } ordered=true userid=-2 callerApp=ProcessRecord{6a48a31 890:com.android.systemui/u0a23}
11-11 15:16:36.102   796  2288 V ActivityManager: Broadcast: Intent { act=action_start_enter_animation flg=0x14000010 pkg=com.android.systemui } ordered=true userid=-2 callerApp=ProcessRecord{6a48a31 890:com.android.systemui/u0a23}
11-11 15:16:36.132   796  2287 V ActivityManager: Broadcast: Intent { act=action_start_enter_animation flg=0x14000010 pkg=com.android.systemui } ordered=true userid=-2 callerApp=ProcessRecord{6a48a31 890:com.android.systemui/u0a23}
11-11 15:16:36.161   796   952 V ActivityManager: Broadcast: Intent { act=action_start_enter_animation flg=0x14000010 pkg=com.android.systemui } ordered=true userid=-2 callerApp=ProcessRecord{6a48a31 890:com.android.systemui/u0a23}
11-11 15:16:36.191   796 14073 V ActivityManager: Broadcast: Intent { act=action_start_enter_animation flg=0x14000010 pkg=com.android.systemui } ordered=true userid=-2 callerApp=ProcessRecord{6a48a31 890:com.android.systemui/u0a23}
11-11 15:16:36.220   796  1430 V ActivityManager: Broadcast: Intent { act=action_start_enter_animation flg=0x14000010 pkg=com.android.systemui } ordered=true userid=-2 callerApp=ProcessRecord{6a48a31 890:com.android.systemui/u0a23}
11-11 15:16:36.249   796   806 V ActivityManager: Broadcast: Intent { act=action_start_enter_animation flg=0x14000010 pkg=com.android.systemui } ordered=true userid=-2 callerApp=ProcessRecord{6a48a31 890:com.android.systemui/u0a23}
11-11 15:16:36.279   796  2294 V ActivityManager: Broadcast: Intent { act=action_start_enter_animation flg=0x14000010 pkg=com.android.systemui } ordered=true userid=-2 callerApp=ProcessRecord{6a48a31 890:com.android.systemui/u0a23}
11-11 15:16:36.309   796 14072 V ActivityManager: Broadcast: Intent { act=action_start_enter_animation flg=0x14000010 pkg=com.android.systemui } ordered=true userid=-2 callerApp=ProcessRecord{6a48a31 890:com.android.systemui/u0a23}
11-11 15:16:36.339   796  1328 V ActivityManager: Broadcast: Intent { act=action_start_enter_animation flg=0x14000010 pkg=com.android.systemui } ordered=true userid=-2 callerApp=ProcessRecord{6a48a31 890:com.android.systemui/u0a23}
11-11 15:16:36.368   796  2296 V ActivityManager: Broadcast: Intent { act=action_start_enter_animation flg=0x14000010 pkg=com.android.systemui } ordered=true userid=-2 callerApp=ProcessRecord{6a48a31 890:com.android.systemui/u0a23}
11-11 15:16:36.398   796 21951 V ActivityManager: Broadcast: Intent { act=action_start_enter_animation flg=0x14000010 pkg=com.android.systemui } ordered=true userid=-2 callerApp=ProcessRecord{6a48a31 890:com.android.systemui/u0a23}
11-11 15:16:36.427   796   810 V ActivityManager: Broadcast: Intent { act=action_start_enter_animation flg=0x14000010 pkg=com.android.systemui } ordered=true userid=-2 callerApp=ProcessRecord{6a48a31 890:com.android.systemui/u0a23}
11-11 15:16:36.434 12196 12494 W chromium: [WARNING:paced_sender.cc(261)] Elapsed time (66821681 ms) longer than expected, limiting to 2000 ms
11-11 15:16:36.457   796  1431 V ActivityManager: Broadcast: Intent { act=action_start_enter_animation flg=0x14000010 pkg=com.android.systemui } ordered=true userid=-2 callerApp=ProcessRecord{6a48a31 890:com.android.systemui/u0a23}
11-11 15:16:36.459  1565  1581 I PerfService: PerfServiceNative_getPackName
11-11 15:16:36.460   796   950 I libPerfService: perfGetLastBoostPid 30962
11-11 15:16:36.460   796   950 D PerfServiceManager: [PerfService] getLastBoostPid 30962 
11-11 15:16:36.460   796   950 I libPerfService: perfGetLastBoostPid 30962
11-11 15:16:36.488   796  2295 V ActivityManager: Broadcast: Intent { act=action_start_enter_animation flg=0x14000010 pkg=com.android.systemui } ordered=true userid=-2 callerApp=ProcessRecord{6a48a31 890:com.android.systemui/u0a23}
11-11 15:16:36.517   796   807 V ActivityManager: Broadcast: Intent { act=action_start_enter_animation flg=0x14000010 pkg=com.android.systemui } ordered=true userid=-2 callerApp=ProcessRecord{6a48a31 890:com.android.systemui/u0a23}
11-11 15:16:36.547   796  2288 V ActivityManager: Broadcast: Intent { act=action_start_enter_animation flg=0x14000010 pkg=com.android.systemui } ordered=true userid=-2 callerApp=ProcessRecord{6a48a31 890:com.android.systemui/u0a23}
11-11 15:16:36.577   796  2287 V ActivityManager: Broadcast: Intent { act=action_start_enter_animation flg=0x14000010 pkg=com.android.systemui } ordered=true userid=-2 callerApp=ProcessRecord{6a48a31 890:com.android.systemui/u0a23}
11-11 15:16:36.607   796   952 V ActivityManager: Broadcast: Intent { act=action_start_enter_animation flg=0x14000010 pkg=com.android.systemui } ordered=true userid=-2 callerApp=ProcessRecord{6a48a31 890:com.android.systemui/u0a23}
11-11 15:16:36.637   796 14073 V ActivityManager: Broadcast: Intent { act=action_start_enter_animation flg=0x14000010 pkg=com.android.systemui } ordered=true userid=-2 callerApp=ProcessRecord{6a48a31 890:com.android.systemui/u0a23}
11-11 15:16:36.667   796  1430 V ActivityManager: Broadcast: Intent { act=action_start_enter_animation flg=0x14000010 pkg=com.android.systemui } ordered=true userid=-2 callerApp=ProcessRecord{6a48a31 890:com.android.systemui/u0a23}
11-11 15:16:36.669   796   796 E WifiTrafficPoller: TRAFFIC_STATS_POLL true Token 242 num clients 10
11-11 15:16:36.671   796   796 E WifiTrafficPoller:  packet count Tx=257834 Rx=273757
11-11 15:16:36.698   796   806 V ActivityManager: Broadcast: Intent { act=action_start_enter_animation flg=0x14000010 pkg=com.android.systemui } ordered=true userid=-2 callerApp=ProcessRecord{6a48a31 890:com.android.systemui/u0a23}
11-11 15:16:36.728   796  2294 V ActivityManager: Broadcast: Intent { act=action_start_enter_animation flg=0x14000010 pkg=com.android.systemui } ordered=true userid=-2 callerApp=ProcessRecord{6a48a31 890:com.android.systemui/u0a23}
11-11 15:16:36.757   796 14072 V ActivityManager: Broadcast: Intent { act=action_start_enter_animation flg=0x14000010 pkg=com.android.systemui } ordered=true userid=-2 callerApp=ProcessRecord{6a48a31 890:com.android.systemui/u0a23}
11-11 15:16:36.787   796  1328 V ActivityManager: Broadcast: Intent { act=action_start_enter_animation flg=0x14000010 pkg=com.android.systemui } ordered=true userid=-2 callerApp=ProcessRecord{6a48a31 890:com.android.systemui/u0a23}
11-11 15:16:36.790   220   371 D agps    : [agps] WARNING: [CP] cp2_fd_1_req_sim_num_timeout
11-11 15:16:36.790   220   347 D agps    : [agps][n][CP] [MD_1] write  sim_info_req
11-11 15:16:36.790   220   347 E agps    : [agps] ERR: [Utility] safe_write reason=[No such device]19
11-11 15:16:36.818   796  2296 V ActivityManager: Broadcast: Intent { act=action_start_enter_animation flg=0x14000010 pkg=com.android.systemui } ordered=true userid=-2 callerApp=ProcessRecord{6a48a31 890:com.android.systemui/u0a23}
11-11 15:16:36.848   796 21951 V ActivityManager: Broadcast: Intent { act=action_start_enter_animation flg=0x14000010 pkg=com.android.systemui } ordered=true userid=-2 callerApp=ProcessRecord{6a48a31 890:com.android.systemui/u0a23}
11-11 15:16:36.877   796   810 V ActivityManager: Broadcast: Intent { act=action_start_enter_animation flg=0x14000010 pkg=com.android.systemui } ordered=true userid=-2 callerApp=ProcessRecord{6a48a31 890:com.android.systemui/u0a23}
11-11 15:16:36.907   796  1431 V ActivityManager: Broadcast: Intent { act=action_start_enter_animation flg=0x14000010 pkg=com.android.systemui } ordered=true userid=-2 callerApp=ProcessRecord{6a48a31 890:com.android.systemui/u0a23}
11-11 15:16:36.935 12196 12494 W chromium: [WARNING:paced_sender.cc(261)] Elapsed time (66822182 ms) longer than expected, limiting to 2000 ms
11-11 15:16:36.937   796   950 V ActivityManager: Broadcast: Intent { act=action_start_enter_animation flg=0x14000010 pkg=com.android.systemui } ordered=true userid=-2 callerApp=ProcessRecord{6a48a31 890:com.android.systemui/u0a23}
11-11 15:16:36.967   796  2295 V ActivityManager: Broadcast: Intent { act=action_start_enter_animation flg=0x14000010 pkg=com.android.systemui } ordered=true userid=-2 callerApp=ProcessRecord{6a48a31 890:com.android.systemui/u0a23}
11-11 15:16:36.997   796   807 V ActivityManager: Broadcast: Intent { act=action_start_enter_animation flg=0x14000010 pkg=com.android.systemui } ordered=true userid=-2 callerApp=ProcessRecord{6a48a31 890:com.android.systemui/u0a23}
11-11 15:16:37.027   796  2288 V ActivityManager: Broadcast: Intent { act=action_start_enter_animation flg=0x14000010 pkg=com.android.systemui } ordered=true userid=-2 callerApp=ProcessRecord{6a48a31 890:com.android.systemui/u0a23}
11-11 15:16:37.056   796  2287 V ActivityManager: Broadcast: Intent { act=action_start_enter_animation flg=0x14000010 pkg=com.android.systemui } ordered=true userid=-2 callerApp=ProcessRecord{6a48a31 890:com.android.systemui/u0a23}
11-11 15:16:37.086   796   952 V ActivityManager: Broadcast: Intent { act=action_start_enter_animation flg=0x14000010 pkg=com.android.systemui } ordered=true userid=-2 callerApp=ProcessRecord{6a48a31 890:com.android.systemui/u0a23}
11-11 15:16:37.115   796 14073 V ActivityManager: Broadcast: Intent { act=action_start_enter_animation flg=0x14000010 pkg=com.android.systemui } ordered=true userid=-2 callerApp=ProcessRecord{6a48a31 890:com.android.systemui/u0a23}
11-11 15:16:37.145   796  1430 V ActivityManager: Broadcast: Intent { act=action_start_enter_animation flg=0x14000010 pkg=com.android.systemui } ordered=true userid=-2 callerApp=ProcessRecord{6a48a31 890:com.android.systemui/u0a23}
11-11 15:16:37.175   796   806 V ActivityManager: Broadcast: Intent { act=action_start_enter_animation flg=0x14000010 pkg=com.android.systemui } ordered=true userid=-2 callerApp=ProcessRecord{6a48a31 890:com.android.systemui/u0a23}
11-11 15:16:37.204   796  2294 V ActivityManager: Broadcast: Intent { act=action_start_enter_animation flg=0x14000010 pkg=com.android.systemui } ordered=true userid=-2 callerApp=ProcessRecord{6a48a31 890:com.android.systemui/u0a23}
11-11 15:16:37.234   796 14072 V ActivityManager: Broadcast: Intent { act=action_start_enter_animation flg=0x14000010 pkg=com.android.systemui } ordered=true userid=-2 callerApp=ProcessRecord{6a48a31 890:com.android.systemui/u0a23}
11-11 15:16:37.263   796  1328 V ActivityManager: Broadcast: Intent { act=action_start_enter_animation flg=0x14000010 pkg=com.android.systemui } ordered=true userid=-2 callerApp=ProcessRecord{6a48a31 890:com.android.systemui/u0a23}
11-11 15:16:37.293   796  2296 V ActivityManager: Broadcast: Intent { act=action_start_enter_animation flg=0x14000010 pkg=com.android.systemui } ordered=true userid=-2 callerApp=ProcessRecord{6a48a31 890:com.android.systemui/u0a23}
11-11 15:16:37.323   796 21951 V ActivityManager: Broadcast: Intent { act=action_start_enter_animation flg=0x14000010 pkg=com.android.systemui } ordered=true userid=-2 callerApp=ProcessRecord{6a48a31 890:com.android.systemui/u0a23}
11-11 15:16:37.352   796   810 V ActivityManager: Broadcast: Intent { act=action_start_enter_animation flg=0x14000010 pkg=com.android.systemui } ordered=true userid=-2 callerApp=ProcessRecord{6a48a31 890:com.android.systemui/u0a23}
11-11 15:16:37.381   796  1431 V ActivityManager: Broadcast: Intent { act=action_start_enter_animation flg=0x14000010 pkg=com.android.systemui } ordered=true userid=-2 callerApp=ProcessRecord{6a48a31 890:com.android.systemui/u0a23}
11-11 15:16:37.411   796   950 V ActivityManager: Broadcast: Intent { act=action_start_enter_animation flg=0x14000010 pkg=com.android.systemui } ordered=true userid=-2 callerApp=ProcessRecord{6a48a31 890:com.android.systemui/u0a23}
11-11 15:16:37.435 12196 12494 W chromium: [WARNING:paced_sender.cc(261)] Elapsed time (66822683 ms) longer than expected, limiting to 2000 ms
11-11 15:16:37.440   796  2295 V ActivityManager: Broadcast: Intent { act=action_start_enter_animation flg=0x14000010 pkg=com.android.systemui } ordered=true userid=-2 callerApp=ProcessRecord{6a48a31 890:com.android.systemui/u0a23}
11-11 15:16:37.461  1565  1581 I PerfService: PerfServiceNative_getPackName
11-11 15:16:37.462   796   807 I libPerfService: perfGetLastBoostPid 30962
11-11 15:16:37.462   796   807 D PerfServiceManager: [PerfService] getLastBoostPid 30962 
11-11 15:16:37.462   796   807 I libPerfService: perfGetLastBoostPid 30962
11-11 15:16:37.470   796  2288 V ActivityManager: Broadcast: Intent { act=action_start_enter_animation flg=0x14000010 pkg=com.android.systemui } ordered=true userid=-2 callerApp=ProcessRecord{6a48a31 890:com.android.systemui/u0a23}
11-11 15:16:37.499   796  2287 V ActivityManager: Broadcast: Intent { act=action_start_enter_animation flg=0x14000010 pkg=com.android.systemui } ordered=true userid=-2 callerApp=ProcessRecord{6a48a31 890:com.android.systemui/u0a23}
11-11 15:16:37.529   796   952 V ActivityManager: Broadcast: Intent { act=action_start_enter_animation flg=0x14000010 pkg=com.android.systemui } ordered=true userid=-2 callerApp=ProcessRecord{6a48a31 890:com.android.systemui/u0a23}
11-11 15:16:37.559   796 14073 V ActivityManager: Broadcast: Intent { act=action_start_enter_animation flg=0x14000010 pkg=com.android.systemui } ordered=true userid=-2 callerApp=ProcessRecord{6a48a31 890:com.android.systemui/u0a23}
11-11 15:16:37.589   796  1430 V ActivityManager: Broadcast: Intent { act=action_start_enter_animation flg=0x14000010 pkg=com.android.systemui } ordered=true userid=-2 callerApp=ProcessRecord{6a48a31 890:com.android.systemui/u0a23}
11-11 15:16:37.618   796   806 V ActivityManager: Broadcast: Intent { act=action_start_enter_animation flg=0x14000010 pkg=com.android.systemui } ordered=true userid=-2 callerApp=ProcessRecord{6a48a31 890:com.android.systemui/u0a23}
11-11 15:16:37.648   796  2294 V ActivityManager: Broadcast: Intent { act=action_start_enter_animation flg=0x14000010 pkg=com.android.systemui } ordered=true userid=-2 callerApp=ProcessRecord{6a48a31 890:com.android.systemui/u0a23}
11-11 15:16:37.673   796   796 E WifiTrafficPoller: TRAFFIC_STATS_POLL true Token 242 num clients 10
11-11 15:16:37.674   796   796 E WifiTrafficPoller:  packet count Tx=257834 Rx=273757
11-11 15:16:37.678   796 14072 V ActivityManager: Broadcast: Intent { act=action_start_enter_animation flg=0x14000010 pkg=com.android.systemui } ordered=true userid=-2 callerApp=ProcessRecord{6a48a31 890:com.android.systemui/u0a23}
11-11 15:16:37.707   796  1328 V ActivityManager: Broadcast: Intent { act=action_start_enter_animation flg=0x14000010 pkg=com.android.systemui } ordered=true userid=-2 callerApp=ProcessRecord{6a48a31 890:com.android.systemui/u0a23}
11-11 15:16:37.737   796  2296 V ActivityManager: Broadcast: Intent { act=action_start_enter_animation flg=0x14000010 pkg=com.android.systemui } ordered=true userid=-2 callerApp=ProcessRecord{6a48a31 890:com.android.systemui/u0a23}
11-11 15:16:37.744   227   227 I thermal_repeater: select timeout
11-11 15:16:37.767   796 21951 V ActivityManager: Broadcast: Intent { act=action_start_enter_animation flg=0x14000010 pkg=com.android.systemui } ordered=true userid=-2 callerApp=ProcessRecord{6a48a31 890:com.android.systemui/u0a23}
11-11 15:16:37.797   796   810 V ActivityManager: Broadcast: Intent { act=action_start_enter_animation flg=0x14000010 pkg=com.android.systemui } ordered=true userid=-2 callerApp=ProcessRecord{6a48a31 890:com.android.systemui/u0a23}
11-11 15:16:37.836   796  1431 V ActivityManager: Broadcast: Intent { act=action_start_enter_animation flg=0x14000010 pkg=com.android.systemui } ordered=true userid=-2 callerApp=ProcessRecord{6a48a31 890:com.android.systemui/u0a23}
11-11 15:16:37.867   796   950 V ActivityManager: Broadcast: Intent { act=action_start_enter_animation flg=0x14000010 pkg=com.android.systemui } ordered=true userid=-2 callerApp=ProcessRecord{6a48a31 890:com.android.systemui/u0a23}
11-11 15:16:37.896   796  2295 V ActivityManager: Broadcast: Intent { act=action_start_enter_animation flg=0x14000010 pkg=com.android.systemui } ordered=true userid=-2 callerApp=ProcessRecord{6a48a31 890:com.android.systemui/u0a23}
11-11 15:16:37.929   195   417 I BufferQueueProducer: [Load Average](this:0xb3d0b400,id:3842,api:1,p:890,c:195) queueBuffer: fps=0.50 dur=2016.03 max=2016.03 min=2016.03
11-11 15:16:37.937   796   952 V ActivityManager: Broadcast: Intent { act=action_start_enter_animation flg=0x14000010 pkg=com.android.systemui } ordered=true userid=-2 callerApp=ProcessRecord{6a48a31 890:com.android.systemui/u0a23}
11-11 15:16:37.940 12196 12494 W chromium: [WARNING:paced_sender.cc(261)] Elapsed time (66823187 ms) longer than expected, limiting to 2000 ms
11-11 15:16:37.949   195   195 I SurfaceFlinger: [Built-in Screen (type:0)] fps:0.495175,dur:2019.49,max:2019.49,min:2019.49
11-11 15:16:37.953   796   803 I System  : FinalizerDaemon: finalize objects = 980
11-11 15:16:37.961   796   805 I art     : Background partial concurrent mark sweep GC freed 16645(845KB) AllocSpace objects, 0(0B) LOS objects, 14% free, 24MB/28MB, paused 7.826ms total 154.209ms
11-11 15:16:37.965   796  1430 V ActivityManager: Broadcast: Intent { act=action_start_enter_animation flg=0x14000010 pkg=com.android.systemui } ordered=true userid=-2 callerApp=ProcessRecord{6a48a31 890:com.android.systemui/u0a23}
11-11 15:16:37.993   796  2294 V ActivityManager: Broadcast: Intent { act=action_start_enter_animation flg=0x14000010 pkg=com.android.systemui } ordered=true userid=-2 callerApp=ProcessRecord{6a48a31 890:com.android.systemui/u0a23}
11-11 15:16:38.020   796 14072 V ActivityManager: Broadcast: Intent { act=action_start_enter_animation flg=0x14000010 pkg=com.android.systemui } ordered=true userid=-2 callerApp=ProcessRecord{6a48a31 890:com.android.systemui/u0a23}
11-11 15:16:38.048   796  1328 V ActivityManager: Broadcast: Intent { act=action_start_enter_animation flg=0x14000010 pkg=com.android.systemui } ordered=true userid=-2 callerApp=ProcessRecord{6a48a31 890:com.android.systemui/u0a23}
11-11 15:16:38.076   796  2296 V ActivityManager: Broadcast: Intent { act=action_start_enter_animation flg=0x14000010 pkg=com.android.systemui } ordered=true userid=-2 callerApp=ProcessRecord{6a48a31 890:com.android.systemui/u0a23}
11-11 15:16:38.105   796 21951 V ActivityManager: Broadcast: Intent { act=action_start_enter_animation flg=0x14000010 pkg=com.android.systemui } ordered=true userid=-2 callerApp=ProcessRecord{6a48a31 890:com.android.systemui/u0a23}
11-11 15:16:38.135   796   810 V ActivityManager: Broadcast: Intent { act=action_start_enter_animation flg=0x14000010 pkg=com.android.systemui } ordered=true userid=-2 callerApp=ProcessRecord{6a48a31 890:com.android.systemui/u0a23}
11-11 15:16:38.164   796  1431 V ActivityManager: Broadcast: Intent { act=action_start_enter_animation flg=0x14000010 pkg=com.android.systemui } ordered=true userid=-2 callerApp=ProcessRecord{6a48a31 890:com.android.systemui/u0a23}
11-11 15:16:38.193   796   950 V ActivityManager: Broadcast: Intent { act=action_start_enter_animation flg=0x14000010 pkg=com.android.systemui } ordered=true userid=-2 callerApp=ProcessRecord{6a48a31 890:com.android.systemui/u0a23}
11-11 15:16:38.222   796  2295 V ActivityManager: Broadcast: Intent { act=action_start_enter_animation flg=0x14000010 pkg=com.android.systemui } ordered=true userid=-2 callerApp=ProcessRecord{6a48a31 890:com.android.systemui/u0a23}
11-11 15:16:38.251   796   807 V ActivityManager: Broadcast: Intent { act=action_start_enter_animation flg=0x14000010 pkg=com.android.systemui } ordered=true userid=-2 callerApp=ProcessRecord{6a48a31 890:com.android.systemui/u0a23}
11-11 15:16:38.280   796  2288 V ActivityManager: Broadcast: Intent { act=action_start_enter_animation flg=0x14000010 pkg=com.android.systemui } ordered=true userid=-2 callerApp=ProcessRecord{6a48a31 890:com.android.systemui/u0a23}
11-11 15:16:38.309   796  2287 V ActivityManager: Broadcast: Intent { act=action_start_enter_animation flg=0x14000010 pkg=com.android.systemui } ordered=true userid=-2 callerApp=ProcessRecord{6a48a31 890:com.android.systemui/u0a23}
11-11 15:16:38.339   796   952 V ActivityManager: Broadcast: Intent { act=action_start_enter_animation flg=0x14000010 pkg=com.android.systemui } ordered=true userid=-2 callerApp=ProcessRecord{6a48a31 890:com.android.systemui/u0a23}
11-11 15:16:38.368   796 14073 V ActivityManager: Broadcast: Intent { act=action_start_enter_animation flg=0x14000010 pkg=com.android.systemui } ordered=true userid=-2 callerApp=ProcessRecord{6a48a31 890:com.android.systemui/u0a23}
11-11 15:16:38.397   796  1430 V ActivityManager: Broadcast: Intent { act=action_start_enter_animation flg=0x14000010 pkg=com.android.systemui } ordered=true userid=-2 callerApp=ProcessRecord{6a48a31 890:com.android.systemui/u0a23}
11-11 15:16:38.426   796   806 V ActivityManager: Broadcast: Intent { act=action_start_enter_animation flg=0x14000010 pkg=com.android.systemui } ordered=true userid=-2 callerApp=ProcessRecord{6a48a31 890:com.android.systemui/u0a23}
11-11 15:16:38.440 12196 12494 W chromium: [WARNING:paced_sender.cc(261)] Elapsed time (66823687 ms) longer than expected, limiting to 2000 ms
11-11 15:16:38.456   796  2294 V ActivityManager: Broadcast: Intent { act=action_start_enter_animation flg=0x14000010 pkg=com.android.systemui } ordered=true userid=-2 callerApp=ProcessRecord{6a48a31 890:com.android.systemui/u0a23}
11-11 15:16:38.463  1565  1581 I PerfService: PerfServiceNative_getPackName
11-11 15:16:38.464   796 14072 I libPerfService: perfGetLastBoostPid 30962
11-11 15:16:38.464   796 14072 D PerfServiceManager: [PerfService] getLastBoostPid 30962 
11-11 15:16:38.464   796 14072 I libPerfService: perfGetLastBoostPid 30962
11-11 15:16:38.485   796  1328 V ActivityManager: Broadcast: Intent { act=action_start_enter_animation flg=0x14000010 pkg=com.android.systemui } ordered=true userid=-2 callerApp=ProcessRecord{6a48a31 890:com.android.systemui/u0a23}
11-11 15:16:38.514   796  2296 V ActivityManager: Broadcast: Intent { act=action_start_enter_animation flg=0x14000010 pkg=com.android.systemui } ordered=true userid=-2 callerApp=ProcessRecord{6a48a31 890:com.android.systemui/u0a23}
11-11 15:16:38.544   796 21951 V ActivityManager: Broadcast: Intent { act=action_start_enter_animation flg=0x14000010 pkg=com.android.systemui } ordered=true userid=-2 callerApp=ProcessRecord{6a48a31 890:com.android.systemui/u0a23}
11-11 15:16:38.573   796   810 V ActivityManager: Broadcast: Intent { act=action_start_enter_animation flg=0x14000010 pkg=com.android.systemui } ordered=true userid=-2 callerApp=ProcessRecord{6a48a31 890:com.android.systemui/u0a23}
11-11 15:16:38.602   796  1431 V ActivityManager: Broadcast: Intent { act=action_start_enter_animation flg=0x14000010 pkg=com.android.systemui } ordered=true userid=-2 callerApp=ProcessRecord{6a48a31 890:com.android.systemui/u0a23}
11-11 15:16:38.631   796   950 V ActivityManager: Broadcast: Intent { act=action_start_enter_animation flg=0x14000010 pkg=com.android.systemui } ordered=true userid=-2 callerApp=ProcessRecord{6a48a31 890:com.android.systemui/u0a23}
11-11 15:16:38.660   796  2295 V ActivityManager: Broadcast: Intent { act=action_start_enter_animation flg=0x14000010 pkg=com.android.systemui } ordered=true userid=-2 callerApp=ProcessRecord{6a48a31 890:com.android.systemui/u0a23}
11-11 15:16:38.675   796   796 E WifiTrafficPoller: TRAFFIC_STATS_POLL true Token 242 num clients 10
11-11 15:16:38.676   796   796 E WifiTrafficPoller:  packet count Tx=257834 Rx=273757
11-11 15:16:38.689   796   807 V ActivityManager: Broadcast: Intent { act=action_start_enter_animation flg=0x14000010 pkg=com.android.systemui } ordered=true userid=-2 callerApp=ProcessRecord{6a48a31 890:com.android.systemui/u0a23}
11-11 15:16:38.720   796  2288 V ActivityManager: Broadcast: Intent { act=action_start_enter_animation flg=0x14000010 pkg=com.android.systemui } ordered=true userid=-2 callerApp=ProcessRecord{6a48a31 890:com.android.systemui/u0a23}
11-11 15:16:38.754   796  2287 V ActivityManager: Broadcast: Intent { act=action_start_enter_animation flg=0x14000010 pkg=com.android.systemui } ordered=true userid=-2 callerApp=ProcessRecord{6a48a31 890:com.android.systemui/u0a23}
11-11 15:16:38.786   796   856 D WifiStateMachine:  ConnectedState (when=-4ms what=131155 arg1=54!CMD_RSSI_POLL  rt=145970197/968215666 54 0 "gfw-test" 9c:1c:12:9d:d4:62 rssi=-51 f=2462 sc=60 link=65 tx=0.1, 0.0, 0.0  rx=0.0 bcn=0 [on:0 tx:0 rx:0 period:2999] from screen [on:0 period:1498568450] gl hn rssi=-46 ag=0 hr ticks 1,0,23 ls-=0 [56,56,56,56,61] brc=0 lrc=0 offload-stopped
11-11 15:16:38.787   796   856 D WifiStateMachine:  L2ConnectedState (when=-5ms what=131155 arg1=54!CMD_RSSI_POLL  rt=145970198/968215667 54 0 "gfw-test" 9c:1c:12:9d:d4:62 rssi=-51 f=2462 sc=60 link=65 tx=0.1, 0.0, 0.0  rx=0.0 bcn=0 [on:0 tx:0 rx:0 period:1] from screen [on:0 period:1498568451] gl hn rssi=-46 ag=0 hr ticks 1,0,23 ls-=0 [56,56,56,56,61] brc=0 lrc=0 offload-stopped
11-11 15:16:38.787   796   856 D WifiStateMachine:  get link layer stats 0
11-11 15:16:38.788   796   856 D WifiHW  : enter -->wifi_send_command cmd=IFNAME=wlan0 SIGNAL_POLL
11-11 15:16:38.788   387   387 D wpa_supplicant: wlan0: Control interface command 'SIGNAL_POLL'
11-11 15:16:38.790   796   952 V ActivityManager: Broadcast: Intent { act=action_start_enter_animation flg=0x14000010 pkg=com.android.systemui } ordered=true userid=-2 callerApp=ProcessRecord{6a48a31 890:com.android.systemui/u0a23}
11-11 15:16:38.791   220   371 D agps    : [agps] WARNING: [CP] cp2_fd_1_req_sim_num_timeout
11-11 15:16:38.792   220   347 D agps    : [agps][n][CP] [MD_1] write  sim_info_req
11-11 15:16:38.792   220   347 E agps    : [agps] ERR: [Utility] safe_write reason=[No such device]19
11-11 15:16:38.802   890   914 I System  : FinalizerDaemon: finalize objects = 444
11-11 15:16:38.810   796   856 D WifiHW  : leave --> reply=RSSI=-53
11-11 15:16:38.810   796   856 D WifiHW  : LINKSPEED=65
11-11 15:16:38.810   796   856 D WifiHW  : NOISE=9999
11-11 15:16:38.810   796   856 D WifiHW  : FREQUENCY=2462
11-11 15:16:38.810   796   856 D WifiHW  : 
11-11 15:16:38.810   796   856 I WifiStateMachine: fetchRssiLinkSpeedAndFrequencyNative, newRssi:-53, newLinkSpeed:65, SSID:"gfw-test"
11-11 15:16:38.810   796   856 D WifiStateMachine: mLastSignalLevel:4, newSignalLevel:4
11-11 15:16:38.810   796   856 E WifiConfigStore: updateConfiguration freq=2462 BSSID=9c:1c:12:9d:d4:62 RSSI=-51 "gfw-test"WPA_PSK
11-11 15:16:38.811   796   856 V ActivityManager: Broadcast sticky: Intent { act=android.net.wifi.RSSI_CHANGED flg=0x4000010 (has extras) } ordered=false userid=-1 callerApp=ProcessRecord{32e4944 796:system/1000}
11-11 15:16:38.813   796   876 D WifiWatchdogStateMachine: RSSI current: 4 new: -53, 4
11-11 15:16:38.815   796 14073 D ConnectivityService: getActiveNetworkInfo networkInfo = [type: WIFI[], state: CONNECTED/CONNECTED, reason: (unspecified), extra: "gfw-test", roaming: false, failover: false, isAvailable: true]
11-11 15:16:38.817  1263  1514 D PhoneInterfaceManagerEx: [PhoneIntfMgrEx] isWifiCallingEnabled(0)=false
11-11 15:16:38.819  1263  1314 D PhoneInterfaceManagerEx: [PhoneIntfMgrEx] isWifiCallingEnabled(0)=false
11-11 15:16:38.821  1263  9531 D PhoneInterfaceManagerEx: [PhoneIntfMgrEx] isWifiCallingEnabled(0)=false
11-11 15:16:38.822   796   806 V ActivityManager: Broadcast: Intent { act=action_start_enter_animation flg=0x14000010 pkg=com.android.systemui } ordered=true userid=-2 callerApp=ProcessRecord{6a48a31 890:com.android.systemui/u0a23}
11-11 15:16:38.850   796  2294 V ActivityManager: Broadcast: Intent { act=action_start_enter_animation flg=0x14000010 pkg=com.android.systemui } ordered=true userid=-2 callerApp=ProcessRecord{6a48a31 890:com.android.systemui/u0a23}
11-11 15:16:38.877   796 14072 V ActivityManager: Broadcast: Intent { act=action_start_enter_animation flg=0x14000010 pkg=com.android.systemui } ordered=true userid=-2 callerApp=ProcessRecord{6a48a31 890:com.android.systemui/u0a23}
11-11 15:16:38.906   796  1328 V ActivityManager: Broadcast: Intent { act=action_start_enter_animation flg=0x14000010 pkg=com.android.systemui } ordered=true userid=-2 callerApp=ProcessRecord{6a48a31 890:com.android.systemui/u0a23}
11-11 15:16:38.935   796  2296 V ActivityManager: Broadcast: Intent { act=action_start_enter_animation flg=0x14000010 pkg=com.android.systemui } ordered=true userid=-2 callerApp=ProcessRecord{6a48a31 890:com.android.systemui/u0a23}
11-11 15:16:38.940 12196 12494 W chromium: [WARNING:paced_sender.cc(261)] Elapsed time (66824187 ms) longer than expected, limiting to 2000 ms
11-11 15:16:38.964   796 21951 V ActivityManager: Broadcast: Intent { act=action_start_enter_animation flg=0x14000010 pkg=com.android.systemui } ordered=true userid=-2 callerApp=ProcessRecord{6a48a31 890:com.android.systemui/u0a23}
11-11 15:16:38.994   796   810 V ActivityManager: Broadcast: Intent { act=action_start_enter_animation flg=0x14000010 pkg=com.android.systemui } ordered=true userid=-2 callerApp=ProcessRecord{6a48a31 890:com.android.systemui/u0a23}
11-11 15:16:39.002   796   856 D WifiStateMachine:  ConnectedState (when=-1ms what=131143 arg1=-2 arg2=1478) !CMD_START_SCAN  rt=145970413/968215882 -2 1478 ic=1 proc(ms):20001 dur:1304 cnt=1478 rssi=-53 f=2462 sc=60 link=65 tx=0.0, 0.0, 0.0  rx=0.0 list=2412,2462,2437 [on:0 tx:0 rx:0 period:188] from screen [on:0 period:1498568666]
11-11 15:16:39.003   796   856 D WifiStateMachine:  L2ConnectedState (when=-3ms what=131143 arg1=-2 arg2=1478) !CMD_START_SCAN  rt=145970415/968215884 -2 1478 ic=1 proc(ms):20003 dur:1304 cnt=1478 rssi=-53 f=2462 sc=60 link=65 tx=0.0, 0.0, 0.0  rx=0.0 list=2412,2462,2437 [on:0 tx:0 rx:0 period:1] from screen [on:0 period:1498568667]
11-11 15:16:39.004   796   856 D WifiStateMachine: CMD_START_SCAN source -2 txSuccessRate=0.04 rxSuccessRate=0.01 targetRoamBSSID=any RSSI=-53
11-11 15:16:39.004   796   856 D WifiStateMachine: startDelayedScan send -> 1479 milli 20000
11-11 15:16:39.004   796   856 D WifiStateMachine: CMD_START_SCAN with age=40008 interval=45000 maxinterval=300000
11-11 15:16:39.004   796   856 D WifiStateMachine: CMD_START_SCAN full=false
11-11 15:16:39.005   796   856 E WifiConfigStore: makeChannelList age=3600000 for "gfw-test"WPA_PSK max=6 bssids=6
11-11 15:16:39.005   796   856 E WifiConfigStore: has 9c:1c:12:cd:46:42 freq=2437 age=18655 ?=true
11-11 15:16:39.005   796   856 E WifiConfigStore: has 9c:1c:12:9d:e1:e2 freq=2462 age=910621255 ?=false
11-11 15:16:39.005   796   856 E WifiConfigStore: has ac:a3:1e:88:84:42 freq=2412 age=850543329 ?=false
11-11 15:16:39.005   796   856 E WifiConfigStore: has ac:a3:1e:88:97:22 freq=2412 age=18650 ?=true
11-11 15:16:39.005   796   856 E WifiConfigStore: has 9c:1c:12:9d:d4:62 freq=2462 age=194 ?=true
11-11 15:16:39.005   796   856 E WifiConfigStore: has ac:a3:1e:88:87:a2 freq=2462 age=850543328 ?=false
11-11 15:16:39.005   796   856 D WifiStateMachine: starting scan for "gfw-test"WPA_PSK with 2412,2462,2437
11-11 15:16:39.006   796   856 D WifiStateMachine: stopReconnectWifi Wfd=false StopScan=false mDontReconnectAndScan=false
11-11 15:16:39.006   796   856 D WifiHW  : enter -->wifi_send_command cmd=IFNAME=wlan0 SCAN TYPE=ONLY freq=2412,2462,2437
11-11 15:16:39.006   387   387 D wpa_supplicant: wlan0: Control interface command 'SCAN TYPE=ONLY freq=2412,2462,2437'
11-11 15:16:39.006   387   387 D wpa_supplicant: hw.num_modes = 2
11-11 15:16:39.006   387   387 D wpa_supplicant: wlan0: Setting scan request: 0.000000 sec
11-11 15:16:39.006   387   387 D wpa_supplicant: wlan0: Starting AP scan for wildcard SSID
11-11 15:16:39.007   387   387 D wpa_supplicant: WPS: Building WPS IE for Probe Request
11-11 15:16:39.007   387   387 D wpa_supplicant: WPS:  * Version (hardcoded 0x10)
11-11 15:16:39.007   387   387 D wpa_supplicant: WPS:  * Request Type
11-11 15:16:39.007   387   387 D wpa_supplicant: WPS:  * Config Methods (4288)
11-11 15:16:39.007   387   387 D wpa_supplicant: WPS:  * UUID-E
11-11 15:16:39.007   387   387 D wpa_supplicant: WPS:  * Primary Device Type
11-11 15:16:39.007   387   387 D wpa_supplicant: WPS:  * RF Bands (1)
11-11 15:16:39.007   387   387 D wpa_supplicant: WPS:  * Association State
11-11 15:16:39.007   387   387 D wpa_supplicant: WPS:  * Configuration Error (0)
11-11 15:16:39.007   387   387 D wpa_supplicant: WPS:  * Device Password ID (0)
11-11 15:16:39.007   387   387 D wpa_supplicant: WPS:  * Manufacturer
11-11 15:16:39.007   387   387 D wpa_supplicant: WPS:  * Model Name
11-11 15:16:39.007   387   387 D wpa_supplicant: WPS:  * Model Number
11-11 15:16:39.007   387   387 D wpa_supplicant: WPS:  * Device Name
11-11 15:16:39.007   387   387 D wpa_supplicant: WPS:  * Version2 (0x20)
11-11 15:16:39.007   387   387 D wpa_supplicant: P2P: * P2P IE header
11-11 15:16:39.007   387   387 D wpa_supplicant: P2P: * Capability dev=25 group=00
11-11 15:16:39.008   387   387 D wpa_supplicant: P2P: * Listen Channel: Regulatory Class 81 Channel 1
11-11 15:16:39.008   387   387 D wpa_supplicant: wlan0: Limit manual scan to specified channels
11-11 15:16:39.008   387   387 D wpa_supplicant: wlan0: Add radio work 'scan'@0xb695a370
11-11 15:16:39.008   387   387 D wpa_supplicant: wlan0: First radio work item in the queue - schedule start immediately
11-11 15:16:39.008   387   387 D wpa_supplicant: wlan0: Starting radio work 'scan'@0xb695a370 after 0.000163 second wait
11-11 15:16:39.008   387   387 D wpa_supplicant: wlan0: nl80211: scan request
11-11 15:16:39.008   387   387 D wpa_supplicant: nl80211: Scan SSID - hexdump(len=0): [NULL]
11-11 15:16:39.009   387   387 D wpa_supplicant: nl80211: Scan extra IEs - hexdump(len=156): 7f 04 00 00 0a 02 dd 81 00 50 f2 04 10 4a 00 01 10 10 3a 00 01 00 10 08 00 02 42 88 10 47 00 10 e1 5e c0 3c 93 e4 5f c6 8c 54 3e bc f1 bc 76 2b 10 54 00 08 00 0a 00 50 f2 04 00 05 10 3c 00 01 01 10 02 00 02 00 00 10 09 00 02 00 00 10 12 00 02 00 00 10 21 00 04 53 4f 4c 4f 10 23 00 08 41 73 70 69 72 65 20 34 10 24 00 08 41 73 70 69 72 65 20 34 10 11 00 08 41 73 70 69 72 65 2