11-11 15:16:13.757   796   847 I zhoubinheadset: isServiceRunning=com.android.systemui.SystemUIService
11-11 15:16:13.757   796   847 I zhoubinheadset: isServiceRunning=org.chromium.content.app.PrivilegedProcessService0
11-11 15:16:13.757   796   847 I zhoubinheadset: isServiceRunning=android.hardware.location.GeofenceHardwareService
11-11 15:16:13.757   796   847 I zhoubinheadset: isServiceRunning=com.mediatek.voicecommand.service.VoiceCommandManagerService
11-11 15:16:13.757   796   847 I zhoubinheadset: isServiceRunning=com.opera.android.news.push.NewsBarService
11-11 15:16:13.757   796   847 I zhoubinheadset: isServiceRunning=com.google.android.gms.chimera.PersistentDirectBootAwareApiService
11-11 15:16:13.757   796   847 I zhoubinheadset: isServiceRunning=com.google.android.gms.auth.trustagent.GoogleTrustAgent
11-11 15:16:13.757   796   847 I zhoubinheadset: isServiceRunning=com.google.android.gms.location.persistent.LocationPersistentService
11-11 15:16:13.757   796   847 I zhoubinheadset: isServiceRunning=com.google.android.location.internal.PendingIntentCallbackService
11-11 15:16:13.758   796   847 I zhoubinheadset: isServiceRunning=com.google.android.location.reporting.service.ReportingAndroidService
11-11 15:16:13.758   796   847 I zhoubinheadset: isServiceRunning=com.android.server.telecom.components.BluetoothPhoneService
11-11 15:16:13.758   796   847 I zhoubinheadset: isServiceRunning=com.google.android.location.internal.server.GoogleLocationService
11-11 15:16:13.758   796   847 I zhoubinheadset: isServiceRunning=com.google.android.contextmanager.service.ContextManagerService
11-11 15:16:13.758   796   847 I zhoubinheadset: isServiceRunning=org.simalliance.openmobileapi.uicc2terminal.Uicc2Terminal
11-11 15:16:13.758   796   847 I zhoubinheadset: isServiceRunning=com.google.android.location.network.NetworkLocationService
11-11 15:16:13.758   796   847 I zhoubinheadset: isServiceRunning=com.android.stk.StkAppService
11-11 15:16:13.758   796   847 I zhoubinheadset: isServiceRunning=com.google.android.location.internal.GoogleLocationManagerService
11-11 15:16:13.758   796   847 I zhoubinheadset: isplay=false
11-11 15:16:13.758   796   847 I zhoubinheadset: isplay1=false
11-11 15:16:13.759   796   847 D SettingsInterface:  from settings cache , name = home_key , value = no
11-11 15:16:13.777   796  1430 V ActivityManager: Broadcast: Intent { act=action_start_enter_animation flg=0x14000010 pkg=com.android.systemui } ordered=true userid=-2 callerApp=ProcessRecord{6a48a31 890:com.android.systemui/u0a23}
11-11 15:16:13.807   796   810 V ActivityManager: Broadcast: Intent { act=action_start_enter_animation flg=0x14000010 pkg=com.android.systemui } ordered=true userid=-2 callerApp=ProcessRecord{6a48a31 890:com.android.systemui/u0a23}
11-11 15:16:13.847   195  5543 I BufferQueueProducer: [Load Average](this:0xb3d0b400,id:3842,api:1,p:890,c:195) queueBuffer: fps=0.50 dur=1999.75 max=1999.75 min=1999.75
11-11 15:16:13.850   796   806 V ActivityManager: Broadcast: Intent { act=action_start_enter_animation flg=0x14000010 pkg=com.android.systemui } ordered=true userid=-2 callerApp=ProcessRecord{6a48a31 890:com.android.systemui/u0a23}
11-11 15:16:13.862   195   195 I SurfaceFlinger: [Built-in Screen (type:0)] fps:0.999457,dur:2001.09,max:1241.43,min:759.66
11-11 15:16:13.880   796  1328 V ActivityManager: Broadcast: Intent { act=action_start_enter_animation flg=0x14000010 pkg=com.android.systemui } ordered=true userid=-2 callerApp=ProcessRecord{6a48a31 890:com.android.systemui/u0a23}
11-11 15:16:13.889 12196 12494 W chromium: [WARNING:paced_sender.cc(261)] Elapsed time (66799136 ms) longer than expected, limiting to 2000 ms
11-11 15:16:13.903   796   847 D fff     : keyCode == 3
11-11 15:16:13.904   796   847 I zhoubinheadset: isServiceRunning=com.android.bluetooth.hid.HidService
11-11 15:16:13.904   796   847 I zhoubinheadset: isServiceRunning=com.google.android.music.dial.DialMediaRouteProviderService
11-11 15:16:13.904   796   847 I zhoubinheadset: isServiceRunning=com.facebook.mqttlite.MqttService
11-11 15:16:13.904   796   847 I zhoubinheadset: isServiceRunning=com.facebook.exoplayer.VideoPlayerService
11-11 15:16:13.904   796   847 I zhoubinheadset: isServiceRunning=com.maize.digitalClock.UpdateService
11-11 15:16:13.904   796   847 I zhoubinheadset: isServiceRunning=com.google.android.gms.deviceconnection.service.DeviceConnectionWatcherService
11-11 15:16:13.905   796   847 I zhoubinheadset: isServiceRunning=com.android.systemui.keyguard.KeyguardService
11-11 15:16:13.905   796   847 I zhoubinheadset: isServiceRunning=com.android.bluetooth.btservice.AdapterService
11-11 15:16:13.905   796   847 I zhoubinheadset: isServiceRunning=com.android.systemui.ImageWallpaper
11-11 15:16:13.905   796   847 I zhoubinheadset: isServiceRunning=com.google.android.location.geocode.GeocodeService
11-11 15:16:13.905   796   847 I zhoubinheadset: isServiceRunning=org.simalliance.openmobileapi.uicc1terminal.Uicc1Terminal
11-11 15:16:13.905   796   847 I zhoubinheadset: isServiceRunning=com.google.android.gms.auth.setup.devicesignals.LockScreenService
11-11 15:16:13.905   796   847 I zhoubinheadset: isServiceRunning=com.google.android.gms.gcm.GcmService
11-11 15:16:13.905   796   847 I zhoubinheadset: isServiceRunning=com.google.android.gms.clearcut.debug.ClearcutDebugDumpService
11-11 15:16:13.905   796   847 I zhoubinheadset: isServiceRunning=com.kioramedia.soloview.android.services.OrientationService_
11-11 15:16:13.905   796   847 I zhoubinheadset: isServiceRunning=com.google.android.gms.stats.eastworld.EastworldService
11-11 15:16:13.905   796   847 I zhoubinheadset: isServiceRunning=com.google.android.gms.chimera.PersistentApiService
11-11 15:16:13.905   796   847 I zhoubinheadset: isServiceRunning=com.google.android.gms.analytics.service.AnalyticsService
11-11 15:16:13.905   796   847 I zhoubinheadset: isServiceRunning=com.android.mms.widget.MmsWidgetService
11-11 15:16:13.906   796   847 I zhoubinheadset: isServiceRunning=com.google.android.gms.chimera.PersistentBoundBrokerService
11-11 15:16:13.906   796   847 I zhoubinheadset: isServiceRunning=com.android.bluetooth.gatt.GattService
11-11 15:16:13.906   796   847 I zhoubinheadset: isServiceRunning=com.android.bluetooth.hdp.HealthService
11-11 15:16:13.906   796   847 I zhoubinheadset: isServiceRunning=com.google.android.gms.chimera.GmsBoundBrokerService
11-11 15:16:13.906   796   847 I zhoubinheadset: isServiceRunning=io.appium.android.ime.UnicodeIME
11-11 15:16:13.906   796   847 I zhoubinheadset: isServiceRunning=com.android.bluetooth.sap.SapService
11-11 15:16:13.906   796   847 I zhoubinheadset: isServiceRunning=org.simalliance.openmobileapi.service.SmartcardService
11-11 15:16:13.906   796   847 I zhoubinheadset: isServiceRunning=com.android.bluetooth.pbap.BluetoothPbapService
11-11 15:16:13.906   796   847 I zhoubinheadset: isServiceRunning=com.google.android.location.fused.FusedLocationService
11-11 15:16:13.906   796   847 I zhoubinheadset: isServiceRunning=com.google.android.gms.gcm.nts.SchedulerService
11-11 15:16:13.906   796   847 I zhoubinheadset: isServiceRunning=com.android.bluetooth.a2dp.A2dpService
11-11 15:16:13.906   796   847 I zhoubinheadset: isServiceRunning=com.google.android.location.geofencer.service.GeofenceProviderService
11-11 15:16:13.906   796   847 I zhoubinheadset: isServiceRunning=com.google.android.gms.thunderbird.EmergencyPersistentService
11-11 15:16:13.906   796   847 I zhoubinheadset: isServiceRunning=org.chromium.content.app.SandboxedProcessService0
11-11 15:16:13.907   796   847 I zhoubinheadset: isServiceRunning=com.android.systemui.SystemUIService
11-11 15:16:13.907   796   847 I zhoubinheadset: isServiceRunning=org.chromium.content.app.PrivilegedProcessService0
11-11 15:16:13.907   796   847 I zhoubinheadset: isServiceRunning=android.hardware.location.GeofenceHardwareService
11-11 15:16:13.907   796   847 I zhoubinheadset: isServiceRunning=com.mediatek.voicecommand.service.VoiceCommandManagerService
11-11 15:16:13.907   796   847 I zhoubinheadset: isServiceRunning=com.opera.android.news.push.NewsBarService
11-11 15:16:13.907   796   847 I zhoubinheadset: isServiceRunning=com.google.android.gms.chimera.PersistentDirectBootAwareApiService
11-11 15:16:13.907   796   847 I zhoubinheadset: isServiceRunning=com.google.android.gms.auth.trustagent.GoogleTrustAgent
11-11 15:16:13.907   796   847 I zhoubinheadset: isServiceRunning=com.google.android.gms.location.persistent.LocationPersistentService
11-11 15:16:13.907   796   847 I zhoubinheadset: isServiceRunning=com.google.android.location.internal.PendingIntentCallbackService
11-11 15:16:13.907   796   847 I zhoubinheadset: isServiceRunning=com.google.android.location.reporting.service.ReportingAndroidService
11-11 15:16:13.907   796   847 I zhoubinheadset: isServiceRunning=com.android.server.telecom.components.BluetoothPhoneService
11-11 15:16:13.907   796   847 I zhoubinheadset: isServiceRunning=com.google.android.location.internal.server.GoogleLocationService
11-11 15:16:13.907   796   847 I zhoubinheadset: isServiceRunning=com.google.android.contextmanager.service.ContextManagerService
11-11 15:16:13.908   796   847 I zhoubinheadset: isServiceRunning=org.simalliance.openmobileapi.uicc2terminal.Uicc2Terminal
11-11 15:16:13.908   796   847 I zhoubinheadset: isServiceRunning=com.google.android.location.network.NetworkLocationService
11-11 15:16:13.908   796   847 I zhoubinheadset: isServiceRunning=com.android.stk.StkAppService
11-11 15:16:13.908   796   847 I zhoubinheadset: isServiceRunning=com.google.android.location.internal.GoogleLocationManagerService
11-11 15:16:13.908   796   847 I zhoubinheadset: isplay=false
11-11 15:16:13.908   796   847 I zhoubinheadset: isplay1=false
11-11 15:16:13.908   796   847 D SettingsInterface:  from settings cache , name = home_key , value = no
11-11 15:16:13.917   796 21951 V ActivityManager: Broadcast: Intent { act=action_start_enter_animation flg=0x14000010 pkg=com.android.systemui } ordered=true userid=-2 callerApp=ProcessRecord{6a48a31 890:com.android.systemui/u0a23}
11-11 15:16:13.927   796   847 D SettingsInterface:  from settings cache , name = dialer_default_application , value = null
11-11 15:16:13.941   796   847 V ActivityManager: Broadcast: Intent { act=android.intent.action.CLOSE_SYSTEM_DIALOGS flg=0x50000010 (has extras) } ordered=false userid=-1 callerApp=null
11-11 15:16:13.948   796   950 V ActivityManager: Broadcast: Intent { act=action_start_enter_animation flg=0x14000010 pkg=com.android.systemui } ordered=true userid=-2 callerApp=ProcessRecord{6a48a31 890:com.android.systemui/u0a23}
11-11 15:16:13.954   890   890 V PhoneStatusBar: onReceive: Intent { act=android.intent.action.CLOSE_SYSTEM_DIALOGS flg=0x50000010 (has extras) }
11-11 15:16:13.969   890   890 V SettingsInterface: invalidate [global]: current 104 != cached 103
11-11 15:16:13.970   796   952 V SettingsProvider: packageValueForCallResult, name = device_provisioned, value : 1
11-11 15:16:13.971   796  2295 V ActivityManager: Broadcast: Intent { act=action_hide_recents_activity flg=0x14000010 pkg=com.android.systemui (has extras) } ordered=false userid=-2 callerApp=ProcessRecord{6a48a31 890:com.android.systemui/u0a23}
11-11 15:16:13.975   195   415 I BufferQueueProducer: [StatusBar](this:0xb4921800,id:6,api:1,p:890,c:195) queueBuffer: fps=0.73 dur=1366.11 max=1366.11 min=1366.11
11-11 15:16:13.981   796   847 D PowerManagerService: userActivityNoUpdateLocked: eventTime=145945379, event=0, flags=0x0, uid=1000
11-11 15:16:13.981   796   847 D PowerManagerNotifier: onUserActivity: event=0, uid=1000
11-11 15:16:13.981   796   847 D PowerManagerService: updateUserActivitySummaryLocked: mWakefulness=Awake, mUserActivitySummary=0x9, nextTimeout=145953144 (in 7751 ms)
11-11 15:16:13.981   796   847 D DisplayPowerController: requestPowerState: policy=BRIGHT, useProximitySensor=false, screenBrightness=205, screenAutoBrightnessAdjustment=0.0, brightnessSetByUser=true, useAutoBrightness=false, blockScreenOn=false, lowPowerMode=false, boostScreenBrightness=false, dozeScreenBrightness=-1, dozeScreenState=UNKNOWN, waitForNegativeProximity=false
11-11 15:16:13.981   796   847 I PowerManagerService: setBrightness mButtonLight, screenBrightness=205
11-11 15:16:13.981   796   847 D PowerManagerService: updateDisplayPowerStateLocked: mDisplayReady=true, policy=3, mWakefulness=1, mWakeLockSummary=0x1, mUserActivitySummary=0x9, mBootCompleted=true, mScreenBrightnessBoostInProgress=false
11-11 15:16:13.981   796   847 V SettingsProvider: packageValueForCallResult, name = user_setup_complete, value : 1
11-11 15:16:13.982   796   847 I ActivityManager: START u0 {act=android.intent.action.MAIN cat=[android.intent.category.HOME] flg=0x10200000 cmp=com.android.launcher3/.Launcher (has extras)} from uid 1000 from pid 796 on display 0
11-11 15:16:13.983   796   847 V WindowManager: Looking for focus: 12 = Window{a5041b7 u0 StatusBar}, flags=-2122055608, canReceive=false
11-11 15:16:13.983   796   847 V WindowManager: findFocusedWindow: Found new focus @ 7 = Window{4cf5ad7 u0 com.android.settings/com.android.settings.SubSettings}
11-11 15:16:13.986   796   847 V WindowManager: Set focused app to: AppWindowToken{2f798c1 token=Token{2d915a8 ActivityRecord{96669cb u0 com.android.launcher3/.Launcher t154}}} old focus=AppWindowToken{fe66994 token=Token{93e29e7 ActivityRecord{c643ba6 u0 com.android.settings/.SubSettings t178}}} moveFocusNow=true
11-11 15:16:13.987   796   847 V WindowManager: Looking for focus: 12 = Window{a5041b7 u0 StatusBar}, flags=-2122055608, canReceive=false
11-11 15:16:13.987   796   847 V WindowManager: findFocusedWindow: Reached focused app=AppWindowToken{2f798c1 token=Token{2d915a8 ActivityRecord{96669cb u0 com.android.launcher3/.Launcher t154}}}
11-11 15:16:13.996 30962 30962 D Launcher3: Launcher, Close system dialogs: reason = homekey
11-11 15:16:14.031   796   847 V WindowManager: Changing focus from Window{4cf5ad7 u0 com.android.settings/com.android.settings.SubSettings} to null Callers=com.android.server.wm.WindowManagerService.setFocusedApp:4470 com.android.server.am.ActivityManagerService.setFocusedActivityLocked:2833 com.android.server.am.ActivityStack.moveTaskToFrontLocked:4303 com.android.server.am.ActivityStackSupervisor.startActivityUncheckedLocked:2441 
11-11 15:16:14.031   796   847 D WindowManager: Input focus has changed to null
11-11 15:16:14.033   796   870 I libPerfService: 1: set freq: 1300000
11-11 15:16:14.034   796   870 I libPerfService: 1: set: 4
11-11 15:16:14.035   796   847 I BufferQueue: [unnamed-796-92](this:0x94f6f000,id:92,api:0,p:-1,c:-1) BufferQueue core=(796:system_server)
11-11 15:16:14.035   796   847 D BufferQueueDump: [unnamed-796-92] this:0xa0212180, value:0x9d395538, iLen:6
11-11 15:16:14.036   796   847 I BufferQueueConsumer: [unnamed-796-92](this:0x94f6f000,id:92,api:0,p:-1,c:796) connect(C): consumer=(796:system_server) controlledByApp=false
11-11 15:16:14.036   796   847 D BufferQueueDump: [unnamed-796-92] this:0xa0212180, value:0x9d395578, iLen:6
11-11 15:16:14.036   796   847 I BufferQueueConsumer: [unnamed-796-92](this:0x94f6f000,id:92,api:0,p:-1,c:796) setConsumerName: unnamed-796-92
11-11 15:16:14.036   796   847 D BufferQueueDump: [ScreenshotClient] this:0xa0212180, value:0x9d3955b0, iLen:6
11-11 15:16:14.036   796   847 I BufferQueueConsumer: [ScreenshotClient](this:0x94f6f000,id:92,api:0,p:-1,c:796) setConsumerName: ScreenshotClient
11-11 15:16:14.036   195   195 D Surface : Surface::connect(this=0xb4790800,api=1)
11-11 15:16:14.037   796   847 I BufferQueueProducer: [ScreenshotClient](this:0x94f6f000,id:92,api:1,p:195,c:796) connect(P): api=1 producer=(195:/system/bin/surfaceflinger) producerControlledByApp=false
11-11 15:16:14.037   796   847 I BufferQueueProducer: [ScreenshotClient](this:0x94f6f000,id:92,api:1,p:195,c:796) new GraphicBuffer needed
11-11 15:16:14.037   195   840 I [MALI][Gralloc]: usage: 0x333, format: 1 stride: 384 vertical_stride: 384 size: 589824
11-11 15:16:14.039   195   840 D GraphicBuffer: alloc, handle(0xb619cea0) (w:384 h:384 s:384 f:0x1 u:0x000333) err(0)
11-11 15:16:14.041   796   847 D GraphicBuffer: register, handle(0x97111020) (w:384 h:384 s:384 f:0x1 u:0x000333)
11-11 15:16:14.041   195   415 D GraphicBuffer: free, handle(0xb619cea0) (w:384 h:384 s:384 f:0x1 u:0x000333)
11-11 15:16:14.042   195   195 D GraphicBuffer: register, handle(0xb6194700) (w:384 h:384 s:384 f:0x1 u:0x000333)
11-11 15:16:14.046   195   195 D Surface : Surface::disconnect(this=0xb4790800,api=1)
11-11 15:16:14.046   195   195 D GraphicBuffer: unregister, handle(0xb6194700) (w:384 h:384 s:384 f:0x1 u:0x000333)
11-11 15:16:14.047   796   847 I BufferQueueProducer: [ScreenshotClient](this:0x94f6f000,id:92,api:1,p:-1,c:796) disconnect(P): api 1
11-11 15:16:14.047   796   847 I BufferQueueConsumer: [ScreenshotClient](this:0x94f6f000,id:92,api:1,p:-1,c:796) getReleasedBuffers: returning mask 0xffffffffffffffff
11-11 15:16:14.048   796   817 I WindowManager: Focus moving from Window{4cf5ad7 u0 com.android.settings/com.android.settings.SubSettings} to null
11-11 15:16:14.048   796   817 I WindowManager: Losing focus: Window{4cf5ad7 u0 com.android.settings/com.android.settings.SubSettings}
11-11 15:16:14.052   796   847 I BufferQueueConsumer: [ScreenshotClient](this:0x94f6f000,id:92,api:1,p:-1,c:-1) disconnect(C)
11-11 15:16:14.053   796   847 D GraphicBuffer: unregister, handle(0x97111020) (w:384 h:384 s:384 f:0x1 u:0x000333)
11-11 15:16:14.054   796   847 I BufferQueue: [ScreenshotClient](this:0x94f6f000,id:92,api:1,p:-1,c:-1) ~BufferQueueCore
11-11 15:16:14.066   796   847 D PowerManagerService: acquireWakeLockInternal: lock=76838307, flags=0x1, tag="*launch*", ws=WorkSource{10015}, uid=1000, pid=796
11-11 15:16:14.067   796   847 D PowerManagerService: updateWakeLockSummaryLocked: mWakefulness=Awake, mWakeLockSummary=0x1
11-11 15:16:14.067   796   847 D PowerManagerService: updateUserActivitySummaryLocked: mWakefulness=Awake, mUserActivitySummary=0x9, nextTimeout=145953144 (in 7665 ms)
11-11 15:16:14.067   796   847 D DisplayPowerController: requestPowerState: policy=BRIGHT, useProximitySensor=false, screenBrightness=205, screenAutoBrightnessAdjustment=0.0, brightnessSetByUser=true, useAutoBrightness=false, blockScreenOn=false, lowPowerMode=false, boostScreenBrightness=false, dozeScreenBrightness=-1, dozeScreenState=UNKNOWN, waitForNegativeProximity=false
11-11 15:16:14.067   796   847 I PowerManagerService: setBrightness mButtonLight, screenBrightness=205
11-11 15:16:14.067   796   847 D PowerManagerService: updateDisplayPowerStateLocked: mDisplayReady=true, policy=3, mWakefulness=1, mWakeLockSummary=0x1, mUserActivitySummary=0x9, mBootCompleted=true, mScreenBrightnessBoostInProgress=false
11-11 15:16:14.067   796   847 D PowerManagerNotifier: onWakeLockAcquired: flags=1, tag="*launch*", packageName=android, ownerUid=1000, ownerPid=796, workSource=WorkSource{10015}
11-11 15:16:14.069   796   847 D ActivityManager: Delay resumeKeyDispatchingLocked() to avoid deadlock.
11-11 15:16:14.071   195   417 I BufferQueueProducer: [com.android.settings/com.android.settings.SubSettings](this:0xb3d0a800,id:3840,api:1,p:31202,c:195) queueBuffer: fps=0.65 dur=4612.19 max=4577.30 min=16.90
11-11 15:16:14.072   796   847 I libPerfService: perfSetFavorPid - pid:30962, 78f2
11-11 15:16:14.074   796   847 D InputReader: InputReader:: getSwitchState lock 
11-11 15:16:14.074   796   847 D InputReader: InputReader::getStateLocked:: return 
11-11 15:16:14.077   796   847 D ActivityManager: Set intentActivity.task.mMovingToFront = true
11-11 15:16:14.079   796   810 V ActivityManager: Broadcast: Intent { act=action_start_enter_animation flg=0x14000010 pkg=com.android.systemui } ordered=true userid=-2 callerApp=ProcessRecord{6a48a31 890:com.android.systemui/u0a23}
11-11 15:16:14.088   796  2287 V WindowManager: Looking for focus: 12 = Window{a5041b7 u0 StatusBar}, flags=-2122055608, canReceive=false
11-11 15:16:14.088 31202 31202 D ActivityThread: ACT-AM_ON_PAUSE_CALLED ActivityRecord{9dced4f token=android.os.BinderProxy@d794cdc {com.android.settings/com.android.settings.SubSettings}}
11-11 15:16:14.088   796  2287 V WindowManager: findFocusedWindow: No focusable windows.
11-11 15:16:14.088 31202 31202 D ActivityThread: ACT-PAUSE_ACTIVITY handled : 3 / android.os.BinderProxy@d794cdc
11-11 15:16:14.092 30962 30962 V ActivityThread: Performing resume of ActivityRecord{6a3d279 token=android.os.BinderProxy@77abbe {com.android.launcher3/com.android.launcher3.Launcher}}
11-11 15:16:14.094 31202 31202 V ActivityThread: Finishing stop of ActivityRecord{9dced4f token=android.os.BinderProxy@d794cdc {com.android.settings/com.android.settings.SubSettings}}: show=false win=com.android.internal.policy.PhoneWindow@2d12df1
11-11 15:16:14.095 31202 31202 V PhoneWindow: DecorView setVisiblity: visibility = 4 ,Parent =ViewRoot{b33773e com.android.settings/com.android.settings.SubSettings,ident = 1}, this =com.android.internal.policy.PhoneWindow$DecorView{e10f4ba I.E...... R......D 0,0-720,1280}
11-11 15:16:14.095 31202 31202 D ActivityThread: ACT-STOP_ACTIVITY_HIDE handled : 0 / android.os.BinderProxy@d794cdc
11-11 15:16:14.103 31202 31292 D Surface : Surface::disconnect(this=0xaad92300,api=1)
11-11 15:16:14.103 31202 31292 D GraphicBuffer: unregister, handle(0xaa1369a0) (w:720 h:1280 s:720 f:0x1 u:0x000f02)
11-11 15:16:14.103 31202 31292 D GraphicBuffer: unregister, handle(0xaf8c5650) (w:720 h:1280 s:720 f:0x1 u:0x000f02)
11-11 15:16:14.104 31202 31292 D GraphicBuffer: unregister, handle(0xaf8c43f0) (w:720 h:1280 s:720 f:0x1 u:0x000f02)
11-11 15:16:14.105   195  1441 I BufferQueueProducer: [com.android.settings/com.android.settings.SubSettings](this:0xb3d0a800,id:3840,api:1,p:-1,c:195) disconnect(P): api 1
11-11 15:16:14.105   195  1441 I BufferQueueConsumer: [com.android.settings/com.android.settings.SubSettings](this:0xb3d0a800,id:3840,api:1,p:-1,c:195) getReleasedBuffers: returning mask 0xffffffffffffffff
11-11 15:16:14.106   195  1441 D GraphicBuffer: free, handle(0xb5e53660) (w:720 h:1280 s:720 f:0x1 u:0x000f02)
11-11 15:16:14.106   195  1441 D GraphicBuffer: free, handle(0xb5e53360) (w:720 h:1280 s:720 f:0x1 u:0x000f02)
11-11 15:16:14.107 31202 31292 D Surface : Surface::disconnect(this=0xaad92300,api=1)
11-11 15:16:14.108   195   840 I BufferQueueProducer: [com.android.settings/com.android.settings.SubSettings](this:0xb3d0a800,id:3840,api:1,p:-1,c:195) disconnect(P): api 1
11-11 15:16:14.109   796  1430 V WindowManager: Looking for focus: 12 = Window{a5041b7 u0 StatusBar}, flags=-2122055608, canReceive=false
11-11 15:16:14.110   796  1430 V WindowManager: findFocusedWindow: No focusable windows.
11-11 15:16:14.113   796  2294 V ActivityManager: Broadcast: Intent { act=action_start_enter_animation flg=0x14000010 pkg=com.android.systemui } ordered=true userid=-2 callerApp=ProcessRecord{6a48a31 890:com.android.systemui/u0a23}
11-11 15:16:14.140   796   806 V ActivityManager: Broadcast: Intent { act=action_start_enter_animation flg=0x14000010 pkg=com.android.systemui } ordered=true userid=-2 callerApp=ProcessRecord{6a48a31 890:com.android.systemui/u0a23}
11-11 15:16:14.165 30962 30962 D ActivityThread: ACT-AM_ON_RESUME_CALLED ActivityRecord{6a3d279 token=android.os.BinderProxy@77abbe {com.android.launcher3/com.android.launcher3.Launcher}}
11-11 15:16:14.165 30962 30962 V ActivityThread: Resume ActivityRecord{6a3d279 token=android.os.BinderProxy@77abbe {com.android.launcher3/com.android.launcher3.Launcher}} started activity: false, hideForNow: false, finished: false
11-11 15:16:14.165 30962 30962 V ActivityThread: Resuming ActivityRecord{6a3d279 token=android.os.BinderProxy@77abbe {com.android.launcher3/com.android.launcher3.Launcher}} with isForward=true
11-11 15:16:14.167   796  2296 V ActivityManager: Broadcast: Intent { act=action_start_enter_animation flg=0x14000010 pkg=com.android.systemui } ordered=true userid=-2 callerApp=ProcessRecord{6a48a31 890:com.android.systemui/u0a23}
11-11 15:16:14.167 30962 30962 V PhoneWindow: DecorView setVisiblity: visibility = 0 ,Parent =ViewRoot{78d9efd com.android.launcher3/com.android.launcher3.Launcher,ident = 0}, this =com.android.internal.policy.PhoneWindow$DecorView{c99bded V.ED..... R.....ID 0,0-720,1280}
11-11 15:16:14.167 30962 30962 V ActivityThread: Scheduling idle handler for ActivityRecord{6a3d279 token=android.os.BinderProxy@77abbe {com.android.launcher3/com.android.launcher3.Launcher}}
11-11 15:16:14.169 30962 30962 D ActivityThread: ACT-RESUME_ACTIVITY handled : 1 / android.os.BinderProxy@77abbe
11-11 15:16:14.183   796   805 I art     : Background partial concurrent mark sweep GC freed 5522(384KB) AllocSpace objects, 0(0B) LOS objects, 14% free, 24MB/28MB, paused 5.672ms total 130.834ms
11-11 15:16:14.190 30962 30962 D ActivityThread: ACT-NEW_INTENT handled : 0 / NewIntentData{intents=[Intent { act=android.intent.action.MAIN cat=[android.intent.category.HOME] flg=0x10600000 cmp=com.android.launcher3/.Launcher (has extras) }] token=android.os.BinderProxy@77abbe}
11-11 15:16:14.193   195   195 I BufferQueue: [unnamed-195-3845](this:0xb3d09c00,id:3845,api:0,p:-1,c:-1) BufferQueue core=(195:/system/bin/surfaceflinger)
11-11 15:16:14.193   195   195 D BufferQueueDump: [unnamed-195-3845] this:0xb3d680a0, value:0xbecb3650, iLen:6
11-11 15:16:14.193   195   195 I BufferQueueConsumer: [unnamed-195-3845](this:0xb3d09c00,id:3845,api:0,p:-1,c:195) connect(C): consumer=(195:/system/bin/surfaceflinger) controlledByApp=false
11-11 15:16:14.193   195   195 D BufferQueueDump: [unnamed-195-3845] this:0xb3d680a0, value:0xbecb3670, iLen:6
11-11 15:16:14.194   195   195 I BufferQueueConsumer: [unnamed-195-3845](this:0xb3d09c00,id:3845,api:0,p:-1,c:195) setConsumerName: unnamed-195-3845
11-11 15:16:14.194   195   195 D BufferQueueDump: [com.android.launcher3/com.android.launcher3.Launcher] this:0xb3d680a0, value:0xbecb36c8, iLen:6
11-11 15:16:14.194   195   195 I BufferQueueConsumer: [com.android.launcher3/com.android.launcher3.Launcher](this:0xb3d09c00,id:3845,api:0,p:-1,c:195) setConsumerName: com.android.launcher3/com.android.launcher3.Launcher
11-11 15:16:14.194   796  2287 V ActivityManager: Broadcast: Intent { act=action_start_enter_animation flg=0x14000010 pkg=com.android.systemui } ordered=true userid=-2 callerApp=ProcessRecord{6a48a31 890:com.android.systemui/u0a23}
11-11 15:16:14.194   195   195 I BufferQueueConsumer: [com.android.launcher3/com.android.launcher3.Launcher](this:0xb3d09c00,id:3845,api:0,p:-1,c:195) setDefaultBufferSize: width=720 height=1280
11-11 15:16:14.195   796   952 V WindowManager: Looking for focus: 12 = Window{a5041b7 u0 StatusBar}, flags=-2122055608, canReceive=false
11-11 15:16:14.195   796   952 V WindowManager: findFocusedWindow: Found new focus @ 9 = Window{9551bfb u0 com.android.launcher3/com.android.launcher3.Launcher}
11-11 15:16:14.195   796   952 V WindowManager: Changing focus from null to Window{9551bfb u0 com.android.launcher3/com.android.launcher3.Launcher} Callers=com.android.server.wm.WindowManagerService.relayoutWindow:3589 com.android.server.wm.Session.relayout:201 android.view.IWindowSession$Stub.onTransact:284 com.android.server.wm.Session.onTransact:133 
11-11 15:16:14.196   796   952 D WindowManager: Input focus has changed to Window{9551bfb u0 com.android.launcher3/com.android.launcher3.Launcher}
11-11 15:16:14.196   890   890 D PhoneStatusBar: hiding the MENU button
11-11 15:16:14.199 30962 30962 D Surface : Surface::allocateBuffers(this=0xaa4ed500)
11-11 15:16:14.199 30962 31026 D OpenGLRenderer: CanvasContext() 0xa2742000 initialize window=0xaa4ed508, title=com.android.launcher3/com.android.launcher3.Launcher
11-11 15:16:14.199 30962 31026 D Surface : Surface::connect(this=0xaa4ed500,api=1)
11-11 15:16:14.199   195   415 D BufferQueueProducer: [](this:0xb3d09c00,id:3845,api:0,p:-1,c:195) allocateBuffers: allocating from 0 buffers up to 3 buffers
11-11 15:16:14.199   195   415 I [MALI][Gralloc]: usage: 0x900, format: 1 stride: 720 vertical_stride: 1280 size: 3686400
11-11 15:16:14.199   195   417 I BufferQueueProducer: [com.android.launcher3/com.android.launcher3.Launcher](this:0xb3d09c00,id:3845,api:1,p:30962,c:195) connect(P): api=1 producer=(30962:com.android.launcher3) producerControlledByApp=true
11-11 15:16:14.200 30962 31026 W libEGL  : [ANDROID_RECORDABLE] format: 1
11-11 15:16:14.200 30962 31026 D Surface : Surface::setBufferCount(this=0xaa4ed500,bufferCount=4)
11-11 15:16:14.200   195  5543 I BufferQueueProducer: [com.android.launcher3/com.android.launcher3.Launcher](this:0xb3d09c00,id:3845,api:1,p:30962,c:195) setBufferCount: count = 4
11-11 15:16:14.200   195   415 D GraphicBuffer: alloc, handle(0xb619cea0) (w:720 h:1280 s:720 f:0x1 u:0x000900) err(0)
11-11 15:16:14.201   195   415 I [MALI][Gralloc]: usage: 0x900, format: 1 stride: 720 vertical_stride: 1280 size: 3686400
11-11 15:16:14.202   195   415 D GraphicBuffer: alloc, handle(0xb5e53120) (w:720 h:1280 s:720 f:0x1 u:0x000900) err(0)
11-11 15:16:14.202   195   415 I [MALI][Gralloc]: usage: 0x900, format: 1 stride: 720 vertical_stride: 1280 size: 3686400
11-11 15:16:14.203   195   415 D GraphicBuffer: alloc, handle(0xb5e533c0) (w:720 h:1280 s:720 f:0x1 u:0x000900) err(0)
11-11 15:16:14.203   195   415 D BufferQueueProducer: [com.android.launcher3/com.android.launcher3.Launcher](this:0xb3d09c00,id:3845,api:1,p:30962,c:195) allocateBuffers: allocating from 3 buffers up to 3 buffers
11-11 15:16:14.203   195  5543 D GraphicBuffer: free, handle(0xb619cea0) (w:720 h:1280 s:720 f:0x1 u:0x000900)
11-11 15:16:14.204   195  5543 D GraphicBuffer: free, handle(0xb5e53120) (w:720 h:1280 s:720 f:0x1 u:0x000900)
11-11 15:16:14.204   796   817 I WindowManager: Focus moving from null to Window{9551bfb u0 com.android.launcher3/com.android.launcher3.Launcher}
11-11 15:16:14.204   796   817 I WindowManager: Gaining focus: Window{9551bfb u0 com.android.launcher3/com.android.launcher3.Launcher}
11-11 15:16:14.204   195  5543 D GraphicBuffer: free, handle(0xb5e533c0) (w:720 h:1280 s:720 f:0x1 u:0x000900)
11-11 15:16:14.205   195  5543 I BufferQueueConsumer: [com.android.launcher3/com.android.launcher3.Launcher](this:0xb3d09c00,id:3845,api:1,p:30962,c:195) getReleasedBuffers: returning mask 0xffffffffffffffff
11-11 15:16:14.206   195   417 I BufferQueueProducer: [com.android.launcher3/com.android.launcher3.Launcher](this:0xb3d09c00,id:3845,api:1,p:30962,c:195) new GraphicBuffer needed
11-11 15:16:14.206   195   417 I [MALI][Gralloc]: usage: 0xf02, format: 1 stride: 720 vertical_stride: 1280 size: 3686400
11-11 15:16:14.209   195   417 D GraphicBuffer: alloc, handle(0xb619c6c0) (w:720 h:1280 s:720 f:0x1 u:0x000f02) err(0)
11-11 15:16:14.209 28068 31180 D Mms     : 	 appmute:0, appMute*3600=0
11-11 15:16:14.210 28068 31180 D Mms     : 	 appMuteStart0
11-11 15:16:14.210 28068 31180 D Mms     : before check: threadNotificationEnabled = true, 	threadMute = 0, 	threadMuteStart = 0
11-11 15:16:14.210 28068 31180 D Mms     : 	 threadMute:0, threadMute*3600=0
11-11 15:16:14.210 28068 31180 D Mms     : 	 threadMuteStart0
11-11 15:16:14.211 30962 31026 D GraphicBuffer: register, handle(0xaf8c4690) (w:720 h:1280 s:720 f:0x1 u:0x000f02)
11-11 15:16:14.213 28068 28079 D Mms     : 	 appmute:0, appMute*3600=0
11-11 15:16:14.213 28068 28079 D Mms     : 	 appMuteStart0
11-11 15:16:14.215 28068 28079 D Mms     : before check: threadNotificationEnabled = true, 	threadMute = 0, 	threadMuteStart = 0
11-11 15:16:14.215 28068 28079 D Mms     : 	 threadMute:0, threadMute*3600=0
11-11 15:16:14.215 28068 28079 D Mms     : 	 threadMuteStart0
11-11 15:16:14.218 28068 31180 D Mms     : 	 appmute:0, appMute*3600=0
11-11 15:16:14.218 28068 31180 D Mms     : 	 appMuteStart0
11-11 15:16:14.218 28068 31180 D Mms     : before check: threadNotificationEnabled = true, 	threadMute = 0, 	threadMuteStart = 0
11-11 15:16:14.218 28068 31180 D Mms     : 	 threadMute:0, threadMute*3600=0
11-11 15:16:14.218 28068 31180 D Mms     : 	 threadMuteStart0
11-11 15:16:14.219 28068 31180 D Mms/Contact/Cache: Contact.internalGet(): Unknown formed number.
11-11 15:16:14.219 28068 31180 D Mms/Contact/Cache: Contact.internalGet(): Bad number.
11-11 15:16:14.221 28068 28079 D Mms     : 	 appmute:0, appMute*3600=0
11-11 15:16:14.221 28068 28079 D Mms     : 	 appMuteStart0
11-11 15:16:14.222 28068 28079 D Mms     : before check: threadNotificationEnabled = true, 	threadMute = 0, 	threadMuteStart = 0
11-11 15:16:14.222 28068 28079 D Mms     : 	 threadMute:0, threadMute*3600=0
11-11 15:16:14.222 28068 28079 D Mms     : 	 threadMuteStart0
11-11 15:16:14.222   796  2294 V ActivityManager: Broadcast: Intent { act=action_start_enter_animation flg=0x14000010 pkg=com.android.systemui } ordered=true userid=-2 callerApp=ProcessRecord{6a48a31 890:com.android.systemui/u0a23}
11-11 15:16:14.225 28068 31180 D Mms     : 	 appmute:0, appMute*3600=0
11-11 15:16:14.225 28068 31180 D Mms     : 	 appMuteStart0
11-11 15:16:14.225 28068 31180 D Mms     : before check: threadNotificationEnabled = true, 	threadMute = 0, 	threadMuteStart = 0
11-11 15:16:14.225 31120 31120 D ActivityThread: SVC-Creating service: CreateServiceData{token=android.os.BinderProxy@b6c32e7 className=com.google.android.calendar.widget.CalendarAppWidgetService packageName=com.google.android.calendar intent=null}
11-11 15:16:14.225 28068 31180 D Mms     : 	 threadMute:0, threadMute*3600=0
11-11 15:16:14.226 28068 31180 D Mms     : 	 threadMuteStart0
11-11 15:16:14.226 31120 31120 D ActivityThread: SVC-CREATE_SERVICE handled : 0 / CreateServiceData{token=android.os.BinderProxy@b6c32e7 className=com.google.android.calendar.widget.CalendarAppWidgetService packageName=com.google.android.calendar intent=null}
11-11 15:16:14.226 31120 31120 V ActivityThread: handleBindService s=com.google.android.calendar.widget.CalendarAppWidgetService@a3e3e94 rebind=false
11-11 15:16:14.228 31120 31120 D ActivityThread: SVC-BIND_SERVICE handled : 0 / BindServiceData{token=android.os.BinderProxy@b6c32e7 intent=Intent { dat=intent: cmp=com.google.android.calendar/.widget.CalendarAppWidgetService (has extras) }}
11-11 15:16:14.229 28068 28079 D Mms     : 	 appmute:0, appMute*3600=0
11-11 15:16:14.229 28068 28079 D Mms     : 	 appMuteStart0
11-11 15:16:14.229 28068 28079 D Mms     : before check: threadNotificationEnabled = true, 	threadMute = 0, 	threadMuteStart = 0
11-11 15:16:14.229 28068 28079 D Mms     : 	 threadMute:0, threadMute*3600=0
11-11 15:16:14.229 28068 28079 D Mms     : 	 threadMuteStart0
11-11 15:16:14.230   796  1328 D ActivityManager: getContentProviderImpl: from caller=android.app.ApplicationThreadProxy@1e487f1 (pid=31120, userId=0) to get content provider com.android.calendar cpr=ContentProviderRecord{99560da u0 com.android.providers.calendar/.CalendarProvider2}
11-11 15:16:14.230   796  1328 D ActivityManager: getContentProviderImpl: updateLruProcessLocked cpr.proc=ProcessRecord{ab8d90b 31157:com.android.providers.calendar/u0a1}
11-11 15:16:14.235 31120 31210 D ActivityThread: holder:android.app.IActivityManager$ContentProviderHolder@e09ed3d, holder.provider:android.content.ContentProviderProxy@ab0c932
11-11 15:16:14.235 28068 31180 D Mms     : 	 appmute:0, appMute*3600=0
11-11 15:16:14.236 28068 31180 D Mms     : 	 appMuteStart0
11-11 15:16:14.236 28068 31180 D Mms     : before check: threadNotificationEnabled = true, 	threadMute = 0, 	threadMuteStart = 0
11-11 15:16:14.236 28068 31180 D Mms     : 	 threadMute:0, threadMute*3600=0
11-11 15:16:14.236 28068 31180 D Mms     : 	 threadMuteStart0
11-11 15:16:14.239 28068 28079 D Mms     : 	 appmute:0, appMute*3600=0
11-11 15:16:14.239 28068 28079 D Mms     : 	 appMuteStart0
11-11 15:16:14.239 28068 28079 D Mms     : before check: threadNotificationEnabled = true, 	threadMute = 0, 	threadMuteStart = 0
11-11 15:16:14.239 28068 28079 D Mms     : 	 threadMute:0, threadMute*3600=0
11-11 15:16:14.239 28068 28079 D Mms     : 	 threadMuteStart0
11-11 15:16:14.242 28068 31180 D Mms     : 	 appmute:0, appMute*3600=0
11-11 15:16:14.242 28068 31180 D Mms     : 	 appMuteStart0
11-11 15:16:14.242 28068 31180 D Mms     : before check: threadNotificationEnabled = true, 	threadMute = 0, 	threadMuteStart = 0
11-11 15:16:14.242 28068 31180 D Mms     : 	 threadMute:0, threadMute*3600=0
11-11 15:16:14.242 28068 31180 D Mms     : 	 threadMuteStart0
11-11 15:16:14.245 28068 28079 D Mms     : 	 appmute:0, appMute*3600=0
11-11 15:16:14.245 28068 28079 D Mms     : 	 appMuteStart0
11-11 15:16:14.245 28068 28079 D Mms     : before check: threadNotificationEnabled = true, 	threadMute = 0, 	threadMuteStart = 0
11-11 15:16:14.245 28068 28079 D Mms     : 	 threadMute:0, threadMute*3600=0
11-11 15:16:14.245 28068 28079 D Mms     : 	 threadMuteStart0
11-11 15:16:14.248 28068 31180 D Mms     : 	 appmute:0, appMute*3600=0
11-11 15:16:14.248 28068 31180 D Mms     : 	 appMuteStart0
11-11 15:16:14.248 28068 31180 D Mms     : before check: threadNotificationEnabled = true, 	threadMute = 0, 	threadMuteStart = 0
11-11 15:16:14.248 28068 31180 D Mms     : 	 threadMute:0, threadMute*3600=0
11-11 15:16:14.248 28068 31180 D Mms     : 	 threadMuteStart0
11-11 15:16:14.249 28068 31180 D Mms/Contact/Cache: Contact.internalGet(): Unknown formed number.
11-11 15:16:14.249 28068 31180 D Mms/Contact/Cache: Contact.internalGet(): Bad number.
11-11 15:16:14.250   796   810 V ActivityManager: Broadcast: Intent { act=action_start_enter_animation flg=0x14000010 pkg=com.android.systemui } ordered=true userid=-2 callerApp=ProcessRecord{6a48a31 890:com.android.systemui/u0a23}
11-11 15:16:14.253 28068 28079 D Mms     : 	 appmute:0, appMute*3600=0
11-11 15:16:14.253 28068 28079 D Mms     : 	 appMuteStart0
11-11 15:16:14.253 28068 28079 D Mms     : before check: threadNotificationEnabled = true, 	threadMute = 0, 	threadMuteStart = 0
11-11 15:16:14.253 28068 28079 D Mms     : 	 threadMute:0, threadMute*3600=0
11-11 15:16:14.253 28068 28079 D Mms     : 	 threadMuteStart0
11-11 15:16:14.254 28068 28079 D Mms/Contact/Cache: Contact.internalGet(): Unknown formed number.
11-11 15:16:14.254 28068 28079 D Mms/Contact/Cache: Contact.internalGet(): Bad number.
11-11 15:16:14.256 28068 31180 D Mms     : 	 appmute:0, appMute*3600=0
11-11 15:16:14.256 28068 31180 D Mms     : 	 appMuteStart0
11-11 15:16:14.256 28068 31180 D Mms     : before check: threadNotificationEnabled = true, 	threadMute = 0, 	threadMuteStart = 0
11-11 15:16:14.256 28068 31180 D Mms     : 	 threadMute:0, threadMute*3600=0
11-11 15:16:14.256 28068 31180 D Mms     : 	 threadMuteStart0
11-11 15:16:14.259 28068 28079 D Mms     : 	 appmute:0, appMute*3600=0
11-11 15:16:14.259 28068 28079 D Mms     : 	 appMuteStart0
11-11 15:16:14.259 28068 28079 D Mms     : before check: threadNotificationEnabled = true, 	threadMute = 0, 	threadMuteStart = 0
11-11 15:16:14.259 28068 28079 D Mms     : 	 threadMute:0, threadMute*3600=0
11-11 15:16:14.259 28068 28079 D Mms     : 	 threadMuteStart0
11-11 15:16:14.262 28068 31180 D Mms     : 	 appmute:0, appMute*3600=0
11-11 15:16:14.262 28068 31180 D Mms     : 	 appMuteStart0
11-11 15:16:14.262 28068 31180 D Mms     : before check: threadNotificationEnabled = true, 	threadMute = 0, 	threadMuteStart = 0
11-11 15:16:14.262 28068 31180 D Mms     : 	 threadMute:0, threadMute*3600=0
11-11 15:16:14.262 28068 31180 D Mms     : 	 threadMuteStart0
11-11 15:16:14.265   796  1431 D ActivityManager: getContentProviderImpl: from caller=android.app.ApplicationThreadProxy@51f7fd6 (pid=31120, userId=0) to get content provider com.android.calendar cpr=ContentProviderRecord{99560da u0 com.android.providers.calendar/.CalendarProvider2}
11-11 15:16:14.265   796  1431 D ActivityManager: getContentProviderImpl: updateLruProcessLocked cpr.proc=ProcessRecord{ab8d90b 31157:com.android.providers.calendar/u0a1}
11-11 15:16:14.268 31120 31132 D ActivityThread: holder:android.app.IActivityManager$ContentProviderHolder@50ab000, holder.provider:android.content.ContentProviderProxy@72d2039
11-11 15:16:14.277   796  2287 V ActivityManager: Broadcast: Intent { act=action_start_enter_animation flg=0x14000010 pkg=com.android.systemui } ordered=true userid=-2 callerApp=ProcessRecord{6a48a31 890:com.android.systemui/u0a23}
11-11 15:16:14.301 30962 30962 V InputMethodManager: onWindowFocus: null softInputMode=288 first=true flags=#81910100
11-11 15:16:14.302 30962 30962 V InputMethodManager: START INPUT: com.android.internal.policy.PhoneWindow$DecorView{c99bded V.ED..... R......D 0,0-720,1280} ic=null tba=android.view.inputmethod.EditorInfo@256fc6c controlFlags=#104
11-11 15:16:14.302   890   890 V WallpaperService: Visibility change in com.android.systemui.ImageWallpaper$DrawableEngine@c03e0c6: 1
11-11 15:16:14.302   796  2294 V InputMethodManagerService: windowGainedFocus: android.os.BinderProxy@e7250df controlFlags=#104 softInputMode=#120 windowFlags=#81910100
11-11 15:16:14.303   890   890 V WallpaperService: onVisibilityChanged(true): com.android.systemui.ImageWallpaper$DrawableEngine@c03e0c6
11-11 15:16:14.303   890   890 D ImageWallpaper: onVisibilityChanged: mVisible, visible=false, true
11-11 15:16:14.303   890   890 D ImageWallpaper: Visibility changed to visible=true
11-11 15:16:14.304   890   890 D ImageWallpaper: Suppressed drawFrame since redraw is not needed and offsets have not changed.
11-11 15:16:14.305   796 14072 V ActivityManager: Broadcast: Intent { act=action_start_enter_animation flg=0x14000010 pkg=com.android.systemui } ordered=true userid=-2 callerApp=ProcessRecord{6a48a31 890:com.android.systemui/u0a23}
11-11 15:16:14.309   796   817 V WindowManager: Looking for focus: 12 = Window{a5041b7 u0 StatusBar}, flags=-2122055608, canReceive=false
11-11 15:16:14.309   796   817 V WindowManager: findFocusedWindow: Found new focus @ 9 = Window{9551bfb u0 com.android.launcher3/com.android.launcher3.Launcher}
11-11 15:16:14.309   796   817 D WindowManager: notifyActivityDrawnForKeyguard: waiting=false Callers=com.android.server.wm.WindowManagerService.handleAppTransitionReadyLocked:10093 com.android.server.wm.WindowManagerService.performLayoutAndPlaceSurfacesLockedInner:10713 com.android.server.wm.WindowManagerService.performLayoutAndPlaceSurfacesLockedLoop:9457 com.android.server.wm.WindowManagerService.performLayoutAndPlaceSurfacesLocked:9404 com.android.server.wm.WindowManagerService.-wrap8:-1 
11-11 15:16:14.312   796  1328 V WindowManager: Looking for focus: 12 = Window{a5041b7 u0 StatusBar}, flags=-2122055608, canReceive=false
11-11 15:16:14.312   796  1328 V WindowManager: findFocusedWindow: Found new focus @ 9 = Window{9551bfb u0 com.android.launcher3/com.android.launcher3.Launcher}
11-11 15:16:14.315 26604 26604 I AppiumUnicodeIME: onFinishInput
11-11 15:16:14.315 26604 26604 I AppiumUnicodeIME: onStartInput
11-11 15:16:14.326   195   195 I BufferQueueProducer: [FrameBufferSurface_0](this:0xb491d000,id:0,api:1,p:195,c:195) queueBuffer: fps=0.98 dur=11247.33 max=11042.16 min=17.69
11-11 15:16:14.332   796  2296 V ActivityManager: Broadcast: Intent { act=action_start_enter_animation flg=0x14000010 pkg=com.android.systemui } ordered=true userid=-2 callerApp=ProcessRecord{6a48a31 890:com.android.systemui/u0a23}
11-11 15:16:14.344   195  1441 I BufferQueueProducer: [com.android.launcher3/com.android.launcher3.Launcher](this:0xb3d09c00,id:3845,api:1,p:30962,c:195) new GraphicBuffer needed
11-11 15:16:14.344   195  1441 I [MALI][Gralloc]: usage: 0xf02, format: 1 stride: 720 vertical_stride: 1280 size: 3686400
11-11 15:16:14.345   195  1441 D GraphicBuffer: alloc, handle(0xb5e53360) (w:720 h:1280 s:720 f:0x1 u:0x000f02) err(0)
11-11 15:16:14.347 30962 31026 D GraphicBuffer: register, handle(0xaa13b4e0) (w:720 h:1280 s:720 f:0x1 u:0x000f02)
11-11 15:16:14.351   796 21951 D PowerManagerService: releaseWakeLockInternal: lock=76838307 [*launch*], flags=0x0, total_time=284ms
11-11 15:16:14.352   796 21951 D PowerManagerNotifier: onWakeLockReleased: flags=1, tag="*launch*", packageName=android, ownerUid=1000, ownerPid=796, workSource=WorkSource{10015}
11-11 15:16:14.352   796 21951 D PowerManagerService: updateWakeLockSummaryLocked: mWakefulness=Awake, mWakeLockSummary=0x1
11-11 15:16:14.352   796 21951 D PowerManagerService: updateUserActivitySummaryLocked: mWakefulness=Awake, mUserActivitySummary=0x9, nextTimeout=145953144 (in 7380 ms)
11-11 15:16:14.352   796 21951 D DisplayPowerController: requestPowerState: policy=BRIGHT, useProximitySensor=false, screenBrightness=205, screenAutoBrightnessAdjustment=0.0, brightnessSetByUser=true, useAutoBrightness=false, blockScreenOn=false, lowPowerMode=false, boostScreenBrightness=false, dozeScreenBrightness=-1, dozeScreenState=UNKNOWN, waitForNegativeProximity=false
11-11 15:16:14.352   796 21951 I PowerManagerService: setBrightness mButtonLight, screenBrightness=205
11-11 15:16:14.352   796 21951 D PowerManagerService: updateDisplayPowerStateLocked: mDisplayReady=true, policy=3, mWakefulness=1, mWakeLockSummary=0x1, mUserActivitySummary=0x9, mBootCompleted=true, mScreenBrightnessBoostInProgress=false
11-11 15:16:14.359   796   810 V ActivityManager: Broadcast: Intent { act=action_start_enter_animation flg=0x14000010 pkg=com.android.systemui } ordered=true userid=-2 callerApp=ProcessRecord{6a48a31 890:com.android.systemui/u0a23}
11-11 15:16:14.386   796   950 V ActivityManager: Broadcast: Intent { act=action_start_enter_animation flg=0x14000010 pkg=com.android.systemui } ordered=true userid=-2 callerApp=ProcessRecord{6a48a31 890:com.android.systemui/u0a23}
11-11 15:16:14.388 12196 12494 W chromium: [WARNING:paced_sender.cc(261)] Elapsed time (66799635 ms) longer than expected, limiting to 2000 ms
11-11 15:16:14.413   796  1431 V ActivityManager: Broadcast: Intent { act=action_start_enter_animation flg=0x14000010 pkg=com.android.systemui } ordered=true userid=-2 callerApp=ProcessRecord{6a48a31 890:com.android.systemui/u0a23}
11-11 15:16:14.419  1565  1581 I PerfService: PerfServiceNative_getPackName
11-11 15:16:14.420   796   807 I libPerfService: perfGetLastBoostPid 30962
11-11 15:16:14.420   796   807 D PerfServiceManager: [PerfService] getLastBoostPid 30962 
11-11 15:16:14.420   796   807 I libPerfService: perfGetLastBoostPid 30962
11-11 15:16:14.421  1565  1581 I PerfService: PerfServiceNative_getPackName
11-11 15:16:14.421   796  2295 I libPerfService: perfGetLastBoostPid 30962
11-11 15:16:14.421   796  2295 D PerfServiceManager: [PerfService] getLastBoostPid 30962 
11-11 15:16:14.421   796  2295 I libPerfService: perfGetLastBoostPid 30962
11-11 15:16:14.421  1565  1581 D GasService: FG app changed: from  to com.android.launcher3
11-11 15:16:14.421  1565  1581 I PerfService: PerfServiceNative_getPackName
11-11 15:16:14.421   796  2287 I libPerfService: perfGetLastBoostPid 30962
11-11 15:16:14.422   796  2287 D PerfServiceManager: [PerfService] getLastBoostPid 30962 
11-11 15:16:14.422   796  2287 I libPerfService: perfGetLastBoostPid 30962
11-11 15:16:14.439   796  2288 V ActivityManager: Broadcast: Intent { act=action_start_enter_animation flg=0x14000010 pkg=com.android.systemui } ordered=true userid=-2 callerApp=ProcessRecord{6a48a31 890:com.android.systemui/u0a23}
11-11 15:16:14.467   796   952 V ActivityManager: Broadcast: Intent { act=action_start_enter_animation flg=0x14000010 pkg=com.android.systemui } ordered=true userid=-2 callerApp=ProcessRecord{6a48a31 890:com.android.systemui/u0a23}
11-11 15:16:14.494   796  1430 V ActivityManager: Broadcast: Intent { act=action_start_enter_animation flg=0x14000010 pkg=com.android.systemui } ordered=true userid=-2 callerApp=ProcessRecord{6a48a31 890:com.android.systemui/u0a23}
11-11 15:16:14.521   796 14073 V ActivityManager: Broadcast: Intent { act=action_start_enter_animation flg=0x14000010 pkg=com.android.systemui } ordered=true userid=-2 callerApp=ProcessRecord{6a48a31 890:com.android.systemui/u0a23}
11-11 15:16:14.548   796   806 V ActivityManager: Broadcast: Intent { act=action_start_enter_animation flg=0x14000010 pkg=com.android.systemui } ordered=true userid=-2 callerApp=ProcessRecord{6a48a31 890:com.android.systemui/u0a23}
11-11 15:16:14.550   796   870 I libPerfService: 1: set: 1
11-11 15:16:14.551   796   870 I libPerfService: 1: set freq: 0
11-11 15:16:14.573   796   856 D WifiStateMachine:  ConnectedState (when=-2ms what=131155 arg1=54!CMD_RSSI_POLL  rt=145945985/968191453 54 0 "gfw-test" 9c:1c:12:9d:d4:62 rssi=-48 f=2462 sc=60 link=65 tx=1.0, 0.0, 0.0  rx=1.0 bcn=0 [on:0 tx:0 rx:0 period:3000] from screen [on:0 period:1498544237] gl hn u24 rssi=-43 ag=0 hr ticks 1,0,23 ls-=0 [56,56,56,56,61] brc=0 lrc=0 offload-stopped
11-11 15:16:14.575   796   856 D WifiStateMachine:  L2ConnectedState (when=-3ms what=131155 arg1=54!CMD_RSSI_POLL  rt=145945986/968191455 54 0 "gfw-test" 9c:1c:12:9d:d4:62 rssi=-48 f=2462 sc=60 link=65 tx=1.0, 0.0, 0.0  rx=1.0 bcn=0 [on:0 tx:0 rx:0 period:1] from screen [on:0 period:1498544238] gl hn u24 rssi=-43 ag=0 hr ticks 1,0,23 ls-=0 [56,56,56,56,61] brc=0 lrc=0 offload-stopped
11-11 15:16:14.575   796   856 D WifiStateMachine:  get link layer stats 0
11-11 15:16:14.575   796 14072 V ActivityManager: Broadcast: Intent { act=action_start_enter_animation flg=0x14000010 pkg=com.android.systemui } ordered=true userid=-2 callerApp=ProcessRecord{6a48a31 890:com.android.systemui/u0a23}
11-11 15:16:14.575   796   856 D WifiHW  : enter -->wifi_send_command cmd=IFNAME=wlan0 SIGNAL_POLL
11-11 15:16:14.576   387   387 D wpa_supplicant: wlan0: Control interface command 'SIGNAL_POLL'
11-11 15:16:14.591   796   856 D WifiHW  : leave --> reply=RSSI=-46
