11-11 15:16:20.398   796  1328 V ActivityManager: Broadcast: Intent { act=action_start_enter_animation flg=0x14000010 pkg=com.android.systemui } ordered=true userid=-2 callerApp=ProcessRecord{6a48a31 890:com.android.systemui/u0a23}
11-11 15:16:20.425   796  2296 V ActivityManager: Broadcast: Intent { act=action_start_enter_animation flg=0x14000010 pkg=com.android.systemui } ordered=true userid=-2 callerApp=ProcessRecord{6a48a31 890:com.android.systemui/u0a23}
11-11 15:16:20.430  1565  1581 I PerfService: PerfServiceNative_getPackName
11-11 15:16:20.430   796 21951 I libPerfService: perfGetLastBoostPid 30962
11-11 15:16:20.430   796 21951 D PerfServiceManager: [PerfService] getLastBoostPid 30962 
11-11 15:16:20.430   796 21951 I libPerfService: perfGetLastBoostPid 30962
11-11 15:16:20.452   796   810 V ActivityManager: Broadcast: Intent { act=action_start_enter_animation flg=0x14000010 pkg=com.android.systemui } ordered=true userid=-2 callerApp=ProcessRecord{6a48a31 890:com.android.systemui/u0a23}
11-11 15:16:20.480   796  1431 V ActivityManager: Broadcast: Intent { act=action_start_enter_animation flg=0x14000010 pkg=com.android.systemui } ordered=true userid=-2 callerApp=ProcessRecord{6a48a31 890:com.android.systemui/u0a23}
11-11 15:16:20.507   796   950 V ActivityManager: Broadcast: Intent { act=action_start_enter_animation flg=0x14000010 pkg=com.android.systemui } ordered=true userid=-2 callerApp=ProcessRecord{6a48a31 890:com.android.systemui/u0a23}
11-11 15:16:20.535   796   807 V ActivityManager: Broadcast: Intent { act=action_start_enter_animation flg=0x14000010 pkg=com.android.systemui } ordered=true userid=-2 callerApp=ProcessRecord{6a48a31 890:com.android.systemui/u0a23}
11-11 15:16:20.565   796  2295 V ActivityManager: Broadcast: Intent { act=action_start_enter_animation flg=0x14000010 pkg=com.android.systemui } ordered=true userid=-2 callerApp=ProcessRecord{6a48a31 890:com.android.systemui/u0a23}
11-11 15:16:20.594   796  2288 V ActivityManager: Broadcast: Intent { act=action_start_enter_animation flg=0x14000010 pkg=com.android.systemui } ordered=true userid=-2 callerApp=ProcessRecord{6a48a31 890:com.android.systemui/u0a23}
11-11 15:16:20.608   796   856 D WifiStateMachine:  ConnectedState (when=-1ms what=131155 arg1=54!CMD_RSSI_POLL  rt=145952019/968197488 54 0 "gfw-test" 9c:1c:12:9d:d4:62 rssi=-46 f=2462 sc=60 link=65 tx=1.2, 0.0, 0.0  rx=1.1 bcn=0 [on:0 tx:0 rx:0 period:1600] from screen [on:0 period:1498550272] gl hn rssi=-41 ag=0 hr ticks 1,0,23 ls-=0 [56,56,56,56,61] brc=0 lrc=0 offload-stopped
11-11 15:16:20.610   796   856 D WifiStateMachine:  L2ConnectedState (when=-3ms what=131155 arg1=54!CMD_RSSI_POLL  rt=145952021/968197490 54 0 "gfw-test" 9c:1c:12:9d:d4:62 rssi=-46 f=2462 sc=60 link=65 tx=1.2, 0.0, 0.0  rx=1.1 bcn=0 [on:0 tx:0 rx:0 period:2] from screen [on:0 period:1498550274] gl hn rssi=-41 ag=0 hr ticks 1,0,23 ls-=0 [56,56,56,56,61] brc=0 lrc=0 offload-stopped
11-11 15:16:20.610   796   856 D WifiStateMachine:  get link layer stats 0
11-11 15:16:20.611   796   856 D WifiHW  : enter -->wifi_send_command cmd=IFNAME=wlan0 SIGNAL_POLL
11-11 15:16:20.612   387   387 D wpa_supplicant: wlan0: Control interface command 'SIGNAL_POLL'
11-11 15:16:20.623   796  2287 V ActivityManager: Broadcast: Intent { act=action_start_enter_animation flg=0x14000010 pkg=com.android.systemui } ordered=true userid=-2 callerApp=ProcessRecord{6a48a31 890:com.android.systemui/u0a23}
11-11 15:16:20.630   796   796 E WifiTrafficPoller: TRAFFIC_STATS_POLL true Token 242 num clients 10
11-11 15:16:20.631   796   796 E WifiTrafficPoller:  packet count Tx=257833 Rx=273757
11-11 15:16:20.632   796   856 D WifiHW  : leave --> reply=RSSI=-51
11-11 15:16:20.632   796   856 D WifiHW  : LINKSPEED=65
11-11 15:16:20.632   796   856 D WifiHW  : NOISE=9999
11-11 15:16:20.632   796   856 D WifiHW  : FREQUENCY=2462
11-11 15:16:20.632   796   856 D WifiHW  : 
11-11 15:16:20.633   796   856 I WifiStateMachine: fetchRssiLinkSpeedAndFrequencyNative, newRssi:-51, newLinkSpeed:65, SSID:"gfw-test"
11-11 15:16:20.633   796   856 D WifiStateMachine: mLastSignalLevel:4, newSignalLevel:4
11-11 15:16:20.633   796   856 E WifiConfigStore: updateConfiguration freq=2462 BSSID=9c:1c:12:9d:d4:62 RSSI=-50 "gfw-test"WPA_PSK
11-11 15:16:20.634   796   856 V ActivityManager: Broadcast sticky: Intent { act=android.net.wifi.RSSI_CHANGED flg=0x4000010 (has extras) } ordered=false userid=-1 callerApp=ProcessRecord{32e4944 796:system/1000}
11-11 15:16:20.637   796   876 D WifiWatchdogStateMachine: RSSI current: 4 new: -51, 4
11-11 15:16:20.640   796   952 D ConnectivityService: getActiveNetworkInfo networkInfo = [type: WIFI[], state: CONNECTED/CONNECTED, reason: (unspecified), extra: "gfw-test", roaming: false, failover: false, isAvailable: true]
11-11 15:16:20.644  1263  9531 D PhoneInterfaceManagerEx: [PhoneIntfMgrEx] isWifiCallingEnabled(0)=false
11-11 15:16:20.646  1263  1311 D PhoneInterfaceManagerEx: [PhoneIntfMgrEx] isWifiCallingEnabled(0)=false
11-11 15:16:20.648  1263  9530 D PhoneInterfaceManagerEx: [PhoneIntfMgrEx] isWifiCallingEnabled(0)=false
11-11 15:16:20.652   796  1430 V ActivityManager: Broadcast: Intent { act=action_start_enter_animation flg=0x14000010 pkg=com.android.systemui } ordered=true userid=-2 callerApp=ProcessRecord{6a48a31 890:com.android.systemui/u0a23}
11-11 15:16:20.681   796   806 V ActivityManager: Broadcast: Intent { act=action_start_enter_animation flg=0x14000010 pkg=com.android.systemui } ordered=true userid=-2 callerApp=ProcessRecord{6a48a31 890:com.android.systemui/u0a23}
11-11 15:16:20.710   796  2294 V ActivityManager: Broadcast: Intent { act=action_start_enter_animation flg=0x14000010 pkg=com.android.systemui } ordered=true userid=-2 callerApp=ProcessRecord{6a48a31 890:com.android.systemui/u0a23}
11-11 15:16:20.748   796 14072 V ActivityManager: Broadcast: Intent { act=action_start_enter_animation flg=0x14000010 pkg=com.android.systemui } ordered=true userid=-2 callerApp=ProcessRecord{6a48a31 890:com.android.systemui/u0a23}
11-11 15:16:20.779   796  1328 V ActivityManager: Broadcast: Intent { act=action_start_enter_animation flg=0x14000010 pkg=com.android.systemui } ordered=true userid=-2 callerApp=ProcessRecord{6a48a31 890:com.android.systemui/u0a23}
11-11 15:16:20.781   220   371 D agps    : [agps] WARNING: [CP] cp2_fd_1_req_sim_num_timeout
11-11 15:16:20.781   220   347 D agps    : [agps][n][CP] [MD_1] write  sim_info_req
11-11 15:16:20.782   220   347 E agps    : [agps] ERR: [Utility] safe_write reason=[No such device]19
11-11 15:16:20.808   796  2296 V ActivityManager: Broadcast: Intent { act=action_start_enter_animation flg=0x14000010 pkg=com.android.systemui } ordered=true userid=-2 callerApp=ProcessRecord{6a48a31 890:com.android.systemui/u0a23}
11-11 15:16:20.836   796 21951 V ActivityManager: Broadcast: Intent { act=action_start_enter_animation flg=0x14000010 pkg=com.android.systemui } ordered=true userid=-2 callerApp=ProcessRecord{6a48a31 890:com.android.systemui/u0a23}
11-11 15:16:20.864   796   810 V ActivityManager: Broadcast: Intent { act=action_start_enter_animation flg=0x14000010 pkg=com.android.systemui } ordered=true userid=-2 callerApp=ProcessRecord{6a48a31 890:com.android.systemui/u0a23}
11-11 15:16:20.892   796  1431 V ActivityManager: Broadcast: Intent { act=action_start_enter_animation flg=0x14000010 pkg=com.android.systemui } ordered=true userid=-2 callerApp=ProcessRecord{6a48a31 890:com.android.systemui/u0a23}
11-11 15:16:20.898 12196 12494 W chromium: [WARNING:paced_sender.cc(261)] Elapsed time (66806145 ms) longer than expected, limiting to 2000 ms
11-11 15:16:20.922   796   950 V ActivityManager: Broadcast: Intent { act=action_start_enter_animation flg=0x14000010 pkg=com.android.systemui } ordered=true userid=-2 callerApp=ProcessRecord{6a48a31 890:com.android.systemui/u0a23}
11-11 15:16:20.951   796   807 V ActivityManager: Broadcast: Intent { act=action_start_enter_animation flg=0x14000010 pkg=com.android.systemui } ordered=true userid=-2 callerApp=ProcessRecord{6a48a31 890:com.android.systemui/u0a23}
11-11 15:16:20.980   796  2295 V ActivityManager: Broadcast: Intent { act=action_start_enter_animation flg=0x14000010 pkg=com.android.systemui } ordered=true userid=-2 callerApp=ProcessRecord{6a48a31 890:com.android.systemui/u0a23}
11-11 15:16:21.010   796  2288 V ActivityManager: Broadcast: Intent { act=action_start_enter_animation flg=0x14000010 pkg=com.android.systemui } ordered=true userid=-2 callerApp=ProcessRecord{6a48a31 890:com.android.systemui/u0a23}
11-11 15:16:21.039   796  2287 V ActivityManager: Broadcast: Intent { act=action_start_enter_animation flg=0x14000010 pkg=com.android.systemui } ordered=true userid=-2 callerApp=ProcessRecord{6a48a31 890:com.android.systemui/u0a23}
11-11 15:16:21.069   796   952 V ActivityManager: Broadcast: Intent { act=action_start_enter_animation flg=0x14000010 pkg=com.android.systemui } ordered=true userid=-2 callerApp=ProcessRecord{6a48a31 890:com.android.systemui/u0a23}
11-11 15:16:21.098   796 14073 V ActivityManager: Broadcast: Intent { act=action_start_enter_animation flg=0x14000010 pkg=com.android.systemui } ordered=true userid=-2 callerApp=ProcessRecord{6a48a31 890:com.android.systemui/u0a23}
11-11 15:16:21.127   796  1430 V ActivityManager: Broadcast: Intent { act=action_start_enter_animation flg=0x14000010 pkg=com.android.systemui } ordered=true userid=-2 callerApp=ProcessRecord{6a48a31 890:com.android.systemui/u0a23}
11-11 15:16:21.156   796   806 V ActivityManager: Broadcast: Intent { act=action_start_enter_animation flg=0x14000010 pkg=com.android.systemui } ordered=true userid=-2 callerApp=ProcessRecord{6a48a31 890:com.android.systemui/u0a23}
11-11 15:16:21.186   796  2294 V ActivityManager: Broadcast: Intent { act=action_start_enter_animation flg=0x14000010 pkg=com.android.systemui } ordered=true userid=-2 callerApp=ProcessRecord{6a48a31 890:com.android.systemui/u0a23}
11-11 15:16:21.215   796 14072 V ActivityManager: Broadcast: Intent { act=action_start_enter_animation flg=0x14000010 pkg=com.android.systemui } ordered=true userid=-2 callerApp=ProcessRecord{6a48a31 890:com.android.systemui/u0a23}
11-11 15:16:21.244   796  1328 V ActivityManager: Broadcast: Intent { act=action_start_enter_animation flg=0x14000010 pkg=com.android.systemui } ordered=true userid=-2 callerApp=ProcessRecord{6a48a31 890:com.android.systemui/u0a23}
11-11 15:16:21.274   796  2296 V ActivityManager: Broadcast: Intent { act=action_start_enter_animation flg=0x14000010 pkg=com.android.systemui } ordered=true userid=-2 callerApp=ProcessRecord{6a48a31 890:com.android.systemui/u0a23}
11-11 15:16:21.303   796 21951 V ActivityManager: Broadcast: Intent { act=action_start_enter_animation flg=0x14000010 pkg=com.android.systemui } ordered=true userid=-2 callerApp=ProcessRecord{6a48a31 890:com.android.systemui/u0a23}
11-11 15:16:21.333   796   810 V ActivityManager: Broadcast: Intent { act=action_start_enter_animation flg=0x14000010 pkg=com.android.systemui } ordered=true userid=-2 callerApp=ProcessRecord{6a48a31 890:com.android.systemui/u0a23}
11-11 15:16:21.362   796  1431 V ActivityManager: Broadcast: Intent { act=action_start_enter_animation flg=0x14000010 pkg=com.android.systemui } ordered=true userid=-2 callerApp=ProcessRecord{6a48a31 890:com.android.systemui/u0a23}
11-11 15:16:21.391   796   950 V ActivityManager: Broadcast: Intent { act=action_start_enter_animation flg=0x14000010 pkg=com.android.systemui } ordered=true userid=-2 callerApp=ProcessRecord{6a48a31 890:com.android.systemui/u0a23}
11-11 15:16:21.398 12196 12494 W chromium: [WARNING:paced_sender.cc(261)] Elapsed time (66806645 ms) longer than expected, limiting to 2000 ms
11-11 15:16:21.420   796   807 V ActivityManager: Broadcast: Intent { act=action_start_enter_animation flg=0x14000010 pkg=com.android.systemui } ordered=true userid=-2 callerApp=ProcessRecord{6a48a31 890:com.android.systemui/u0a23}
11-11 15:16:21.431  1565  1581 I PerfService: PerfServiceNative_getPackName
11-11 15:16:21.432   796  2295 I libPerfService: perfGetLastBoostPid 30962
11-11 15:16:21.432   796  2295 D PerfServiceManager: [PerfService] getLastBoostPid 30962 
11-11 15:16:21.432   796  2295 I libPerfService: perfGetLastBoostPid 30962
11-11 15:16:21.450   796  2288 V ActivityManager: Broadcast: Intent { act=action_start_enter_animation flg=0x14000010 pkg=com.android.systemui } ordered=true userid=-2 callerApp=ProcessRecord{6a48a31 890:com.android.systemui/u0a23}
11-11 15:16:21.478   796  2287 V ActivityManager: Broadcast: Intent { act=action_start_enter_animation flg=0x14000010 pkg=com.android.systemui } ordered=true userid=-2 callerApp=ProcessRecord{6a48a31 890:com.android.systemui/u0a23}
11-11 15:16:21.507   796   952 V ActivityManager: Broadcast: Intent { act=action_start_enter_animation flg=0x14000010 pkg=com.android.systemui } ordered=true userid=-2 callerApp=ProcessRecord{6a48a31 890:com.android.systemui/u0a23}
11-11 15:16:21.537   796 14073 V ActivityManager: Broadcast: Intent { act=action_start_enter_animation flg=0x14000010 pkg=com.android.systemui } ordered=true userid=-2 callerApp=ProcessRecord{6a48a31 890:com.android.systemui/u0a23}
11-11 15:16:21.566   796  1430 V ActivityManager: Broadcast: Intent { act=action_start_enter_animation flg=0x14000010 pkg=com.android.systemui } ordered=true userid=-2 callerApp=ProcessRecord{6a48a31 890:com.android.systemui/u0a23}
11-11 15:16:21.596   796   806 V ActivityManager: Broadcast: Intent { act=action_start_enter_animation flg=0x14000010 pkg=com.android.systemui } ordered=true userid=-2 callerApp=ProcessRecord{6a48a31 890:com.android.systemui/u0a23}
11-11 15:16:21.626   796  2294 V ActivityManager: Broadcast: Intent { act=action_start_enter_animation flg=0x14000010 pkg=com.android.systemui } ordered=true userid=-2 callerApp=ProcessRecord{6a48a31 890:com.android.systemui/u0a23}
11-11 15:16:21.633   796   796 E WifiTrafficPoller: TRAFFIC_STATS_POLL true Token 242 num clients 10
11-11 15:16:21.634   796   796 E WifiTrafficPoller:  packet count Tx=257833 Rx=273757
11-11 15:16:21.656   796 14072 V ActivityManager: Broadcast: Intent { act=action_start_enter_animation flg=0x14000010 pkg=com.android.systemui } ordered=true userid=-2 callerApp=ProcessRecord{6a48a31 890:com.android.systemui/u0a23}
11-11 15:16:21.685   796  1328 V ActivityManager: Broadcast: Intent { act=action_start_enter_animation flg=0x14000010 pkg=com.android.systemui } ordered=true userid=-2 callerApp=ProcessRecord{6a48a31 890:com.android.systemui/u0a23}
11-11 15:16:21.715   796  2296 V ActivityManager: Broadcast: Intent { act=action_start_enter_animation flg=0x14000010 pkg=com.android.systemui } ordered=true userid=-2 callerApp=ProcessRecord{6a48a31 890:com.android.systemui/u0a23}
11-11 15:16:21.733   796   821 D PowerManagerService: handleUserActivityTimeout
11-11 15:16:21.733   796   821 D PowerManagerService: updateUserActivitySummaryLocked: mWakefulness=Awake, mUserActivitySummary=0x1, nextTimeout=147738379 (in 1785234 ms)
11-11 15:16:21.733   796   821 D DisplayPowerController: requestPowerState: policy=BRIGHT, useProximitySensor=false, screenBrightness=205, screenAutoBrightnessAdjustment=0.0, brightnessSetByUser=true, useAutoBrightness=false, blockScreenOn=false, lowPowerMode=false, boostScreenBrightness=false, dozeScreenBrightness=-1, dozeScreenState=UNKNOWN, waitForNegativeProximity=false
11-11 15:16:21.733   796   821 D lights  : write_int open fd=-1
11-11 15:16:21.734   796   821 I PowerManagerService: setBrightness mButtonLight 0.
11-11 15:16:21.734   796   821 D PowerManagerService: updateDisplayPowerStateLocked: mDisplayReady=true, policy=3, mWakefulness=1, mWakeLockSummary=0x1, mUserActivitySummary=0x1, mBootCompleted=true, mScreenBrightnessBoostInProgress=false
11-11 15:16:21.744   796 21951 V ActivityManager: Broadcast: Intent { act=action_start_enter_animation flg=0x14000010 pkg=com.android.systemui } ordered=true userid=-2 callerApp=ProcessRecord{6a48a31 890:com.android.systemui/u0a23}
11-11 15:16:21.773   796   810 V ActivityManager: Broadcast: Intent { act=action_start_enter_animation flg=0x14000010 pkg=com.android.systemui } ordered=true userid=-2 callerApp=ProcessRecord{6a48a31 890:com.android.systemui/u0a23}
11-11 15:16:21.802   796  1431 V ActivityManager: Broadcast: Intent { act=action_start_enter_animation flg=0x14000010 pkg=com.android.systemui } ordered=true userid=-2 callerApp=ProcessRecord{6a48a31 890:com.android.systemui/u0a23}
11-11 15:16:21.832   796   950 V ActivityManager: Broadcast: Intent { act=action_start_enter_animation flg=0x14000010 pkg=com.android.systemui } ordered=true userid=-2 callerApp=ProcessRecord{6a48a31 890:com.android.systemui/u0a23}
11-11 15:16:21.870   195   840 I BufferQueueProducer: [Load Average](this:0xb3d0b400,id:3842,api:1,p:890,c:195) queueBuffer: fps=0.50 dur=2002.35 max=2002.35 min=2002.35
11-11 15:16:21.874   796  2287 V ActivityManager: Broadcast: Intent { act=action_start_enter_animation flg=0x14000010 pkg=com.android.systemui } ordered=true userid=-2 callerApp=ProcessRecord{6a48a31 890:com.android.systemui/u0a23}
11-11 15:16:21.899 12196 12494 W chromium: [WARNING:paced_sender.cc(261)] Elapsed time (66807146 ms) longer than expected, limiting to 2000 ms
11-11 15:16:21.903   195   195 I SurfaceFlinger: [Built-in Screen (type:0)] fps:0.499692,dur:2001.23,max:2001.23,min:2001.23
11-11 15:16:21.908   796 14073 V ActivityManager: Broadcast: Intent { act=action_start_enter_animation flg=0x14000010 pkg=com.android.systemui } ordered=true userid=-2 callerApp=ProcessRecord{6a48a31 890:com.android.systemui/u0a23}
11-11 15:16:21.937   796   806 V ActivityManager: Broadcast: Intent { act=action_start_enter_animation flg=0x14000010 pkg=com.android.systemui } ordered=true userid=-2 callerApp=ProcessRecord{6a48a31 890:com.android.systemui/u0a23}
11-11 15:16:21.967   796  2294 V ActivityManager: Broadcast: Intent { act=action_start_enter_animation flg=0x14000010 pkg=com.android.systemui } ordered=true userid=-2 callerApp=ProcessRecord{6a48a31 890:com.android.systemui/u0a23}
11-11 15:16:21.996   796 14072 V ActivityManager: Broadcast: Intent { act=action_start_enter_animation flg=0x14000010 pkg=com.android.systemui } ordered=true userid=-2 callerApp=ProcessRecord{6a48a31 890:com.android.systemui/u0a23}
11-11 15:16:22.026   796  1328 V ActivityManager: Broadcast: Intent { act=action_start_enter_animation flg=0x14000010 pkg=com.android.systemui } ordered=true userid=-2 callerApp=ProcessRecord{6a48a31 890:com.android.systemui/u0a23}
11-11 15:16:22.055   796  2296 V ActivityManager: Broadcast: Intent { act=action_start_enter_animation flg=0x14000010 pkg=com.android.systemui } ordered=true userid=-2 callerApp=ProcessRecord{6a48a31 890:com.android.systemui/u0a23}
11-11 15:16:22.085   796 21951 V ActivityManager: Broadcast: Intent { act=action_start_enter_animation flg=0x14000010 pkg=com.android.systemui } ordered=true userid=-2 callerApp=ProcessRecord{6a48a31 890:com.android.systemui/u0a23}
11-11 15:16:22.114   796   810 V ActivityManager: Broadcast: Intent { act=action_start_enter_animation flg=0x14000010 pkg=com.android.systemui } ordered=true userid=-2 callerApp=ProcessRecord{6a48a31 890:com.android.systemui/u0a23}
11-11 15:16:22.144   796  1431 V ActivityManager: Broadcast: Intent { act=action_start_enter_animation flg=0x14000010 pkg=com.android.systemui } ordered=true userid=-2 callerApp=ProcessRecord{6a48a31 890:com.android.systemui/u0a23}
11-11 15:16:22.173   796   950 V ActivityManager: Broadcast: Intent { act=action_start_enter_animation flg=0x14000010 pkg=com.android.systemui } ordered=true userid=-2 callerApp=ProcessRecord{6a48a31 890:com.android.systemui/u0a23}
11-11 15:16:22.202   796   807 V ActivityManager: Broadcast: Intent { act=action_start_enter_animation flg=0x14000010 pkg=com.android.systemui } ordered=true userid=-2 callerApp=ProcessRecord{6a48a31 890:com.android.systemui/u0a23}
11-11 15:16:22.231   796  2295 V ActivityManager: Broadcast: Intent { act=action_start_enter_animation flg=0x14000010 pkg=com.android.systemui } ordered=true userid=-2 callerApp=ProcessRecord{6a48a31 890:com.android.systemui/u0a23}
11-11 15:16:22.261   796  2288 V ActivityManager: Broadcast: Intent { act=action_start_enter_animation flg=0x14000010 pkg=com.android.systemui } ordered=true userid=-2 callerApp=ProcessRecord{6a48a31 890:com.android.systemui/u0a23}
11-11 15:16:22.290   796  2287 V ActivityManager: Broadcast: Intent { act=action_start_enter_animation flg=0x14000010 pkg=com.android.systemui } ordered=true userid=-2 callerApp=ProcessRecord{6a48a31 890:com.android.systemui/u0a23}
11-11 15:16:22.319   796   952 V ActivityManager: Broadcast: Intent { act=action_start_enter_animation flg=0x14000010 pkg=com.android.systemui } ordered=true userid=-2 callerApp=ProcessRecord{6a48a31 890:com.android.systemui/u0a23}
11-11 15:16:22.349   796 14073 V ActivityManager: Broadcast: Intent { act=action_start_enter_animation flg=0x14000010 pkg=com.android.systemui } ordered=true userid=-2 callerApp=ProcessRecord{6a48a31 890:com.android.systemui/u0a23}
11-11 15:16:22.378   796  1430 V ActivityManager: Broadcast: Intent { act=action_start_enter_animation flg=0x14000010 pkg=com.android.systemui } ordered=true userid=-2 callerApp=ProcessRecord{6a48a31 890:com.android.systemui/u0a23}
11-11 15:16:22.398 12196 12494 W chromium: [WARNING:paced_sender.cc(261)] Elapsed time (66807645 ms) longer than expected, limiting to 2000 ms
11-11 15:16:22.407   796   806 V ActivityManager: Broadcast: Intent { act=action_start_enter_animation flg=0x14000010 pkg=com.android.systemui } ordered=true userid=-2 callerApp=ProcessRecord{6a48a31 890:com.android.systemui/u0a23}
11-11 15:16:22.433  1565  1581 I PerfService: PerfServiceNative_getPackName
11-11 15:16:22.433   796  2294 I libPerfService: perfGetLastBoostPid 30962
11-11 15:16:22.434   796  2294 D PerfServiceManager: [PerfService] getLastBoostPid 30962 
11-11 15:16:22.434   796  2294 I libPerfService: perfGetLastBoostPid 30962
11-11 15:16:22.437   796 14072 V ActivityManager: Broadcast: Intent { act=action_start_enter_animation flg=0x14000010 pkg=com.android.systemui } ordered=true userid=-2 callerApp=ProcessRecord{6a48a31 890:com.android.systemui/u0a23}
11-11 15:16:22.467   796  1328 V ActivityManager: Broadcast: Intent { act=action_start_enter_animation flg=0x14000010 pkg=com.android.systemui } ordered=true userid=-2 callerApp=ProcessRecord{6a48a31 890:com.android.systemui/u0a23}
11-11 15:16:22.498   796  2296 V ActivityManager: Broadcast: Intent { act=action_start_enter_animation flg=0x14000010 pkg=com.android.systemui } ordered=true userid=-2 callerApp=ProcessRecord{6a48a31 890:com.android.systemui/u0a23}
11-11 15:16:22.527   796 21951 V ActivityManager: Broadcast: Intent { act=action_start_enter_animation flg=0x14000010 pkg=com.android.systemui } ordered=true userid=-2 callerApp=ProcessRecord{6a48a31 890:com.android.systemui/u0a23}
11-11 15:16:22.555   796   810 V ActivityManager: Broadcast: Intent { act=action_start_enter_animation flg=0x14000010 pkg=com.android.systemui } ordered=true userid=-2 callerApp=ProcessRecord{6a48a31 890:com.android.systemui/u0a23}
11-11 15:16:22.569   796  1431 D BatteryService: mBatteryVoltage=3962, batteryLevel=50
11-11 15:16:22.570   796   796 V ActivityManager: Broadcast sticky: Intent { act=android.intent.action.BATTERY_CHANGED flg=0x60000010 (has extras) } ordered=false userid=-1 callerApp=null
11-11 15:16:22.573   796   821 D PowerManagerService: updateIsPoweredLocked: wasPowered=true, mIsPowered=true, oldPlugType=2, mPlugType=2, mBatteryLevel=63
11-11 15:16:22.576 21846 21875 D HeadsetStateMachine: Disconnected process message: 10, size: 0
11-11 15:16:22.577   796   796 D WifiService: onReceive, action:android.intent.action.BATTERY_CHANGED
11-11 15:16:22.577   796   858 D WifiController: DeviceActiveState{ when=0 what=155652 arg1=2 target=com.android.internal.util.StateMachine$SmHandler }
11-11 15:16:22.577   796   858 D WifiController: StaEnabledState{ when=0 what=155652 arg1=2 target=com.android.internal.util.StateMachine$SmHandler }
11-11 15:16:22.577   796   858 D WifiController: DefaultState{ when=0 what=155652 arg1=2 target=com.android.internal.util.StateMachine$SmHandler }
11-11 15:16:22.577   796   858 D WifiController: battery changed pluggedType: 2
11-11 15:16:22.577   890   890 D KeyguardUpdateMonitor: received broadcast android.intent.action.BATTERY_CHANGED
11-11 15:16:22.580   890   890 D KeyguardUpdateMonitor: handleBatteryUpdate
11-11 15:16:22.593   195  1441 I BufferQueueProducer: [StatusBar](this:0xb4921800,id:6,api:1,p:890,c:195) queueBuffer: fps=0.40 dur=4945.71 max=3946.90 min=998.81
11-11 15:16:22.595   796   952 V ActivityManager: Broadcast: Intent { act=action_start_enter_animation flg=0x14000010 pkg=com.android.systemui } ordered=true userid=-2 callerApp=ProcessRecord{6a48a31 890:com.android.systemui/u0a23}
11-11 15:16:22.623   796  1430 V ActivityManager: Broadcast: Intent { act=action_start_enter_animation flg=0x14000010 pkg=com.android.systemui } ordered=true userid=-2 callerApp=ProcessRecord{6a48a31 890:com.android.systemui/u0a23}
11-11 15:16:22.634   796   796 E WifiTrafficPoller: TRAFFIC_STATS_POLL true Token 242 num clients 10
11-11 15:16:22.635   796   796 E WifiTrafficPoller:  packet count Tx=257833 Rx=273757
11-11 15:16:22.652   796  2294 V ActivityManager: Broadcast: Intent { act=action_start_enter_animation flg=0x14000010 pkg=com.android.systemui } ordered=true userid=-2 callerApp=ProcessRecord{6a48a31 890:com.android.systemui/u0a23}
11-11 15:16:22.680   796 14072 V ActivityManager: Broadcast: Intent { act=action_start_enter_animation flg=0x14000010 pkg=com.android.systemui } ordered=true userid=-2 callerApp=ProcessRecord{6a48a31 890:com.android.systemui/u0a23}
11-11 15:16:22.710   796  1328 V ActivityManager: Broadcast: Intent { act=action_start_enter_animation flg=0x14000010 pkg=com.android.systemui } ordered=true userid=-2 callerApp=ProcessRecord{6a48a31 890:com.android.systemui/u0a23}
11-11 15:16:22.719   227   227 I thermal_repeater: oh, queryMdThermalInfo (0)Bad file descriptor
11-11 15:16:22.725   227   227 I thermal_repeater: [recvMdThermalInfo] ret=5, strLen=127, ERROR
11-11 15:16:22.739   796  2296 V ActivityManager: Broadcast: Intent { act=action_start_enter_animation flg=0x14000010 pkg=com.android.systemui } ordered=true userid=-2 callerApp=ProcessRecord{6a48a31 890:com.android.systemui/u0a23}
11-11 15:16:22.768   796 21951 V ActivityManager: Broadcast: Intent { act=action_start_enter_animation flg=0x14000010 pkg=com.android.systemui } ordered=true userid=-2 callerApp=ProcessRecord{6a48a31 890:com.android.systemui/u0a23}
11-11 15:16:22.782   220   371 D agps    : [agps] WARNING: [CP] cp2_fd_1_req_sim_num_timeout
11-11 15:16:22.782   220   347 D agps    : [agps][n][CP] [MD_1] write  sim_info_req
11-11 15:16:22.783   220   347 E agps    : [agps] ERR: [Utility] safe_write reason=[No such device]19
11-11 15:16:22.798   796   810 V ActivityManager: Broadcast: Intent { act=action_start_enter_animation flg=0x14000010 pkg=com.android.systemui } ordered=true userid=-2 callerApp=ProcessRecord{6a48a31 890:com.android.systemui/u0a23}
11-11 15:16:22.827   796  1431 V ActivityManager: Broadcast: Intent { act=action_start_enter_animation flg=0x14000010 pkg=com.android.systemui } ordered=true userid=-2 callerApp=ProcessRecord{6a48a31 890:com.android.systemui/u0a23}
11-11 15:16:22.857   796   950 V ActivityManager: Broadcast: Intent { act=action_start_enter_animation flg=0x14000010 pkg=com.android.systemui } ordered=true userid=-2 callerApp=ProcessRecord{6a48a31 890:com.android.systemui/u0a23}
11-11 15:16:22.890   796   807 V ActivityManager: Broadcast: Intent { act=action_start_enter_animation flg=0x14000010 pkg=com.android.systemui } ordered=true userid=-2 callerApp=ProcessRecord{6a48a31 890:com.android.systemui/u0a23}
11-11 15:16:22.899 12196 12494 W chromium: [WARNING:paced_sender.cc(261)] Elapsed time (66808146 ms) longer than expected, limiting to 2000 ms
11-11 15:16:22.920   796  2295 V ActivityManager: Broadcast: Intent { act=action_start_enter_animation flg=0x14000010 pkg=com.android.systemui } ordered=true userid=-2 callerApp=ProcessRecord{6a48a31 890:com.android.systemui/u0a23}
11-11 15:16:22.949   796   952 V ActivityManager: Broadcast: Intent { act=action_start_enter_animation flg=0x14000010 pkg=com.android.systemui } ordered=true userid=-2 callerApp=ProcessRecord{6a48a31 890:com.android.systemui/u0a23}
11-11 15:16:22.979   796 14073 V ActivityManager: Broadcast: Intent { act=action_start_enter_animation flg=0x14000010 pkg=com.android.systemui } ordered=true userid=-2 callerApp=ProcessRecord{6a48a31 890:com.android.systemui/u0a23}
11-11 15:16:23.009   796  1430 V ActivityManager: Broadcast: Intent { act=action_start_enter_animation flg=0x14000010 pkg=com.android.systemui } ordered=true userid=-2 callerApp=ProcessRecord{6a48a31 890:com.android.systemui/u0a23}
11-11 15:16:23.038   796   806 V ActivityManager: Broadcast: Intent { act=action_start_enter_animation flg=0x14000010 pkg=com.android.systemui } ordered=true userid=-2 callerApp=ProcessRecord{6a48a31 890:com.android.systemui/u0a23}
11-11 15:16:23.067   796  2294 V ActivityManager: Broadcast: Intent { act=action_start_enter_animation flg=0x14000010 pkg=com.android.systemui } ordered=true userid=-2 callerApp=ProcessRecord{6a48a31 890:com.android.systemui/u0a23}
11-11 15:16:23.097   796 14072 V ActivityManager: Broadcast: Intent { act=action_start_enter_animation flg=0x14000010 pkg=com.android.systemui } ordered=true userid=-2 callerApp=ProcessRecord{6a48a31 890:com.android.systemui/u0a23}
11-11 15:16:23.126   796  1328 V ActivityManager: Broadcast: Intent { act=action_start_enter_animation flg=0x14000010 pkg=com.android.systemui } ordered=true userid=-2 callerApp=ProcessRecord{6a48a31 890:com.android.systemui/u0a23}
11-11 15:16:23.156   796  2296 V ActivityManager: Broadcast: Intent { act=action_start_enter_animation flg=0x14000010 pkg=com.android.systemui } ordered=true userid=-2 callerApp=ProcessRecord{6a48a31 890:com.android.systemui/u0a23}
11-11 15:16:23.185   796 21951 V ActivityManager: Broadcast: Intent { act=action_start_enter_animation flg=0x14000010 pkg=com.android.systemui } ordered=true userid=-2 callerApp=ProcessRecord{6a48a31 890:com.android.systemui/u0a23}
11-11 15:16:23.215   796   810 V ActivityManager: Broadcast: Intent { act=action_start_enter_animation flg=0x14000010 pkg=com.android.systemui } ordered=true userid=-2 callerApp=ProcessRecord{6a48a31 890:com.android.systemui/u0a23}
11-11 15:16:23.245   796  1431 V ActivityManager: Broadcast: Intent { act=action_start_enter_animation flg=0x14000010 pkg=com.android.systemui } ordered=true userid=-2 callerApp=ProcessRecord{6a48a31 890:com.android.systemui/u0a23}
11-11 15:16:23.274   796   950 V ActivityManager: Broadcast: Intent { act=action_start_enter_animation flg=0x14000010 pkg=com.android.systemui } ordered=true userid=-2 callerApp=ProcessRecord{6a48a31 890:com.android.systemui/u0a23}
11-11 15:16:23.304   796   807 V ActivityManager: Broadcast: Intent { act=action_start_enter_animation flg=0x14000010 pkg=com.android.systemui } ordered=true userid=-2 callerApp=ProcessRecord{6a48a31 890:com.android.systemui/u0a23}
11-11 15:16:23.332   796  2295 V ActivityManager: Broadcast: Intent { act=action_start_enter_animation flg=0x14000010 pkg=com.android.systemui } ordered=true userid=-2 callerApp=ProcessRecord{6a48a31 890:com.android.systemui/u0a23}
11-11 15:16:23.361   796  2288 V ActivityManager: Broadcast: Intent { act=action_start_enter_animation flg=0x14000010 pkg=com.android.systemui } ordered=true userid=-2 callerApp=ProcessRecord{6a48a31 890:com.android.systemui/u0a23}
11-11 15:16:23.391   796  2287 V ActivityManager: Broadcast: Intent { act=action_start_enter_animation flg=0x14000010 pkg=com.android.systemui } ordered=true userid=-2 callerApp=ProcessRecord{6a48a31 890:com.android.systemui/u0a23}
11-11 15:16:23.399 12196 12494 W chromium: [WARNING:paced_sender.cc(261)] Elapsed time (66808646 ms) longer than expected, limiting to 2000 ms
11-11 15:16:23.420   796   952 V ActivityManager: Broadcast: Intent { act=action_start_enter_animation flg=0x14000010 pkg=com.android.systemui } ordered=true userid=-2 callerApp=ProcessRecord{6a48a31 890:com.android.systemui/u0a23}
11-11 15:16:23.435  1565  1581 I PerfService: PerfServiceNative_getPackName
11-11 15:16:23.436   796 14073 I libPerfService: perfGetLastBoostPid 30962
11-11 15:16:23.436   796 14073 D PerfServiceManager: [PerfService] getLastBoostPid 30962 
11-11 15:16:23.436   796 14073 I libPerfService: perfGetLastBoostPid 30962
11-11 15:16:23.450   796  1430 V ActivityManager: Broadcast: Intent { act=action_start_enter_animation flg=0x14000010 pkg=com.android.systemui } ordered=true userid=-2 callerApp=ProcessRecord{6a48a31 890:com.android.systemui/u0a23}
11-11 15:16:23.479   796   806 V ActivityManager: Broadcast: Intent { act=action_start_enter_animation flg=0x14000010 pkg=com.android.systemui } ordered=true userid=-2 callerApp=ProcessRecord{6a48a31 890:com.android.systemui/u0a23}
11-11 15:16:23.509   796  2294 V ActivityManager: Broadcast: Intent { act=action_start_enter_animation flg=0x14000010 pkg=com.android.systemui } ordered=true userid=-2 callerApp=ProcessRecord{6a48a31 890:com.android.systemui/u0a23}
11-11 15:16:23.538   796 14072 V ActivityManager: Broadcast: Intent { act=action_start_enter_animation flg=0x14000010 pkg=com.android.systemui } ordered=true userid=-2 callerApp=ProcessRecord{6a48a31 890:com.android.systemui/u0a23}
11-11 15:16:23.568   796  1328 V ActivityManager: Broadcast: Intent { act=action_start_enter_animation flg=0x14000010 pkg=com.android.systemui } ordered=true userid=-2 callerApp=ProcessRecord{6a48a31 890:com.android.systemui/u0a23}
11-11 15:16:23.598   796  2296 V ActivityManager: Broadcast: Intent { act=action_start_enter_animation flg=0x14000010 pkg=com.android.systemui } ordered=true userid=-2 callerApp=ProcessRecord{6a48a31 890:com.android.systemui/u0a23}
11-11 15:16:23.628   796 21951 V ActivityManager: Broadcast: Intent { act=action_start_enter_animation flg=0x14000010 pkg=com.android.systemui } ordered=true userid=-2 callerApp=ProcessRecord{6a48a31 890:com.android.systemui/u0a23}
11-11 15:16:23.635   796   796 E WifiTrafficPoller: TRAFFIC_STATS_POLL true Token 242 num clients 10
11-11 15:16:23.636   796   796 E WifiTrafficPoller:  packet count Tx=257833 Rx=273757
11-11 15:16:23.638   796   856 D WifiStateMachine:  ConnectedState (when=-4ms what=131155 arg1=54!CMD_RSSI_POLL  rt=145955049/968200518 54 0 "gfw-test" 9c:1c:12:9d:d4:62 rssi=-51 f=2462 sc=60 link=65 tx=0.6, 0.0, 0.0  rx=0.5 bcn=0 [on:0 tx:0 rx:0 period:3000] from screen [on:0 period:1498553302] gl hn u24 rssi=-46 ag=0 hr ticks 1,0,23 ls-=0 [56,56,56,56,61] brc=0 lrc=0 offload-stopped
11-11 15:16:23.642   796   856 D WifiStateMachine:  L2ConnectedState (when=-6ms what=131155 arg1=54!CMD_RSSI_POLL  rt=145955051/968200520 54 0 "gfw-test" 9c:1c:12:9d:d4:62 rssi=-51 f=2462 sc=60 link=65 tx=0.6, 0.0, 0.0  rx=0.5 bcn=0 [on:0 tx:0 rx:0 period:4] from screen [on:0 period:1498553306] gl hn u24 rssi=-46 ag=0 hr ticks 1,0,23 ls-=0 [56,56,56,56,61] brc=0 lrc=0 offload-stopped
11-11 15:16:23.642   796   856 D WifiStateMachine:  get link layer stats 0
11-11 15:16:23.643   796   856 D WifiHW  : enter -->wifi_send_command cmd=IFNAME=wlan0 SIGNAL_POLL
11-11 15:16:23.643   387   387 D wpa_supplicant: wlan0: Control interface command 'SIGNAL_POLL'
11-11 15:16:23.657   796   810 V ActivityManager: Broadcast: Intent { act=action_start_enter_animation flg=0x14000010 pkg=com.android.systemui } ordered=true userid=-2 callerApp=ProcessRecord{6a48a31 890:com.android.systemui/u0a23}
11-11 15:16:23.661   796   856 D WifiHW  : leave --> reply=RSSI=-51
11-11 15:16:23.661   796   856 D WifiHW  : LINKSPEED=65
11-11 15:16:23.661   796   856 D WifiHW  : NOISE=9999
11-11 15:16:23.661   796   856 D WifiHW  : FREQUENCY=2462
11-11 15:16:23.661   796   856 D WifiHW  : 
11-11 15:16:23.662   796   856 I WifiStateMachine: fetchRssiLinkSpeedAndFrequencyNative, newRssi:-51, newLinkSpeed:65, SSID:"gfw-test"
11-11 15:16:23.662   796   856 D WifiStateMachine: mLastSignalLevel:4, newSignalLevel:4
11-11 15:16:23.662   796   856 E WifiConfigStore: updateConfiguration freq=2462 BSSID=9c:1c:12:9d:d4:62 RSSI=-50 "gfw-test"WPA_PSK
11-11 15:16:23.664   796   856 V ActivityManager: Broadcast sticky: Intent { act=android.net.wifi.RSSI_CHANGED flg=0x4000010 (has extras) } ordered=false userid=-1 callerApp=ProcessRecord{32e4944 796:system/1000}
11-11 15:16:23.667   796   876 D WifiWatchdogStateMachine: RSSI current: 4 new: -51, 4
11-11 15:16:23.669   796  1431 D ConnectivityService: getActiveNetworkInfo networkInfo = [type: WIFI[], state: CONNECTED/CONNECTED, reason: (unspecified), extra: "gfw-test", roaming: false, failover: false, isAvailable: true]
11-11 15:16:23.690   796   807 V ActivityManager: Broadcast: Intent { act=action_start_enter_animation flg=0x14000010 pkg=com.android.systemui } ordered=true userid=-2 callerApp=ProcessRecord{6a48a31 890:com.android.systemui/u0a23}
11-11 15:16:23.720   796  2295 V ActivityManager: Broadcast: Intent { act=action_start_enter_animation flg=0x14000010 pkg=com.android.systemui } ordered=true userid=-2 callerApp=ProcessRecord{6a48a31 890:com.android.systemui/u0a23}
11-11 15:16:23.749   796  2288 V ActivityManager: Broadcast: Intent { act=action_start_enter_animation flg=0x14000010 pkg=com.android.systemui } ordered=true userid=-2 callerApp=ProcessRecord{6a48a31 890:com.android.systemui/u0a23}
11-11 15:16:23.779   796  2287 V ActivityManager: Broadcast: Intent { act=action_start_enter_animation flg=0x14000010 pkg=com.android.systemui } ordered=true userid=-2 callerApp=ProcessRecord{6a48a31 890:com.android.systemui/u0a23}
11-11 15:16:23.808   796   952 V ActivityManager: Broadcast: Intent { act=action_start_enter_animation flg=0x14000010 pkg=com.android.systemui } ordered=true userid=-2 callerApp=ProcessRecord{6a48a31 890:com.android.systemui/u0a23}
11-11 15:16:23.838   796 14073 V ActivityManager: Broadcast: Intent { act=action_start_enter_animation flg=0x14000010 pkg=com.android.systemui } ordered=true userid=-2 callerApp=ProcessRecord{6a48a31 890:com.android.systemui/u0a23}
11-11 15:16:23.889   195   417 I BufferQueueProducer: [Load Average](this:0xb3d0b400,id:3842,api:1,p:890,c:195) queueBuffer: fps=0.50 dur=2018.28 max=2018.28 min=2018.28
11-11 15:16:23.896   796 14072 V ActivityManager: Broadcast: Intent { act=action_start_enter_animation flg=0x14000010 pkg=com.android.systemui } ordered=true userid=-2 callerApp=ProcessRecord{6a48a31 890:com.android.systemui/u0a23}
11-11 15:16:23.900 12196 12494 W chromium: [WARNING:paced_sender.cc(261)] Elapsed time (66809147 ms) longer than expected, limiting to 2000 ms
11-11 15:16:23.904   195   195 I SurfaceFlinger: [Built-in Screen (type:0)] fps:0.999410,dur:2001.18,max:1298.00,min:703.18
11-11 15:16:23.925   796  2296 V ActivityManager: Broadcast: Intent { act=action_start_enter_animation flg=0x14000010 pkg=com.android.systemui } ordered=true userid=-2 callerApp=ProcessRecord{6a48a31 890:com.android.systemui/u0a23}
11-11 15:16:23.954   796   810 V ActivityManager: Broadcast: Intent { act=action_start_enter_animation flg=0x14000010 pkg=com.android.systemui } ordered=true userid=-2 callerApp=ProcessRecord{6a48a31 890:com.android.systemui/u0a23}
11-11 15:16:23.983   796  1431 V ActivityManager: Broadcast: Intent { act=action_start_enter_animation flg=0x14000010 pkg=com.android.systemui } ordered=true userid=-2 callerApp=ProcessRecord{6a48a31 890:com.android.systemui/u0a23}
11-11 15:16:24.012   796   950 V ActivityManager: Broadcast: Intent { act=action_start_enter_animation flg=0x14000010 pkg=com.android.systemui } ordered=true userid=-2 callerApp=ProcessRecord{6a48a31 890:com.android.systemui/u0a23}
11-11 15:16:24.042   796   807 V ActivityManager: Broadcast: Intent { act=action_start_enter_animation flg=0x14000010 pkg=com.android.systemui } ordered=true userid=-2 callerApp=ProcessRecord{6a48a31 890:com.android.systemui/u0a23}
11-11 15:16:24.072   796  2295 V ActivityManager: Broadcast: Intent { act=action_start_enter_animation flg=0x14000010 pkg=com.android.systemui } ordered=true userid=-2 callerApp=ProcessRecord{6a48a31 890:com.android.systemui/u0a23}
11-11 15:16:24.076   796   811 I memtrack_graphic: graphic_memtrack_get_memory match 4:      ion_mm_heap 30962  3686400   2 d9064b80 c2f2a480.
11-11 15:16:24.076   796   811 I memtrack_graphic:  : 30962 30962 3686400 2 1843200
11-11 15:16:24.076   796   811 I memtrack_graphic: graphic_memtrack_get_memory match 4:      ion_mm_heap 30962  9961472   7 cec887c0 c4015d80.
11-11 15:16:24.076   796   811 I memtrack_graphic:  : 30962 30962 9961472 7 3266267
11-11 15:16:24.076   796   811 I memtrack_graphic: graphic_memtrack_get_memory match 4:      ion_mm_heap 30962  3686400   2 d8677280 cb260f00.
11-11 15:16:24.076   796   811 I memtrack_graphic:  : 30962 30962 3686400 2 5109467
11-11 15:16:24.076   796   811 I memtrack_graphic: graphic_memtrack_get_memory match 4:      ion_mm_heap 30962  3686400   3 cabb0c80 cbb5f580.
11-11 15:16:24.076   796   811 I memtrack_graphic:  : 30962 30962 3686400 3 6338267
11-11 15:16:24.100   796  2288 V ActivityManager: Broadcast: Intent { act=action_start_enter_animation flg=0x14000010 pkg=com.android.systemui } ordered=true userid=-2 callerApp=ProcessRecord{6a48a31 890:com.android.systemui/u0a23}
11-11 15:16:24.128   796  2287 V ActivityManager: Broadcast: Intent { act=action_start_enter_animation flg=0x14000010 pkg=com.android.systemui } ordered=true userid=-2 callerApp=ProcessRecord{6a48a31 890:com.android.systemui/u0a23}
11-11 15:16:24.156   796   952 V ActivityManager: Broadcast: Intent { act=action_start_enter_animation flg=0x14000010 pkg=com.android.systemui } ordered=true userid=-2 callerApp=ProcessRecord{6a48a31 890:com.android.systemui/u0a23}
11-11 15:16:24.184   796 14073 V ActivityManager: Broadcast: Intent { act=action_start_enter_animation flg=0x14000010 pkg=com.android.systemui } ordered=true userid=-2 callerApp=ProcessRecord{6a48a31 890:com.android.systemui/u0a23}
11-11 15:16:24.212   796  1430 V ActivityManager: Broadcast: Intent { act=action_start_enter_animation flg=0x14000010 pkg=com.android.systemui } ordered=true userid=-2 callerApp=ProcessRecord{6a48a31 890:com.android.systemui/u0a23}
11-11 15:16:24.242   796   806 V ActivityManager: Broadcast: Intent { act=action_start_enter_animation flg=0x14000010 pkg=com.android.systemui } ordered=true userid=-2 callerApp=ProcessRecord{6a48a31 890:com.android.systemui/u0a23}
11-11 15:16:24.271   796  2294 V ActivityManager: Broadcast: Intent { act=action_start_enter_animation flg=0x14000010 pkg=com.android.systemui } ordered=true userid=-2 callerApp=ProcessRecord{6a48a31 890:com.android.systemui/u0a23}
11-11 15:16:24.301   796 14072 V ActivityManager: Broadcast: Intent { act=action_start_enter_animation flg=0x14000010 pkg=com.android.systemui } ordered=true userid=-2 callerApp=ProcessRecord{6a48a31 890:com.android.systemui/u0a23}
11-11 15:16:24.313 28068 28075 I System  : FinalizerDaemon: finalize objects = 646
11-11 15:16:24.329   796  2296 V ActivityManager: Broadcast: Intent { act=action_start_enter_animation flg=0x14000010 pkg=com.android.systemui } ordered=true userid=-2 callerApp=ProcessRecord{6a48a31 890:com.android.systemui/u0a23}
11-11 15:16:24.357   796 21951 V ActivityManager: Broadcast: Intent { act=action_start_enter_animation flg=0x14000010 pkg=com.android.systemui } ordered=true userid=-2 callerApp=ProcessRecord{6a48a31 890:com.android.systemui/u0a23}
11-11 15:16:24.364 31120 31128 I System  : FinalizerDaemon: finalize objects = 66
11-11 15:16:24.385   796   807 V ActivityManager: Broadcast: Intent { act=action_start_enter_animation flg=0x14000010 pkg=com.android.systemui } ordered=true userid=-2 callerApp=ProcessRecord{6a48a31 890:com.android.systemui/u0a23}
11-11 15:16:24.400 12196 12494 W chromium: [WARNING:paced_sender.cc(261)] Elapsed time (66809647 ms) longer than expected, limiting to 2000 ms
11-11 15:16:24.413   796  2295 V ActivityManager: Broadcast: Intent { act=action_start_enter_animation flg=0x14000010 pkg=com.android.systemui } ordered=true userid=-2 callerApp=ProcessRecord{6a48a31 890:com.android.systemui/u0a23}
11-11 15:16:24.437  1565  1581 I PerfService: PerfServiceNative_getPackName
11-11 15:16:24.437   796  2288 I libPerfService: perfGetLastBoostPid 30962
11-11 15:16:24.437   796  2288 D PerfServiceManager: [PerfService] getLastBoostPid 30962 
11-11 15:16:24.437   796  2288 I libPerfService: perfGetLastBoostPid 30962
11-11 15:16:24.441   796  2287 V ActivityManager: Broadcast: Intent { act=action_start_enter_animation flg=0x14000010 pkg=com.android.systemui } ordered=true userid=-2 callerApp=ProcessRecord{6a48a31 890:com.android.systemui/u0a23}
11-11 15:16:24.470   796   952 V ActivityManager: Broadcast: Intent { act=action_start_enter_animation flg=0x14000010 pkg=com.android.systemui } ordered=true userid=-2 callerApp=ProcessRecord{6a48a31 890:com.android.systemui/u0a23}
11-11 15:16:24.499   796 14073 V ActivityManager: Broadcast: Intent { act=action_start_enter_animation flg=0x14000010 pkg=com.android.systemui } ordered=true userid=-2 callerApp=ProcessRecord{6a48a31 890:com.android.systemui/u0a23}
11-11 15:16:24.529   796  1430 V ActivityManager: Broadcast: Intent { act=action_start_enter_animation flg=0x14000010 pkg=com.android.systemui } ordered=true userid=-2 callerApp=ProcessRecord{6a48a31 890:com.android.systemui/u0a23}
11-11 15:16:24.557   796   806 V ActivityManager: Broadcast: Intent { act=action_start_enter_animation flg=0x14000010 pkg=com.android.systemui } ordered=true userid=-2 callerApp=ProcessRecord{6a48a31 890:com.android.systemui/u0a23}
11-11 15:16:24.587   796  2294 V ActivityManager: Broadcast: Intent { act=action_start_enter_animation flg=0x14000010 pkg=com.android.systemui } ordered=true userid=-2 callerApp=ProcessRecord{6a48a31 890:com.android.systemui/u0a23}
11-11 15:16:24.616   796 14072 V ActivityManager: Broadcast: Intent { act=action_start_enter_animation flg=0x14000010 pkg=com.android.systemui } ordered=true userid=-2 callerApp=ProcessRecord{6a48a31 890:com.android.systemui/u0a23}
11-11 15:16:24.637   796   796 E WifiTrafficPoller: TRAFFIC_STATS_POLL true Token 242 num clients 10
11-11 15:16:24.638   796   796 E WifiTrafficPoller:  packet count Tx=257833 Rx=273757
11-11 15:16:24.646   796  1328 V ActivityManager: Broadcast: Intent { act=action_start_enter_animation flg=0x14000010 pkg=com.android.systemui } ordered=true userid=-2 callerApp=ProcessRecord{6a48a31 890:com.android.systemui/u0a23}
11-11 15:16:24.676   796  2296 V ActivityManager: Broadcast: Intent { act=action_start_enter_animation flg=0x14000010 pkg=com.android.systemui } ordered=true userid=-2 callerApp=ProcessRecord{6a48a31 890:com.android.systemui/u0a23}
11-11 15:16:24.705   796 21951 V ActivityManager: Broadcast: Intent { act=action_start_enter_animation flg=0x14000010 pkg=com.android.systemui } ordered=true userid=-2 callerApp=ProcessRecord{6a48a31 890:com.android.systemui/u0a23}
11-11 15:16:24.735   796   810 V ActivityManager: Broadcast: Intent { act=action_start_enter_animation flg=0x14000010 pkg=com.android.systemui } ordered=true userid=-2 callerApp=ProcessRecord{6a48a31 890:com.android.systemui/u0a23}
11-11 15:16:24.765   796  1431 V ActivityManager: Broadcast: Intent { act=action_start_enter_animation flg=0x14000010 pkg=com.android.systemui } ordered=true userid=-2 callerApp=ProcessRecord{6a48a31 890:com.android.systemui/u0a23}
11-11 15:16:24.783   220   371 D agps    : [agps] WARNING: [CP] cp2_fd_1_req_sim_num_timeout
11-11 15:16:24.783   220   347 D agps    : [agps][n][CP] [MD_1] write  sim_info_req
11-11 15:16:24.784   220   347 E agps    : [agps] ERR: [Utility] safe_write reason=[No such device]19
11-11 15:16:24.795   796   950 V ActivityManager: Broadcast: Intent { act=action_start_enter_animation flg=0x14000010 pkg=com.android.systemui } ordered=true userid=-2 callerApp=ProcessRecord{6a48a31 890:com.android.systemui/u0a23}
11-11 15:16:24.824   796   807 V ActivityManager: Broadcast: Intent { act=action_start_enter_animation flg=0x14000010 pkg=com.android.systemui } ordered=true userid=-2 callerApp=ProcessRecord{6a48a31 890:com.android.systemui/u0a23}
11-11 15:16:24.855   796  2295 V ActivityManager: Broadcast: Intent { act=action_start_enter_animation flg=0x14000010 pkg=com.android.systemui } ordered=true userid=-2 callerApp=ProcessRecord{6a48a31 890:com.android.systemui/u0a23}
11-11 15:16:24.884   796  2288 V ActivityManager: Broadcast: Intent { act=action_start_enter_animation flg=0x14000010 pkg=com.android.systemui } ordered=true userid=-2 callerApp=ProcessRecord{6a48a31 890:com.android.systemui/u0a23}
11-11 15:16:24.901 12196 12494 W chromium: [WARNING:paced_sender.cc(261)] Elapsed time (66810148 ms) longer than expected, limiting to 2000 ms
11-11 15:16:24.914   796  2287 V ActivityManager: Broadcast: Intent { act=action_start_enter_animation flg=0x14000010 pkg=com.android.systemui } ordered=true userid=-2 callerApp=ProcessRecord{6a48a31 890:com.android.systemui/u0a23}
11-11 15:16:24.943   796   952 V ActivityManager: Broadcast: Intent { act=action_start_enter_animation flg=0x14000010 pkg=com.android.systemui } ordered=true userid=-2 callerApp=ProcessRecord{6a48a31 890:com.android.systemui/u0a23}
11-11 15:16:24.973   796 14073 V ActivityManager: Broadcast: Intent { act=action_start_enter_animation flg=0x14000010 pkg=com.android.systemui } ordered=true userid=-2 callerApp=ProcessRecord{6a48a31 890:com.android.systemui/u0a23}
