11-11 15:16:01.864   195   840 D GraphicBuffer: alloc, handle(0xb619cea0) (w:812 h:714 s:816 f:0x1 u:0x000f02) err(0)
11-11 15:16:01.866 31202 31292 D GraphicBuffer: register, handle(0xacd6da20) (w:812 h:714 s:816 f:0x1 u:0x000f02)
11-11 15:16:01.892   195   195 I BufferQueueProducer: [FrameBufferSurface_0](this:0xb491d000,id:0,api:1,p:195,c:195) queueBuffer: fps=4.30 dur=5113.29 max=4203.32 min=15.65
11-11 15:16:02.326 12196 12494 W chromium: [WARNING:paced_sender.cc(261)] Elapsed time (66787574 ms) longer than expected, limiting to 2000 ms
11-11 15:16:02.390  1581  1581 W GpuAppSpectator: type=1400 audit(0.0:12459): avc: denied { search } for name="31202" dev="proc" ino=1836446 scontext=u:r:gas_srv:s0 tcontext=u:r:system_app:s0 tclass=dir permissive=0
11-11 15:16:02.403  1565  1581 I PerfService: PerfServiceNative_getPackName
11-11 15:16:02.404   796   807 I libPerfService: perfGetLastBoostPid 31202
11-11 15:16:02.404   796   807 D PerfServiceManager: [PerfService] getLastBoostPid 31202 
11-11 15:16:02.404   796   807 I libPerfService: perfGetLastBoostPid 31202
11-11 15:16:02.463   796   856 D WifiStateMachine:  ConnectedState (when=-3ms what=131155 arg1=54!CMD_RSSI_POLL  rt=145933874/968179343 54 0 "gfw-test" 9c:1c:12:9d:d4:62 rssi=-48 f=2462 sc=60 link=65 tx=0.0, 0.0, 0.0  rx=0.0 bcn=0 [on:0 tx:0 rx:0 period:3003] from screen [on:0 period:1498532127] gl hn rssi=-43 ag=0 hr ticks 1,0,23 ls-=0 [56,56,56,56,61] brc=0 lrc=0 offload-stopped
11-11 15:16:02.465   796   856 D WifiStateMachine:  L2ConnectedState (when=-5ms what=131155 arg1=54!CMD_RSSI_POLL  rt=145933876/968179345 54 0 "gfw-test" 9c:1c:12:9d:d4:62 rssi=-48 f=2462 sc=60 link=65 tx=0.0, 0.0, 0.0  rx=0.0 bcn=0 [on:0 tx:0 rx:0 period:2] from screen [on:0 period:1498532129] gl hn rssi=-43 ag=0 hr ticks 1,0,23 ls-=0 [56,56,56,56,61] brc=0 lrc=0 offload-stopped
11-11 15:16:02.465   796   856 D WifiStateMachine:  get link layer stats 0
11-11 15:16:02.466   796   856 D WifiHW  : enter -->wifi_send_command cmd=IFNAME=wlan0 SIGNAL_POLL
11-11 15:16:02.466   387   387 D wpa_supplicant: wlan0: Control interface command 'SIGNAL_POLL'
11-11 15:16:02.481   796   856 D WifiHW  : leave --> reply=RSSI=-49
11-11 15:16:02.481   796   856 D WifiHW  : LINKSPEED=65
11-11 15:16:02.481   796   856 D WifiHW  : NOISE=9999
11-11 15:16:02.481   796   856 D WifiHW  : FREQUENCY=2462
11-11 15:16:02.481   796   856 D WifiHW  : 
11-11 15:16:02.481   796   856 I WifiStateMachine: fetchRssiLinkSpeedAndFrequencyNative, newRssi:-49, newLinkSpeed:65, SSID:"gfw-test"
11-11 15:16:02.481   796   856 D WifiStateMachine: mLastSignalLevel:4, newSignalLevel:4
11-11 15:16:02.482   796   856 E WifiConfigStore: updateConfiguration freq=2462 BSSID=9c:1c:12:9d:d4:62 RSSI=-49 "gfw-test"WPA_PSK
11-11 15:16:02.483   796   876 D WifiWatchdogStateMachine: RSSI current: 4 new: -49, 4
11-11 15:16:02.487  1263  1314 D PhoneInterfaceManagerEx: [PhoneIntfMgrEx] isWifiCallingEnabled(0)=false
11-11 15:16:02.491  1263  9530 D PhoneInterfaceManagerEx: [PhoneIntfMgrEx] isWifiCallingEnabled(0)=false
11-11 15:16:02.493  1263  1311 D PhoneInterfaceManagerEx: [PhoneIntfMgrEx] isWifiCallingEnabled(0)=false
11-11 15:16:02.592   796   796 E WifiTrafficPoller: TRAFFIC_STATS_POLL true Token 242 num clients 10
11-11 15:16:02.593   796   796 E WifiTrafficPoller:  packet count Tx=257822 Rx=273747
11-11 15:16:02.703   227   227 I thermal_repeater: oh, queryMdThermalInfo (0)Bad file descriptor
11-11 15:16:02.705   227   227 I thermal_repeater: [recvMdThermalInfo] ret=5, strLen=127, ERROR
11-11 15:16:02.774   220   371 D agps    : [agps] WARNING: [CP] cp2_fd_1_req_sim_num_timeout
11-11 15:16:02.775   220   347 D agps    : [agps][n][CP] [MD_1] write  sim_info_req
11-11 15:16:02.775   220   347 E agps    : [agps] ERR: [Utility] safe_write reason=[No such device]19
11-11 15:16:02.827 12196 12494 W chromium: [WARNING:paced_sender.cc(261)] Elapsed time (66788074 ms) longer than expected, limiting to 2000 ms
11-11 15:16:02.961   796   848 D InputReader: AP_PROF:AppLaunch_dispatchPtr:Down:145934373, ID:0, Index:-1439219824
11-11 15:16:02.961   796   848 I PerfService: PerfServiceNative_boostEnableAsync:3
11-11 15:16:03.042   796   848 D InputReader: AP_PROF:AppLaunch_dispatchPtr:Up:145934454, ID:0, Index:-1439216432
11-11 15:16:03.042   796   848 I PerfService: PerfServiceNative_boostEnableTimeoutMsAsync:3, 100
11-11 15:16:03.046   796   870 D PerfServiceManager: [PerfService] MESSAGE_TIMEOUT:105 
11-11 15:16:03.046   796   870 I libPerfService: 5: set: 3
11-11 15:16:03.046   796   870 I libPerfService: 5: set freq: 819000
11-11 15:16:03.047   796   870 D PerfServiceManager: [PerfService] set utilization:0.8 
11-11 15:16:03.063   195   415 I BufferQueueProducer: [com.android.settings/com.android.settings.SubSettings](this:0xb3d65c00,id:3844,api:1,p:31202,c:195) queueBuffer: fps=1.64 dur=1217.18 max=1192.83 min=24.36
11-11 15:16:03.079   195   195 I BufferQueueProducer: [FrameBufferSurface_0](this:0xb491d000,id:0,api:1,p:195,c:195) queueBuffer: fps=35.39 dur=1186.86 max=425.98 min=17.53
11-11 15:16:03.079   195   195 I SurfaceFlinger: [Built-in Screen (type:0)] fps:35.652756,dur:1318.27,max:426.32,min:17.53
11-11 15:16:03.111 31202 31202 D SettingsInterface:  from settings cache , name = sound_effects_enabled , value = 0
11-11 15:16:03.117 31202 31292 D Surface : Surface::disconnect(this=0xaad93800,api=1)
11-11 15:16:03.118 31202 31292 D GraphicBuffer: unregister, handle(0xacd6b870) (w:812 h:714 s:816 f:0x1 u:0x000f02)
11-11 15:16:03.119 31202 31292 D GraphicBuffer: unregister, handle(0xacd6da20) (w:812 h:714 s:816 f:0x1 u:0x000f02)
11-11 15:16:03.120   195   840 I BufferQueueProducer: [com.android.settings/com.android.settings.SubSettings](this:0xb3d65c00,id:3844,api:1,p:-1,c:195) disconnect(P): api 1
11-11 15:16:03.121   195   840 I BufferQueueConsumer: [com.android.settings/com.android.settings.SubSettings](this:0xb3d65c00,id:3844,api:1,p:-1,c:195) getReleasedBuffers: returning mask 0xffffffffffffffff
11-11 15:16:03.121   195   840 D GraphicBuffer: free, handle(0xb619cea0) (w:812 h:714 s:816 f:0x1 u:0x000f02)
11-11 15:16:03.122 31202 31292 D Surface : Surface::disconnect(this=0xaad93800,api=1)
11-11 15:16:03.122   195  5543 I BufferQueueProducer: [com.android.settings/com.android.settings.SubSettings](this:0xb3d65c00,id:3844,api:1,p:-1,c:195) disconnect(P): api 1
11-11 15:16:03.126   890   890 D PhoneStatusBar: setSystemUiVisibility vis=8600 mask=ffffffff oldVal=8000 newVal=8600 diff=600
11-11 15:16:03.126   890   890 D PhoneStatusBar: hiding the MENU button
11-11 15:16:03.128 31202 31202 D WindowClient: Remove from mViews: com.android.internal.policy.PhoneWindow$DecorView{dc1b4dd V.E...... R......D 0,0-684,586}, this = android.view.WindowManagerGlobal@ccf985c
11-11 15:16:03.130 31202 31202 V InputMethodManager: onWindowFocus: android.widget.ListView{82e0f88 VFED.VC.. .F....ID 0,0-720,1008 #102000a android:id/list} softInputMode=16 first=false flags=#81810100
11-11 15:16:03.142   796   870 D PerfServiceManager: [PerfService] MESSAGE_TIMEOUT:103 
11-11 15:16:03.142   796   870 I libPerfService: 3: set: 3
11-11 15:16:03.143   796   870 I libPerfService: 3: set freq: 819000
11-11 15:16:03.160   195  1441 I BufferQueueProducer: [com.android.settings/com.android.settings.SubSettings](this:0xb3d0a800,id:3840,api:1,p:31202,c:195) queueBuffer: fps=30.81 dur=1428.08 max=518.78 min=17.12
11-11 15:16:03.263 12090 12090 I SurfaceView: updateWindow -- OnPreDrawListener, mHaveFrame = true, this = android.view.SurfaceView{4b9ab1b V.ED..... ........ 0,0-720,1232}
11-11 15:16:03.264 10658 10658 I SurfaceView: updateWindow -- OnPreDrawListener, mHaveFrame = true, this = com.opera.android.browser.obml.MiniGLView{6d9b028 GFE...... ......I. 0,0-720,1232 #7f090358 app:id/multi_renderer_gl_surface_view}
11-11 15:16:03.279   217   217 I DmAgent : OnTransact   (1599295570,16)
11-11 15:16:03.288   218   218 I PPL/PPLAgent: OnTransact(1599295570,16)
11-11 15:16:03.327 12196 12494 W chromium: [WARNING:paced_sender.cc(261)] Elapsed time (66788575 ms) longer than expected, limiting to 2000 ms
11-11 15:16:03.336   195   195 I BufferQueueConsumer: [com.android.settings/com.android.settings.SubSettings](this:0xb3d65c00,id:3844,api:1,p:-1,c:-1) disconnect(C)
11-11 15:16:03.337   195   195 D GraphicBuffer: free, handle(0xb619ca20) (w:812 h:714 s:816 f:0x1 u:0x000f02)
11-11 15:16:03.337   195   195 I BufferQueue: [com.android.settings/com.android.settings.SubSettings](this:0xb3d65c00,id:3844,api:1,p:-1,c:-1) ~BufferQueueCore
11-11 15:16:03.390  1581  1581 W GpuAppSpectator: type=1400 audit(0.0:12460): avc: denied { search } for name="31202" dev="proc" ino=1836446 scontext=u:r:gas_srv:s0 tcontext=u:r:system_app:s0 tclass=dir permissive=0
11-11 15:16:03.405  1565  1581 I PerfService: PerfServiceNative_getPackName
11-11 15:16:03.405   796 21951 I libPerfService: perfGetLastBoostPid 31202
11-11 15:16:03.405   796 21951 D PerfServiceManager: [PerfService] getLastBoostPid 31202 
11-11 15:16:03.405   796 21951 I libPerfService: perfGetLastBoostPid 31202
11-11 15:16:03.561   796   870 D PerfServiceManager: [PerfService] MESSAGE_TIMEOUT:105 
11-11 15:16:03.562   796   870 I libPerfService: 5: set: 1
11-11 15:16:03.562   796   870 I libPerfService: 5: set freq: 0
11-11 15:16:03.562   796   870 D PerfServiceManager: [PerfService] set utilization:0.8 
11-11 15:16:03.593   796   796 E WifiTrafficPoller: TRAFFIC_STATS_POLL true Token 242 num clients 10
11-11 15:16:03.594   796   796 E WifiTrafficPoller:  packet count Tx=257822 Rx=273747
11-11 15:16:03.776   890   914 I System  : FinalizerDaemon: finalize objects = 439
11-11 15:16:03.820   195  1441 I BufferQueueProducer: [Load Average](this:0xb3d0b400,id:3842,api:1,p:890,c:195) queueBuffer: fps=0.50 dur=1997.01 max=1997.01 min=1997.01
11-11 15:16:03.827 12196 12494 W chromium: [WARNING:paced_sender.cc(261)] Elapsed time (66789075 ms) longer than expected, limiting to 2000 ms
11-11 15:16:03.927   796   848 D InputReader: AP_PROF:AppLaunch_dispatchPtr:Down:145935339, ID:0, Index:-1439219824
11-11 15:16:03.928   796   848 I PerfService: PerfServiceNative_boostEnableAsync:3
11-11 15:16:03.930   796   870 I libPerfService: 3: set freq: 819000
11-11 15:16:03.931   796   870 I libPerfService: 3: set: 3
11-11 15:16:04.097   195   195 I SurfaceFlinger: [Built-in Screen (type:0)] fps:23.588583,dur:1017.44,max:388.55,min:16.20
11-11 15:16:04.179   195  5543 I BufferQueueProducer: [com.android.settings/com.android.settings.SubSettings](this:0xb3d0a800,id:3840,api:1,p:31202,c:195) queueBuffer: fps=23.57 dur=1018.11 max=609.99 min=5.33
11-11 15:16:04.328 12196 12494 W chromium: [WARNING:paced_sender.cc(261)] Elapsed time (66789576 ms) longer than expected, limiting to 2000 ms
11-11 15:16:04.388   796   848 D InputReader: AP_PROF:AppLaunch_dispatchPtr:Up:145935799, ID:0, Index:-1439216432
11-11 15:16:04.388   796   848 I PerfService: PerfServiceNative_boostEnableTimeoutMsAsync:3, 100
11-11 15:16:04.390  1581  1581 W GpuAppSpectator: type=1400 audit(0.0:12461): avc: denied { search } for name="31202" dev="proc" ino=1836446 scontext=u:r:gas_srv:s0 tcontext=u:r:system_app:s0 tclass=dir permissive=0
11-11 15:16:04.406  1565  1581 I PerfService: PerfServiceNative_getPackName
11-11 15:16:04.406   796   952 I libPerfService: perfGetLastBoostPid 31202
11-11 15:16:04.406   796   952 D PerfServiceManager: [PerfService] getLastBoostPid 31202 
11-11 15:16:04.406   796   952 I libPerfService: perfGetLastBoostPid 31202
11-11 15:16:04.488   796   870 D PerfServiceManager: [PerfService] MESSAGE_TIMEOUT:103 
11-11 15:16:04.489   796   870 I libPerfService: 3: set: 3
11-11 15:16:04.489   796   870 I libPerfService: 3: set freq: 819000
11-11 15:16:04.595   796   796 E WifiTrafficPoller: TRAFFIC_STATS_POLL true Token 242 num clients 10
11-11 15:16:04.596   796   796 E WifiTrafficPoller:  packet count Tx=257822 Rx=273747
11-11 15:16:04.775   220   371 D agps    : [agps] WARNING: [CP] cp2_fd_1_req_sim_num_timeout
11-11 15:16:04.775   220   347 D agps    : [agps][n][CP] [MD_1] write  sim_info_req
11-11 15:16:04.775   220   347 E agps    : [agps] ERR: [Utility] safe_write reason=[No such device]19
11-11 15:16:04.829 12196 12494 W chromium: [WARNING:paced_sender.cc(261)] Elapsed time (66790076 ms) longer than expected, limiting to 2000 ms
11-11 15:16:04.933   796   870 D PerfServiceManager: [PerfService] MESSAGE_TIMEOUT:105 
11-11 15:16:04.933   796   870 I libPerfService: 5: set: 1
11-11 15:16:04.933   796   870 I libPerfService: 5: set freq: 0
11-11 15:16:04.934   796   870 D PerfServiceManager: [PerfService] set utilization:0.8 
11-11 15:16:05.116   195   195 I SurfaceFlinger: [Built-in Screen (type:0)] fps:34.334381,dur:1019.39,max:389.06,min:18.37
11-11 15:16:05.179   195   415 I BufferQueueProducer: [com.android.settings/com.android.settings.SubSettings](this:0xb3d0a800,id:3840,api:1,p:31202,c:195) queueBuffer: fps=33.99 dur=1000.30 max=390.12 min=16.40
11-11 15:16:05.330 12196 12494 W chromium: [WARNING:paced_sender.cc(261)] Elapsed time (66790577 ms) longer than expected, limiting to 2000 ms
11-11 15:16:05.346   796   848 D InputReader: AP_PROF:AppLaunch_dispatchPtr:Down:145936758, ID:0, Index:-1439219824
11-11 15:16:05.346   796   848 I PerfService: PerfServiceNative_boostEnableAsync:3
11-11 15:16:05.348   796   870 I libPerfService: 3: set freq: 819000
11-11 15:16:05.348   796   870 I libPerfService: 3: set: 3
11-11 15:16:05.400  1581  1581 W GpuAppSpectator: type=1400 audit(0.0:12462): avc: denied { search } for name="31202" dev="proc" ino=1836446 scontext=u:r:gas_srv:s0 tcontext=u:r:system_app:s0 tclass=dir permissive=0
11-11 15:16:05.407  1565  1581 I PerfService: PerfServiceNative_getPackName
11-11 15:16:05.407   796   950 I libPerfService: perfGetLastBoostPid 31202
11-11 15:16:05.407   796   950 D PerfServiceManager: [PerfService] getLastBoostPid 31202 
11-11 15:16:05.407   796   950 I libPerfService: perfGetLastBoostPid 31202
11-11 15:16:05.487   796   856 D WifiStateMachine:  ConnectedState (when=-4ms what=131155 arg1=54!CMD_RSSI_POLL  rt=145936898/968182366 54 0 "gfw-test" 9c:1c:12:9d:d4:62 rssi=-49 f=2462 sc=60 link=65 tx=0.0, 0.0, 0.0  rx=0.0 bcn=0 [on:0 tx:0 rx:0 period:3002] from screen [on:0 period:1498535151] gl hn u24 rssi=-44 ag=0 hr ticks 1,0,23 ls-=0 [56,56,56,56,61] brc=0 lrc=0 offload-stopped
11-11 15:16:05.490   796   856 D WifiStateMachine:  L2ConnectedState (when=-7ms what=131155 arg1=54!CMD_RSSI_POLL  rt=145936901/968182369 54 0 "gfw-test" 9c:1c:12:9d:d4:62 rssi=-49 f=2462 sc=60 link=65 tx=0.0, 0.0, 0.0  rx=0.0 bcn=0 [on:0 tx:0 rx:0 period:2] from screen [on:0 period:1498535153] gl hn u24 rssi=-44 ag=0 hr ticks 1,0,23 ls-=0 [56,56,56,56,61] brc=0 lrc=0 offload-stopped
11-11 15:16:05.490   796   856 D WifiStateMachine:  get link layer stats 0
11-11 15:16:05.491   796   856 D WifiHW  : enter -->wifi_send_command cmd=IFNAME=wlan0 SIGNAL_POLL
11-11 15:16:05.491   387   387 D wpa_supplicant: wlan0: Control interface command 'SIGNAL_POLL'
11-11 15:16:05.510   796   856 D WifiHW  : leave --> reply=RSSI=-49
11-11 15:16:05.510   796   856 D WifiHW  : LINKSPEED=65
11-11 15:16:05.510   796   856 D WifiHW  : NOISE=9999
11-11 15:16:05.510   796   856 D WifiHW  : FREQUENCY=2462
11-11 15:16:05.510   796   856 D WifiHW  : 
11-11 15:16:05.510   796   856 I WifiStateMachine: fetchRssiLinkSpeedAndFrequencyNative, newRssi:-49, newLinkSpeed:65, SSID:"gfw-test"
11-11 15:16:05.510   796   856 D WifiStateMachine: mLastSignalLevel:4, newSignalLevel:4
11-11 15:16:05.510   796   856 E WifiConfigStore: updateConfiguration freq=2462 BSSID=9c:1c:12:9d:d4:62 RSSI=-49 "gfw-test"WPA_PSK
11-11 15:16:05.512   796   876 D WifiWatchdogStateMachine: RSSI current: 4 new: -49, 4
11-11 15:16:05.596   796   796 E WifiTrafficPoller: TRAFFIC_STATS_POLL true Token 242 num clients 10
11-11 15:16:05.597   796   796 E WifiTrafficPoller:  packet count Tx=257822 Rx=273747
11-11 15:16:05.807   796   848 D InputReader: AP_PROF:AppLaunch_dispatchPtr:Up:145937218, ID:0, Index:-1439216432
11-11 15:16:05.807   796   848 I PerfService: PerfServiceNative_boostEnableTimeoutMsAsync:3, 100
11-11 15:16:05.823   890  1438 D OpenGLRenderer: CacheTexture 6 upload: x, y, width height = 0, 46, 1024, 18
11-11 15:16:05.826   195   415 I BufferQueueProducer: [Load Average](this:0xb3d0b400,id:3842,api:1,p:890,c:195) queueBuffer: fps=0.50 dur=2005.37 max=2005.37 min=2005.37
11-11 15:16:05.830 12196 12494 W chromium: [WARNING:paced_sender.cc(261)] Elapsed time (66791077 ms) longer than expected, limiting to 2000 ms
11-11 15:16:05.908   796   870 D PerfServiceManager: [PerfService] MESSAGE_TIMEOUT:103 
11-11 15:16:05.908   796   870 I libPerfService: 3: set: 3
11-11 15:16:05.908   796   870 I libPerfService: 3: set freq: 819000
11-11 15:16:06.325   796   848 D InputReader: AP_PROF:AppLaunch_dispatchPtr:Down:145937736, ID:0, Index:-1439219824
11-11 15:16:06.325   796   848 I PerfService: PerfServiceNative_boostEnableAsync:3
11-11 15:16:06.330 12196 12494 W chromium: [WARNING:paced_sender.cc(261)] Elapsed time (66791577 ms) longer than expected, limiting to 2000 ms
11-11 15:16:06.400  1581  1581 W GpuAppSpectator: type=1400 audit(0.0:12463): avc: denied { search } for name="31202" dev="proc" ino=1836446 scontext=u:r:gas_srv:s0 tcontext=u:r:system_app:s0 tclass=dir permissive=0
11-11 15:16:06.400   195   417 I BufferQueueProducer: [com.android.settings/com.android.settings.SubSettings](this:0xb3d0a800,id:3840,api:1,p:31202,c:195) queueBuffer: fps=36.03 dur=1221.19 max=334.02 min=15.48
11-11 15:16:06.408  1565  1581 I PerfService: PerfServiceNative_getPackName
11-11 15:16:06.408   796 21951 I libPerfService: perfGetLastBoostPid 31202
11-11 15:16:06.409   796 21951 D PerfServiceManager: [PerfService] getLastBoostPid 31202 
11-11 15:16:06.409   796 21951 I libPerfService: perfGetLastBoostPid 31202
11-11 15:16:06.413   195   195 I SurfaceFlinger: [Built-in Screen (type:0)] fps:37.017319,dur:1296.69,max:333.26,min:17.92
11-11 15:16:06.467   796   848 D InputReader: AP_PROF:AppLaunch_dispatchPtr:Up:145937879, ID:0, Index:-1439216432
11-11 15:16:06.467   796   848 I PerfService: PerfServiceNative_boostEnableTimeoutMsAsync:3, 100
11-11 15:16:06.567   796   870 D PerfServiceManager: [PerfService] MESSAGE_TIMEOUT:103 
11-11 15:16:06.567   796   870 I libPerfService: 3: set: 3
11-11 15:16:06.568   796   870 I libPerfService: 3: set freq: 819000
11-11 15:16:06.597   796   796 E WifiTrafficPoller: TRAFFIC_STATS_POLL true Token 242 num clients 10
11-11 15:16:06.598   796   796 E WifiTrafficPoller:  packet count Tx=257822 Rx=273747
11-11 15:16:06.776   220   371 D agps    : [agps] WARNING: [CP] cp2_fd_1_req_sim_num_timeout
11-11 15:16:06.776   220   347 D agps    : [agps][n][CP] [MD_1] write  sim_info_req
11-11 15:16:06.776   220   347 E agps    : [agps] ERR: [Utility] safe_write reason=[No such device]19
11-11 15:16:06.831 12196 12494 W chromium: [WARNING:paced_sender.cc(261)] Elapsed time (66792078 ms) longer than expected, limiting to 2000 ms
11-11 15:16:07.331 12196 12494 W chromium: [WARNING:paced_sender.cc(261)] Elapsed time (66792578 ms) longer than expected, limiting to 2000 ms
11-11 15:16:07.364   796   848 D InputReader: AP_PROF:AppLaunch_dispatchPtr:Down:145938776, ID:0, Index:-1439219824
11-11 15:16:07.364   796   848 I PerfService: PerfServiceNative_boostEnableAsync:3
11-11 15:16:07.400  1581  1581 W GpuAppSpectator: type=1400 audit(0.0:12464): avc: denied { search } for name="31202" dev="proc" ino=1836446 scontext=u:r:gas_srv:s0 tcontext=u:r:system_app:s0 tclass=dir permissive=0
11-11 15:16:07.409  1565  1581 I PerfService: PerfServiceNative_getPackName
11-11 15:16:07.410   796   806 I libPerfService: perfGetLastBoostPid 31202
11-11 15:16:07.410   796   806 D PerfServiceManager: [PerfService] getLastBoostPid 31202 
11-11 15:16:07.410   796   806 I libPerfService: perfGetLastBoostPid 31202
11-11 15:16:07.439   195  5543 I BufferQueueProducer: [com.android.settings/com.android.settings.SubSettings](this:0xb3d0a800,id:3840,api:1,p:31202,c:195) queueBuffer: fps=48.13 dur=1038.82 max=131.37 min=15.53
11-11 15:16:07.451   195   195 I SurfaceFlinger: [Built-in Screen (type:0)] fps:48.180233,dur:1037.77,max:129.44,min:18.03
11-11 15:16:07.520   796   805 I art     : Background partial concurrent mark sweep GC freed 18478(982KB) AllocSpace objects, 0(0B) LOS objects, 14% free, 24MB/28MB, paused 4.118ms total 141.628ms
11-11 15:16:07.531   796   848 D InputReader: AP_PROF:AppLaunch_dispatchPtr:Up:145938943, ID:0, Index:-1439216432
11-11 15:16:07.531   796   848 I PerfService: PerfServiceNative_boostEnableTimeoutMsAsync:3, 100
11-11 15:16:07.598   796   796 E WifiTrafficPoller: TRAFFIC_STATS_POLL true Token 242 num clients 10
11-11 15:16:07.599   796   796 E WifiTrafficPoller:  packet count Tx=257822 Rx=273747
11-11 15:16:07.632   796   870 D PerfServiceManager: [PerfService] MESSAGE_TIMEOUT:103 
11-11 15:16:07.632   796   870 I libPerfService: 3: set: 3
11-11 15:16:07.632   796   870 I libPerfService: 3: set freq: 819000
11-11 15:16:07.710   227   227 I thermal_repeater: select timeout
11-11 15:16:07.826   195   840 I BufferQueueProducer: [Load Average](this:0xb3d0b400,id:3842,api:1,p:890,c:195) queueBuffer: fps=0.50 dur=2000.66 max=2000.66 min=2000.66
11-11 15:16:07.831 12196 12494 W chromium: [WARNING:paced_sender.cc(261)] Elapsed time (66793079 ms) longer than expected, limiting to 2000 ms
11-11 15:16:08.332 12196 12494 W chromium: [WARNING:paced_sender.cc(261)] Elapsed time (66793579 ms) longer than expected, limiting to 2000 ms
11-11 15:16:08.400  1581  1581 W GpuAppSpectator: type=1400 audit(0.0:12465): avc: denied { search } for name="31202" dev="proc" ino=1836446 scontext=u:r:gas_srv:s0 tcontext=u:r:system_app:s0 tclass=dir permissive=0
11-11 15:16:08.411  1565  1581 I PerfService: PerfServiceNative_getPackName
11-11 15:16:08.411   796  1430 I libPerfService: perfGetLastBoostPid 31202
11-11 15:16:08.411   796  1430 D PerfServiceManager: [PerfService] getLastBoostPid 31202 
11-11 15:16:08.411   796  1430 I libPerfService: perfGetLastBoostPid 31202
11-11 15:16:08.451   195   195 I SurfaceFlinger: [Built-in Screen (type:0)] fps:53.983532,dur:1000.31,max:18.97,min:17.97
11-11 15:16:08.456   195  1441 I BufferQueueProducer: [com.android.settings/com.android.settings.SubSettings](this:0xb3d0a800,id:3840,api:1,p:31202,c:195) queueBuffer: fps=54.06 dur=1017.33 max=26.26 min=12.03
11-11 15:16:08.515   796   856 D WifiStateMachine:  ConnectedState (when=-3ms what=131155 arg1=54!CMD_RSSI_POLL  rt=145939926/968185395 54 0 "gfw-test" 9c:1c:12:9d:d4:62 rssi=-49 f=2462 sc=60 link=65 tx=0.0, 0.0, 0.0  rx=0.0 bcn=0 [on:0 tx:0 rx:0 period:3002] from screen [on:0 period:1498538179] gl hn u24 rssi=-44 ag=0 hr ticks 1,0,23 ls-=0 [56,56,56,56,61] brc=0 lrc=0 offload-stopped
11-11 15:16:08.517   796   856 D WifiStateMachine:  L2ConnectedState (when=-5ms what=131155 arg1=54!CMD_RSSI_POLL  rt=145939928/968185397 54 0 "gfw-test" 9c:1c:12:9d:d4:62 rssi=-49 f=2462 sc=60 link=65 tx=0.0, 0.0, 0.0  rx=0.0 bcn=0 [on:0 tx:0 rx:0 period:2] from screen [on:0 period:1498538181] gl hn u24 rssi=-44 ag=0 hr ticks 1,0,23 ls-=0 [56,56,56,56,61] brc=0 lrc=0 offload-stopped
11-11 15:16:08.517   796   856 D WifiStateMachine:  get link layer stats 0
11-11 15:16:08.518   796   856 D WifiHW  : enter -->wifi_send_command cmd=IFNAME=wlan0 SIGNAL_POLL
11-11 15:16:08.518   387   387 D wpa_supplicant: wlan0: Control interface command 'SIGNAL_POLL'
11-11 15:16:08.540   796   856 D WifiHW  : leave --> reply=RSSI=-48
11-11 15:16:08.540   796   856 D WifiHW  : LINKSPEED=65
11-11 15:16:08.540   796   856 D WifiHW  : NOISE=9999
11-11 15:16:08.540   796   856 D WifiHW  : FREQUENCY=2462
11-11 15:16:08.540   796   856 D WifiHW  : 
11-11 15:16:08.540   796   856 I WifiStateMachine: fetchRssiLinkSpeedAndFrequencyNative, newRssi:-48, newLinkSpeed:65, SSID:"gfw-test"
11-11 15:16:08.540   796   856 D WifiStateMachine: mLastSignalLevel:4, newSignalLevel:4
11-11 15:16:08.541   796   856 E WifiConfigStore: updateConfiguration freq=2462 BSSID=9c:1c:12:9d:d4:62 RSSI=-48 "gfw-test"WPA_PSK
11-11 15:16:08.542   796   876 D WifiWatchdogStateMachine: RSSI current: 4 new: -48, 4
11-11 15:16:08.550  1263  9531 D PhoneInterfaceManagerEx: [PhoneIntfMgrEx] isWifiCallingEnabled(0)=false
11-11 15:16:08.552  1263  5456 D PhoneInterfaceManagerEx: [PhoneIntfMgrEx] isWifiCallingEnabled(0)=false
11-11 15:16:08.553  1263  9532 D PhoneInterfaceManagerEx: [PhoneIntfMgrEx] isWifiCallingEnabled(0)=false
11-11 15:16:08.599   796   796 E WifiTrafficPoller: TRAFFIC_STATS_POLL true Token 242 num clients 10
11-11 15:16:08.600   796   796 E WifiTrafficPoller:  packet count Tx=257823 Rx=273749
11-11 15:16:08.601   796   796 E WifiTrafficPoller: notifying of data activity 3
11-11 15:16:08.606  1263  9533 D PhoneInterfaceManagerEx: [PhoneIntfMgrEx] isWifiCallingEnabled(0)=false
11-11 15:16:08.608  1263  1514 D PhoneInterfaceManagerEx: [PhoneIntfMgrEx] isWifiCallingEnabled(0)=false
11-11 15:16:08.610  1263  1314 D PhoneInterfaceManagerEx: [PhoneIntfMgrEx] isWifiCallingEnabled(0)=false
11-11 15:16:08.623   195  5543 I BufferQueueProducer: [StatusBar](this:0xb4921800,id:6,api:1,p:890,c:195) queueBuffer: fps=0.47 dur=8599.46 max=8510.31 min=18.77
11-11 15:16:08.776   220   371 D agps    : [agps] WARNING: [CP] cp2_fd_1_req_sim_num_timeout
11-11 15:16:08.777   220   347 D agps    : [agps][n][CP] [MD_1] write  sim_info_req
11-11 15:16:08.777   220   347 E agps    : [agps] ERR: [Utility] safe_write reason=[No such device]19
11-11 15:16:08.832 12196 12494 W chromium: [WARNING:paced_sender.cc(261)] Elapsed time (66794079 ms) longer than expected, limiting to 2000 ms
11-11 15:16:09.124   796   870 D PerfServiceManager: [PerfService] MESSAGE_TIMEOUT:105 
11-11 15:16:09.124   796   870 I libPerfService: 5: set: 1
11-11 15:16:09.125   796   870 I libPerfService: 5: set freq: 0
11-11 15:16:09.125   796   870 D PerfServiceManager: [PerfService] set utilization:0.8 
11-11 15:16:09.332 12196 12494 W chromium: [WARNING:paced_sender.cc(261)] Elapsed time (66794580 ms) longer than expected, limiting to 2000 ms
11-11 15:16:09.400  1581  1581 W GpuAppSpectator: type=1400 audit(0.0:12466): avc: denied { search } for name="31202" dev="proc" ino=1836446 scontext=u:r:gas_srv:s0 tcontext=u:r:system_app:s0 tclass=dir permissive=0
11-11 15:16:09.412  1565  1581 I PerfService: PerfServiceNative_getPackName
11-11 15:16:09.412   796  2287 I libPerfService: perfGetLastBoostPid 31202
11-11 15:16:09.412   796  2287 D PerfServiceManager: [PerfService] getLastBoostPid 31202 
11-11 15:16:09.412   796  2287 I libPerfService: perfGetLastBoostPid 31202
11-11 15:16:09.452   195   195 I SurfaceFlinger: [Built-in Screen (type:0)] fps:33.955864,dur:1001.30,max:389.13,min:18.05
11-11 15:16:09.459   195   417 I BufferQueueProducer: [com.android.settings/com.android.settings.SubSettings](this:0xb3d0a800,id:3840,api:1,p:31202,c:195) queueBuffer: fps=33.92 dur=1002.49 max=388.58 min=15.79
11-11 15:16:09.602   796   796 E WifiTrafficPoller: TRAFFIC_STATS_POLL true Token 242 num clients 10
11-11 15:16:09.603   796   796 E WifiTrafficPoller:  packet count Tx=257824 Rx=273749
11-11 15:16:09.603   796   796 E WifiTrafficPoller: notifying of data activity 2
11-11 15:16:09.609  1263  1311 D PhoneInterfaceManagerEx: [PhoneIntfMgrEx] isWifiCallingEnabled(0)=false
11-11 15:16:09.611  1263  9531 D PhoneInterfaceManagerEx: [PhoneIntfMgrEx] isWifiCallingEnabled(0)=false
11-11 15:16:09.612  1263  5456 D PhoneInterfaceManagerEx: [PhoneIntfMgrEx] isWifiCallingEnabled(0)=false
11-11 15:16:09.624   195  5543 I BufferQueueProducer: [StatusBar](this:0xb4921800,id:6,api:1,p:890,c:195) queueBuffer: fps=1.00 dur=1000.95 max=1000.95 min=1000.95
11-11 15:16:09.834 12196 12494 W chromium: [WARNING:paced_sender.cc(261)] Elapsed time (66795081 ms) longer than expected, limiting to 2000 ms
11-11 15:16:09.844   195   840 I BufferQueueProducer: [Load Average](this:0xb3d0b400,id:3842,api:1,p:890,c:195) queueBuffer: fps=0.50 dur=2017.96 max=2017.96 min=2017.96
11-11 15:16:10.163   796   394 D DhcpStateMachine: PollingState{ when=-33ms what=196616 target=com.android.internal.util.StateMachine$SmHandler }
11-11 15:16:10.163   796   394 D DhcpStateMachine: GET_DHCP_RESULTS on wlan0
11-11 15:16:10.163   796   394 D DhcpUtils: [dhcpv6_get_results] result_prop_name = dhcp.ipv6.wlan0.result; isrenew = 0
11-11 15:16:10.163   796   394 D DhcpUtils: [dhcpv6_get_results] prop_value = 
11-11 15:16:10.163   796   394 D NetUtils: dhcpv6_get_results failed : wlan0 ()
11-11 15:16:10.163   796   394 D DhcpStateMachine: getDhcpv6Results failed, isRenew = false
11-11 15:16:10.334 12196 12494 W chromium: [WARNING:paced_sender.cc(261)] Elapsed time (66795582 ms) longer than expected, limiting to 2000 ms
11-11 15:16:10.400  1581  1581 W GpuAppSpectator: type=1400 audit(0.0:12467): avc: denied { search } for name="31202" dev="proc" ino=1836446 scontext=u:r:gas_srv:s0 tcontext=u:r:system_app:s0 tclass=dir permissive=0
11-11 15:16:10.413  1565  1581 I PerfService: PerfServiceNative_getPackName
11-11 15:16:10.413   796  2287 I libPerfService: perfGetLastBoostPid 31202
11-11 15:16:10.414   796  2287 D PerfServiceManager: [PerfService] getLastBoostPid 31202 
11-11 15:16:10.414   796  2287 I libPerfService: perfGetLastBoostPid 31202
11-11 15:16:10.605   796   796 E WifiTrafficPoller: TRAFFIC_STATS_POLL true Token 242 num clients 10
11-11 15:16:10.607   796   796 E WifiTrafficPoller:  packet count Tx=257824 Rx=273749
11-11 15:16:10.607   796   796 E WifiTrafficPoller: notifying of data activity 0
11-11 15:16:10.614  1263  1496 D PhoneInterfaceManagerEx: [PhoneIntfMgrEx] isWifiCallingEnabled(0)=false
11-11 15:16:10.616  1263  9533 D PhoneInterfaceManagerEx: [PhoneIntfMgrEx] isWifiCallingEnabled(0)=false
11-11 15:16:10.617  1263  1514 D PhoneInterfaceManagerEx: [PhoneIntfMgrEx] isWifiCallingEnabled(0)=false
11-11 15:16:10.634   796   870 D PerfServiceManager: [PerfService] MESSAGE_TIMER_RENDER_AWARE_DURATION timeout 
11-11 15:16:10.638   195   195 I SurfaceFlinger: [Built-in Screen (type:0)] fps:5.060777,dur:1185.59,max:778.09,min:18.30
11-11 15:16:10.777   220   371 D agps    : [agps] WARNING: [CP] cp2_fd_1_req_sim_num_timeout
11-11 15:16:10.777   220   347 D agps    : [agps][n][CP] [MD_1] write  sim_info_req
11-11 15:16:10.777   220   347 E agps    : [agps] ERR: [Utility] safe_write reason=[No such device]19
11-11 15:16:10.835 12196 12494 W chromium: [WARNING:paced_sender.cc(261)] Elapsed time (66796083 ms) longer than expected, limiting to 2000 ms
11-11 15:16:11.336 12196 12494 W chromium: [WARNING:paced_sender.cc(261)] Elapsed time (66796584 ms) longer than expected, limiting to 2000 ms
11-11 15:16:11.410  1581  1581 W GpuAppSpectator: type=1400 audit(0.0:12468): avc: denied { search } for name="31202" dev="proc" ino=1836446 scontext=u:r:gas_srv:s0 tcontext=u:r:system_app:s0 tclass=dir permissive=0
11-11 15:16:11.414  1565  1581 I PerfService: PerfServiceNative_getPackName
11-11 15:16:11.415   796  2296 I libPerfService: perfGetLastBoostPid 31202
11-11 15:16:11.415   796  2296 D PerfServiceManager: [PerfService] getLastBoostPid 31202 
11-11 15:16:11.415   796  2296 I libPerfService: perfGetLastBoostPid 31202
11-11 15:16:11.547   796   856 D WifiStateMachine:  ConnectedState (when=-4ms what=131155 arg1=54!CMD_RSSI_POLL  rt=145942957/968188426 54 0 "gfw-test" 9c:1c:12:9d:d4:62 rssi=-48 f=2462 sc=60 link=65 tx=0.0, 0.0, 0.0  rx=0.0 bcn=0 [on:0 tx:0 rx:0 period:3000] from screen [on:0 period:1498541210] gl hn u24 rssi=-43 ag=0 hr ticks 1,0,23 ls-=0 [56,56,56,56,61] brc=0 lrc=0 offload-stopped
11-11 15:16:11.548   796   856 D WifiStateMachine:  L2ConnectedState (when=-6ms what=131155 arg1=54!CMD_RSSI_POLL  rt=145942959/968188428 54 0 "gfw-test" 9c:1c:12:9d:d4:62 rssi=-48 f=2462 sc=60 link=65 tx=0.0, 0.0, 0.0  rx=0.0 bcn=0 [on:0 tx:0 rx:0 period:2] from screen [on:0 period:1498541212] gl hn u24 rssi=-43 ag=0 hr ticks 1,0,23 ls-=0 [56,56,56,56,61] brc=0 lrc=0 offload-stopped
11-11 15:16:11.549   796   856 D WifiStateMachine:  get link layer stats 0
11-11 15:16:11.550   796   856 D WifiHW  : enter -->wifi_send_command cmd=IFNAME=wlan0 SIGNAL_POLL
11-11 15:16:11.550   387   387 D wpa_supplicant: wlan0: Control interface command 'SIGNAL_POLL'
11-11 15:16:11.570   796   856 D WifiHW  : leave --> reply=RSSI=-48
11-11 15:16:11.570   796   856 D WifiHW  : LINKSPEED=65
11-11 15:16:11.570   796   856 D WifiHW  : NOISE=9999
11-11 15:16:11.570   796   856 D WifiHW  : FREQUENCY=2462
11-11 15:16:11.570   796   856 D WifiHW  : 
11-11 15:16:11.570   796   856 I WifiStateMachine: fetchRssiLinkSpeedAndFrequencyNative, newRssi:-48, newLinkSpeed:65, SSID:"gfw-test"
11-11 15:16:11.570   796   856 D WifiStateMachine: mLastSignalLevel:4, newSignalLevel:4
11-11 15:16:11.571   796   856 E WifiConfigStore: updateConfiguration freq=2462 BSSID=9c:1c:12:9d:d4:62 RSSI=-48 "gfw-test"WPA_PSK
11-11 15:16:11.572   796   876 D WifiWatchdogStateMachine: RSSI current: 4 new: -48, 4
11-11 15:16:11.608   796   796 E WifiTrafficPoller: TRAFFIC_STATS_POLL true Token 242 num clients 10
11-11 15:16:11.609   796   796 E WifiTrafficPoller:  packet count Tx=257824 Rx=273749
11-11 15:16:11.837 12196 12494 W chromium: [WARNING:paced_sender.cc(261)] Elapsed time (66797084 ms) longer than expected, limiting to 2000 ms
11-11 15:16:11.847   195   415 I BufferQueueProducer: [Load Average](this:0xb3d0b400,id:3842,api:1,p:890,c:195) queueBuffer: fps=0.50 dur=2002.77 max=2002.77 min=2002.77
11-11 15:16:11.861   195   195 I SurfaceFlinger: [Built-in Screen (type:0)] fps:0.817949,dur:1222.57,max:1222.57,min:1222.57
11-11 15:16:12.090 28068 28068 V MmsWidgetService: mUpdateFromContactRunnable is called 
11-11 15:16:12.093 30962 30962 D AppWidgetHost: viewDataChanged HANDLE_VIEW_DATA_CHANGED 
11-11 15:16:12.093 30962 30962 D AppWidgetHost: viewDataChanged appWidgetId 7
11-11 15:16:12.093 30962 30962 D AppWidgetHost: viewDataChanged mViews get 
11-11 15:16:12.093 30962 30962 D AppWidgetHost: viewDataChanged mViews get 1111 com.android.launcher3.LauncherAppWidgetHostView{b573583 V.E....L. R.....ID 176,0-704,666 #1f}
11-11 15:16:12.093 30962 30962 D AppWidgetHost: viewDataChanged v != null 
11-11 15:16:12.131 28068 28078 V MmsWidgetService: onDataSetChanged is called
11-11 15:16:12.137   796   806 D AppOps  : noteOperation: allowing code 21 uid 1001 package com.android.phone
11-11 15:16:12.137   796   806 D AppOps  : noteOperation: allowing code 21 uid 10017 package com.android.mms
11-11 15:16:12.138   796 14072 D AppOps  : noteOperation: allowing code 14 uid 1001 package com.android.phone
11-11 15:16:12.138   796 14072 D AppOps  : noteOperation: allowing code 14 uid 10017 package com.android.mms
11-11 15:16:12.144  1263  9530 D SettingsInterface:  from settings cache , name = sms_default_application , value = com.android.mms
11-11 15:16:12.145  1263  9530 D Mms/Provider/MmsSms: query begin, uri = content://mms-sms/conversations/extend?simple=true, selection = null
11-11 15:16:12.145  1263  9530 D Mms/Provider/MmsSms: extend query selection:type<>2 AND threads._id=thread_settings.thread_id
11-11 15:16:12.146   796   796 D SettingsInterface:  from settings cache , name = sys_free_storage_log_interval , value = null
11-11 15:16:12.146   796   796 D SettingsInterface:  from settings cache , name = disk_free_change_reporting_threshold , value = null
11-11 15:16:12.148  1263  9530 D Mms/Provider/MmsSms: get threads unread message count = 28
11-11 15:16:12.149  1263  9530 D SettingsInterface: putStringForUser, name = com_android_mms_mtk_unread, value = 28, for user : 0
11-11 15:16:12.152  1263  9530 D Mms/Provider/MmsSms: query end
11-11 15:16:12.163   796 14072 D AppOps  : noteOperation: allowing code 21 uid 1001 package com.android.phone
11-11 15:16:12.163   796 14072 D AppOps  : noteOperation: allowing code 21 uid 10017 package com.android.mms
11-11 15:16:12.163   796  1328 D AppOps  : noteOperation: allowing code 14 uid 1001 package com.android.phone
11-11 15:16:12.163   796  1328 D AppOps  : noteOperation: allowing code 14 uid 10017 package com.android.mms
11-11 15:16:12.168  1263  1311 D SettingsInterface:  from settings cache , name = sms_default_application , value = com.android.mms
11-11 15:16:12.168  1263  1311 D Mms/Provider/MmsSms: query begin, uri = content://mms-sms/unread_count, selection = null
11-11 15:16:12.168  1263  1311 D Mms/Provider/MmsSms: getAllUnreadCount begin
11-11 15:16:12.168  1263  1311 D Mms/Provider/MmsSms: query end
11-11 15:16:12.172 28068 28078 V MmsWidgetService: queryUnreadCount unreadCount=28
11-11 15:16:12.172 28068 28078 V MmsWidgetService: mUnreadConvCount28
11-11 15:16:12.176 28068 28079 V MmsWidgetService: count25
11-11 15:16:12.177   796  2294 D AppOps  : noteOperation: allowing code 21 uid 1001 package com.android.phone
11-11 15:16:12.178   796  2294 D AppOps  : noteOperation: allowing code 21 uid 10017 package com.android.mms
11-11 15:16:12.178   796 14073 D AppOps  : noteOperation: allowing code 14 uid 1001 package com.android.phone
11-11 15:16:12.178   796 14073 D AppOps  : noteOperation: allowing code 14 uid 10017 package com.android.mms
11-11 15:16:12.182  1263  5456 D SettingsInterface:  from settings cache , name = sms_default_application , value = com.android.mms
11-11 15:16:12.183  1263  5456 D Mms/Provider/MmsSms: query begin, uri = content://mms-sms/unread_count, selection = null
11-11 15:16:12.183  1263  5456 D Mms/Provider/MmsSms: getAllUnreadCount begin
11-11 15:16:12.183  1263  5456 D Mms/Provider/MmsSms: query end
11-11 15:16:12.187 28068 28079 V MmsWidgetService: queryUnreadCount unreadCount=28
11-11 15:16:12.187 28068 28079 V MmsWidgetService: mUnreadConvCount28
11-11 15:16:12.193 30962 30962 D AppWidgetHost: updateAppWidgetView HANDLE_UPDATE 
11-11 15:16:12.193 30962 30962 D AppWidgetHost: updateAppWidgetView appWidgetId 7 com.android.launcher3.LauncherAppWidgetHost@2b7496
11-11 15:16:12.193 30962 30962 D AppWidgetHost: updateAppWidgetView HANDLE_UPDATE 
11-11 15:16:12.193 30962 30962 D AppWidgetHost: updateAppWidgetView appWidgetId 7 com.android.launcher3.LauncherAppWidgetHost@2b7496
11-11 15:16:12.222 28068 31180 D Mms     : 	 appmute:0, appMute*3600=0
11-11 15:16:12.222 28068 31180 D Mms     : 	 appMuteStart0
11-11 15:16:12.222 28068 31180 D Mms     : before check: threadNotificationEnabled = true, 	threadMute = 0, 	threadMuteStart = 0
11-11 15:16:12.222 28068 31180 D Mms     : 	 threadMute:0, threadMute*3600=0
11-11 15:16:12.222 28068 31180 D Mms     : 	 threadMuteStart0
11-11 15:16:12.223 28068 31180 D Mms/Contact/Cache: Contact.internalGet(): Unknown formed number.
11-11 15:16:12.223 28068 31180 D Mms/Contact/Cache: Contact.internalGet(): Bad number.
11-11 15:16:12.232 28068 28079 D Mms     : 	 appmute:0, appMute*3600=0
11-11 15:16:12.232 28068 28079 D Mms     : 	 appMuteStart0
11-11 15:16:12.232 28068 28079 D Mms     : before check: threadNotificationEnabled = true, 	threadMute = 0, 	threadMuteStart = 0
11-11 15:16:12.232 28068 28079 D Mms     : 	 threadMute:0, threadMute*3600=0
11-11 15:16:12.232 28068 28079 D Mms     : 	 threadMuteStart0
11-11 15:16:12.235 28068 31180 D Mms     : 	 appmute:0, appMute*3600=0
11-11 15:16:12.235 28068 31180 D Mms     : 	 appMuteStart0
11-11 15:16:12.235 28068 31180 D Mms     : before check: threadNotificationEnabled = true, 	threadMute = 0, 	threadMuteStart = 0
11-11 15:16:12.235 28068 31180 D Mms     : 	 threadMute:0, threadMute*3600=0
11-11 15:16:12.235 28068 31180 D Mms     : 	 threadMuteStart0
11-11 15:16:12.238 28068 28079 D Mms     : 	 appmute:0, appMute*3600=0
11-11 15:16:12.238 28068 28079 D Mms     : 	 appMuteStart0
11-11 15:16:12.238 28068 28079 D Mms     : before check: threadNotificationEnabled = true, 	threadMute = 0, 	threadMuteStart = 0
11-11 15:16:12.238 28068 28079 D Mms     : 	 threadMute:0, threadMute*3600=0
11-11 15:16:12.238 28068 28079 D Mms     : 	 threadMuteStart0
11-11 15:16:12.241 28068 31180 D Mms     : 	 appmute:0, appMute*3600=0
11-11 15:16:12.241 28068 31180 D Mms     : 	 appMuteStart0
11-11 15:16:12.241 28068 31180 D Mms     : before check: threadNotificationEnabled = true, 	threadMute = 0, 	threadMuteStart = 0
11-11 15:16:12.241 28068 31180 D Mms     : 	 threadMute:0, threadMute*3600=0
11-11 15:16:12.241 28068 31180 D Mms     : 	 threadMuteStart0
11-11 15:16:12.241 28068 31180 D Mms/Contact/Cache: Contact.internalGet(): Unknown formed number.
11-11 15:16:12.241 28068 31180 D Mms/Contact/Cache: Contact.internalGet(): Bad number.
11-11 15:16:12.243 28068 28079 D Mms     : 	 appmute:0, appMute*3600=0
11-11 15:16:12.244 28068 28079 D Mms     : 	 appMuteStart0
11-11 15:16:12.244 28068 28079 D Mms     : before check: threadNotificationEnabled = true, 	threadMute = 0, 	threadMuteStart = 0
11-11 15:16:12.244 28068 28079 D Mms     : 	 threadMute:0, threadMute*3600=0
11-11 15:16:12.244 28068 28079 D Mms     : 	 threadMuteStart0
11-11 15:16:12.337 12196 12494 W chromium: [WARNING:paced_sender.cc(261)] Elapsed time (66797584 ms) longer than expected, limiting to 2000 ms
11-11 15:16:12.400  1581  1581 W GpuAppSpectator: type=1400 audit(0.0:12469): avc: denied { search } for name="31202" dev="proc" ino=1836446 scontext=u:r:gas_srv:s0 tcontext=u:r:system_app:s0 tclass=dir permissive=0
11-11 15:16:12.416  1565  1581 I PerfService: PerfServiceNative_getPackName
11-11 15:16:12.416   796 14072 I libPerfService: perfGetLastBoostPid 31202
11-11 15:16:12.416   796 14072 D PerfServiceManager: [PerfService] getLastBoostPid 31202 
11-11 15:16:12.417   796 14072 I libPerfService: perfGetLastBoostPid 31202
11-11 15:16:12.584   796   952 D BatteryService: mBatteryVoltage=3959, batteryLevel=50
11-11 15:16:12.590   890   890 D KeyguardUpdateMonitor: received broadcast android.intent.action.BATTERY_CHANGED
11-11 15:16:12.595   890   890 D KeyguardUpdateMonitor: handleBatteryUpdate
11-11 15:16:12.602 21846 21875 D HeadsetStateMachine: Disconnected process message: 10, size: 0
11-11 15:16:12.609   195   417 I BufferQueueProducer: [StatusBar](this:0xb4921800,id:6,api:1,p:890,c:195) queueBuffer: fps=0.67 dur=2984.44 max=1984.66 min=999.78
11-11 15:16:12.610   796   796 E WifiTrafficPoller: TRAFFIC_STATS_POLL true Token 242 num clients 10
11-11 15:16:12.611   796   796 E WifiTrafficPoller:  packet count Tx=257824 Rx=273749
11-11 15:16:12.711   227   227 I thermal_repeater: oh, queryMdThermalInfo (0)Bad file descriptor
11-11 15:16:12.717   227   227 I thermal_repeater: [recvMdThermalInfo] ret=5, strLen=127, ERROR
11-11 15:16:12.778   220   371 D agps    : [agps] WARNING: [CP] cp2_fd_1_req_sim_num_timeout
11-11 15:16:12.778   220   347 D agps    : [agps][n][CP] [MD_1] write  sim_info_req
11-11 15:16:12.779   220   347 E agps    : [agps] ERR: [Utility] safe_write reason=[No such device]19
11-11 15:16:12.888 12196 12494 W chromium: [WARNING:paced_sender.cc(261)] Elapsed time (66798135 ms) longer than expected, limiting to 2000 ms
11-11 15:16:12.946   796   803 I System  : FinalizerDaemon: finalize objects = 1041
11-11 15:16:12.976   796   805 I art     : Background partial concurrent mark sweep GC freed 16911(872KB) AllocSpace objects, 0(0B) LOS objects, 14% free, 24MB/28MB, paused 2.344ms total 127.500ms
11-11 15:16:13.388 12196 12494 W chromium: [WARNING:paced_sender.cc(261)] Elapsed time (66798635 ms) longer than expected, limiting to 2000 ms
11-11 15:16:13.410  1581  1581 W GpuAppSpectator: type=1400 audit(0.0:12470): avc: denied { search } for name="31202" dev="proc" ino=1836446 scontext=u:r:gas_srv:s0 tcontext=u:r:system_app:s0 tclass=dir permissive=0
11-11 15:16:13.417  1565  1581 I PerfService: PerfServiceNative_getPackName
11-11 15:16:13.418   796  2294 I libPerfService: perfGetLastBoostPid 31202
11-11 15:16:13.418   796  2294 D PerfServiceManager: [PerfService] getLastBoostPid 31202 
11-11 15:16:13.418   796  2294 I libPerfService: perfGetLastBoostPid 31202
11-11 15:16:13.599   796 24697 D NetlinkSocketObserver: RtNetlinkNeighborMessage{ nlmsghdr{StructNlMsgHdr{ nlmsg_len{76}, nlmsg_type{28(RTM_NEWNEIGH)}, nlmsg_flags{0())}, nlmsg_seq{0}, nlmsg_pid{0} }}, ndmsg{StructNdMsg{ family{AF_INET}, ifindex{14}, state{16 (NUD_PROBE)}, flags{0 ()}, type{1} }}, destination{10.249.200.2} linklayeraddr{00907F8EAC09} probes{1} cacheinfo{NdaCacheInfo{ ndm_used{36970}, ndm_confirmed{4970}, ndm_updated{0}, ndm_refcnt{2} }} }
11-11 15:16:13.612   796   796 E WifiTrafficPoller: TRAFFIC_STATS_POLL true Token 242 num clients 10
11-11 15:16:13.613   796   796 E WifiTrafficPoller:  packet count Tx=257824 Rx=273749
11-11 15:16:13.622   796 24697 D NetlinkSocketObserver: RtNetlinkNeighborMessage{ nlmsghdr{StructNlMsgHdr{ nlmsg_len{76}, nlmsg_type{28(RTM_NEWNEIGH)}, nlmsg_flags{0())}, nlmsg_seq{0}, nlmsg_pid{0} }}, ndmsg{StructNdMsg{ family{AF_INET}, ifindex{14}, state{2 (NUD_REACHABLE)}, flags{0 ()}, type{1} }}, destination{10.249.200.2} linklayeraddr{00907F8EAC09} probes{1} cacheinfo{NdaCacheInfo{ ndm_used{0}, ndm_confirmed{4990}, ndm_updated{0}, ndm_refcnt{2} }} }
11-11 15:16:13.744   796   847 D lights  : write_int open fd=-1
--------- beginning of system
11-11 15:16:13.744   796   847 I PowerManagerService: setBrightness mButtonLight, screenBrightness=205
11-11 15:16:13.744   796   847 D PowerManagerService: updateDisplayPowerStateLocked: mDisplayReady=true, policy=3, mWakefulness=1, mWakeLockSummary=0x1, mUserActivitySummary=0x9, mBootCompleted=true, mScreenBrightnessBoostInProgress=false
11-11 15:16:13.748   796  2295 V ActivityManager: Broadcast: Intent { act=action_start_enter_animation flg=0x14000010 pkg=com.android.systemui } ordered=true userid=-2 callerApp=ProcessRecord{6a48a31 890:com.android.systemui/u0a23}
11-11 15:16:13.752   796   847 D fff     : keyCode == 3
11-11 15:16:13.752   796   847 I zhoubinheadset: isServiceRunning=com.android.bluetooth.hid.HidService
11-11 15:16:13.753   796   847 I zhoubinheadset: isServiceRunning=com.google.android.music.dial.DialMediaRouteProviderService
11-11 15:16:13.753   796   847 I zhoubinheadset: isServiceRunning=com.facebook.mqttlite.MqttService
11-11 15:16:13.753   796   847 I zhoubinheadset: isServiceRunning=com.facebook.exoplayer.VideoPlayerService
11-11 15:16:13.753   796   847 I zhoubinheadset: isServiceRunning=com.maize.digitalClock.UpdateService
11-11 15:16:13.753   796   847 I zhoubinheadset: isServiceRunning=com.google.android.gms.deviceconnection.service.DeviceConnectionWatcherService
11-11 15:16:13.753   796   847 I zhoubinheadset: isServiceRunning=com.android.systemui.keyguard.KeyguardService
11-11 15:16:13.753   796   847 I zhoubinheadset: isServiceRunning=com.android.bluetooth.btservice.AdapterService
11-11 15:16:13.753   796   847 I zhoubinheadset: isServiceRunning=com.android.systemui.ImageWallpaper
11-11 15:16:13.753   796   847 I zhoubinheadset: isServiceRunning=com.google.android.location.geocode.GeocodeService
11-11 15:16:13.753   796   847 I zhoubinheadset: isServiceRunning=org.simalliance.openmobileapi.uicc1terminal.Uicc1Terminal
11-11 15:16:13.753   796   847 I zhoubinheadset: isServiceRunning=com.google.android.gms.auth.setup.devicesignals.LockScreenService
11-11 15:16:13.753   796   847 I zhoubinheadset: isServiceRunning=com.google.android.gms.gcm.GcmService
11-11 15:16:13.753   796   847 I zhoubinheadset: isServiceRunning=com.google.android.gms.clearcut.debug.ClearcutDebugDumpService
11-11 15:16:13.754   796   847 I zhoubinheadset: isServiceRunning=com.kioramedia.soloview.android.services.OrientationService_
11-11 15:16:13.754   796   847 I zhoubinheadset: isServiceRunning=com.google.android.gms.stats.eastworld.EastworldService
11-11 15:16:13.754   796   847 I zhoubinheadset: isServiceRunning=com.google.android.gms.chimera.PersistentApiService
11-11 15:16:13.754   796   847 I zhoubinheadset: isServiceRunning=com.google.android.gms.analytics.service.AnalyticsService
11-11 15:16:13.754   796   847 I zhoubinheadset: isServiceRunning=com.android.mms.widget.MmsWidgetService
11-11 15:16:13.754   796   847 I zhoubinheadset: isServiceRunning=com.google.android.gms.chimera.PersistentBoundBrokerService
11-11 15:16:13.754   796   847 I zhoubinheadset: isServiceRunning=com.android.bluetooth.gatt.GattService
11-11 15:16:13.754   796   847 I zhoubinheadset: isServiceRunning=com.android.bluetooth.hdp.HealthService
11-11 15:16:13.754   796   847 I zhoubinheadset: isServiceRunning=com.google.android.gms.chimera.GmsBoundBrokerService
11-11 15:16:13.754   796   847 I zhoubinheadset: isServiceRunning=io.appium.android.ime.UnicodeIME
11-11 15:16:13.754   796   847 I zhoubinheadset: isServiceRunning=com.android.bluetooth.sap.SapService
11-11 15:16:13.754   796   847 I zhoubinheadset: isServiceRunning=org.simalliance.openmobileapi.service.SmartcardService
11-11 15:16:13.756   796   847 I zhoubinheadset: isServiceRunning=com.android.bluetooth.pbap.BluetoothPbapService
11-11 15:16:13.756   796   847 I zhoubinheadset: isServiceRunning=com.google.android.location.fused.FusedLocationService
11-11 15:16:13.757   796   847 I zhoubinheadset: isServiceRunning=com.google.android.gms.gcm.nts.SchedulerService
11-11 15:16:13.757   796   847 I zhoubinheadset: isServiceRunning=com.android.bluetooth.a2dp.A2dpService
11-11 15:16:13.757   796   847 I zhoubinheadset: isServiceRunning=com.google.android.location.geofencer.service.GeofenceProviderService
11-11 15:16:13.757   796   847 I zhoubinheadset: isServiceRunning=com.google.android.gms.thunderbird.EmergencyPersistentService
11-11 15:16:13.757   796   847 I zhoubinheadset: isServiceRunning=org.chromium.content.app.SandboxedProcessService0
